Java HotSpot(TM) 64-Bit Server VM (25.131-b11) for bsd-amd64 JRE (1.8.0_131-b11), built on Mar 15 2017 01:32:22 by "java_re" with gcc 4.2.1 (Based on Apple Inc. build 5658) (LLVM build 2336.11.00)
Memory: 4k page, physical 16777216k(783600k free)

/proc/meminfo:

CommandLine flags: -XX:InitialHeapSize=1073741824 -XX:MaxHeapSize=1073741824 -XX:MaxNewSize=524288 -XX:NewSize=524288 -XX:+PrintGC -XX:+PrintGCDetails -XX:+PrintGCTimeStamps -XX:+UseCompressedClassPointers -XX:+UseCompressedOops -XX:+UseSerialGC 
0.066: [GC (Allocation Failure) 0.066: [DefNew: 384K->64K(448K), 0.0008903 secs] 384K->250K(1048512K), 0.0009717 secs] [Times: user=0.01 sys=0.00, real=0.00 secs] 
0.086: [GC (Allocation Failure) 0.086: [DefNew: 448K->62K(448K), 0.0006506 secs] 634K->311K(1048512K), 0.0006996 secs] [Times: user=0.00 sys=0.00, real=0.00 secs] 
0.105: [GC (Allocation Failure) 0.105: [DefNew: 446K->64K(448K), 0.0006683 secs] 695K->402K(1048512K), 0.0007053 secs] [Times: user=0.00 sys=0.00, real=0.00 secs] 
0.118: [GC (Allocation Failure) 0.118: [DefNew: 448K->46K(448K), 0.0005034 secs] 786K->424K(1048512K), 0.0005612 secs] [Times: user=0.00 sys=0.00, real=0.00 secs] 
0.127: [GC (Allocation Failure) 0.127: [DefNew: 430K->64K(448K), 0.0007008 secs] 807K->575K(1048512K), 0.0007484 secs] [Times: user=0.00 sys=0.00, real=0.00 secs] 
0.138: [GC (Allocation Failure) 0.138: [DefNew: 448K->63K(448K), 0.0006106 secs] 959K->909K(1048512K), 0.0006580 secs] [Times: user=0.00 sys=0.00, real=0.00 secs] 
0.145: [GC (Allocation Failure) 0.145: [DefNew: 447K->63K(448K), 0.0007384 secs] 1292K->1274K(1048512K), 0.0007762 secs] [Times: user=0.00 sys=0.00, real=0.00 secs] 
0.155: [GC (Allocation Failure) 0.155: [DefNew: 447K->63K(448K), 0.0006256 secs] 1658K->1651K(1048512K), 0.0006651 secs] [Times: user=0.00 sys=0.00, real=0.00 secs] 
0.164: [GC (Allocation Failure) 0.164: [DefNew: 447K->63K(448K), 0.0006290 secs] 2035K->2027K(1048512K), 0.0006940 secs] [Times: user=0.00 sys=0.00, real=0.01 secs] 
0.172: [GC (Allocation Failure) 0.172: [DefNew: 447K->63K(448K), 0.0008791 secs] 2411K->2404K(1048512K), 0.0009326 secs] [Times: user=0.00 sys=0.00, real=0.00 secs] 
0.182: [GC (Allocation Failure) 0.182: [DefNew: 447K->63K(448K), 0.0006340 secs] 2788K->2786K(1048512K), 0.0006704 secs] [Times: user=0.00 sys=0.00, real=0.00 secs] 
0.191: [GC (Allocation Failure) 0.191: [DefNew: 447K->63K(448K), 0.0008415 secs] 3170K->3164K(1048512K), 0.0008935 secs] [Times: user=0.00 sys=0.00, real=0.00 secs] 
0.199: [GC (Allocation Failure) 0.199: [DefNew: 447K->63K(448K), 0.0009991 secs] 3548K->3540K(1048512K), 0.0010642 secs] [Times: user=0.00 sys=0.01, real=0.00 secs] 
0.209: [GC (Allocation Failure) 0.209: [DefNew: 447K->63K(448K), 0.0007495 secs] 3924K->3915K(1048512K), 0.0008000 secs] [Times: user=0.00 sys=0.00, real=0.00 secs] 
0.217: [GC (Allocation Failure) 0.217: [DefNew: 447K->63K(448K), 0.0008508 secs] 4299K->4292K(1048512K), 0.0008902 secs] [Times: user=0.00 sys=0.00, real=0.00 secs] 
0.227: [GC (Allocation Failure) 0.227: [DefNew: 447K->64K(448K), 0.0008602 secs] 4676K->4675K(1048512K), 0.0009201 secs] [Times: user=0.00 sys=0.00, real=0.00 secs] 
0.236: [GC (Allocation Failure) 0.236: [DefNew: 448K->64K(448K), 0.0008362 secs] 5059K->5055K(1048512K), 0.0008936 secs] [Times: user=0.00 sys=0.00, real=0.00 secs] 
0.245: [GC (Allocation Failure) 0.245: [DefNew: 448K->64K(448K), 0.0008209 secs] 5439K->5435K(1048512K), 0.0008693 secs] [Times: user=0.01 sys=0.00, real=0.00 secs] 
0.255: [GC (Allocation Failure) 0.255: [DefNew: 448K->64K(448K), 0.0009602 secs] 5819K->5815K(1048512K), 0.0010120 secs] [Times: user=0.00 sys=0.00, real=0.00 secs] 
0.265: [GC (Allocation Failure) 0.265: [DefNew: 448K->63K(448K), 0.0010538 secs] 6199K->6195K(1048512K), 0.0011158 secs] [Times: user=0.00 sys=0.00, real=0.00 secs] 
0.273: [GC (Allocation Failure) 0.273: [DefNew: 447K->64K(448K), 0.0008930 secs] 6579K->6573K(1048512K), 0.0009384 secs] [Times: user=0.00 sys=0.00, real=0.00 secs] 
0.283: [GC (Allocation Failure) 0.283: [DefNew: 448K->63K(448K), 0.0013133 secs] 6957K->6951K(1048512K), 0.0013804 secs] [Times: user=0.00 sys=0.00, real=0.01 secs] 
0.294: [GC (Allocation Failure) 0.294: [DefNew: 447K->64K(448K), 0.0011953 secs] 7335K->7330K(1048512K), 0.0012541 secs] [Times: user=0.00 sys=0.00, real=0.01 secs] 
0.300: [GC (Allocation Failure) 0.300: [DefNew: 338K->64K(448K), 0.0009819 secs] 7605K->7599K(1048512K), 0.0010327 secs] [Times: user=0.00 sys=0.00, real=0.00 secs] 
0.309: [GC (Allocation Failure) 0.309: [DefNew: 448K->63K(448K), 0.0012550 secs] 7983K->7981K(1048512K), 0.0012991 secs] [Times: user=0.01 sys=0.00, real=0.00 secs] 
0.319: [GC (Allocation Failure) 0.319: [DefNew: 447K->64K(448K), 0.0007698 secs] 8365K->8361K(1048512K), 0.0008085 secs] [Times: user=0.00 sys=0.00, real=0.00 secs] 
0.328: [GC (Allocation Failure) 0.328: [DefNew: 448K->64K(448K), 0.0008372 secs] 8745K->8738K(1048512K), 0.0008902 secs] [Times: user=0.00 sys=0.00, real=0.00 secs] 
0.338: [GC (Allocation Failure) 0.338: [DefNew: 448K->63K(448K), 0.0010002 secs] 9122K->9115K(1048512K), 0.0010509 secs] [Times: user=0.00 sys=0.00, real=0.00 secs] 
0.346: [GC (Allocation Failure) 0.346: [DefNew: 447K->63K(448K), 0.0010560 secs] 9499K->9495K(1048512K), 0.0011098 secs] [Times: user=0.00 sys=0.00, real=0.00 secs] 
0.357: [GC (Allocation Failure) 0.357: [DefNew: 447K->63K(448K), 0.0009358 secs] 9879K->9874K(1048512K), 0.0009829 secs] [Times: user=0.00 sys=0.00, real=0.00 secs] 
0.367: [GC (Allocation Failure) 0.367: [DefNew: 447K->63K(448K), 0.0011145 secs] 10258K->10254K(1048512K), 0.0011675 secs] [Times: user=0.00 sys=0.00, real=0.00 secs] 
0.375: [GC (Allocation Failure) 0.375: [DefNew: 447K->63K(448K), 0.0011047 secs] 10638K->10632K(1048512K), 0.0011495 secs] [Times: user=0.00 sys=0.00, real=0.00 secs] 
0.385: [GC (Allocation Failure) 0.385: [DefNew: 447K->64K(448K), 0.0009772 secs] 11016K->11010K(1048512K), 0.0010385 secs] [Times: user=0.01 sys=0.00, real=0.00 secs] 
0.395: [GC (Allocation Failure) 0.395: [DefNew: 448K->63K(448K), 0.0009316 secs] 11394K->11390K(1048512K), 0.0009752 secs] [Times: user=0.00 sys=0.00, real=0.00 secs] 
0.404: [GC (Allocation Failure) 0.404: [DefNew: 447K->63K(448K), 0.0010127 secs] 11774K->11768K(1048512K), 0.0010632 secs] [Times: user=0.00 sys=0.00, real=0.01 secs] 
0.414: [GC (Allocation Failure) 0.414: [DefNew: 447K->63K(448K), 0.0010807 secs] 12152K->12147K(1048512K), 0.0011376 secs] [Times: user=0.00 sys=0.00, real=0.01 secs] 
0.424: [GC (Allocation Failure) 0.424: [DefNew: 447K->63K(448K), 0.0009247 secs] 12531K->12527K(1048512K), 0.0009635 secs] [Times: user=0.00 sys=0.00, real=0.01 secs] 
0.432: [GC (Allocation Failure) 0.432: [DefNew: 447K->63K(448K), 0.0011677 secs] 12911K->12905K(1048512K), 0.0012261 secs] [Times: user=0.00 sys=0.00, real=0.00 secs] 
0.442: [GC (Allocation Failure) 0.442: [DefNew: 447K->63K(448K), 0.0011982 secs] 13289K->13281K(1048512K), 0.0012481 secs] [Times: user=0.00 sys=0.00, real=0.00 secs] 
0.452: [GC (Allocation Failure) 0.452: [DefNew: 447K->63K(448K), 0.0010964 secs] 13665K->13661K(1048512K), 0.0011478 secs] [Times: user=0.00 sys=0.00, real=0.00 secs] 
0.461: [GC (Allocation Failure) 0.461: [DefNew: 447K->64K(448K), 0.0012068 secs] 14045K->14040K(1048512K), 0.0013142 secs] [Times: user=0.00 sys=0.00, real=0.00 secs] 
0.472: [GC (Allocation Failure) 0.472: [DefNew: 448K->63K(448K), 0.0012914 secs] 14424K->14420K(1048512K), 0.0013536 secs] [Times: user=0.00 sys=0.00, real=0.00 secs] 
0.480: [GC (Allocation Failure) 0.480: [DefNew: 386K->63K(448K), 0.0011054 secs] 14743K->14735K(1048512K), 0.0011679 secs] [Times: user=0.00 sys=0.00, real=0.00 secs] 
0.486: [GC (Allocation Failure) 0.486: [DefNew: 447K->63K(448K), 0.0014589 secs] 15119K->15118K(1048512K), 0.0015134 secs] [Times: user=0.00 sys=0.00, real=0.00 secs] 
0.497: [GC (Allocation Failure) 0.497: [DefNew: 447K->63K(448K), 0.0014677 secs] 15502K->15498K(1048512K), 0.0015566 secs] [Times: user=0.00 sys=0.00, real=0.00 secs] 
0.507: [GC (Allocation Failure) 0.507: [DefNew: 447K->63K(448K), 0.0011350 secs] 15882K->15875K(1048512K), 0.0011806 secs] [Times: user=0.00 sys=0.00, real=0.00 secs] 
0.516: [GC (Allocation Failure) 0.516: [DefNew: 447K->64K(448K), 0.0009102 secs] 16259K->16254K(1048512K), 0.0009637 secs] [Times: user=0.00 sys=0.00, real=0.00 secs] 
0.526: [GC (Allocation Failure) 0.526: [DefNew: 448K->63K(448K), 0.0012551 secs] 16638K->16634K(1048512K), 0.0013246 secs] [Times: user=0.01 sys=0.00, real=0.00 secs] 
0.535: [GC (Allocation Failure) 0.535: [DefNew: 447K->63K(448K), 0.0012995 secs] 17018K->17012K(1048512K), 0.0013576 secs] [Times: user=0.00 sys=0.00, real=0.00 secs] 
0.544: [GC (Allocation Failure) 0.544: [DefNew: 447K->64K(448K), 0.0013850 secs] 17396K->17388K(1048512K), 0.0014561 secs] [Times: user=0.00 sys=0.00, real=0.00 secs] 
0.555: [GC (Allocation Failure) 0.555: [DefNew: 448K->64K(448K), 0.0013222 secs] 17772K->17768K(1048512K), 0.0013890 secs] [Times: user=0.00 sys=0.00, real=0.00 secs] 
0.565: [GC (Allocation Failure) 0.565: [DefNew: 448K->63K(448K), 0.0011713 secs] 18152K->18147K(1048512K), 0.0012205 secs] [Times: user=0.00 sys=0.00, real=0.00 secs] 
0.573: [GC (Allocation Failure) 0.573: [DefNew: 447K->63K(448K), 0.0012822 secs] 18531K->18526K(1048512K), 0.0013396 secs] [Times: user=0.00 sys=0.00, real=0.01 secs] 
0.583: [GC (Allocation Failure) 0.583: [DefNew: 447K->64K(448K), 0.0013222 secs] 18910K->18906K(1048512K), 0.0013781 secs] [Times: user=0.00 sys=0.00, real=0.01 secs] 
0.593: [GC (Allocation Failure) 0.593: [DefNew: 448K->64K(448K), 0.0014003 secs] 19290K->19284K(1048512K), 0.0014593 secs] [Times: user=0.01 sys=0.00, real=0.00 secs] 
0.602: [GC (Allocation Failure) 0.602: [DefNew: 448K->63K(448K), 0.0014406 secs] 19668K->19663K(1048512K), 0.0014933 secs] [Times: user=0.00 sys=0.00, real=0.00 secs] 
0.612: [GC (Allocation Failure) 0.612: [DefNew: 447K->63K(448K), 0.0014409 secs] 20047K->20042K(1048512K), 0.0015009 secs] [Times: user=0.00 sys=0.00, real=0.00 secs] 
0.622: [GC (Allocation Failure) 0.622: [DefNew: 447K->63K(448K), 0.0014013 secs] 20426K->20420K(1048512K), 0.0014611 secs] [Times: user=0.00 sys=0.00, real=0.00 secs] 
0.632: [GC (Allocation Failure) 0.632: [DefNew: 447K->64K(448K), 0.0014102 secs] 20804K->20799K(1048512K), 0.0014718 secs] [Times: user=0.00 sys=0.00, real=0.00 secs] 
0.642: [GC (Allocation Failure) 0.642: [DefNew: 448K->63K(448K), 0.0014616 secs] 21183K->21179K(1048512K), 0.0015224 secs] [Times: user=0.00 sys=0.00, real=0.00 secs] 
0.651: [GC (Allocation Failure) 0.652: [DefNew: 447K->64K(448K), 0.0011300 secs] 21563K->21555K(1048512K), 0.0011828 secs] [Times: user=0.00 sys=0.00, real=0.00 secs] 
0.661: [GC (Allocation Failure) 0.661: [DefNew: 448K->63K(448K), 0.0011579 secs] 21939K->21934K(1048512K), 0.0012005 secs] [Times: user=0.00 sys=0.00, real=0.00 secs] 
0.671: [GC (Allocation Failure) 0.671: [DefNew: 447K->64K(448K), 0.0012299 secs] 22318K->22314K(1048512K), 0.0012951 secs] [Times: user=0.00 sys=0.00, real=0.00 secs] 
0.680: [GC (Allocation Failure) 0.680: [DefNew: 448K->63K(448K), 0.0011383 secs] 22698K->22694K(1048512K), 0.0011752 secs] [Times: user=0.00 sys=0.00, real=0.00 secs] 
0.690: [GC (Allocation Failure) 0.690: [DefNew: 447K->63K(448K), 0.0013838 secs] 23078K->23072K(1048512K), 0.0014403 secs] [Times: user=0.00 sys=0.00, real=0.00 secs] 
0.700: [GC (Allocation Failure) 0.701: [DefNew: 447K->63K(448K), 0.0013352 secs] 23456K->23451K(1048512K), 0.0014063 secs] [Times: user=0.00 sys=0.00, real=0.00 secs] 
0.710: [GC (Allocation Failure) 0.710: [DefNew: 447K->64K(448K), 0.0012086 secs] 23835K->23830K(1048512K), 0.0012515 secs] [Times: user=0.01 sys=0.00, real=0.00 secs] 
0.719: [GC (Allocation Failure) 0.719: [DefNew: 448K->63K(448K), 0.0013211 secs] 24214K->24208K(1048512K), 0.0013931 secs] [Times: user=0.00 sys=0.00, real=0.00 secs] 
0.729: [GC (Allocation Failure) 0.729: [DefNew: 447K->63K(448K), 0.0013529 secs] 24592K->24587K(1048512K), 0.0014075 secs] [Times: user=0.00 sys=0.00, real=0.00 secs] 
0.738: [GC (Allocation Failure) 0.738: [DefNew: 447K->64K(448K), 0.0013081 secs] 24971K->24967K(1048512K), 0.0013922 secs] [Times: user=0.00 sys=0.00, real=0.00 secs] 
0.748: [GC (Allocation Failure) 0.748: [DefNew: 448K->64K(448K), 0.0012016 secs] 25351K->25345K(1048512K), 0.0012503 secs] [Times: user=0.00 sys=0.00, real=0.00 secs] 
0.757: [GC (Allocation Failure) 0.757: [DefNew: 448K->63K(448K), 0.0011780 secs] 25729K->25722K(1048512K), 0.0012248 secs] [Times: user=0.00 sys=0.00, real=0.00 secs] 
0.768: [GC (Allocation Failure) 0.768: [DefNew: 447K->63K(448K), 0.0015769 secs] 26106K->26101K(1048512K), 0.0016525 secs] [Times: user=0.00 sys=0.01, real=0.00 secs] 
0.778: [GC (Allocation Failure) 0.778: [DefNew: 447K->64K(448K), 0.0018747 secs] 26485K->26480K(1048512K), 0.0019391 secs] [Times: user=0.00 sys=0.00, real=0.00 secs] 
0.788: [GC (Allocation Failure) 0.788: [DefNew: 448K->63K(448K), 0.0018381 secs] 26864K->26860K(1048512K), 0.0019313 secs] [Times: user=0.00 sys=0.00, real=0.00 secs] 
0.799: [GC (Allocation Failure) 0.799: [DefNew: 447K->64K(448K), 0.0017795 secs] 27244K->27240K(1048512K), 0.0018510 secs] [Times: user=0.00 sys=0.00, real=0.00 secs] 
0.810: [GC (Allocation Failure) 0.810: [DefNew: 448K->63K(448K), 0.0014345 secs] 27624K->27617K(1048512K), 0.0014872 secs] [Times: user=0.00 sys=0.00, real=0.00 secs] 
0.819: [GC (Allocation Failure) 0.819: [DefNew: 447K->64K(448K), 0.0011086 secs] 28001K->27996K(1048512K), 0.0011611 secs] [Times: user=0.00 sys=0.00, real=0.00 secs] 
0.829: [GC (Allocation Failure) 0.829: [DefNew: 448K->63K(448K), 0.0011253 secs] 28380K->28376K(1048512K), 0.0011737 secs] [Times: user=0.01 sys=0.00, real=0.00 secs] 
0.840: [GC (Allocation Failure) 0.840: [DefNew: 447K->63K(448K), 0.0014489 secs] 28760K->28754K(1048512K), 0.0015102 secs] [Times: user=0.00 sys=0.00, real=0.00 secs] 
0.852: [GC (Allocation Failure) 0.852: [DefNew: 447K->63K(448K), 0.0025104 secs] 29650K->29645K(1048512K), 0.0025684 secs] [Times: user=0.01 sys=0.00, real=0.01 secs] 
0.863: [GC (Allocation Failure) 0.863: [DefNew: 447K->63K(448K), 0.0014037 secs] 30029K->30022K(1048512K), 0.0014539 secs] [Times: user=0.00 sys=0.00, real=0.01 secs] 
0.873: [GC (Allocation Failure) 0.873: [DefNew: 447K->63K(448K), 0.0013364 secs] 30406K->30402K(1048512K), 0.0013973 secs] [Times: user=0.00 sys=0.00, real=0.01 secs] 
0.882: [GC (Allocation Failure) 0.882: [DefNew: 447K->64K(448K), 0.0012879 secs] 30786K->30780K(1048512K), 0.0013423 secs] [Times: user=0.00 sys=0.00, real=0.00 secs] 
0.894: [GC (Allocation Failure) 0.894: [DefNew: 448K->63K(448K), 0.0015400 secs] 31164K->31158K(1048512K), 0.0016179 secs] [Times: user=0.00 sys=0.00, real=0.01 secs] 
0.903: [GC (Allocation Failure) 0.903: [DefNew: 447K->64K(448K), 0.0013555 secs] 31542K->31537K(1048512K), 0.0014115 secs] [Times: user=0.00 sys=0.00, real=0.01 secs] 
0.914: [GC (Allocation Failure) 0.914: [DefNew: 448K->63K(448K), 0.0012582 secs] 31921K->31916K(1048512K), 0.0013111 secs] [Times: user=0.00 sys=0.00, real=0.01 secs] 
0.925: [GC (Allocation Failure) 0.925: [DefNew: 447K->63K(448K), 0.0012563 secs] 32300K->32295K(1048512K), 0.0013274 secs] [Times: user=0.00 sys=0.00, real=0.00 secs] 
0.934: [GC (Allocation Failure) 0.934: [DefNew: 447K->63K(448K), 0.0015948 secs] 32679K->32673K(1048512K), 0.0016599 secs] [Times: user=0.00 sys=0.00, real=0.01 secs] 
0.945: [GC (Allocation Failure) 0.945: [DefNew: 447K->63K(448K), 0.0016587 secs] 33057K->33052K(1048512K), 0.0017305 secs] [Times: user=0.00 sys=0.00, real=0.00 secs] 
0.956: [GC (Allocation Failure) 0.956: [DefNew: 447K->63K(448K), 0.0013819 secs] 33436K->33431K(1048512K), 0.0014405 secs] [Times: user=0.00 sys=0.00, real=0.00 secs] 
0.965: [GC (Allocation Failure) 0.965: [DefNew: 447K->63K(448K), 0.0012607 secs] 33815K->33808K(1048512K), 0.0013129 secs] [Times: user=0.00 sys=0.00, real=0.00 secs] 
0.975: [GC (Allocation Failure) 0.975: [DefNew: 447K->63K(448K), 0.0012065 secs] 34192K->34187K(1048512K), 0.0012581 secs] [Times: user=0.00 sys=0.00, real=0.00 secs] 
0.985: [GC (Allocation Failure) 0.985: [DefNew: 447K->63K(448K), 0.0011795 secs] 34571K->34566K(1048512K), 0.0012269 secs] [Times: user=0.01 sys=0.00, real=0.00 secs] 
0.994: [GC (Allocation Failure) 0.994: [DefNew: 447K->64K(448K), 0.0012052 secs] 34950K->34944K(1048512K), 0.0012678 secs] [Times: user=0.00 sys=0.00, real=0.01 secs] 
1.004: [GC (Allocation Failure) 1.004: [DefNew: 448K->64K(448K), 0.0012587 secs] 35328K->35323K(1048512K), 0.0013130 secs] [Times: user=0.00 sys=0.00, real=0.00 secs] 
1.014: [GC (Allocation Failure) 1.014: [DefNew: 448K->63K(448K), 0.0013157 secs] 35707K->35693K(1048512K), 0.0013701 secs] [Times: user=0.00 sys=0.00, real=0.01 secs] 
1.024: [GC (Allocation Failure) 1.024: [DefNew: 447K->63K(448K), 0.0013117 secs] 36077K->36075K(1048512K), 0.0013758 secs] [Times: user=0.00 sys=0.01, real=0.01 secs] 
1.034: [GC (Allocation Failure) 1.034: [DefNew: 447K->63K(448K), 0.0012039 secs] 36459K->36455K(1048512K), 0.0012549 secs] [Times: user=0.01 sys=0.00, real=0.01 secs] 
1.043: [GC (Allocation Failure) 1.043: [DefNew: 447K->63K(448K), 0.0011845 secs] 36839K->36830K(1048512K), 0.0012376 secs] [Times: user=0.00 sys=0.00, real=0.00 secs] 
1.052: [GC (Allocation Failure) 1.053: [DefNew: 447K->63K(448K), 0.0013327 secs] 37214K->37205K(1048512K), 0.0013895 secs] [Times: user=0.00 sys=0.00, real=0.00 secs] 
1.061: [GC (Allocation Failure) 1.061: [DefNew: 447K->63K(448K), 0.0011553 secs] 37588K->37578K(1048512K), 0.0011907 secs] [Times: user=0.01 sys=0.00, real=0.00 secs] 
1.071: [GC (Allocation Failure) 1.071: [DefNew: 447K->64K(448K), 0.0014002 secs] 37962K->37949K(1048512K), 0.0014542 secs] [Times: user=0.00 sys=0.00, real=0.00 secs] 
1.080: [GC (Allocation Failure) 1.080: [DefNew: 448K->64K(448K), 0.0013664 secs] 38333K->38321K(1048512K), 0.0014175 secs] [Times: user=0.00 sys=0.00, real=0.00 secs] 
1.090: [GC (Allocation Failure) 1.090: [DefNew: 448K->64K(448K), 0.0017632 secs] 38705K->38697K(1048512K), 0.0018268 secs] [Times: user=0.00 sys=0.00, real=0.00 secs] 
1.099: [GC (Allocation Failure) 1.099: [DefNew: 448K->63K(448K), 0.0012837 secs] 39081K->39070K(1048512K), 0.0013233 secs] [Times: user=0.00 sys=0.00, real=0.00 secs] 
1.109: [GC (Allocation Failure) 1.109: [DefNew: 447K->64K(448K), 0.0013279 secs] 39454K->39443K(1048512K), 0.0013910 secs] [Times: user=0.00 sys=0.00, real=0.00 secs] 
1.119: [GC (Allocation Failure) 1.119: [DefNew: 448K->63K(448K), 0.0014123 secs] 39827K->39817K(1048512K), 0.0014744 secs] [Times: user=0.00 sys=0.00, real=0.00 secs] 
1.128: [GC (Allocation Failure) 1.128: [DefNew: 447K->63K(448K), 0.0014108 secs] 40201K->40190K(1048512K), 0.0014701 secs] [Times: user=0.00 sys=0.00, real=0.00 secs] 
1.139: [GC (Allocation Failure) 1.139: [DefNew: 447K->63K(448K), 0.0010875 secs] 40574K->40564K(1048512K), 0.0011285 secs] [Times: user=0.00 sys=0.00, real=0.00 secs] 
1.148: [GC (Allocation Failure) 1.148: [DefNew: 447K->64K(448K), 0.0012346 secs] 40948K->40937K(1048512K), 0.0012895 secs] [Times: user=0.00 sys=0.00, real=0.00 secs] 
1.159: [GC (Allocation Failure) 1.159: [DefNew: 448K->63K(448K), 0.0012629 secs] 41321K->41311K(1048512K), 0.0013029 secs] [Times: user=0.00 sys=0.00, real=0.00 secs] 
1.167: [GC (Allocation Failure) 1.167: [DefNew: 447K->63K(448K), 0.0014495 secs] 41695K->41682K(1048512K), 0.0014941 secs] [Times: user=0.00 sys=0.00, real=0.00 secs] 
1.177: [GC (Allocation Failure) 1.177: [DefNew: 447K->64K(448K), 0.0012770 secs] 42066K->42058K(1048512K), 0.0013572 secs] [Times: user=0.00 sys=0.00, real=0.00 secs] 
1.187: [GC (Allocation Failure) 1.187: [DefNew: 448K->63K(448K), 0.0012714 secs] 42442K->42433K(1048512K), 0.0013255 secs] [Times: user=0.01 sys=0.00, real=0.00 secs] 
1.197: [GC (Allocation Failure) 1.197: [DefNew: 447K->63K(448K), 0.0012999 secs] 42816K->42806K(1048512K), 0.0013655 secs] [Times: user=0.00 sys=0.00, real=0.00 secs] 
1.207: [GC (Allocation Failure) 1.207: [DefNew: 447K->63K(448K), 0.0012820 secs] 43190K->43179K(1048512K), 0.0013346 secs] [Times: user=0.00 sys=0.00, real=0.00 secs] 
1.212: [GC (Allocation Failure) 1.212: [DefNew: 447K->64K(448K), 0.0013725 secs] 43563K->43469K(1048512K), 0.0014270 secs] [Times: user=0.00 sys=0.00, real=0.00 secs] 
1.218: [GC (Allocation Failure) 1.218: [DefNew: 443K->63K(448K), 0.0010020 secs] 43848K->43783K(1048512K), 0.0010459 secs] [Times: user=0.00 sys=0.00, real=0.00 secs] 
1.223: [GC (Allocation Failure) 1.223: [DefNew: 447K->63K(448K), 0.0010218 secs] 44167K->44022K(1048512K), 0.0010805 secs] [Times: user=0.00 sys=0.00, real=0.00 secs] 
1.229: [GC (Allocation Failure) 1.229: [DefNew: 447K->63K(448K), 0.0010820 secs] 44406K->44256K(1048512K), 0.0011237 secs] [Times: user=0.01 sys=0.00, real=0.00 secs] 
1.234: [GC (Allocation Failure) 1.234: [DefNew: 447K->64K(448K), 0.0012159 secs] 44640K->44557K(1048512K), 0.0012795 secs] [Times: user=0.00 sys=0.00, real=0.01 secs] 
1.242: [GC (Allocation Failure) 1.242: [DefNew: 448K->64K(448K), 0.0013907 secs] 44941K->44860K(1048512K), 0.0014478 secs] [Times: user=0.00 sys=0.00, real=0.00 secs] 
1.250: [GC (Allocation Failure) 1.250: [DefNew: 448K->64K(448K), 0.0011514 secs] 45244K->45209K(1048512K), 0.0012137 secs] [Times: user=0.00 sys=0.00, real=0.00 secs] 
1.260: [GC (Allocation Failure) 1.260: [DefNew: 448K->64K(448K), 0.0013217 secs] 45593K->45591K(1048512K), 0.0013866 secs] [Times: user=0.00 sys=0.00, real=0.00 secs] 
1.270: [GC (Allocation Failure) 1.270: [DefNew: 448K->63K(448K), 0.0014487 secs] 45975K->45967K(1048512K), 0.0015409 secs] [Times: user=0.00 sys=0.00, real=0.00 secs] 
1.279: [GC (Allocation Failure) 1.279: [DefNew: 447K->63K(448K), 0.0015979 secs] 46351K->46347K(1048512K), 0.0016698 secs] [Times: user=0.00 sys=0.00, real=0.00 secs] 
1.290: [GC (Allocation Failure) 1.290: [DefNew: 447K->64K(448K), 0.0015282 secs] 46731K->46717K(1048512K), 0.0015998 secs] [Times: user=0.00 sys=0.00, real=0.00 secs] 
1.299: [GC (Allocation Failure) 1.299: [DefNew: 448K->64K(448K), 0.0013222 secs] 47101K->47080K(1048512K), 0.0013905 secs] [Times: user=0.00 sys=0.00, real=0.00 secs] 
1.308: [GC (Allocation Failure) 1.308: [DefNew: 448K->63K(448K), 0.0012461 secs] 47464K->47440K(1048512K), 0.0013008 secs] [Times: user=0.00 sys=0.00, real=0.00 secs] 
1.318: [GC (Allocation Failure) 1.318: [DefNew: 447K->64K(448K), 0.0013911 secs] 47824K->47801K(1048512K), 0.0014544 secs] [Times: user=0.00 sys=0.00, real=0.00 secs] 
1.328: [GC (Allocation Failure) 1.328: [DefNew: 448K->63K(448K), 0.0014093 secs] 48185K->48179K(1048512K), 0.0014837 secs] [Times: user=0.00 sys=0.00, real=0.00 secs] 
1.338: [GC (Allocation Failure) 1.338: [DefNew: 447K->63K(448K), 0.0020777 secs] 48563K->48561K(1048512K), 0.0021778 secs] [Times: user=0.00 sys=0.00, real=0.00 secs] 
1.348: [GC (Allocation Failure) 1.348: [DefNew: 447K->64K(448K), 0.0015043 secs] 48945K->48940K(1048512K), 0.0015682 secs] [Times: user=0.00 sys=0.00, real=0.00 secs] 
1.357: [GC (Allocation Failure) 1.357: [DefNew: 448K->64K(448K), 0.0014962 secs] 49324K->49317K(1048512K), 0.0015897 secs] [Times: user=0.00 sys=0.00, real=0.00 secs] 
1.367: [GC (Allocation Failure) 1.367: [DefNew: 448K->63K(448K), 0.0015939 secs] 49701K->49692K(1048512K), 0.0016707 secs] [Times: user=0.00 sys=0.00, real=0.00 secs] 
1.376: [GC (Allocation Failure) 1.376: [DefNew: 447K->63K(448K), 0.0014359 secs] 50076K->50066K(1048512K), 0.0015257 secs] [Times: user=0.00 sys=0.00, real=0.00 secs] 
1.386: [GC (Allocation Failure) 1.386: [DefNew: 447K->63K(448K), 0.0016003 secs] 50450K->50437K(1048512K), 0.0016661 secs] [Times: user=0.00 sys=0.00, real=0.00 secs] 
1.396: [GC (Allocation Failure) 1.396: [DefNew: 447K->63K(448K), 0.0016707 secs] 50821K->50811K(1048512K), 0.0017439 secs] [Times: user=0.01 sys=0.00, real=0.00 secs] 
1.406: [GC (Allocation Failure) 1.406: [DefNew: 447K->63K(448K), 0.0019297 secs] 51195K->51185K(1048512K), 0.0020110 secs] [Times: user=0.00 sys=0.00, real=0.00 secs] 
1.416: [GC (Allocation Failure) 1.416: [DefNew: 447K->64K(448K), 0.0015663 secs] 51569K->51559K(1048512K), 0.0016498 secs] [Times: user=0.00 sys=0.00, real=0.00 secs] 
1.425: [GC (Allocation Failure) 1.425: [DefNew: 448K->63K(448K), 0.0014956 secs] 51943K->51933K(1048512K), 0.0015724 secs] [Times: user=0.00 sys=0.00, real=0.00 secs] 
1.435: [GC (Allocation Failure) 1.435: [DefNew: 447K->63K(448K), 0.0015997 secs] 52317K->52306K(1048512K), 0.0016773 secs] [Times: user=0.00 sys=0.00, real=0.00 secs] 
1.445: [GC (Allocation Failure) 1.445: [DefNew: 447K->63K(448K), 0.0015412 secs] 52690K->52680K(1048512K), 0.0016103 secs] [Times: user=0.00 sys=0.00, real=0.00 secs] 
1.456: [GC (Allocation Failure) 1.456: [DefNew: 447K->63K(448K), 0.0016627 secs] 53064K->53053K(1048512K), 0.0017319 secs] [Times: user=0.01 sys=0.00, real=0.00 secs] 
1.465: [GC (Allocation Failure) 1.465: [DefNew: 447K->63K(448K), 0.0015089 secs] 53437K->53427K(1048512K), 0.0015877 secs] [Times: user=0.00 sys=0.00, real=0.00 secs] 
1.475: [GC (Allocation Failure) 1.475: [DefNew: 447K->63K(448K), 0.0012430 secs] 53811K->53800K(1048512K), 0.0012832 secs] [Times: user=0.00 sys=0.00, real=0.00 secs] 
1.484: [GC (Allocation Failure) 1.484: [DefNew: 447K->63K(448K), 0.0012631 secs] 54184K->54172K(1048512K), 0.0013093 secs] [Times: user=0.00 sys=0.00, real=0.00 secs] 
1.494: [GC (Allocation Failure) 1.494: [DefNew: 447K->64K(448K), 0.0014539 secs] 54556K->54546K(1048512K), 0.0015262 secs] [Times: user=0.00 sys=0.01, real=0.01 secs] 
1.504: [GC (Allocation Failure) 1.504: [DefNew: 448K->64K(448K), 0.0014936 secs] 54930K->54920K(1048512K), 0.0015351 secs] [Times: user=0.00 sys=0.00, real=0.01 secs] 
1.512: [GC (Allocation Failure) 1.512: [DefNew: 448K->64K(448K), 0.0015414 secs] 55304K->55294K(1048512K), 0.0015993 secs] [Times: user=0.01 sys=0.00, real=0.00 secs] 
1.523: [GC (Allocation Failure) 1.523: [DefNew: 448K->63K(448K), 0.0017362 secs] 55678K->55668K(1048512K), 0.0017958 secs] [Times: user=0.00 sys=0.00, real=0.01 secs] 
1.532: [GC (Allocation Failure) 1.532: [DefNew: 447K->63K(448K), 0.0013844 secs] 56052K->56042K(1048512K), 0.0014249 secs] [Times: user=0.00 sys=0.00, real=0.00 secs] 
1.543: [GC (Allocation Failure) 1.543: [DefNew: 447K->63K(448K), 0.0018328 secs] 56426K->56415K(1048512K), 0.0019031 secs] [Times: user=0.00 sys=0.00, real=0.01 secs] 
1.552: [GC (Allocation Failure) 1.552: [DefNew: 447K->63K(448K), 0.0014830 secs] 56799K->56789K(1048512K), 0.0015375 secs] [Times: user=0.00 sys=0.00, real=0.00 secs] 
1.562: [GC (Allocation Failure) 1.562: [DefNew: 447K->63K(448K), 0.0014587 secs] 57173K->57162K(1048512K), 0.0015015 secs] [Times: user=0.00 sys=0.00, real=0.00 secs] 
1.571: [GC (Allocation Failure) 1.571: [DefNew: 447K->63K(448K), 0.0015981 secs] 57546K->57536K(1048512K), 0.0017214 secs] [Times: user=0.01 sys=0.00, real=0.00 secs] 
1.581: [GC (Allocation Failure) 1.582: [DefNew: 447K->63K(448K), 0.0016269 secs] 57920K->57908K(1048512K), 0.0016935 secs] [Times: user=0.00 sys=0.00, real=0.00 secs] 
1.594: [GC (Allocation Failure) 1.594: [DefNew: 447K->64K(448K), 0.0038183 secs] 59316K->59306K(1048512K), 0.0038985 secs] [Times: user=0.00 sys=0.00, real=0.01 secs] 
1.607: [GC (Allocation Failure) 1.607: [DefNew: 447K->63K(448K), 0.0016929 secs] 59690K->59679K(1048512K), 0.0017649 secs] [Times: user=0.00 sys=0.00, real=0.00 secs] 
1.616: [GC (Allocation Failure) 1.616: [DefNew: 447K->63K(448K), 0.0012422 secs] 60063K->60052K(1048512K), 0.0012859 secs] [Times: user=0.00 sys=0.00, real=0.00 secs] 
1.625: [GC (Allocation Failure) 1.625: [DefNew: 447K->63K(448K), 0.0011635 secs] 60436K->60426K(1048512K), 0.0012067 secs] [Times: user=0.00 sys=0.00, real=0.00 secs] 
1.634: [GC (Allocation Failure) 1.634: [DefNew: 447K->64K(448K), 0.0013679 secs] 60810K->60800K(1048512K), 0.0014274 secs] [Times: user=0.00 sys=0.00, real=0.00 secs] 
1.643: [GC (Allocation Failure) 1.643: [DefNew: 448K->64K(448K), 0.0015393 secs] 61184K->61173K(1048512K), 0.0015944 secs] [Times: user=0.00 sys=0.00, real=0.01 secs] 
1.653: [GC (Allocation Failure) 1.654: [DefNew: 448K->63K(448K), 0.0012133 secs] 61557K->61547K(1048512K), 0.0012594 secs] [Times: user=0.00 sys=0.00, real=0.01 secs] 
1.662: [GC (Allocation Failure) 1.662: [DefNew: 447K->63K(448K), 0.0015008 secs] 61931K->61920K(1048512K), 0.0015577 secs] [Times: user=0.00 sys=0.00, real=0.00 secs] 
1.672: [GC (Allocation Failure) 1.672: [DefNew: 447K->63K(448K), 0.0011748 secs] 62304K->62294K(1048512K), 0.0012209 secs] [Times: user=0.01 sys=0.00, real=0.00 secs] 
1.680: [GC (Allocation Failure) 1.680: [DefNew: 447K->64K(448K), 0.0011481 secs] 62678K->62667K(1048512K), 0.0011854 secs] [Times: user=0.00 sys=0.00, real=0.00 secs] 
1.690: [GC (Allocation Failure) 1.690: [DefNew: 448K->63K(448K), 0.0012327 secs] 63051K->63039K(1048512K), 0.0012951 secs] [Times: user=0.00 sys=0.00, real=0.00 secs] 
1.700: [GC (Allocation Failure) 1.700: [DefNew: 447K->63K(448K), 0.0012583 secs] 63423K->63413K(1048512K), 0.0013034 secs] [Times: user=0.00 sys=0.00, real=0.00 secs] 
1.708: [GC (Allocation Failure) 1.708: [DefNew: 447K->63K(448K), 0.0012336 secs] 63797K->63787K(1048512K), 0.0012793 secs] [Times: user=0.00 sys=0.00, real=0.00 secs] 
1.718: [GC (Allocation Failure) 1.718: [DefNew: 447K->63K(448K), 0.0011954 secs] 64171K->64161K(1048512K), 0.0012352 secs] [Times: user=0.00 sys=0.00, real=0.00 secs] 
1.726: [GC (Allocation Failure) 1.726: [DefNew: 447K->64K(448K), 0.0018793 secs] 64545K->64535K(1048512K), 0.0019406 secs] [Times: user=0.00 sys=0.00, real=0.00 secs] 
1.737: [GC (Allocation Failure) 1.737: [DefNew: 448K->63K(448K), 0.0012102 secs] 64919K->64910K(1048512K), 0.0012490 secs] [Times: user=0.01 sys=0.00, real=0.00 secs] 
1.745: [GC (Allocation Failure) 1.745: [DefNew: 447K->63K(448K), 0.0014575 secs] 65294K->65290K(1048512K), 0.0015197 secs] [Times: user=0.00 sys=0.00, real=0.00 secs] 
1.755: [GC (Allocation Failure) 1.755: [DefNew: 447K->63K(448K), 0.0013679 secs] 65674K->65669K(1048512K), 0.0014244 secs] [Times: user=0.00 sys=0.00, real=0.00 secs] 
1.765: [GC (Allocation Failure) 1.766: [DefNew: 447K->63K(448K), 0.0013205 secs] 66053K->66048K(1048512K), 0.0013813 secs] [Times: user=0.00 sys=0.00, real=0.00 secs] 
1.774: [GC (Allocation Failure) 1.774: [DefNew: 447K->64K(448K), 0.0011416 secs] 66432K->66426K(1048512K), 0.0011814 secs] [Times: user=0.00 sys=0.00, real=0.01 secs] 
1.784: [GC (Allocation Failure) 1.784: [DefNew: 448K->63K(448K), 0.0013101 secs] 66810K->66805K(1048512K), 0.0013537 secs] [Times: user=0.00 sys=0.00, real=0.01 secs] 
1.794: [GC (Allocation Failure) 1.794: [DefNew: 447K->63K(448K), 0.0013845 secs] 67189K->67182K(1048512K), 0.0014301 secs] [Times: user=0.00 sys=0.00, real=0.01 secs] 
1.803: [GC (Allocation Failure) 1.803: [DefNew: 447K->64K(448K), 0.0011877 secs] 67566K->67561K(1048512K), 0.0012268 secs] [Times: user=0.01 sys=0.00, real=0.00 secs] 
1.812: [GC (Allocation Failure) 1.812: [DefNew: 448K->63K(448K), 0.0012806 secs] 67945K->67940K(1048512K), 0.0013183 secs] [Times: user=0.00 sys=0.00, real=0.00 secs] 
1.822: [GC (Allocation Failure) 1.822: [DefNew: 447K->63K(448K), 0.0012448 secs] 68324K->68319K(1048512K), 0.0012916 secs] [Times: user=0.00 sys=0.00, real=0.00 secs] 
1.830: [GC (Allocation Failure) 1.830: [DefNew: 447K->64K(448K), 0.0013029 secs] 68703K->68698K(1048512K), 0.0013469 secs] [Times: user=0.00 sys=0.00, real=0.00 secs] 
1.841: [GC (Allocation Failure) 1.841: [DefNew: 448K->63K(448K), 0.0011674 secs] 69082K->69076K(1048512K), 0.0012117 secs] [Times: user=0.00 sys=0.00, real=0.00 secs] 
1.849: [GC (Allocation Failure) 1.849: [DefNew: 447K->63K(448K), 0.0018266 secs] 69460K->69455K(1048512K), 0.0019011 secs] [Times: user=0.00 sys=0.00, real=0.00 secs] 
1.860: [GC (Allocation Failure) 1.860: [DefNew: 447K->63K(448K), 0.0013445 secs] 69839K->69834K(1048512K), 0.0013895 secs] [Times: user=0.00 sys=0.00, real=0.00 secs] 
1.870: [GC (Allocation Failure) 1.870: [DefNew: 447K->63K(448K), 0.0019134 secs] 70218K->70213K(1048512K), 0.0019793 secs] [Times: user=0.01 sys=0.00, real=0.00 secs] 
1.880: [GC (Allocation Failure) 1.880: [DefNew: 447K->64K(448K), 0.0016721 secs] 70597K->70591K(1048512K), 0.0017194 secs] [Times: user=0.00 sys=0.00, real=0.00 secs] 
1.890: [GC (Allocation Failure) 1.890: [DefNew: 448K->63K(448K), 0.0016774 secs] 70975K->70970K(1048512K), 0.0017340 secs] [Times: user=0.00 sys=0.00, real=0.00 secs] 
1.900: [GC (Allocation Failure) 1.900: [DefNew: 447K->64K(448K), 0.0012749 secs] 71354K->71347K(1048512K), 0.0013136 secs] [Times: user=0.00 sys=0.00, real=0.00 secs] 
1.909: [GC (Allocation Failure) 1.909: [DefNew: 448K->63K(448K), 0.0013854 secs] 71731K->71726K(1048512K), 0.0014287 secs] [Times: user=0.00 sys=0.00, real=0.00 secs] 
1.919: [GC (Allocation Failure) 1.919: [DefNew: 447K->63K(448K), 0.0019556 secs] 72110K->72105K(1048512K), 0.0020448 secs] [Times: user=0.01 sys=0.00, real=0.00 secs] 
1.930: [GC (Allocation Failure) 1.930: [DefNew: 447K->63K(448K), 0.0016231 secs] 72489K->72484K(1048512K), 0.0016871 secs] [Times: user=0.00 sys=0.00, real=0.00 secs] 
1.939: [GC (Allocation Failure) 1.939: [DefNew: 447K->63K(448K), 0.0014477 secs] 72868K->72862K(1048512K), 0.0014991 secs] [Times: user=0.00 sys=0.00, real=0.00 secs] 
1.949: [GC (Allocation Failure) 1.949: [DefNew: 447K->64K(448K), 0.0015165 secs] 73246K->73242K(1048512K), 0.0015629 secs] [Times: user=0.00 sys=0.00, real=0.00 secs] 
1.958: [GC (Allocation Failure) 1.958: [DefNew: 448K->64K(448K), 0.0017078 secs] 73626K->73620K(1048512K), 0.0017521 secs] [Times: user=0.00 sys=0.00, real=0.00 secs] 
1.969: [GC (Allocation Failure) 1.969: [DefNew: 448K->64K(448K), 0.0017573 secs] 74004K->73999K(1048512K), 0.0018319 secs] [Times: user=0.00 sys=0.00, real=0.00 secs] 
1.979: [GC (Allocation Failure) 1.979: [DefNew: 448K->63K(448K), 0.0014104 secs] 74383K->74379K(1048512K), 0.0014597 secs] [Times: user=0.01 sys=0.00, real=0.00 secs] 
1.988: [GC (Allocation Failure) 1.988: [DefNew: 447K->63K(448K), 0.0015368 secs] 74763K->74757K(1048512K), 0.0015833 secs] [Times: user=0.00 sys=0.00, real=0.00 secs] 
1.998: [GC (Allocation Failure) 1.998: [DefNew: 447K->63K(448K), 0.0015597 secs] 75141K->75133K(1048512K), 0.0016114 secs] [Times: user=0.00 sys=0.00, real=0.00 secs] 
2.008: [GC (Allocation Failure) 2.008: [DefNew: 447K->63K(448K), 0.0016197 secs] 75517K->75513K(1048512K), 0.0016768 secs] [Times: user=0.00 sys=0.00, real=0.00 secs] 
2.017: [GC (Allocation Failure) 2.017: [DefNew: 447K->64K(448K), 0.0016996 secs] 75897K->75892K(1048512K), 0.0017468 secs] [Times: user=0.00 sys=0.00, real=0.00 secs] 
2.028: [GC (Allocation Failure) 2.028: [DefNew: 448K->63K(448K), 0.0014709 secs] 76276K->76272K(1048512K), 0.0015204 secs] [Times: user=0.00 sys=0.00, real=0.00 secs] 
2.037: [GC (Allocation Failure) 2.037: [DefNew: 447K->64K(448K), 0.0014149 secs] 76656K->76651K(1048512K), 0.0014592 secs] [Times: user=0.01 sys=0.00, real=0.00 secs] 
2.046: [GC (Allocation Failure) 2.046: [DefNew: 448K->63K(448K), 0.0013860 secs] 77035K->77029K(1048512K), 0.0014309 secs] [Times: user=0.00 sys=0.00, real=0.00 secs] 
2.056: [GC (Allocation Failure) 2.056: [DefNew: 447K->63K(448K), 0.0016023 secs] 77413K->77408K(1048512K), 0.0016569 secs] [Times: user=0.00 sys=0.00, real=0.00 secs] 
2.066: [GC (Allocation Failure) 2.067: [DefNew: 447K->63K(448K), 0.0015982 secs] 77792K->77787K(1048512K), 0.0016511 secs] [Times: user=0.00 sys=0.00, real=0.00 secs] 
2.076: [GC (Allocation Failure) 2.076: [DefNew: 447K->63K(448K), 0.0014998 secs] 78171K->78166K(1048512K), 0.0015506 secs] [Times: user=0.00 sys=0.00, real=0.00 secs] 
2.086: [GC (Allocation Failure) 2.086: [DefNew: 447K->63K(448K), 0.0015811 secs] 78550K->78544K(1048512K), 0.0016255 secs] [Times: user=0.00 sys=0.00, real=0.00 secs] 
2.095: [GC (Allocation Failure) 2.095: [DefNew: 447K->63K(448K), 0.0016094 secs] 78928K->78924K(1048512K), 0.0016638 secs] [Times: user=0.01 sys=0.00, real=0.00 secs] 
2.105: [GC (Allocation Failure) 2.105: [DefNew: 447K->64K(448K), 0.0018404 secs] 79308K->79300K(1048512K), 0.0018894 secs] [Times: user=0.00 sys=0.00, real=0.00 secs] 
2.117: [GC (Allocation Failure) 2.117: [DefNew: 448K->63K(448K), 0.0021408 secs] 79684K->79679K(1048512K), 0.0022047 secs] [Times: user=0.00 sys=0.00, real=0.00 secs] 
2.127: [GC (Allocation Failure) 2.127: [DefNew: 447K->63K(448K), 0.0019203 secs] 80063K->80059K(1048512K), 0.0019826 secs] [Times: user=0.00 sys=0.00, real=0.00 secs] 
2.139: [GC (Allocation Failure) 2.139: [DefNew: 447K->64K(448K), 0.0022179 secs] 80443K->80439K(1048512K), 0.0022816 secs] [Times: user=0.01 sys=0.00, real=0.00 secs] 
2.151: [GC (Allocation Failure) 2.151: [DefNew: 448K->63K(448K), 0.0019355 secs] 80823K->80816K(1048512K), 0.0019994 secs] [Times: user=0.00 sys=0.00, real=0.00 secs] 
2.161: [GC (Allocation Failure) 2.161: [DefNew: 447K->64K(448K), 0.0023729 secs] 81200K->81195K(1048512K), 0.0024439 secs] [Times: user=0.00 sys=0.00, real=0.00 secs] 
2.173: [GC (Allocation Failure) 2.174: [DefNew: 448K->63K(448K), 0.0020497 secs] 81579K->81575K(1048512K), 0.0021129 secs] [Times: user=0.00 sys=0.00, real=0.01 secs] 
2.185: [GC (Allocation Failure) 2.185: [DefNew: 447K->63K(448K), 0.0021571 secs] 81959K->81953K(1048512K), 0.0022190 secs] [Times: user=0.01 sys=0.00, real=0.00 secs] 
2.196: [GC (Allocation Failure) 2.196: [DefNew: 447K->63K(448K), 0.0022074 secs] 82337K->82332K(1048512K), 0.0022723 secs] [Times: user=0.00 sys=0.00, real=0.00 secs] 
2.207: [GC (Allocation Failure) 2.207: [DefNew: 447K->63K(448K), 0.0020557 secs] 82716K->82711K(1048512K), 0.0021285 secs] [Times: user=0.00 sys=0.00, real=0.00 secs] 
2.218: [GC (Allocation Failure) 2.218: [DefNew: 447K->63K(448K), 0.0020356 secs] 83095K->83087K(1048512K), 0.0021020 secs] [Times: user=0.00 sys=0.00, real=0.00 secs] 
2.230: [GC (Allocation Failure) 2.230: [DefNew: 447K->64K(448K), 0.0020219 secs] 83471K->83467K(1048512K), 0.0020880 secs] [Times: user=0.00 sys=0.00, real=0.00 secs] 
2.242: [GC (Allocation Failure) 2.242: [DefNew: 448K->64K(448K), 0.0020442 secs] 83851K->83846K(1048512K), 0.0021168 secs] [Times: user=0.00 sys=0.00, real=0.00 secs] 
2.251: [GC (Allocation Failure) 2.251: [DefNew: 448K->63K(448K), 0.0018014 secs] 84230K->84226K(1048512K), 0.0018635 secs] [Times: user=0.00 sys=0.00, real=0.00 secs] 
2.263: [GC (Allocation Failure) 2.263: [DefNew: 447K->64K(448K), 0.0021430 secs] 84610K->84604K(1048512K), 0.0022158 secs] [Times: user=0.00 sys=0.00, real=0.01 secs] 
2.273: [GC (Allocation Failure) 2.273: [DefNew: 448K->63K(448K), 0.0016410 secs] 84988K->84982K(1048512K), 0.0016961 secs] [Times: user=0.01 sys=0.00, real=0.01 secs] 
2.283: [GC (Allocation Failure) 2.283: [DefNew: 447K->64K(448K), 0.0015014 secs] 85366K->85362K(1048512K), 0.0015421 secs] [Times: user=0.00 sys=0.00, real=0.01 secs] 
2.293: [GC (Allocation Failure) 2.293: [DefNew: 448K->63K(448K), 0.0015205 secs] 85746K->85740K(1048512K), 0.0015747 secs] [Times: user=0.00 sys=0.00, real=0.01 secs] 
2.305: [GC (Allocation Failure) 2.305: [DefNew: 447K->64K(448K), 0.0018740 secs] 86124K->86119K(1048512K), 0.0019484 secs] [Times: user=0.00 sys=0.00, real=0.00 secs] 
2.315: [GC (Allocation Failure) 2.315: [DefNew: 448K->63K(448K), 0.0019393 secs] 86503K->86497K(1048512K), 0.0020014 secs] [Times: user=0.00 sys=0.00, real=0.00 secs] 
2.327: [GC (Allocation Failure) 2.327: [DefNew: 447K->63K(448K), 0.0021397 secs] 86881K->86876K(1048512K), 0.0022067 secs] [Times: user=0.01 sys=0.00, real=0.00 secs] 
2.338: [GC (Allocation Failure) 2.338: [DefNew: 447K->64K(448K), 0.0021550 secs] 87260K->87256K(1048512K), 0.0022142 secs] [Times: user=0.00 sys=0.01, real=0.00 secs] 
2.348: [GC (Allocation Failure) 2.348: [DefNew: 448K->63K(448K), 0.0022778 secs] 87640K->87634K(1048512K), 0.0023460 secs] [Times: user=0.00 sys=0.00, real=0.00 secs] 
2.361: [GC (Allocation Failure) 2.361: [DefNew: 447K->63K(448K), 0.0022255 secs] 88018K->88012K(1048512K), 0.0023089 secs] [Times: user=0.00 sys=0.00, real=0.00 secs] 
2.371: [GC (Allocation Failure) 2.371: [DefNew: 447K->63K(448K), 0.0018746 secs] 88396K->88392K(1048512K), 0.0019393 secs] [Times: user=0.01 sys=0.00, real=0.00 secs] 
2.382: [GC (Allocation Failure) 2.382: [DefNew: 447K->63K(448K), 0.0018782 secs] 88776K->88770K(1048512K), 0.0019411 secs] [Times: user=0.00 sys=0.00, real=0.01 secs] 
2.394: [GC (Allocation Failure) 2.394: [DefNew: 447K->64K(448K), 0.0022970 secs] 89154K->89149K(1048512K), 0.0023607 secs] [Times: user=0.00 sys=0.00, real=0.01 secs] 
2.405: [GC (Allocation Failure) 2.405: [DefNew: 448K->64K(448K), 0.0020747 secs] 89533K->89529K(1048512K), 0.0021409 secs] [Times: user=0.00 sys=0.00, real=0.00 secs] 
2.416: [GC (Allocation Failure) 2.416: [DefNew: 447K->63K(448K), 0.0021255 secs] 89913K->89905K(1048512K), 0.0021887 secs] [Times: user=0.01 sys=0.00, real=0.00 secs] 
2.428: [GC (Allocation Failure) 2.428: [DefNew: 447K->63K(448K), 0.0024402 secs] 90289K->90284K(1048512K), 0.0025182 secs] [Times: user=0.00 sys=0.00, real=0.00 secs] 
2.439: [GC (Allocation Failure) 2.439: [DefNew: 447K->63K(448K), 0.0022594 secs] 90668K->90663K(1048512K), 0.0023269 secs] [Times: user=0.00 sys=0.00, real=0.00 secs] 
2.451: [GC (Allocation Failure) 2.451: [DefNew: 447K->64K(448K), 0.0020191 secs] 91047K->91043K(1048512K), 0.0020828 secs] [Times: user=0.00 sys=0.00, real=0.00 secs] 
2.462: [GC (Allocation Failure) 2.462: [DefNew: 448K->63K(448K), 0.0015728 secs] 91427K->91421K(1048512K), 0.0016392 secs] [Times: user=0.01 sys=0.00, real=0.00 secs] 
2.470: [GC (Allocation Failure) 2.470: [DefNew: 447K->63K(448K), 0.0016832 secs] 91805K->91799K(1048512K), 0.0017588 secs] [Times: user=0.00 sys=0.00, real=0.00 secs] 
2.478: [GC (Allocation Failure) 2.478: [DefNew: 447K->64K(448K), 0.0012855 secs] 92183K->92066K(1048512K), 0.0013339 secs] [Times: user=0.00 sys=0.00, real=0.00 secs] 
2.483: [GC (Allocation Failure) 2.483: [DefNew: 448K->64K(448K), 0.0010636 secs] 92450K->92306K(1048512K), 0.0011013 secs] [Times: user=0.00 sys=0.00, real=0.01 secs] 
2.489: [GC (Allocation Failure) 2.489: [DefNew: 448K->63K(448K), 0.0012747 secs] 92690K->92575K(1048512K), 0.0013139 secs] [Times: user=0.00 sys=0.00, real=0.00 secs] 
2.495: [GC (Allocation Failure) 2.495: [DefNew: 447K->63K(448K), 0.0012843 secs] 92959K->92788K(1048512K), 0.0013316 secs] [Times: user=0.00 sys=0.00, real=0.00 secs] 
2.501: [GC (Allocation Failure) 2.501: [DefNew: 447K->64K(448K), 0.0012760 secs] 93172K->93013K(1048512K), 0.0013210 secs] [Times: user=0.01 sys=0.00, real=0.00 secs] 
2.507: [GC (Allocation Failure) 2.508: [DefNew: 443K->64K(448K), 0.0014309 secs] 93392K->93226K(1048512K), 0.0014793 secs] [Times: user=0.00 sys=0.00, real=0.00 secs] 
2.513: [GC (Allocation Failure) 2.513: [DefNew: 448K->64K(448K), 0.0012957 secs] 93610K->93447K(1048512K), 0.0013529 secs] [Times: user=0.00 sys=0.00, real=0.00 secs] 
2.519: [GC (Allocation Failure) 2.519: [DefNew: 448K->64K(448K), 0.0015251 secs] 93831K->93730K(1048512K), 0.0015909 secs] [Times: user=0.00 sys=0.00, real=0.00 secs] 
2.526: [GC (Allocation Failure) 2.526: [DefNew: 448K->64K(448K), 0.0015364 secs] 94114K->93964K(1048512K), 0.0015802 secs] [Times: user=0.00 sys=0.00, real=0.00 secs] 
2.533: [GC (Allocation Failure) 2.533: [DefNew: 448K->64K(448K), 0.0011674 secs] 94348K->94227K(1048512K), 0.0012050 secs] [Times: user=0.00 sys=0.00, real=0.00 secs] 
2.539: [GC (Allocation Failure) 2.539: [DefNew: 448K->64K(448K), 0.0014217 secs] 94611K->94504K(1048512K), 0.0014664 secs] [Times: user=0.00 sys=0.00, real=0.00 secs] 
2.546: [GC (Allocation Failure) 2.546: [DefNew: 448K->64K(448K), 0.0015919 secs] 94888K->94810K(1048512K), 0.0016695 secs] [Times: user=0.00 sys=0.00, real=0.00 secs] 
2.553: [GC (Allocation Failure) 2.553: [DefNew: 448K->64K(448K), 0.0013096 secs] 95194K->95047K(1048512K), 0.0013564 secs] [Times: user=0.00 sys=0.00, real=0.00 secs] 
2.560: [GC (Allocation Failure) 2.560: [DefNew: 444K->63K(448K), 0.0013694 secs] 95428K->95353K(1048512K), 0.0014183 secs] [Times: user=0.00 sys=0.00, real=0.00 secs] 
2.566: [GC (Allocation Failure) 2.566: [DefNew: 447K->64K(448K), 0.0016535 secs] 95737K->95670K(1048512K), 0.0017098 secs] [Times: user=0.00 sys=0.00, real=0.00 secs] 
2.574: [GC (Allocation Failure) 2.574: [DefNew: 448K->64K(448K), 0.0015773 secs] 96054K->95940K(1048512K), 0.0016256 secs] [Times: user=0.00 sys=0.00, real=0.00 secs] 
2.580: [GC (Allocation Failure) 2.580: [DefNew: 448K->64K(448K), 0.0013326 secs] 96324K->96159K(1048512K), 0.0013728 secs] [Times: user=0.00 sys=0.00, real=0.00 secs] 
2.586: [GC (Allocation Failure) 2.586: [DefNew: 448K->63K(448K), 0.0015617 secs] 96543K->96423K(1048512K), 0.0016072 secs] [Times: user=0.01 sys=0.00, real=0.00 secs] 
2.591: [GC (Allocation Failure) 2.591: [DefNew: 447K->63K(448K), 0.0012514 secs] 96807K->96680K(1048512K), 0.0012932 secs] [Times: user=0.00 sys=0.00, real=0.00 secs] 
2.597: [GC (Allocation Failure) 2.597: [DefNew: 447K->64K(448K), 0.0014031 secs] 97064K->96889K(1048512K), 0.0014632 secs] [Times: user=0.00 sys=0.00, real=0.00 secs] 
2.603: [GC (Allocation Failure) 2.603: [DefNew: 447K->63K(448K), 0.0012849 secs] 97273K->97128K(1048512K), 0.0013301 secs] [Times: user=0.01 sys=0.00, real=0.00 secs] 
2.609: [GC (Allocation Failure) 2.609: [DefNew: 435K->64K(448K), 0.0019333 secs] 97499K->97396K(1048512K), 0.0019948 secs] [Times: user=0.00 sys=0.00, real=0.00 secs] 
2.615: [GC (Allocation Failure) 2.615: [DefNew: 448K->63K(448K), 0.0013154 secs] 97780K->97602K(1048512K), 0.0013490 secs] [Times: user=0.00 sys=0.00, real=0.00 secs] 
2.621: [GC (Allocation Failure) 2.621: [DefNew: 447K->64K(448K), 0.0012639 secs] 97986K->97836K(1048512K), 0.0013056 secs] [Times: user=0.00 sys=0.00, real=0.00 secs] 
2.627: [GC (Allocation Failure) 2.627: [DefNew: 448K->64K(448K), 0.0017524 secs] 98220K->98091K(1048512K), 0.0018233 secs] [Times: user=0.00 sys=0.00, real=0.00 secs] 
2.633: [GC (Allocation Failure) 2.633: [DefNew: 448K->63K(448K), 0.0014940 secs] 98475K->98333K(1048512K), 0.0015315 secs] [Times: user=0.01 sys=0.00, real=0.01 secs] 
2.638: [GC (Allocation Failure) 2.638: [DefNew: 447K->63K(448K), 0.0010920 secs] 98717K->98539K(1048512K), 0.0011252 secs] [Times: user=0.00 sys=0.00, real=0.00 secs] 
2.644: [GC (Allocation Failure) 2.644: [DefNew: 447K->63K(448K), 0.0016078 secs] 98923K->98750K(1048512K), 0.0016752 secs] [Times: user=0.01 sys=0.00, real=0.01 secs] 
2.650: [GC (Allocation Failure) 2.650: [DefNew: 447K->64K(448K), 0.0013440 secs] 99134K->98992K(1048512K), 0.0013910 secs] [Times: user=0.00 sys=0.00, real=0.00 secs] 
2.655: [GC (Allocation Failure) 2.655: [DefNew: 448K->64K(448K), 0.0011186 secs] 99376K->99168K(1048512K), 0.0011534 secs] [Times: user=0.00 sys=0.00, real=0.00 secs] 
2.660: [GC (Allocation Failure) 2.660: [DefNew: 448K->64K(448K), 0.0011521 secs] 99552K->99367K(1048512K), 0.0011895 secs] [Times: user=0.00 sys=0.00, real=0.00 secs] 
2.667: [GC (Allocation Failure) 2.667: [DefNew: 448K->64K(448K), 0.0016383 secs] 99751K->99643K(1048512K), 0.0016912 secs] [Times: user=0.00 sys=0.00, real=0.00 secs] 
2.673: [GC (Allocation Failure) 2.673: [DefNew: 447K->64K(448K), 0.0015159 secs] 100026K->99847K(1048512K), 0.0015635 secs] [Times: user=0.00 sys=0.00, real=0.01 secs] 
2.680: [GC (Allocation Failure) 2.680: [DefNew: 448K->64K(448K), 0.0015545 secs] 100231K->100093K(1048512K), 0.0016048 secs] [Times: user=0.00 sys=0.00, real=0.00 secs] 
2.687: [GC (Allocation Failure) 2.687: [DefNew: 447K->63K(448K), 0.0018421 secs] 100477K->100367K(1048512K), 0.0019056 secs] [Times: user=0.00 sys=0.00, real=0.00 secs] 
2.695: [GC (Allocation Failure) 2.695: [DefNew: 445K->63K(448K), 0.0016904 secs] 100749K->100646K(1048512K), 0.0017293 secs] [Times: user=0.00 sys=0.00, real=0.00 secs] 
2.701: [GC (Allocation Failure) 2.701: [DefNew: 447K->64K(448K), 0.0018563 secs] 101030K->100894K(1048512K), 0.0018993 secs] [Times: user=0.00 sys=0.00, real=0.00 secs] 
2.707: [GC (Allocation Failure) 2.707: [DefNew: 448K->64K(448K), 0.0017802 secs] 101278K->101087K(1048512K), 0.0018392 secs] [Times: user=0.00 sys=0.00, real=0.00 secs] 
2.714: [GC (Allocation Failure) 2.714: [DefNew: 448K->64K(448K), 0.0018146 secs] 101471K->101346K(1048512K), 0.0018643 secs] [Times: user=0.00 sys=0.00, real=0.01 secs] 
2.720: [GC (Allocation Failure) 2.720: [DefNew: 448K->64K(448K), 0.0015580 secs] 101730K->101565K(1048512K), 0.0016131 secs] [Times: user=0.01 sys=0.00, real=0.00 secs] 
2.727: [GC (Allocation Failure) 2.727: [DefNew: 448K->63K(448K), 0.0019148 secs] 101949K->101874K(1048512K), 0.0019739 secs] [Times: user=0.00 sys=0.00, real=0.00 secs] 
2.734: [GC (Allocation Failure) 2.734: [DefNew: 447K->64K(448K), 0.0017078 secs] 102258K->102125K(1048512K), 0.0017509 secs] [Times: user=0.00 sys=0.00, real=0.01 secs] 
2.741: [GC (Allocation Failure) 2.741: [DefNew: 446K->63K(448K), 0.0015458 secs] 102508K->102421K(1048512K), 0.0016058 secs] [Times: user=0.00 sys=0.00, real=0.00 secs] 
2.747: [GC (Allocation Failure) 2.747: [DefNew: 447K->63K(448K), 0.0020054 secs] 102805K->102652K(1048512K), 0.0020877 secs] [Times: user=0.01 sys=0.00, real=0.00 secs] 
2.754: [GC (Allocation Failure) 2.754: [DefNew: 447K->64K(448K), 0.0012715 secs] 103036K->102909K(1048512K), 0.0013190 secs] [Times: user=0.01 sys=0.00, real=0.01 secs] 
2.762: [GC (Allocation Failure) 2.762: [DefNew: 448K->64K(448K), 0.0020993 secs] 103293K->103232K(1048512K), 0.0021657 secs] [Times: user=0.00 sys=0.00, real=0.01 secs] 
2.771: [GC (Allocation Failure) 2.771: [DefNew: 448K->64K(448K), 0.0014426 secs] 103616K->103540K(1048512K), 0.0014840 secs] [Times: user=0.00 sys=0.00, real=0.00 secs] 
2.780: [GC (Allocation Failure) 2.780: [DefNew: 448K->63K(448K), 0.0019449 secs] 103924K->103873K(1048512K), 0.0020029 secs] [Times: user=0.00 sys=0.00, real=0.00 secs] 
2.787: [GC (Allocation Failure) 2.787: [DefNew: 447K->64K(448K), 0.0013736 secs] 104257K->104124K(1048512K), 0.0014360 secs] [Times: user=0.00 sys=0.00, real=0.00 secs] 
2.797: [GC (Allocation Failure) 2.797: [DefNew: 448K->64K(448K), 0.0020024 secs] 104508K->104498K(1048512K), 0.0020682 secs] [Times: user=0.00 sys=0.00, real=0.00 secs] 
2.807: [GC (Allocation Failure) 2.807: [DefNew: 448K->63K(448K), 0.0020300 secs] 104882K->104872K(1048512K), 0.0020930 secs] [Times: user=0.00 sys=0.00, real=0.00 secs] 
2.818: [GC (Allocation Failure) 2.818: [DefNew: 447K->63K(448K), 0.0020541 secs] 105256K->105250K(1048512K), 0.0021182 secs] [Times: user=0.00 sys=0.00, real=0.00 secs] 
2.828: [GC (Allocation Failure) 2.828: [DefNew: 447K->64K(448K), 0.0029475 secs] 105634K->105613K(1048512K), 0.0030105 secs] [Times: user=0.01 sys=0.00, real=0.00 secs] 
2.838: [GC (Allocation Failure) 2.838: [DefNew: 448K->64K(448K), 0.0019120 secs] 105997K->105911K(1048512K), 0.0019781 secs] [Times: user=0.00 sys=0.00, real=0.00 secs] 
2.848: [GC (Allocation Failure) 2.848: [DefNew: 447K->63K(448K), 0.0019956 secs] 106295K->106289K(1048512K), 0.0020542 secs] [Times: user=0.00 sys=0.00, real=0.00 secs] 
2.858: [GC (Allocation Failure) 2.858: [DefNew: 447K->63K(448K), 0.0015688 secs] 106673K->106670K(1048512K), 0.0016088 secs] [Times: user=0.00 sys=0.00, real=0.00 secs] 
2.868: [GC (Allocation Failure) 2.868: [DefNew: 447K->64K(448K), 0.0023225 secs] 107054K->107049K(1048512K), 0.0023883 secs] [Times: user=0.00 sys=0.01, real=0.00 secs] 
2.878: [GC (Allocation Failure) 2.878: [DefNew: 447K->63K(448K), 0.0016600 secs] 107432K->107426K(1048512K), 0.0016992 secs] [Times: user=0.00 sys=0.00, real=0.00 secs] 
2.888: [GC (Allocation Failure) 2.888: [DefNew: 447K->63K(448K), 0.0016022 secs] 107810K->107801K(1048512K), 0.0016456 secs] [Times: user=0.01 sys=0.00, real=0.00 secs] 
2.899: [GC (Allocation Failure) 2.899: [DefNew: 447K->63K(448K), 0.0015099 secs] 108185K->108177K(1048512K), 0.0015543 secs] [Times: user=0.00 sys=0.00, real=0.00 secs] 
2.908: [GC (Allocation Failure) 2.908: [DefNew: 447K->63K(448K), 0.0016491 secs] 108561K->108560K(1048512K), 0.0016921 secs] [Times: user=0.00 sys=0.00, real=0.00 secs] 
2.918: [GC (Allocation Failure) 2.918: [DefNew: 447K->64K(448K), 0.0014916 secs] 108944K->108940K(1048512K), 0.0015286 secs] [Times: user=0.00 sys=0.00, real=0.00 secs] 
2.929: [GC (Allocation Failure) 2.929: [DefNew: 448K->63K(448K), 0.0017177 secs] 109324K->109321K(1048512K), 0.0017700 secs] [Times: user=0.00 sys=0.00, real=0.00 secs] 
2.938: [GC (Allocation Failure) 2.938: [DefNew: 447K->63K(448K), 0.0019203 secs] 109705K->109697K(1048512K), 0.0019837 secs] [Times: user=0.00 sys=0.00, real=0.00 secs] 
2.948: [GC (Allocation Failure) 2.948: [DefNew: 447K->64K(448K), 0.0017531 secs] 110081K->110076K(1048512K), 0.0018039 secs] [Times: user=0.01 sys=0.00, real=0.00 secs] 
2.959: [GC (Allocation Failure) 2.959: [DefNew: 448K->64K(448K), 0.0015244 secs] 110460K->110457K(1048512K), 0.0015721 secs] [Times: user=0.00 sys=0.00, real=0.00 secs] 
2.968: [GC (Allocation Failure) 2.968: [DefNew: 448K->63K(448K), 0.0021104 secs] 110841K->110837K(1048512K), 0.0022027 secs] [Times: user=0.00 sys=0.00, real=0.00 secs] 
2.979: [GC (Allocation Failure) 2.979: [DefNew: 447K->63K(448K), 0.0018457 secs] 111221K->111215K(1048512K), 0.0018935 secs] [Times: user=0.00 sys=0.00, real=0.00 secs] 
2.988: [GC (Allocation Failure) 2.988: [DefNew: 447K->63K(448K), 0.0018693 secs] 111599K->111593K(1048512K), 0.0019197 secs] [Times: user=0.00 sys=0.00, real=0.00 secs] 
2.999: [GC (Allocation Failure) 2.999: [DefNew: 447K->63K(448K), 0.0019809 secs] 111977K->111972K(1048512K), 0.0020527 secs] [Times: user=0.01 sys=0.00, real=0.00 secs] 
3.010: [GC (Allocation Failure) 3.010: [DefNew: 447K->63K(448K), 0.0022065 secs] 112356K->112352K(1048512K), 0.0022710 secs] [Times: user=0.00 sys=0.00, real=0.00 secs] 
3.019: [GC (Allocation Failure) 3.019: [DefNew: 447K->64K(448K), 0.0021331 secs] 112736K->112730K(1048512K), 0.0021995 secs] [Times: user=0.00 sys=0.00, real=0.00 secs] 
3.030: [GC (Allocation Failure) 3.030: [DefNew: 448K->63K(448K), 0.0021858 secs] 113114K->113108K(1048512K), 0.0022511 secs] [Times: user=0.00 sys=0.00, real=0.00 secs] 
3.041: [GC (Allocation Failure) 3.041: [DefNew: 447K->63K(448K), 0.0021938 secs] 113492K->113488K(1048512K), 0.0022714 secs] [Times: user=0.01 sys=0.00, real=0.00 secs] 
3.050: [GC (Allocation Failure) 3.050: [DefNew: 447K->63K(448K), 0.0020098 secs] 113872K->113864K(1048512K), 0.0020704 secs] [Times: user=0.00 sys=0.00, real=0.00 secs] 
3.060: [GC (Allocation Failure) 3.060: [DefNew: 447K->63K(448K), 0.0023887 secs] 114248K->114244K(1048512K), 0.0024675 secs] [Times: user=0.00 sys=0.00, real=0.00 secs] 
3.071: [GC (Allocation Failure) 3.071: [DefNew: 447K->64K(448K), 0.0024053 secs] 114628K->114624K(1048512K), 0.0024657 secs] [Times: user=0.00 sys=0.00, real=0.00 secs] 
3.080: [GC (Allocation Failure) 3.080: [DefNew: 448K->64K(448K), 0.0023873 secs] 115008K->115004K(1048512K), 0.0024752 secs] [Times: user=0.01 sys=0.00, real=0.00 secs] 
3.091: [GC (Allocation Failure) 3.091: [DefNew: 448K->63K(448K), 0.0025121 secs] 115388K->115381K(1048512K), 0.0025807 secs] [Times: user=0.00 sys=0.00, real=0.00 secs] 
3.102: [GC (Allocation Failure) 3.102: [DefNew: 447K->63K(448K), 0.0019666 secs] 115765K->115760K(1048512K), 0.0020277 secs] [Times: user=0.00 sys=0.00, real=0.00 secs] 
3.111: [GC (Allocation Failure) 3.111: [DefNew: 447K->63K(448K), 0.0018112 secs] 116144K->116140K(1048512K), 0.0018866 secs] [Times: user=0.00 sys=0.00, real=0.00 secs] 
3.132: [GC (Allocation Failure) 3.132: [DefNew: 447K->64K(448K), 0.0068369 secs] 118572K->118566K(1048512K), 0.0068880 secs] [Times: user=0.01 sys=0.01, real=0.01 secs] 
3.147: [GC (Allocation Failure) 3.147: [DefNew: 448K->64K(448K), 0.0022843 secs] 118950K->118945K(1048512K), 0.0023588 secs] [Times: user=0.00 sys=0.00, real=0.00 secs] 
3.157: [GC (Allocation Failure) 3.157: [DefNew: 448K->64K(448K), 0.0015898 secs] 119329K->119322K(1048512K), 0.0016436 secs] [Times: user=0.00 sys=0.00, real=0.00 secs] 
3.167: [GC (Allocation Failure) 3.167: [DefNew: 448K->63K(448K), 0.0017095 secs] 119706K->119700K(1048512K), 0.0017671 secs] [Times: user=0.00 sys=0.00, real=0.00 secs] 
3.175: [GC (Allocation Failure) 3.175: [DefNew: 447K->64K(448K), 0.0021950 secs] 120084K->120079K(1048512K), 0.0022840 secs] [Times: user=0.01 sys=0.00, real=0.00 secs] 
3.185: [GC (Allocation Failure) 3.185: [DefNew: 448K->63K(448K), 0.0015252 secs] 120463K->120459K(1048512K), 0.0015745 secs] [Times: user=0.00 sys=0.00, real=0.00 secs] 
3.195: [GC (Allocation Failure) 3.195: [DefNew: 447K->63K(448K), 0.0014025 secs] 120843K->120837K(1048512K), 0.0014440 secs] [Times: user=0.00 sys=0.00, real=0.00 secs] 
3.204: [GC (Allocation Failure) 3.204: [DefNew: 447K->64K(448K), 0.0018206 secs] 121221K->121215K(1048512K), 0.0018884 secs] [Times: user=0.00 sys=0.00, real=0.01 secs] 
3.214: [GC (Allocation Failure) 3.214: [DefNew: 448K->63K(448K), 0.0017267 secs] 121599K->121595K(1048512K), 0.0017713 secs] [Times: user=0.00 sys=0.00, real=0.00 secs] 
3.225: [GC (Allocation Failure) 3.225: [DefNew: 447K->63K(448K), 0.0021818 secs] 121979K->121973K(1048512K), 0.0022661 secs] [Times: user=0.01 sys=0.00, real=0.00 secs] 
3.235: [GC (Allocation Failure) 3.236: [DefNew: 447K->64K(448K), 0.0022015 secs] 122357K->122352K(1048512K), 0.0022688 secs] [Times: user=0.00 sys=0.00, real=0.00 secs] 
3.247: [GC (Allocation Failure) 3.247: [DefNew: 448K->64K(448K), 0.0022194 secs] 122736K->122732K(1048512K), 0.0022952 secs] [Times: user=0.00 sys=0.00, real=0.00 secs] 
3.258: [GC (Allocation Failure) 3.258: [DefNew: 447K->64K(448K), 0.0020701 secs] 123116K->123108K(1048512K), 0.0021391 secs] [Times: user=0.00 sys=0.00, real=0.00 secs] 
3.269: [GC (Allocation Failure) 3.269: [DefNew: 448K->63K(448K), 0.0018719 secs] 123492K->123487K(1048512K), 0.0019425 secs] [Times: user=0.01 sys=0.00, real=0.00 secs] 
3.280: [GC (Allocation Failure) 3.280: [DefNew: 447K->64K(448K), 0.0022453 secs] 123871K->123867K(1048512K), 0.0023122 secs] [Times: user=0.00 sys=0.00, real=0.00 secs] 
3.290: [GC (Allocation Failure) 3.290: [DefNew: 448K->63K(448K), 0.0022982 secs] 124251K->124246K(1048512K), 0.0023682 secs] [Times: user=0.00 sys=0.00, real=0.00 secs] 
3.301: [GC (Allocation Failure) 3.301: [DefNew: 447K->64K(448K), 0.0025659 secs] 124630K->124624K(1048512K), 0.0026369 secs] [Times: user=0.00 sys=0.00, real=0.00 secs] 
3.314: [GC (Allocation Failure) 3.314: [DefNew: 448K->63K(448K), 0.0024338 secs] 125008K->125003K(1048512K), 0.0025059 secs] [Times: user=0.01 sys=0.00, real=0.01 secs] 
3.324: [GC (Allocation Failure) 3.324: [DefNew: 447K->63K(448K), 0.0022196 secs] 125387K->125382K(1048512K), 0.0022939 secs] [Times: user=0.00 sys=0.00, real=0.01 secs] 
3.335: [GC (Allocation Failure) 3.335: [DefNew: 447K->63K(448K), 0.0022386 secs] 125766K->125762K(1048512K), 0.0023348 secs] [Times: user=0.00 sys=0.00, real=0.00 secs] 
3.346: [GC (Allocation Failure) 3.346: [DefNew: 447K->63K(448K), 0.0018878 secs] 126146K->126140K(1048512K), 0.0019706 secs] [Times: user=0.00 sys=0.00, real=0.00 secs] 
3.355: [GC (Allocation Failure) 3.355: [DefNew: 447K->63K(448K), 0.0021813 secs] 126524K->126518K(1048512K), 0.0022325 secs] [Times: user=0.01 sys=0.00, real=0.00 secs] 
3.367: [GC (Allocation Failure) 3.367: [DefNew: 447K->63K(448K), 0.0021414 secs] 126902K->126895K(1048512K), 0.0022326 secs] [Times: user=0.00 sys=0.00, real=0.00 secs] 
3.379: [GC (Allocation Failure) 3.379: [DefNew: 447K->63K(448K), 0.0022598 secs] 127279K->127275K(1048512K), 0.0023678 secs] [Times: user=0.00 sys=0.00, real=0.00 secs] 
3.390: [GC (Allocation Failure) 3.390: [DefNew: 447K->64K(448K), 0.0024772 secs] 127659K->127653K(1048512K), 0.0025384 secs] [Times: user=0.00 sys=0.01, real=0.00 secs] 
3.402: [GC (Allocation Failure) 3.402: [DefNew: 448K->63K(448K), 0.0023491 secs] 128037K->128033K(1048512K), 0.0024503 secs] [Times: user=0.01 sys=0.00, real=0.01 secs] 
3.414: [GC (Allocation Failure) 3.414: [DefNew: 447K->63K(448K), 0.0018800 secs] 128417K->128412K(1048512K), 0.0019247 secs] [Times: user=0.00 sys=0.00, real=0.01 secs] 
3.423: [GC (Allocation Failure) 3.423: [DefNew: 447K->63K(448K), 0.0019257 secs] 128796K->128791K(1048512K), 0.0019896 secs] [Times: user=0.00 sys=0.00, real=0.01 secs] 
3.434: [GC (Allocation Failure) 3.434: [DefNew: 447K->64K(448K), 0.0016937 secs] 129175K->129169K(1048512K), 0.0017513 secs] [Times: user=0.00 sys=0.00, real=0.00 secs] 
3.444: [GC (Allocation Failure) 3.444: [DefNew: 448K->64K(448K), 0.0018757 secs] 129553K->129549K(1048512K), 0.0019281 secs] [Times: user=0.00 sys=0.00, real=0.01 secs] 
3.455: [GC (Allocation Failure) 3.455: [DefNew: 448K->64K(448K), 0.0019774 secs] 129933K->129927K(1048512K), 0.0020606 secs] [Times: user=0.01 sys=0.00, real=0.00 secs] 
3.465: [GC (Allocation Failure) 3.465: [DefNew: 448K->64K(448K), 0.0016999 secs] 130311K->130304K(1048512K), 0.0017665 secs] [Times: user=0.00 sys=0.00, real=0.00 secs] 
3.475: [GC (Allocation Failure) 3.475: [DefNew: 448K->63K(448K), 0.0018018 secs] 130688K->130683K(1048512K), 0.0018747 secs] [Times: user=0.00 sys=0.00, real=0.00 secs] 
3.486: [GC (Allocation Failure) 3.486: [DefNew: 447K->63K(448K), 0.0018295 secs] 131067K->131063K(1048512K), 0.0018816 secs] [Times: user=0.00 sys=0.00, real=0.00 secs] 
3.496: [GC (Allocation Failure) 3.496: [DefNew: 447K->63K(448K), 0.0019234 secs] 131447K->131443K(1048512K), 0.0019971 secs] [Times: user=0.00 sys=0.00, real=0.00 secs] 
3.505: [GC (Allocation Failure) 3.505: [DefNew: 447K->64K(448K), 0.0018027 secs] 131827K->131821K(1048512K), 0.0018723 secs] [Times: user=0.01 sys=0.00, real=0.00 secs] 
3.517: [GC (Allocation Failure) 3.517: [DefNew: 448K->64K(448K), 0.0024004 secs] 132205K->132199K(1048512K), 0.0024760 secs] [Times: user=0.00 sys=0.00, real=0.00 secs] 
3.528: [GC (Allocation Failure) 3.528: [DefNew: 448K->63K(448K), 0.0022922 secs] 132583K->132578K(1048512K), 0.0023672 secs] [Times: user=0.00 sys=0.00, real=0.00 secs] 
3.538: [GC (Allocation Failure) 3.538: [DefNew: 447K->63K(448K), 0.0021988 secs] 132962K->132958K(1048512K), 0.0022641 secs] [Times: user=0.00 sys=0.00, real=0.00 secs] 
3.550: [GC (Allocation Failure) 3.550: [DefNew: 447K->63K(448K), 0.0022675 secs] 133342K->133336K(1048512K), 0.0023341 secs] [Times: user=0.01 sys=0.00, real=0.00 secs] 
3.560: [GC (Allocation Failure) 3.560: [DefNew: 447K->64K(448K), 0.0023425 secs] 133720K->133714K(1048512K), 0.0024109 secs] [Times: user=0.00 sys=0.00, real=0.00 secs] 
3.571: [GC (Allocation Failure) 3.571: [DefNew: 448K->64K(448K), 0.0021769 secs] 134098K->134092K(1048512K), 0.0022389 secs] [Times: user=0.00 sys=0.00, real=0.00 secs] 
3.583: [GC (Allocation Failure) 3.583: [DefNew: 448K->63K(448K), 0.0024097 secs] 134476K->134471K(1048512K), 0.0024792 secs] [Times: user=0.00 sys=0.00, real=0.01 secs] 
3.594: [GC (Allocation Failure) 3.594: [DefNew: 447K->63K(448K), 0.0024344 secs] 134855K->134850K(1048512K), 0.0025038 secs] [Times: user=0.01 sys=0.00, real=0.01 secs] 
3.605: [GC (Allocation Failure) 3.605: [DefNew: 447K->63K(448K), 0.0019826 secs] 135234K->135229K(1048512K), 0.0020476 secs] [Times: user=0.00 sys=0.00, real=0.00 secs] 
3.616: [GC (Allocation Failure) 3.616: [DefNew: 447K->63K(448K), 0.0021157 secs] 135613K->135609K(1048512K), 0.0021705 secs] [Times: user=0.00 sys=0.00, real=0.00 secs] 
3.627: [GC (Allocation Failure) 3.627: [DefNew: 447K->63K(448K), 0.0022542 secs] 135993K->135987K(1048512K), 0.0023206 secs] [Times: user=0.00 sys=0.00, real=0.00 secs] 
3.638: [GC (Allocation Failure) 3.639: [DefNew: 447K->63K(448K), 0.0024247 secs] 136371K->136365K(1048512K), 0.0024872 secs] [Times: user=0.01 sys=0.00, real=0.00 secs] 
3.650: [GC (Allocation Failure) 3.650: [DefNew: 447K->64K(448K), 0.0024591 secs] 136749K->136745K(1048512K), 0.0025214 secs] [Times: user=0.00 sys=0.00, real=0.00 secs] 
3.660: [GC (Allocation Failure) 3.660: [DefNew: 448K->63K(448K), 0.0020155 secs] 137129K->137123K(1048512K), 0.0020635 secs] [Times: user=0.00 sys=0.01, real=0.00 secs] 
3.670: [GC (Allocation Failure) 3.671: [DefNew: 447K->63K(448K), 0.0017863 secs] 137507K->137502K(1048512K), 0.0018408 secs] [Times: user=0.00 sys=0.00, real=0.00 secs] 
3.682: [GC (Allocation Failure) 3.682: [DefNew: 447K->63K(448K), 0.0024652 secs] 137886K->137880K(1048512K), 0.0025294 secs] [Times: user=0.01 sys=0.00, real=0.01 secs] 
3.693: [GC (Allocation Failure) 3.693: [DefNew: 447K->64K(448K), 0.0024795 secs] 138264K->138259K(1048512K), 0.0025494 secs] [Times: user=0.00 sys=0.00, real=0.01 secs] 
3.704: [GC (Allocation Failure) 3.704: [DefNew: 448K->63K(448K), 0.0022419 secs] 138643K->138639K(1048512K), 0.0023108 secs] [Times: user=0.00 sys=0.00, real=0.01 secs] 
3.714: [GC (Allocation Failure) 3.714: [DefNew: 447K->64K(448K), 0.0019935 secs] 139023K->139016K(1048512K), 0.0020392 secs] [Times: user=0.00 sys=0.00, real=0.01 secs] 
3.725: [GC (Allocation Failure) 3.725: [DefNew: 448K->63K(448K), 0.0025018 secs] 139400K->139395K(1048512K), 0.0025671 secs] [Times: user=0.01 sys=0.00, real=0.00 secs] 
3.737: [GC (Allocation Failure) 3.737: [DefNew: 447K->64K(448K), 0.0022523 secs] 139779K->139775K(1048512K), 0.0023237 secs] [Times: user=0.00 sys=0.00, real=0.00 secs] 
3.747: [GC (Allocation Failure) 3.747: [DefNew: 448K->64K(448K), 0.0019598 secs] 140159K->140153K(1048512K), 0.0020251 secs] [Times: user=0.00 sys=0.00, real=0.00 secs] 
3.758: [GC (Allocation Failure) 3.758: [DefNew: 448K->64K(448K), 0.0021550 secs] 140537K->140532K(1048512K), 0.0022093 secs] [Times: user=0.00 sys=0.00, real=0.00 secs] 
3.768: [GC (Allocation Failure) 3.768: [DefNew: 448K->63K(448K), 0.0025437 secs] 140916K->140911K(1048512K), 0.0026154 secs] [Times: user=0.01 sys=0.00, real=0.00 secs] 
3.779: [GC (Allocation Failure) 3.779: [DefNew: 447K->63K(448K), 0.0024157 secs] 141295K->141287K(1048512K), 0.0025102 secs] [Times: user=0.00 sys=0.00, real=0.00 secs] 
3.787: [GC (Allocation Failure) 3.787: [DefNew: 447K->64K(448K), 0.0015357 secs] 141671K->141570K(1048512K), 0.0015746 secs] [Times: user=0.00 sys=0.00, real=0.00 secs] 
3.793: [GC (Allocation Failure) 3.793: [DefNew: 448K->64K(448K), 0.0012211 secs] 141954K->141813K(1048512K), 0.0012587 secs] [Times: user=0.00 sys=0.00, real=0.00 secs] 
3.802: [GC (Allocation Failure) 3.802: [DefNew: 448K->63K(448K), 0.0016434 secs] 142197K->142154K(1048512K), 0.0017002 secs] [Times: user=0.00 sys=0.00, real=0.00 secs] 
3.811: [GC (Allocation Failure) 3.811: [DefNew: 447K->63K(448K), 0.0018122 secs] 142538K->142526K(1048512K), 0.0018536 secs] [Times: user=0.00 sys=0.00, real=0.00 secs] 
3.822: [GC (Allocation Failure) 3.822: [DefNew: 447K->64K(448K), 0.0023184 secs] 142910K->142905K(1048512K), 0.0023657 secs] [Times: user=0.00 sys=0.00, real=0.01 secs] 
3.834: [GC (Allocation Failure) 3.834: [DefNew: 448K->63K(448K), 0.0023290 secs] 143289K->143288K(1048512K), 0.0023922 secs] [Times: user=0.01 sys=0.00, real=0.01 secs] 
3.846: [GC (Allocation Failure) 3.846: [DefNew: 447K->64K(448K), 0.0024584 secs] 143672K->143665K(1048512K), 0.0025250 secs] [Times: user=0.00 sys=0.00, real=0.00 secs] 
3.858: [GC (Allocation Failure) 3.858: [DefNew: 447K->63K(448K), 0.0026106 secs] 144049K->144040K(1048512K), 0.0026751 secs] [Times: user=0.00 sys=0.01, real=0.00 secs] 
3.869: [GC (Allocation Failure) 3.869: [DefNew: 447K->64K(448K), 0.0022713 secs] 144424K->144414K(1048512K), 0.0023394 secs] [Times: user=0.00 sys=0.00, real=0.00 secs] 
3.880: [GC (Allocation Failure) 3.880: [DefNew: 448K->63K(448K), 0.0024144 secs] 144798K->144788K(1048512K), 0.0024861 secs] [Times: user=0.00 sys=0.00, real=0.00 secs] 
3.890: [GC (Allocation Failure) 3.890: [DefNew: 447K->64K(448K), 0.0023500 secs] 145172K->145169K(1048512K), 0.0024124 secs] [Times: user=0.00 sys=0.00, real=0.00 secs] 
3.903: [GC (Allocation Failure) 3.903: [DefNew: 448K->63K(448K), 0.0024803 secs] 145553K->145551K(1048512K), 0.0025792 secs] [Times: user=0.00 sys=0.00, real=0.01 secs] 
3.915: [GC (Allocation Failure) 3.915: [DefNew: 447K->63K(448K), 0.0025707 secs] 145935K->145933K(1048512K), 0.0026393 secs] [Times: user=0.01 sys=0.00, real=0.00 secs] 
3.926: [GC (Allocation Failure) 3.926: [DefNew: 447K->63K(448K), 0.0025014 secs] 146317K->146312K(1048512K), 0.0025661 secs] [Times: user=0.00 sys=0.00, real=0.00 secs] 
3.938: [GC (Allocation Failure) 3.938: [DefNew: 447K->63K(448K), 0.0023152 secs] 146696K->146690K(1048512K), 0.0023801 secs] [Times: user=0.00 sys=0.00, real=0.00 secs] 
3.949: [GC (Allocation Failure) 3.949: [DefNew: 447K->64K(448K), 0.0023018 secs] 147074K->147068K(1048512K), 0.0023643 secs] [Times: user=0.00 sys=0.00, real=0.00 secs] 
3.959: [GC (Allocation Failure) 3.960: [DefNew: 448K->64K(448K), 0.0031057 secs] 147452K->147447K(1048512K), 0.0031797 secs] [Times: user=0.01 sys=0.00, real=0.00 secs] 
3.972: [GC (Allocation Failure) 3.972: [DefNew: 448K->63K(448K), 0.0023843 secs] 147831K->147826K(1048512K), 0.0024553 secs] [Times: user=0.00 sys=0.00, real=0.01 secs] 
3.983: [GC (Allocation Failure) 3.984: [DefNew: 447K->63K(448K), 0.0020765 secs] 148210K->148205K(1048512K), 0.0021386 secs] [Times: user=0.00 sys=0.00, real=0.01 secs] 
3.994: [GC (Allocation Failure) 3.994: [DefNew: 447K->63K(448K), 0.0026025 secs] 148589K->148582K(1048512K), 0.0026936 secs] [Times: user=0.01 sys=0.00, real=0.01 secs] 
4.007: [GC (Allocation Failure) 4.007: [DefNew: 447K->63K(448K), 0.0027651 secs] 148966K->148961K(1048512K), 0.0028359 secs] [Times: user=0.00 sys=0.00, real=0.00 secs] 
4.019: [GC (Allocation Failure) 4.019: [DefNew: 447K->63K(448K), 0.0024689 secs] 149345K->149340K(1048512K), 0.0025365 secs] [Times: user=0.00 sys=0.00, real=0.00 secs] 
4.029: [GC (Allocation Failure) 4.029: [DefNew: 447K->63K(448K), 0.0025008 secs] 149724K->149719K(1048512K), 0.0025812 secs] [Times: user=0.00 sys=0.00, real=0.00 secs] 
4.041: [GC (Allocation Failure) 4.041: [DefNew: 447K->63K(448K), 0.0025811 secs] 150103K->150098K(1048512K), 0.0026557 secs] [Times: user=0.01 sys=0.00, real=0.00 secs] 
4.052: [GC (Allocation Failure) 4.052: [DefNew: 447K->63K(448K), 0.0025514 secs] 150482K->150476K(1048512K), 0.0026342 secs] [Times: user=0.00 sys=0.00, real=0.01 secs] 
4.065: [GC (Allocation Failure) 4.065: [DefNew: 447K->63K(448K), 0.0024933 secs] 150860K->150855K(1048512K), 0.0025705 secs] [Times: user=0.00 sys=0.00, real=0.00 secs] 
4.076: [GC (Allocation Failure) 4.076: [DefNew: 447K->63K(448K), 0.0019515 secs] 151239K->151234K(1048512K), 0.0020165 secs] [Times: user=0.00 sys=0.00, real=0.00 secs] 
4.086: [GC (Allocation Failure) 4.086: [DefNew: 447K->63K(448K), 0.0017869 secs] 151618K->151613K(1048512K), 0.0018467 secs] [Times: user=0.00 sys=0.00, real=0.00 secs] 
4.096: [GC (Allocation Failure) 4.096: [DefNew: 447K->63K(448K), 0.0020563 secs] 151997K->151990K(1048512K), 0.0021138 secs] [Times: user=0.00 sys=0.01, real=0.00 secs] 
4.107: [GC (Allocation Failure) 4.107: [DefNew: 447K->63K(448K), 0.0017223 secs] 152374K->152368K(1048512K), 0.0017795 secs] [Times: user=0.00 sys=0.00, real=0.00 secs] 
4.116: [GC (Allocation Failure) 4.116: [DefNew: 447K->64K(448K), 0.0018656 secs] 152752K->152748K(1048512K), 0.0019225 secs] [Times: user=0.00 sys=0.00, real=0.00 secs] 
4.127: [GC (Allocation Failure) 4.127: [DefNew: 448K->63K(448K), 0.0018894 secs] 153132K->153126K(1048512K), 0.0019491 secs] [Times: user=0.00 sys=0.00, real=0.00 secs] 
4.138: [GC (Allocation Failure) 4.138: [DefNew: 447K->63K(448K), 0.0024841 secs] 153510K->153505K(1048512K), 0.0025549 secs] [Times: user=0.00 sys=0.00, real=0.00 secs] 
4.148: [GC (Allocation Failure) 4.148: [DefNew: 447K->63K(448K), 0.0021355 secs] 153889K->153885K(1048512K), 0.0021919 secs] [Times: user=0.00 sys=0.00, real=0.00 secs] 
4.159: [GC (Allocation Failure) 4.159: [DefNew: 447K->63K(448K), 0.0020764 secs] 154269K->154263K(1048512K), 0.0021338 secs] [Times: user=0.00 sys=0.00, real=0.00 secs] 
4.169: [GC (Allocation Failure) 4.169: [DefNew: 447K->63K(448K), 0.0018842 secs] 154647K->154641K(1048512K), 0.0019403 secs] [Times: user=0.00 sys=0.00, real=0.00 secs] 
4.179: [GC (Allocation Failure) 4.179: [DefNew: 447K->64K(448K), 0.0021000 secs] 155025K->155021K(1048512K), 0.0021674 secs] [Times: user=0.01 sys=0.00, real=0.00 secs] 
4.190: [GC (Allocation Failure) 4.190: [DefNew: 448K->63K(448K), 0.0018449 secs] 155405K->155399K(1048512K), 0.0019011 secs] [Times: user=0.00 sys=0.00, real=0.00 secs] 
4.199: [GC (Allocation Failure) 4.199: [DefNew: 447K->63K(448K), 0.0020363 secs] 155783K->155776K(1048512K), 0.0020962 secs] [Times: user=0.00 sys=0.00, real=0.00 secs] 
4.210: [GC (Allocation Failure) 4.210: [DefNew: 447K->63K(448K), 0.0020623 secs] 156160K->156156K(1048512K), 0.0021209 secs] [Times: user=0.00 sys=0.00, real=0.00 secs] 
4.221: [GC (Allocation Failure) 4.221: [DefNew: 447K->63K(448K), 0.0022387 secs] 156540K->156534K(1048512K), 0.0023048 secs] [Times: user=0.01 sys=0.00, real=0.00 secs] 
4.231: [GC (Allocation Failure) 4.231: [DefNew: 447K->63K(448K), 0.0020308 secs] 156918K->156914K(1048512K), 0.0020878 secs] [Times: user=0.00 sys=0.00, real=0.00 secs] 
4.241: [GC (Allocation Failure) 4.241: [DefNew: 447K->63K(448K), 0.0020261 secs] 157298K->157294K(1048512K), 0.0020865 secs] [Times: user=0.00 sys=0.00, real=0.00 secs] 
4.252: [GC (Allocation Failure) 4.252: [DefNew: 447K->64K(448K), 0.0020979 secs] 157678K->157672K(1048512K), 0.0021744 secs] [Times: user=0.00 sys=0.00, real=0.01 secs] 
4.262: [GC (Allocation Failure) 4.262: [DefNew: 448K->63K(448K), 0.0018633 secs] 158056K->158050K(1048512K), 0.0019337 secs] [Times: user=0.00 sys=0.00, real=0.00 secs] 
4.273: [GC (Allocation Failure) 4.273: [DefNew: 447K->63K(448K), 0.0019931 secs] 158434K->158430K(1048512K), 0.0020542 secs] [Times: user=0.01 sys=0.00, real=0.01 secs] 
4.283: [GC (Allocation Failure) 4.283: [DefNew: 447K->63K(448K), 0.0022687 secs] 158814K->158808K(1048512K), 0.0023399 secs] [Times: user=0.00 sys=0.00, real=0.01 secs] 
4.293: [GC (Allocation Failure) 4.294: [DefNew: 447K->63K(448K), 0.0024194 secs] 159192K->159187K(1048512K), 0.0024958 secs] [Times: user=0.00 sys=0.00, real=0.01 secs] 
4.306: [GC (Allocation Failure) 4.306: [DefNew: 447K->64K(448K), 0.0026210 secs] 159571K->159564K(1048512K), 0.0026903 secs] [Times: user=0.00 sys=0.00, real=0.00 secs] 
4.316: [GC (Allocation Failure) 4.316: [DefNew: 448K->63K(448K), 0.0023727 secs] 159948K->159944K(1048512K), 0.0024535 secs] [Times: user=0.00 sys=0.00, real=0.00 secs] 
4.329: [GC (Allocation Failure) 4.329: [DefNew: 447K->63K(448K), 0.0025619 secs] 160328K->160323K(1048512K), 0.0026339 secs] [Times: user=0.00 sys=0.00, real=0.00 secs] 
4.340: [GC (Allocation Failure) 4.340: [DefNew: 447K->64K(448K), 0.0020230 secs] 160707K->160702K(1048512K), 0.0020744 secs] [Times: user=0.00 sys=0.00, real=0.00 secs] 
4.350: [GC (Allocation Failure) 4.350: [DefNew: 448K->64K(448K), 0.0021564 secs] 161086K->161080K(1048512K), 0.0022009 secs] [Times: user=0.00 sys=0.00, real=0.00 secs] 
4.361: [GC (Allocation Failure) 4.361: [DefNew: 448K->63K(448K), 0.0024208 secs] 161464K->161460K(1048512K), 0.0024945 secs] [Times: user=0.00 sys=0.00, real=0.00 secs] 
4.373: [GC (Allocation Failure) 4.373: [DefNew: 447K->63K(448K), 0.0023621 secs] 161844K->161838K(1048512K), 0.0024292 secs] [Times: user=0.00 sys=0.00, real=0.01 secs] 
4.384: [GC (Allocation Failure) 4.384: [DefNew: 447K->64K(448K), 0.0027151 secs] 162222K->162217K(1048512K), 0.0027857 secs] [Times: user=0.00 sys=0.01, real=0.01 secs] 
4.396: [GC (Allocation Failure) 4.396: [DefNew: 448K->63K(448K), 0.0023266 secs] 162601K->162597K(1048512K), 0.0023964 secs] [Times: user=0.01 sys=0.00, real=0.00 secs] 
4.408: [GC (Allocation Failure) 4.408: [DefNew: 447K->64K(448K), 0.0025937 secs] 162980K->162973K(1048512K), 0.0026768 secs] [Times: user=0.00 sys=0.00, real=0.00 secs] 
4.419: [GC (Allocation Failure) 4.419: [DefNew: 448K->63K(448K), 0.0023746 secs] 163357K->163351K(1048512K), 0.0024366 secs] [Times: user=0.00 sys=0.00, real=0.00 secs] 
4.431: [GC (Allocation Failure) 4.431: [DefNew: 447K->64K(448K), 0.0024314 secs] 163735K->163731K(1048512K), 0.0024968 secs] [Times: user=0.00 sys=0.00, real=0.00 secs] 
4.443: [GC (Allocation Failure) 4.444: [DefNew: 448K->63K(448K), 0.0023673 secs] 164115K->164111K(1048512K), 0.0024315 secs] [Times: user=0.00 sys=0.00, real=0.01 secs] 
4.454: [GC (Allocation Failure) 4.454: [DefNew: 447K->64K(448K), 0.0025379 secs] 164495K->164489K(1048512K), 0.0026032 secs] [Times: user=0.00 sys=0.00, real=0.01 secs] 
4.466: [GC (Allocation Failure) 4.466: [DefNew: 448K->64K(448K), 0.0025438 secs] 164873K->164867K(1048512K), 0.0026220 secs] [Times: user=0.00 sys=0.00, real=0.00 secs] 
4.477: [GC (Allocation Failure) 4.477: [DefNew: 448K->64K(448K), 0.0024703 secs] 165251K->165246K(1048512K), 0.0025480 secs] [Times: user=0.01 sys=0.00, real=0.00 secs] 
4.489: [GC (Allocation Failure) 4.489: [DefNew: 448K->63K(448K), 0.0027129 secs] 165630K->165626K(1048512K), 0.0027844 secs] [Times: user=0.00 sys=0.00, real=0.00 secs] 
4.501: [GC (Allocation Failure) 4.501: [DefNew: 447K->63K(448K), 0.0023669 secs] 166010K->166004K(1048512K), 0.0024355 secs] [Times: user=0.00 sys=0.00, real=0.00 secs] 
4.511: [GC (Allocation Failure) 4.511: [DefNew: 447K->64K(448K), 0.0022809 secs] 166388K->166381K(1048512K), 0.0023474 secs] [Times: user=0.00 sys=0.00, real=0.00 secs] 
4.523: [GC (Allocation Failure) 4.523: [DefNew: 448K->63K(448K), 0.0022427 secs] 166765K->166760K(1048512K), 0.0023185 secs] [Times: user=0.01 sys=0.00, real=0.01 secs] 
4.534: [GC (Allocation Failure) 4.534: [DefNew: 447K->63K(448K), 0.0018977 secs] 167144K->167140K(1048512K), 0.0019606 secs] [Times: user=0.00 sys=0.00, real=0.01 secs] 
4.543: [GC (Allocation Failure) 4.543: [DefNew: 447K->64K(448K), 0.0018519 secs] 167524K->167520K(1048512K), 0.0019087 secs] [Times: user=0.00 sys=0.00, real=0.01 secs] 
4.554: [GC (Allocation Failure) 4.554: [DefNew: 448K->63K(448K), 0.0019481 secs] 167904K->167898K(1048512K), 0.0020038 secs] [Times: user=0.00 sys=0.00, real=0.00 secs] 
4.565: [GC (Allocation Failure) 4.565: [DefNew: 447K->64K(448K), 0.0020195 secs] 168282K->168277K(1048512K), 0.0020738 secs] [Times: user=0.01 sys=0.00, real=0.00 secs] 
4.574: [GC (Allocation Failure) 4.574: [DefNew: 448K->64K(448K), 0.0021765 secs] 168661K->168656K(1048512K), 0.0022372 secs] [Times: user=0.00 sys=0.00, real=0.01 secs] 
4.584: [GC (Allocation Failure) 4.584: [DefNew: 448K->63K(448K), 0.0018956 secs] 169040K->169036K(1048512K), 0.0019505 secs] [Times: user=0.00 sys=0.00, real=0.00 secs] 
4.595: [GC (Allocation Failure) 4.595: [DefNew: 447K->64K(448K), 0.0023249 secs] 169420K->169414K(1048512K), 0.0024047 secs] [Times: user=0.00 sys=0.00, real=0.00 secs] 
4.605: [GC (Allocation Failure) 4.605: [DefNew: 448K->63K(448K), 0.0023626 secs] 169798K->169792K(1048512K), 0.0024468 secs] [Times: user=0.00 sys=0.00, real=0.00 secs] 
4.616: [GC (Allocation Failure) 4.616: [DefNew: 447K->63K(448K), 0.0018001 secs] 170176K->170169K(1048512K), 0.0018459 secs] [Times: user=0.00 sys=0.00, real=0.00 secs] 
4.625: [GC (Allocation Failure) 4.625: [DefNew: 447K->63K(448K), 0.0018241 secs] 170553K->170549K(1048512K), 0.0018763 secs] [Times: user=0.00 sys=0.00, real=0.00 secs] 
4.635: [GC (Allocation Failure) 4.635: [DefNew: 447K->63K(448K), 0.0019977 secs] 170933K->170927K(1048512K), 0.0020575 secs] [Times: user=0.00 sys=0.00, real=0.00 secs] 
4.645: [GC (Allocation Failure) 4.645: [DefNew: 447K->63K(448K), 0.0020459 secs] 171311K->171307K(1048512K), 0.0021148 secs] [Times: user=0.00 sys=0.00, real=0.00 secs] 
4.655: [GC (Allocation Failure) 4.655: [DefNew: 447K->64K(448K), 0.0018806 secs] 171691K->171686K(1048512K), 0.0019343 secs] [Times: user=0.01 sys=0.01, real=0.00 secs] 
4.666: [GC (Allocation Failure) 4.666: [DefNew: 448K->64K(448K), 0.0018336 secs] 172070K->172065K(1048512K), 0.0018854 secs] [Times: user=0.00 sys=0.00, real=0.00 secs] 
4.677: [GC (Allocation Failure) 4.677: [DefNew: 448K->63K(448K), 0.0025946 secs] 172449K->172443K(1048512K), 0.0026657 secs] [Times: user=0.00 sys=0.00, real=0.00 secs] 
4.687: [GC (Allocation Failure) 4.687: [DefNew: 447K->63K(448K), 0.0019395 secs] 172827K->172822K(1048512K), 0.0019983 secs] [Times: user=0.00 sys=0.00, real=0.00 secs] 
4.698: [GC (Allocation Failure) 4.698: [DefNew: 447K->63K(448K), 0.0017831 secs] 173206K->173201K(1048512K), 0.0018370 secs] [Times: user=0.00 sys=0.00, real=0.00 secs] 
4.709: [GC (Allocation Failure) 4.709: [DefNew: 447K->63K(448K), 0.0022256 secs] 173585K->173580K(1048512K), 0.0022983 secs] [Times: user=0.01 sys=0.00, real=0.00 secs] 
4.719: [GC (Allocation Failure) 4.719: [DefNew: 447K->63K(448K), 0.0022116 secs] 173964K->173957K(1048512K), 0.0022675 secs] [Times: user=0.00 sys=0.00, real=0.00 secs] 
4.730: [GC (Allocation Failure) 4.730: [DefNew: 447K->63K(448K), 0.0019898 secs] 174341K->174337K(1048512K), 0.0020516 secs] [Times: user=0.00 sys=0.00, real=0.00 secs] 
4.739: [GC (Allocation Failure) 4.739: [DefNew: 447K->64K(448K), 0.0018016 secs] 174721K->174716K(1048512K), 0.0018492 secs] [Times: user=0.00 sys=0.00, real=0.00 secs] 
4.749: [GC (Allocation Failure) 4.749: [DefNew: 448K->64K(448K), 0.0021735 secs] 175100K->175094K(1048512K), 0.0022455 secs] [Times: user=0.01 sys=0.00, real=0.00 secs] 
4.760: [GC (Allocation Failure) 4.760: [DefNew: 448K->63K(448K), 0.0018809 secs] 175478K->175473K(1048512K), 0.0019381 secs] [Times: user=0.00 sys=0.00, real=0.00 secs] 
4.769: [GC (Allocation Failure) 4.769: [DefNew: 447K->64K(448K), 0.0026093 secs] 175857K->175853K(1048512K), 0.0026865 secs] [Times: user=0.00 sys=0.00, real=0.00 secs] 
4.781: [GC (Allocation Failure) 4.781: [DefNew: 448K->64K(448K), 0.0021869 secs] 176237K->176218K(1048512K), 0.0022516 secs] [Times: user=0.00 sys=0.00, real=0.00 secs] 
4.788: [GC (Allocation Failure) 4.788: [DefNew: 447K->64K(448K), 0.0017201 secs] 176602K->176460K(1048512K), 0.0017660 secs] [Times: user=0.01 sys=0.00, real=0.00 secs] 
4.794: [GC (Allocation Failure) 4.794: [DefNew: 448K->63K(448K), 0.0016747 secs] 176844K->176707K(1048512K), 0.0017295 secs] [Times: user=0.01 sys=0.00, real=0.01 secs] 
4.803: [GC (Allocation Failure) 4.804: [DefNew: 447K->63K(448K), 0.0019155 secs] 177091K->177089K(1048512K), 0.0019812 secs] [Times: user=0.00 sys=0.00, real=0.01 secs] 
4.814: [GC (Allocation Failure) 4.814: [DefNew: 447K->63K(448K), 0.0022383 secs] 177473K->177469K(1048512K), 0.0022957 secs] [Times: user=0.00 sys=0.00, real=0.01 secs] 
4.825: [GC (Allocation Failure) 4.825: [DefNew: 447K->63K(448K), 0.0019630 secs] 177853K->177841K(1048512K), 0.0020267 secs] [Times: user=0.00 sys=0.00, real=0.00 secs] 
4.834: [GC (Allocation Failure) 4.834: [DefNew: 447K->63K(448K), 0.0019923 secs] 178225K->178220K(1048512K), 0.0020418 secs] [Times: user=0.01 sys=0.00, real=0.01 secs] 
4.845: [GC (Allocation Failure) 4.845: [DefNew: 447K->64K(448K), 0.0018409 secs] 178604K->178598K(1048512K), 0.0018899 secs] [Times: user=0.00 sys=0.00, real=0.00 secs] 
4.854: [GC (Allocation Failure) 4.854: [DefNew: 448K->63K(448K), 0.0019464 secs] 178982K->178972K(1048512K), 0.0020046 secs] [Times: user=0.00 sys=0.00, real=0.00 secs] 
4.865: [GC (Allocation Failure) 4.865: [DefNew: 447K->64K(448K), 0.0022645 secs] 179356K->179347K(1048512K), 0.0023381 secs] [Times: user=0.00 sys=0.00, real=0.00 secs] 
4.876: [GC (Allocation Failure) 4.876: [DefNew: 448K->64K(448K), 0.0019043 secs] 179731K->179730K(1048512K), 0.0019516 secs] [Times: user=0.00 sys=0.00, real=0.00 secs] 
4.885: [GC (Allocation Failure) 4.885: [DefNew: 448K->63K(448K), 0.0018819 secs] 180114K->180112K(1048512K), 0.0019394 secs] [Times: user=0.01 sys=0.00, real=0.00 secs] 
4.896: [GC (Allocation Failure) 4.896: [DefNew: 447K->64K(448K), 0.0021940 secs] 180496K->180493K(1048512K), 0.0022782 secs] [Times: user=0.00 sys=0.00, real=0.00 secs] 
4.907: [GC (Allocation Failure) 4.907: [DefNew: 448K->63K(448K), 0.0018176 secs] 180877K->180871K(1048512K), 0.0018663 secs] [Times: user=0.00 sys=0.00, real=0.00 secs] 
4.916: [GC (Allocation Failure) 4.916: [DefNew: 447K->63K(448K), 0.0021435 secs] 181255K->181251K(1048512K), 0.0022409 secs] [Times: user=0.00 sys=0.00, real=0.00 secs] 
4.927: [GC (Allocation Failure) 4.927: [DefNew: 447K->63K(448K), 0.0019848 secs] 181635K->181627K(1048512K), 0.0020382 secs] [Times: user=0.00 sys=0.00, real=0.00 secs] 
4.938: [GC (Allocation Failure) 4.938: [DefNew: 447K->63K(448K), 0.0022302 secs] 182011K->182006K(1048512K), 0.0022984 secs] [Times: user=0.00 sys=0.00, real=0.00 secs] 
4.947: [GC (Allocation Failure) 4.947: [DefNew: 447K->63K(448K), 0.0023660 secs] 182390K->182386K(1048512K), 0.0024340 secs] [Times: user=0.00 sys=0.00, real=0.00 secs] 
4.959: [GC (Allocation Failure) 4.959: [DefNew: 447K->63K(448K), 0.0016926 secs] 182770K->182766K(1048512K), 0.0017286 secs] [Times: user=0.00 sys=0.00, real=0.00 secs] 
4.969: [GC (Allocation Failure) 4.969: [DefNew: 447K->64K(448K), 0.0019991 secs] 183150K->183144K(1048512K), 0.0020657 secs] [Times: user=0.00 sys=0.00, real=0.00 secs] 
4.978: [GC (Allocation Failure) 4.978: [DefNew: 448K->64K(448K), 0.0019258 secs] 183528K->183522K(1048512K), 0.0019801 secs] [Times: user=0.01 sys=0.00, real=0.00 secs] 
4.989: [GC (Allocation Failure) 4.989: [DefNew: 448K->64K(448K), 0.0018341 secs] 183906K->183902K(1048512K), 0.0018847 secs] [Times: user=0.00 sys=0.00, real=0.00 secs] 
4.999: [GC (Allocation Failure) 4.999: [DefNew: 448K->64K(448K), 0.0023076 secs] 184286K->184280K(1048512K), 0.0023898 secs] [Times: user=0.00 sys=0.00, real=0.00 secs] 
5.010: [GC (Allocation Failure) 5.010: [DefNew: 448K->64K(448K), 0.0020677 secs] 184664K->184659K(1048512K), 0.0021269 secs] [Times: user=0.00 sys=0.00, real=0.00 secs] 
5.021: [GC (Allocation Failure) 5.021: [DefNew: 448K->63K(448K), 0.0020749 secs] 185043K->185039K(1048512K), 0.0021383 secs] [Times: user=0.01 sys=0.00, real=0.00 secs] 
5.030: [GC (Allocation Failure) 5.030: [DefNew: 447K->63K(448K), 0.0019726 secs] 185422K->185415K(1048512K), 0.0020359 secs] [Times: user=0.00 sys=0.00, real=0.00 secs] 
5.041: [GC (Allocation Failure) 5.041: [DefNew: 447K->63K(448K), 0.0021149 secs] 185799K->185794K(1048512K), 0.0021789 secs] [Times: user=0.00 sys=0.00, real=0.00 secs] 
5.052: [GC (Allocation Failure) 5.052: [DefNew: 447K->64K(448K), 0.0020281 secs] 186178K->186174K(1048512K), 0.0020926 secs] [Times: user=0.00 sys=0.00, real=0.01 secs] 
5.062: [GC (Allocation Failure) 5.062: [DefNew: 448K->64K(448K), 0.0019312 secs] 186558K->186553K(1048512K), 0.0019900 secs] [Times: user=0.00 sys=0.00, real=0.00 secs] 
5.072: [GC (Allocation Failure) 5.072: [DefNew: 448K->63K(448K), 0.0018306 secs] 186937K->186931K(1048512K), 0.0018769 secs] [Times: user=0.01 sys=0.00, real=0.00 secs] 
5.083: [GC (Allocation Failure) 5.083: [DefNew: 447K->64K(448K), 0.0025697 secs] 187315K->187310K(1048512K), 0.0026490 secs] [Times: user=0.00 sys=0.00, real=0.01 secs] 
5.094: [GC (Allocation Failure) 5.094: [DefNew: 448K->64K(448K), 0.0023502 secs] 187694K->187690K(1048512K), 0.0024203 secs] [Times: user=0.00 sys=0.00, real=0.01 secs] 
5.104: [GC (Allocation Failure) 5.104: [DefNew: 448K->64K(448K), 0.0018973 secs] 188074K->188068K(1048512K), 0.0019442 secs] [Times: user=0.00 sys=0.00, real=0.00 secs] 
5.115: [GC (Allocation Failure) 5.115: [DefNew: 448K->63K(448K), 0.0019943 secs] 188452K->188446K(1048512K), 0.0020589 secs] [Times: user=0.01 sys=0.00, real=0.00 secs] 
5.124: [GC (Allocation Failure) 5.124: [DefNew: 447K->64K(448K), 0.0023033 secs] 188830K->188826K(1048512K), 0.0023921 secs] [Times: user=0.00 sys=0.00, real=0.00 secs] 
5.136: [GC (Allocation Failure) 5.136: [DefNew: 447K->63K(448K), 0.0019635 secs] 189210K->189202K(1048512K), 0.0020059 secs] [Times: user=0.00 sys=0.00, real=0.00 secs] 
5.145: [GC (Allocation Failure) 5.145: [DefNew: 447K->64K(448K), 0.0018949 secs] 189586K->189581K(1048512K), 0.0019507 secs] [Times: user=0.00 sys=0.00, real=0.00 secs] 
5.156: [GC (Allocation Failure) 5.156: [DefNew: 448K->63K(448K), 0.0019729 secs] 189965K->189961K(1048512K), 0.0020385 secs] [Times: user=0.00 sys=0.00, real=0.00 secs] 
5.167: [GC (Allocation Failure) 5.167: [DefNew: 447K->64K(448K), 0.0019343 secs] 190345K->190341K(1048512K), 0.0020146 secs] [Times: user=0.00 sys=0.00, real=0.00 secs] 
5.176: [GC (Allocation Failure) 5.176: [DefNew: 448K->63K(448K), 0.0018951 secs] 190725K->190718K(1048512K), 0.0019515 secs] [Times: user=0.01 sys=0.00, real=0.00 secs] 
5.187: [GC (Allocation Failure) 5.187: [DefNew: 447K->63K(448K), 0.0021454 secs] 191102K->191097K(1048512K), 0.0022291 secs] [Times: user=0.00 sys=0.00, real=0.00 secs] 
5.198: [GC (Allocation Failure) 5.198: [DefNew: 447K->63K(448K), 0.0019300 secs] 191481K->191477K(1048512K), 0.0019840 secs] [Times: user=0.00 sys=0.00, real=0.00 secs] 
5.208: [GC (Allocation Failure) 5.208: [DefNew: 447K->64K(448K), 0.0020904 secs] 191861K->191855K(1048512K), 0.0021486 secs] [Times: user=0.00 sys=0.00, real=0.00 secs] 
5.218: [GC (Allocation Failure) 5.219: [DefNew: 448K->63K(448K), 0.0021495 secs] 192239K->192234K(1048512K), 0.0022110 secs] [Times: user=0.01 sys=0.01, real=0.00 secs] 
5.229: [GC (Allocation Failure) 5.229: [DefNew: 447K->63K(448K), 0.0018861 secs] 192618K->192614K(1048512K), 0.0019410 secs] [Times: user=0.00 sys=0.00, real=0.00 secs] 
5.239: [GC (Allocation Failure) 5.239: [DefNew: 447K->64K(448K), 0.0025739 secs] 192997K->192989K(1048512K), 0.0026408 secs] [Times: user=0.00 sys=0.00, real=0.00 secs] 
5.250: [GC (Allocation Failure) 5.251: [DefNew: 448K->63K(448K), 0.0021962 secs] 193373K->193369K(1048512K), 0.0022613 secs] [Times: user=0.00 sys=0.00, real=0.00 secs] 
5.262: [GC (Allocation Failure) 5.262: [DefNew: 447K->63K(448K), 0.0020970 secs] 193753K->193749K(1048512K), 0.0021606 secs] [Times: user=0.01 sys=0.00, real=0.00 secs] 
5.272: [GC (Allocation Failure) 5.272: [DefNew: 447K->63K(448K), 0.0019844 secs] 194133K->194128K(1048512K), 0.0020609 secs] [Times: user=0.00 sys=0.00, real=0.00 secs] 
5.283: [GC (Allocation Failure) 5.283: [DefNew: 447K->63K(448K), 0.0020094 secs] 194512K->194506K(1048512K), 0.0020791 secs] [Times: user=0.00 sys=0.00, real=0.01 secs] 
5.292: [GC (Allocation Failure) 5.292: [DefNew: 447K->63K(448K), 0.0020821 secs] 194890K->194885K(1048512K), 0.0021445 secs] [Times: user=0.00 sys=0.00, real=0.01 secs] 
5.304: [GC (Allocation Failure) 5.304: [DefNew: 447K->64K(448K), 0.0022880 secs] 195269K->195264K(1048512K), 0.0023624 secs] [Times: user=0.00 sys=0.00, real=0.01 secs] 
5.315: [GC (Allocation Failure) 5.315: [DefNew: 448K->64K(448K), 0.0022210 secs] 195648K->195643K(1048512K), 0.0022758 secs] [Times: user=0.01 sys=0.00, real=0.00 secs] 
5.325: [GC (Allocation Failure) 5.325: [DefNew: 448K->63K(448K), 0.0027137 secs] 196027K->196021K(1048512K), 0.0027853 secs] [Times: user=0.00 sys=0.00, real=0.00 secs] 
5.336: [GC (Allocation Failure) 5.336: [DefNew: 447K->63K(448K), 0.0024557 secs] 196405K->196401K(1048512K), 0.0025237 secs] [Times: user=0.00 sys=0.00, real=0.00 secs] 
5.347: [GC (Allocation Failure) 5.347: [DefNew: 447K->63K(448K), 0.0017974 secs] 196785K->196777K(1048512K), 0.0018443 secs] [Times: user=0.00 sys=0.00, real=0.00 secs] 
5.357: [GC (Allocation Failure) 5.357: [DefNew: 447K->63K(448K), 0.0024733 secs] 197161K->197156K(1048512K), 0.0025533 secs] [Times: user=0.00 sys=0.00, real=0.00 secs] 
5.368: [GC (Allocation Failure) 5.368: [DefNew: 447K->63K(448K), 0.0020727 secs] 197540K->197536K(1048512K), 0.0021260 secs] [Times: user=0.00 sys=0.00, real=0.00 secs] 
5.380: [GC (Allocation Failure) 5.380: [DefNew: 447K->63K(448K), 0.0023937 secs] 197920K->197916K(1048512K), 0.0024664 secs] [Times: user=0.00 sys=0.00, real=0.00 secs] 
5.390: [GC (Allocation Failure) 5.390: [DefNew: 447K->63K(448K), 0.0023299 secs] 198300K->198293K(1048512K), 0.0023929 secs] [Times: user=0.01 sys=0.00, real=0.00 secs] 
5.402: [GC (Allocation Failure) 5.402: [DefNew: 447K->63K(448K), 0.0024324 secs] 198677K->198672K(1048512K), 0.0025068 secs] [Times: user=0.00 sys=0.00, real=0.01 secs] 
5.414: [GC (Allocation Failure) 5.414: [DefNew: 447K->64K(448K), 0.0023942 secs] 199056K->199052K(1048512K), 0.0024583 secs] [Times: user=0.00 sys=0.00, real=0.01 secs] 
5.424: [GC (Allocation Failure) 5.425: [DefNew: 448K->64K(448K), 0.0026352 secs] 199436K->199430K(1048512K), 0.0026992 secs] [Times: user=0.00 sys=0.00, real=0.00 secs] 
5.436: [GC (Allocation Failure) 5.436: [DefNew: 448K->63K(448K), 0.0021232 secs] 199814K->199809K(1048512K), 0.0021923 secs] [Times: user=0.01 sys=0.00, real=0.00 secs] 
5.447: [GC (Allocation Failure) 5.447: [DefNew: 447K->64K(448K), 0.0023754 secs] 200193K->200186K(1048512K), 0.0024394 secs] [Times: user=0.00 sys=0.00, real=0.00 secs] 
5.459: [GC (Allocation Failure) 5.459: [DefNew: 448K->63K(448K), 0.0026340 secs] 200570K->200565K(1048512K), 0.0027023 secs] [Times: user=0.00 sys=0.00, real=0.00 secs] 
5.471: [GC (Allocation Failure) 5.471: [DefNew: 447K->63K(448K), 0.0027062 secs] 200949K->200945K(1048512K), 0.0027716 secs] [Times: user=0.01 sys=0.00, real=0.00 secs] 
5.481: [GC (Allocation Failure) 5.482: [DefNew: 447K->63K(448K), 0.0027835 secs] 201329K->201323K(1048512K), 0.0028478 secs] [Times: user=0.00 sys=0.00, real=0.01 secs] 
5.494: [GC (Allocation Failure) 5.494: [DefNew: 447K->63K(448K), 0.0025360 secs] 201707K->201702K(1048512K), 0.0026056 secs] [Times: user=0.00 sys=0.01, real=0.01 secs] 
5.506: [GC (Allocation Failure) 5.507: [DefNew: 447K->63K(448K), 0.0026240 secs] 202086K->202081K(1048512K), 0.0026931 secs] [Times: user=0.00 sys=0.00, real=0.00 secs] 
5.518: [GC (Allocation Failure) 5.518: [DefNew: 447K->63K(448K), 0.0023456 secs] 202465K->202459K(1048512K), 0.0024112 secs] [Times: user=0.01 sys=0.00, real=0.00 secs] 
5.529: [GC (Allocation Failure) 5.529: [DefNew: 447K->64K(448K), 0.0026511 secs] 202843K->202839K(1048512K), 0.0027292 secs] [Times: user=0.00 sys=0.00, real=0.00 secs] 
5.541: [GC (Allocation Failure) 5.542: [DefNew: 448K->64K(448K), 0.0024359 secs] 203223K->203219K(1048512K), 0.0025214 secs] [Times: user=0.00 sys=0.00, real=0.00 secs] 
5.553: [GC (Allocation Failure) 5.553: [DefNew: 447K->63K(448K), 0.0024614 secs] 203602K->203594K(1048512K), 0.0025285 secs] [Times: user=0.01 sys=0.00, real=0.01 secs] 
5.565: [GC (Allocation Failure) 5.565: [DefNew: 447K->63K(448K), 0.0025333 secs] 203978K->203973K(1048512K), 0.0026001 secs] [Times: user=0.00 sys=0.00, real=0.00 secs] 
5.577: [GC (Allocation Failure) 5.577: [DefNew: 447K->63K(448K), 0.0024879 secs] 204357K->204353K(1048512K), 0.0025554 secs] [Times: user=0.00 sys=0.00, real=0.00 secs] 
5.588: [GC (Allocation Failure) 5.588: [DefNew: 447K->63K(448K), 0.0025892 secs] 204737K->204733K(1048512K), 0.0026789 secs] [Times: user=0.00 sys=0.00, real=0.00 secs] 
5.601: [GC (Allocation Failure) 5.601: [DefNew: 447K->63K(448K), 0.0029688 secs] 205117K->205111K(1048512K), 0.0030517 secs] [Times: user=0.00 sys=0.00, real=0.00 secs] 
5.612: [GC (Allocation Failure) 5.612: [DefNew: 447K->63K(448K), 0.0027187 secs] 205495K->205489K(1048512K), 0.0027899 secs] [Times: user=0.00 sys=0.00, real=0.01 secs] 
5.625: [GC (Allocation Failure) 5.625: [DefNew: 447K->64K(448K), 0.0036062 secs] 205873K->205868K(1048512K), 0.0036844 secs] [Times: user=0.01 sys=0.00, real=0.00 secs] 
5.638: [GC (Allocation Failure) 5.638: [DefNew: 448K->63K(448K), 0.0024388 secs] 206252K->206248K(1048512K), 0.0025031 secs] [Times: user=0.00 sys=0.00, real=0.00 secs] 
5.649: [GC (Allocation Failure) 5.649: [DefNew: 447K->64K(448K), 0.0025271 secs] 206632K->206626K(1048512K), 0.0025915 secs] [Times: user=0.00 sys=0.00, real=0.00 secs] 
5.661: [GC (Allocation Failure) 5.661: [DefNew: 448K->63K(448K), 0.0024469 secs] 207010K->207003K(1048512K), 0.0025138 secs] [Times: user=0.00 sys=0.00, real=0.00 secs] 
5.673: [GC (Allocation Failure) 5.673: [DefNew: 447K->63K(448K), 0.0023049 secs] 207387K->207382K(1048512K), 0.0023677 secs] [Times: user=0.01 sys=0.00, real=0.01 secs] 
5.683: [GC (Allocation Failure) 5.683: [DefNew: 447K->63K(448K), 0.0024095 secs] 207766K->207762K(1048512K), 0.0024747 secs] [Times: user=0.00 sys=0.00, real=0.01 secs] 
5.696: [GC (Allocation Failure) 5.696: [DefNew: 447K->64K(448K), 0.0024465 secs] 208146K->208142K(1048512K), 0.0025106 secs] [Times: user=0.00 sys=0.00, real=0.00 secs] 
5.708: [GC (Allocation Failure) 5.708: [DefNew: 448K->63K(448K), 0.0026431 secs] 208526K->208520K(1048512K), 0.0027087 secs] [Times: user=0.01 sys=0.00, real=0.00 secs] 
5.719: [GC (Allocation Failure) 5.719: [DefNew: 447K->63K(448K), 0.0024194 secs] 208904K->208898K(1048512K), 0.0024857 secs] [Times: user=0.00 sys=0.00, real=0.00 secs] 
5.730: [GC (Allocation Failure) 5.730: [DefNew: 447K->63K(448K), 0.0025340 secs] 209282K->209278K(1048512K), 0.0025990 secs] [Times: user=0.00 sys=0.00, real=0.00 secs] 
5.743: [GC (Allocation Failure) 5.743: [DefNew: 447K->64K(448K), 0.0024486 secs] 209662K->209657K(1048512K), 0.0025144 secs] [Times: user=0.00 sys=0.00, real=0.01 secs] 
5.752: [GC (Allocation Failure) 5.752: [DefNew: 448K->64K(448K), 0.0026677 secs] 210041K->210036K(1048512K), 0.0027267 secs] [Times: user=0.01 sys=0.00, real=0.01 secs] 
5.763: [GC (Allocation Failure) 5.763: [DefNew: 448K->64K(448K), 0.0015568 secs] 210420K->210412K(1048512K), 0.0015950 secs] [Times: user=0.00 sys=0.00, real=0.01 secs] 
5.772: [GC (Allocation Failure) 5.772: [DefNew: 448K->64K(448K), 0.0017155 secs] 210796K->210791K(1048512K), 0.0017846 secs] [Times: user=0.00 sys=0.00, real=0.00 secs] 
5.782: [GC (Allocation Failure) 5.782: [DefNew: 448K->63K(448K), 0.0019627 secs] 211175K->211145K(1048512K), 0.0020220 secs] [Times: user=0.01 sys=0.00, real=0.00 secs] 
5.790: [GC (Allocation Failure) 5.790: [DefNew: 447K->64K(448K), 0.0018501 secs] 211529K->211448K(1048512K), 0.0019106 secs] [Times: user=0.00 sys=0.00, real=0.00 secs] 
5.799: [GC (Allocation Failure) 5.799: [DefNew: 448K->64K(448K), 0.0020753 secs] 211832K->211803K(1048512K), 0.0021288 secs] [Times: user=0.00 sys=0.00, real=0.00 secs] 
5.811: [GC (Allocation Failure) 5.811: [DefNew: 448K->63K(448K), 0.0033643 secs] 212187K->212184K(1048512K), 0.0034640 secs] [Times: user=0.01 sys=0.00, real=0.00 secs] 
5.822: [GC (Allocation Failure) 5.822: [DefNew: 447K->63K(448K), 0.0023001 secs] 212568K->212562K(1048512K), 0.0023997 secs] [Times: user=0.00 sys=0.00, real=0.00 secs] 
5.833: [GC (Allocation Failure) 5.833: [DefNew: 447K->64K(448K), 0.0017561 secs] 212946K->212938K(1048512K), 0.0017954 secs] [Times: user=0.00 sys=0.00, real=0.01 secs] 
5.843: [GC (Allocation Failure) 5.843: [DefNew: 448K->63K(448K), 0.0022659 secs] 213322K->213314K(1048512K), 0.0023295 secs] [Times: user=0.00 sys=0.00, real=0.01 secs] 
5.855: [GC (Allocation Failure) 5.855: [DefNew: 447K->63K(448K), 0.0016954 secs] 213698K->213690K(1048512K), 0.0017507 secs] [Times: user=0.00 sys=0.00, real=0.00 secs] 
5.864: [GC (Allocation Failure) 5.864: [DefNew: 447K->63K(448K), 0.0021978 secs] 214074K->214056K(1048512K), 0.0022861 secs] [Times: user=0.00 sys=0.00, real=0.01 secs] 
5.875: [GC (Allocation Failure) 5.875: [DefNew: 447K->63K(448K), 0.0021163 secs] 214440K->214439K(1048512K), 0.0021760 secs] [Times: user=0.00 sys=0.00, real=0.00 secs] 
5.885: [GC (Allocation Failure) 5.885: [DefNew: 447K->63K(448K), 0.0018127 secs] 214823K->214821K(1048512K), 0.0018728 secs] [Times: user=0.00 sys=0.00, real=0.00 secs] 
5.896: [GC (Allocation Failure) 5.896: [DefNew: 447K->63K(448K), 0.0020770 secs] 215205K->215203K(1048512K), 0.0021496 secs] [Times: user=0.00 sys=0.00, real=0.00 secs] 
5.906: [GC (Allocation Failure) 5.906: [DefNew: 447K->63K(448K), 0.0025151 secs] 215587K->215581K(1048512K), 0.0025842 secs] [Times: user=0.00 sys=0.00, real=0.00 secs] 
5.918: [GC (Allocation Failure) 5.918: [DefNew: 447K->64K(448K), 0.0025342 secs] 215965K->215961K(1048512K), 0.0026040 secs] [Times: user=0.00 sys=0.00, real=0.00 secs] 
5.929: [GC (Allocation Failure) 5.929: [DefNew: 448K->63K(448K), 0.0026294 secs] 216345K->216341K(1048512K), 0.0027099 secs] [Times: user=0.00 sys=0.00, real=0.00 secs] 
5.940: [GC (Allocation Failure) 5.940: [DefNew: 447K->63K(448K), 0.0024453 secs] 216725K->216719K(1048512K), 0.0025134 secs] [Times: user=0.01 sys=0.00, real=0.00 secs] 
5.952: [GC (Allocation Failure) 5.952: [DefNew: 447K->64K(448K), 0.0025849 secs] 217103K->217097K(1048512K), 0.0026536 secs] [Times: user=0.00 sys=0.00, real=0.01 secs] 
5.963: [GC (Allocation Failure) 5.963: [DefNew: 448K->63K(448K), 0.0027587 secs] 217481K->217477K(1048512K), 0.0028307 secs] [Times: user=0.00 sys=0.00, real=0.01 secs] 
5.976: [GC (Allocation Failure) 5.976: [DefNew: 447K->64K(448K), 0.0024121 secs] 217861K->217854K(1048512K), 0.0024764 secs] [Times: user=0.01 sys=0.00, real=0.00 secs] 
5.989: [GC (Allocation Failure) 5.989: [DefNew: 448K->63K(448K), 0.0024439 secs] 218238K->218233K(1048512K), 0.0025525 secs] [Times: user=0.00 sys=0.00, real=0.00 secs] 
6.000: [GC (Allocation Failure) 6.000: [DefNew: 447K->63K(448K), 0.0029273 secs] 218617K->218613K(1048512K), 0.0029952 secs] [Times: user=0.00 sys=0.00, real=0.00 secs] 
6.013: [GC (Allocation Failure) 6.013: [DefNew: 447K->64K(448K), 0.0028799 secs] 218997K->218993K(1048512K), 0.0029461 secs] [Times: user=0.01 sys=0.00, real=0.01 secs] 
6.025: [GC (Allocation Failure) 6.025: [DefNew: 448K->63K(448K), 0.0026683 secs] 219377K->219371K(1048512K), 0.0027494 secs] [Times: user=0.00 sys=0.00, real=0.00 secs] 
6.036: [GC (Allocation Failure) 6.036: [DefNew: 447K->63K(448K), 0.0026002 secs] 219755K->219749K(1048512K), 0.0026662 secs] [Times: user=0.00 sys=0.00, real=0.00 secs] 
6.048: [GC (Allocation Failure) 6.048: [DefNew: 447K->64K(448K), 0.0023688 secs] 220133K->220129K(1048512K), 0.0024362 secs] [Times: user=0.00 sys=0.00, real=0.00 secs] 
6.060: [GC (Allocation Failure) 6.060: [DefNew: 448K->63K(448K), 0.0027740 secs] 220513K->220507K(1048512K), 0.0028444 secs] [Times: user=0.01 sys=0.00, real=0.00 secs] 
6.071: [GC (Allocation Failure) 6.071: [DefNew: 447K->63K(448K), 0.0024293 secs] 220891K->220884K(1048512K), 0.0025442 secs] [Times: user=0.00 sys=0.00, real=0.00 secs] 
6.083: [GC (Allocation Failure) 6.083: [DefNew: 447K->63K(448K), 0.0024454 secs] 221268K->221261K(1048512K), 0.0025124 secs] [Times: user=0.00 sys=0.00, real=0.01 secs] 
6.093: [GC (Allocation Failure) 6.093: [DefNew: 447K->63K(448K), 0.0025950 secs] 221645K->221641K(1048512K), 0.0026777 secs] [Times: user=0.01 sys=0.00, real=0.01 secs] 
6.106: [GC (Allocation Failure) 6.106: [DefNew: 447K->64K(448K), 0.0024498 secs] 222025K->222021K(1048512K), 0.0025185 secs] [Times: user=0.00 sys=0.00, real=0.00 secs] 
6.118: [GC (Allocation Failure) 6.118: [DefNew: 448K->63K(448K), 0.0026821 secs] 222405K->222400K(1048512K), 0.0027503 secs] [Times: user=0.00 sys=0.00, real=0.00 secs] 
6.129: [GC (Allocation Failure) 6.129: [DefNew: 447K->64K(448K), 0.0024963 secs] 222784K->222779K(1048512K), 0.0025736 secs] [Times: user=0.00 sys=0.00, real=0.00 secs] 
6.142: [GC (Allocation Failure) 6.142: [DefNew: 448K->63K(448K), 0.0024663 secs] 223163K->223157K(1048512K), 0.0025335 secs] [Times: user=0.00 sys=0.00, real=0.00 secs] 
6.154: [GC (Allocation Failure) 6.154: [DefNew: 447K->63K(448K), 0.0027583 secs] 223541K->223536K(1048512K), 0.0028215 secs] [Times: user=0.00 sys=0.00, real=0.01 secs] 
6.165: [GC (Allocation Failure) 6.165: [DefNew: 447K->64K(448K), 0.0024555 secs] 223920K->223915K(1048512K), 0.0025332 secs] [Times: user=0.00 sys=0.00, real=0.00 secs] 
6.177: [GC (Allocation Failure) 6.177: [DefNew: 448K->63K(448K), 0.0024813 secs] 224299K->224294K(1048512K), 0.0025481 secs] [Times: user=0.01 sys=0.00, real=0.00 secs] 
6.189: [GC (Allocation Failure) 6.189: [DefNew: 447K->64K(448K), 0.0025427 secs] 224678K->224671K(1048512K), 0.0026111 secs] [Times: user=0.00 sys=0.00, real=0.00 secs] 
6.200: [GC (Allocation Failure) 6.200: [DefNew: 448K->63K(448K), 0.0025056 secs] 225055K->225049K(1048512K), 0.0025754 secs] [Times: user=0.00 sys=0.00, real=0.00 secs] 
6.212: [GC (Allocation Failure) 6.212: [DefNew: 447K->63K(448K), 0.0028726 secs] 225433K->225429K(1048512K), 0.0029372 secs] [Times: user=0.01 sys=0.00, real=0.01 secs] 
6.225: [GC (Allocation Failure) 6.225: [DefNew: 447K->64K(448K), 0.0024974 secs] 225813K->225807K(1048512K), 0.0025605 secs] [Times: user=0.00 sys=0.01, real=0.00 secs] 
6.236: [GC (Allocation Failure) 6.236: [DefNew: 448K->64K(448K), 0.0024138 secs] 226191K->226186K(1048512K), 0.0024805 secs] [Times: user=0.00 sys=0.00, real=0.00 secs] 
6.248: [GC (Allocation Failure) 6.248: [DefNew: 448K->63K(448K), 0.0028141 secs] 226570K->226566K(1048512K), 0.0028877 secs] [Times: user=0.00 sys=0.00, real=0.00 secs] 
6.259: [GC (Allocation Failure) 6.259: [DefNew: 447K->63K(448K), 0.0024498 secs] 226950K->226944K(1048512K), 0.0025149 secs] [Times: user=0.00 sys=0.00, real=0.00 secs] 
6.271: [GC (Allocation Failure) 6.271: [DefNew: 447K->64K(448K), 0.0024276 secs] 227328K->227322K(1048512K), 0.0024959 secs] [Times: user=0.00 sys=0.00, real=0.00 secs] 
6.283: [GC (Allocation Failure) 6.283: [DefNew: 448K->63K(448K), 0.0024876 secs] 227706K->227700K(1048512K), 0.0025523 secs] [Times: user=0.00 sys=0.00, real=0.01 secs] 
6.294: [GC (Allocation Failure) 6.294: [DefNew: 447K->63K(448K), 0.0026683 secs] 228084K->228080K(1048512K), 0.0027707 secs] [Times: user=0.01 sys=0.00, real=0.00 secs] 
6.307: [GC (Allocation Failure) 6.307: [DefNew: 447K->64K(448K), 0.0024166 secs] 228464K->228458K(1048512K), 0.0024829 secs] [Times: user=0.00 sys=0.00, real=0.00 secs] 
6.319: [GC (Allocation Failure) 6.319: [DefNew: 448K->63K(448K), 0.0027263 secs] 228842K->228837K(1048512K), 0.0028065 secs] [Times: user=0.00 sys=0.00, real=0.00 secs] 
6.330: [GC (Allocation Failure) 6.330: [DefNew: 447K->63K(448K), 0.0020705 secs] 229221K->229217K(1048512K), 0.0021316 secs] [Times: user=0.00 sys=0.00, real=0.00 secs] 
6.340: [GC (Allocation Failure) 6.340: [DefNew: 447K->63K(448K), 0.0020399 secs] 229601K->229595K(1048512K), 0.0021143 secs] [Times: user=0.01 sys=0.00, real=0.00 secs] 
6.352: [GC (Allocation Failure) 6.352: [DefNew: 447K->63K(448K), 0.0022655 secs] 229979K->229973K(1048512K), 0.0023148 secs] [Times: user=0.00 sys=0.00, real=0.00 secs] 
6.362: [GC (Allocation Failure) 6.362: [DefNew: 447K->63K(448K), 0.0027031 secs] 230357K->230353K(1048512K), 0.0027978 secs] [Times: user=0.00 sys=0.00, real=0.01 secs] 
6.387: [GC (Allocation Failure) 6.387: [DefNew: 447K->63K(448K), 0.0109046 secs] 234833K->234826K(1048512K), 0.0109849 secs] [Times: user=0.02 sys=0.00, real=0.01 secs] 
6.406: [GC (Allocation Failure) 6.406: [DefNew: 447K->63K(448K), 0.0016207 secs] 235210K->235204K(1048512K), 0.0016608 secs] [Times: user=0.00 sys=0.00, real=0.00 secs] 
6.417: [GC (Allocation Failure) 6.417: [DefNew: 447K->64K(448K), 0.0018683 secs] 235588K->235582K(1048512K), 0.0019171 secs] [Times: user=0.00 sys=0.00, real=0.00 secs] 
6.427: [GC (Allocation Failure) 6.427: [DefNew: 448K->64K(448K), 0.0018631 secs] 235966K->235961K(1048512K), 0.0019441 secs] [Times: user=0.00 sys=0.00, real=0.00 secs] 
6.436: [GC (Allocation Failure) 6.436: [DefNew: 448K->64K(448K), 0.0018474 secs] 236345K->236340K(1048512K), 0.0019058 secs] [Times: user=0.00 sys=0.00, real=0.00 secs] 
6.447: [GC (Allocation Failure) 6.447: [DefNew: 448K->63K(448K), 0.0019452 secs] 236724K->236719K(1048512K), 0.0020034 secs] [Times: user=0.01 sys=0.00, real=0.00 secs] 
6.458: [GC (Allocation Failure) 6.458: [DefNew: 447K->63K(448K), 0.0020111 secs] 237103K->237098K(1048512K), 0.0020842 secs] [Times: user=0.00 sys=0.00, real=0.00 secs] 
6.467: [GC (Allocation Failure) 6.467: [DefNew: 447K->63K(448K), 0.0017733 secs] 237482K->237476K(1048512K), 0.0018269 secs] [Times: user=0.00 sys=0.00, real=0.00 secs] 
6.478: [GC (Allocation Failure) 6.478: [DefNew: 447K->63K(448K), 0.0019061 secs] 237860K->237855K(1048512K), 0.0019635 secs] [Times: user=0.00 sys=0.00, real=0.00 secs] 
6.489: [GC (Allocation Failure) 6.489: [DefNew: 447K->63K(448K), 0.0017746 secs] 238239K->238234K(1048512K), 0.0018395 secs] [Times: user=0.00 sys=0.00, real=0.00 secs] 
6.498: [GC (Allocation Failure) 6.498: [DefNew: 447K->63K(448K), 0.0019183 secs] 238618K->238612K(1048512K), 0.0019654 secs] [Times: user=0.01 sys=0.01, real=0.00 secs] 
6.509: [GC (Allocation Failure) 6.509: [DefNew: 447K->63K(448K), 0.0018473 secs] 238996K->238989K(1048512K), 0.0019049 secs] [Times: user=0.00 sys=0.00, real=0.00 secs] 
6.519: [GC (Allocation Failure) 6.519: [DefNew: 447K->63K(448K), 0.0021172 secs] 239373K->239368K(1048512K), 0.0021823 secs] [Times: user=0.00 sys=0.00, real=0.00 secs] 
6.530: [GC (Allocation Failure) 6.530: [DefNew: 447K->63K(448K), 0.0017818 secs] 239752K->239748K(1048512K), 0.0018379 secs] [Times: user=0.00 sys=0.00, real=0.00 secs] 
6.540: [GC (Allocation Failure) 6.541: [DefNew: 447K->63K(448K), 0.0019303 secs] 240132K->240126K(1048512K), 0.0019953 secs] [Times: user=0.00 sys=0.00, real=0.00 secs] 
6.550: [GC (Allocation Failure) 6.550: [DefNew: 447K->63K(448K), 0.0021027 secs] 240510K->240505K(1048512K), 0.0021656 secs] [Times: user=0.01 sys=0.00, real=0.00 secs] 
6.561: [GC (Allocation Failure) 6.561: [DefNew: 447K->63K(448K), 0.0018717 secs] 240889K->240885K(1048512K), 0.0019305 secs] [Times: user=0.00 sys=0.00, real=0.00 secs] 
6.572: [GC (Allocation Failure) 6.572: [DefNew: 447K->63K(448K), 0.0020243 secs] 241269K->241263K(1048512K), 0.0020903 secs] [Times: user=0.00 sys=0.00, real=0.01 secs] 
6.582: [GC (Allocation Failure) 6.582: [DefNew: 447K->63K(448K), 0.0020093 secs] 241647K->241641K(1048512K), 0.0020809 secs] [Times: user=0.00 sys=0.00, real=0.00 secs] 
6.593: [GC (Allocation Failure) 6.593: [DefNew: 447K->64K(448K), 0.0019381 secs] 242025K->242021K(1048512K), 0.0019972 secs] [Times: user=0.01 sys=0.00, real=0.01 secs] 
6.603: [GC (Allocation Failure) 6.603: [DefNew: 448K->63K(448K), 0.0019918 secs] 242405K->242399K(1048512K), 0.0021019 secs] [Times: user=0.00 sys=0.00, real=0.01 secs] 
6.613: [GC (Allocation Failure) 6.613: [DefNew: 447K->63K(448K), 0.0021498 secs] 242783K->242776K(1048512K), 0.0022026 secs] [Times: user=0.00 sys=0.00, real=0.01 secs] 
6.624: [GC (Allocation Failure) 6.624: [DefNew: 447K->64K(448K), 0.0018067 secs] 243160K->243156K(1048512K), 0.0018732 secs] [Times: user=0.00 sys=0.00, real=0.01 secs] 
6.635: [GC (Allocation Failure) 6.635: [DefNew: 448K->63K(448K), 0.0018032 secs] 243540K->243534K(1048512K), 0.0018839 secs] [Times: user=0.00 sys=0.00, real=0.00 secs] 
6.645: [GC (Allocation Failure) 6.645: [DefNew: 447K->63K(448K), 0.0020342 secs] 243918K->243914K(1048512K), 0.0020982 secs] [Times: user=0.01 sys=0.00, real=0.00 secs] 
6.655: [GC (Allocation Failure) 6.655: [DefNew: 447K->63K(448K), 0.0019515 secs] 244298K->244294K(1048512K), 0.0020240 secs] [Times: user=0.00 sys=0.00, real=0.00 secs] 
6.665: [GC (Allocation Failure) 6.665: [DefNew: 447K->64K(448K), 0.0019044 secs] 244678K->244671K(1048512K), 0.0019861 secs] [Times: user=0.00 sys=0.00, real=0.00 secs] 
6.676: [GC (Allocation Failure) 6.676: [DefNew: 448K->63K(448K), 0.0018337 secs] 245055K->245050K(1048512K), 0.0018880 secs] [Times: user=0.00 sys=0.00, real=0.00 secs] 
6.686: [GC (Allocation Failure) 6.686: [DefNew: 447K->64K(448K), 0.0022588 secs] 245434K->245430K(1048512K), 0.0023272 secs] [Times: user=0.00 sys=0.00, real=0.00 secs] 
6.696: [GC (Allocation Failure) 6.696: [DefNew: 448K->64K(448K), 0.0020636 secs] 245814K->245808K(1048512K), 0.0021218 secs] [Times: user=0.00 sys=0.00, real=0.00 secs] 
6.707: [GC (Allocation Failure) 6.707: [DefNew: 448K->63K(448K), 0.0019150 secs] 246192K->246187K(1048512K), 0.0019663 secs] [Times: user=0.00 sys=0.00, real=0.00 secs] 
6.717: [GC (Allocation Failure) 6.718: [DefNew: 447K->64K(448K), 0.0021205 secs] 246571K->246564K(1048512K), 0.0021883 secs] [Times: user=0.00 sys=0.00, real=0.00 secs] 
6.727: [GC (Allocation Failure) 6.727: [DefNew: 448K->63K(448K), 0.0019507 secs] 246948K->246944K(1048512K), 0.0020115 secs] [Times: user=0.00 sys=0.00, real=0.00 secs] 
6.739: [GC (Allocation Failure) 6.739: [DefNew: 447K->63K(448K), 0.0024037 secs] 247328K->247323K(1048512K), 0.0024712 secs] [Times: user=0.01 sys=0.00, real=0.00 secs] 
6.752: [GC (Allocation Failure) 6.752: [DefNew: 447K->63K(448K), 0.0025168 secs] 247707K->247701K(1048512K), 0.0025834 secs] [Times: user=0.00 sys=0.00, real=0.01 secs] 
6.762: [GC (Allocation Failure) 6.762: [DefNew: 447K->63K(448K), 0.0021885 secs] 248085K->248080K(1048512K), 0.0022616 secs] [Times: user=0.00 sys=0.00, real=0.00 secs] 
6.772: [GC (Allocation Failure) 6.772: [DefNew: 447K->64K(448K), 0.0024216 secs] 248464K->248459K(1048512K), 0.0025194 secs] [Times: user=0.00 sys=0.00, real=0.01 secs] 
6.783: [GC (Allocation Failure) 6.783: [DefNew: 447K->63K(448K), 0.0021009 secs] 248843K->248819K(1048512K), 0.0021901 secs] [Times: user=0.00 sys=0.00, real=0.01 secs] 
6.791: [GC (Allocation Failure) 6.791: [DefNew: 447K->64K(448K), 0.0017356 secs] 249203K->249104K(1048512K), 0.0018111 secs] [Times: user=0.00 sys=0.00, real=0.00 secs] 
6.801: [GC (Allocation Failure) 6.801: [DefNew: 447K->63K(448K), 0.0014353 secs] 249488K->249441K(1048512K), 0.0014785 secs] [Times: user=0.00 sys=0.00, real=0.00 secs] 
6.811: [GC (Allocation Failure) 6.811: [DefNew: 447K->64K(448K), 0.0019768 secs] 249825K->249817K(1048512K), 0.0020626 secs] [Times: user=0.00 sys=0.00, real=0.00 secs] 
6.821: [GC (Allocation Failure) 6.821: [DefNew: 448K->64K(448K), 0.0017334 secs] 250201K->250195K(1048512K), 0.0017794 secs] [Times: user=0.00 sys=0.00, real=0.00 secs] 
6.831: [GC (Allocation Failure) 6.831: [DefNew: 448K->63K(448K), 0.0018270 secs] 250579K->250572K(1048512K), 0.0018916 secs] [Times: user=0.00 sys=0.00, real=0.00 secs] 
6.840: [GC (Allocation Failure) 6.840: [DefNew: 447K->64K(448K), 0.0019211 secs] 250956K->250948K(1048512K), 0.0019796 secs] [Times: user=0.01 sys=0.00, real=0.00 secs] 
6.850: [GC (Allocation Failure) 6.850: [DefNew: 448K->63K(448K), 0.0018728 secs] 251332K->251323K(1048512K), 0.0019351 secs] [Times: user=0.00 sys=0.00, real=0.00 secs] 
6.861: [GC (Allocation Failure) 6.861: [DefNew: 447K->63K(448K), 0.0018274 secs] 251707K->251705K(1048512K), 0.0018892 secs] [Times: user=0.00 sys=0.00, real=0.00 secs] 
6.870: [GC (Allocation Failure) 6.870: [DefNew: 447K->63K(448K), 0.0022641 secs] 252089K->252087K(1048512K), 0.0023689 secs] [Times: user=0.00 sys=0.00, real=0.00 secs] 
6.880: [GC (Allocation Failure) 6.880: [DefNew: 447K->63K(448K), 0.0019867 secs] 252471K->252466K(1048512K), 0.0020400 secs] [Times: user=0.00 sys=0.00, real=0.00 secs] 
6.891: [GC (Allocation Failure) 6.891: [DefNew: 447K->64K(448K), 0.0020502 secs] 252850K->252845K(1048512K), 0.0021053 secs] [Times: user=0.01 sys=0.00, real=0.00 secs] 
6.900: [GC (Allocation Failure) 6.900: [DefNew: 448K->64K(448K), 0.0020732 secs] 253229K->253225K(1048512K), 0.0021268 secs] [Times: user=0.00 sys=0.00, real=0.00 secs] 
6.911: [GC (Allocation Failure) 6.911: [DefNew: 448K->63K(448K), 0.0018470 secs] 253609K->253603K(1048512K), 0.0018894 secs] [Times: user=0.00 sys=0.00, real=0.00 secs] 
6.921: [GC (Allocation Failure) 6.921: [DefNew: 447K->63K(448K), 0.0019225 secs] 253987K->253980K(1048512K), 0.0019857 secs] [Times: user=0.00 sys=0.00, real=0.00 secs] 
6.930: [GC (Allocation Failure) 6.930: [DefNew: 447K->64K(448K), 0.0019016 secs] 254364K->254359K(1048512K), 0.0019724 secs] [Times: user=0.00 sys=0.00, real=0.00 secs] 
6.941: [GC (Allocation Failure) 6.941: [DefNew: 448K->64K(448K), 0.0017995 secs] 254743K->254739K(1048512K), 0.0018628 secs] [Times: user=0.00 sys=0.00, real=0.00 secs] 
6.951: [GC (Allocation Failure) 6.951: [DefNew: 448K->63K(448K), 0.0018807 secs] 255123K->255119K(1048512K), 0.0019727 secs] [Times: user=0.00 sys=0.00, real=0.00 secs] 
6.960: [GC (Allocation Failure) 6.960: [DefNew: 447K->63K(448K), 0.0019763 secs] 255503K->255497K(1048512K), 0.0020245 secs] [Times: user=0.00 sys=0.00, real=0.00 secs] 
6.971: [GC (Allocation Failure) 6.971: [DefNew: 447K->63K(448K), 0.0017829 secs] 255881K->255875K(1048512K), 0.0018420 secs] [Times: user=0.00 sys=0.00, real=0.00 secs] 
6.980: [GC (Allocation Failure) 6.980: [DefNew: 447K->64K(448K), 0.0018514 secs] 256259K->256255K(1048512K), 0.0019102 secs] [Times: user=0.01 sys=0.00, real=0.00 secs] 
6.991: [GC (Allocation Failure) 6.991: [DefNew: 448K->64K(448K), 0.0017390 secs] 256639K->256635K(1048512K), 0.0017911 secs] [Times: user=0.00 sys=0.00, real=0.00 secs] 
7.002: [GC (Allocation Failure) 7.002: [DefNew: 448K->63K(448K), 0.0020698 secs] 257019K->257013K(1048512K), 0.0021188 secs] [Times: user=0.00 sys=0.00, real=0.00 secs] 
7.011: [GC (Allocation Failure) 7.011: [DefNew: 447K->63K(448K), 0.0021303 secs] 257397K->257391K(1048512K), 0.0021880 secs] [Times: user=0.00 sys=0.00, real=0.00 secs] 
7.022: [GC (Allocation Failure) 7.022: [DefNew: 447K->63K(448K), 0.0018096 secs] 257775K->257771K(1048512K), 0.0018751 secs] [Times: user=0.00 sys=0.00, real=0.00 secs] 
7.033: [GC (Allocation Failure) 7.033: [DefNew: 447K->63K(448K), 0.0018794 secs] 258155K->258147K(1048512K), 0.0019417 secs] [Times: user=0.01 sys=0.00, real=0.01 secs] 
7.042: [GC (Allocation Failure) 7.042: [DefNew: 447K->64K(448K), 0.0023471 secs] 258531K->258526K(1048512K), 0.0024042 secs] [Times: user=0.00 sys=0.00, real=0.01 secs] 
7.054: [GC (Allocation Failure) 7.054: [DefNew: 448K->63K(448K), 0.0023511 secs] 258910K->258907K(1048512K), 0.0024082 secs] [Times: user=0.00 sys=0.00, real=0.01 secs] 
7.065: [GC (Allocation Failure) 7.065: [DefNew: 447K->63K(448K), 0.0022891 secs] 259291K->259286K(1048512K), 0.0023537 secs] [Times: user=0.00 sys=0.01, real=0.00 secs] 
7.075: [GC (Allocation Failure) 7.075: [DefNew: 447K->63K(448K), 0.0026432 secs] 259670K->259664K(1048512K), 0.0027376 secs] [Times: user=0.01 sys=0.00, real=0.00 secs] 
7.087: [GC (Allocation Failure) 7.087: [DefNew: 447K->64K(448K), 0.0026952 secs] 260048K->260043K(1048512K), 0.0027668 secs] [Times: user=0.00 sys=0.00, real=0.00 secs] 
7.098: [GC (Allocation Failure) 7.098: [DefNew: 448K->64K(448K), 0.0018277 secs] 260427K->260423K(1048512K), 0.0018775 secs] [Times: user=0.00 sys=0.00, real=0.00 secs] 
7.108: [GC (Allocation Failure) 7.108: [DefNew: 448K->64K(448K), 0.0018937 secs] 260807K->260801K(1048512K), 0.0019370 secs] [Times: user=0.00 sys=0.00, real=0.00 secs] 
7.119: [GC (Allocation Failure) 7.119: [DefNew: 448K->63K(448K), 0.0024752 secs] 261185K->261179K(1048512K), 0.0025483 secs] [Times: user=0.01 sys=0.00, real=0.00 secs] 
7.130: [GC (Allocation Failure) 7.130: [DefNew: 447K->63K(448K), 0.0023559 secs] 261563K->261557K(1048512K), 0.0024262 secs] [Times: user=0.00 sys=0.00, real=0.00 secs] 
7.142: [GC (Allocation Failure) 7.142: [DefNew: 447K->64K(448K), 0.0025865 secs] 261941K->261936K(1048512K), 0.0027019 secs] [Times: user=0.00 sys=0.00, real=0.01 secs] 
7.154: [GC (Allocation Failure) 7.154: [DefNew: 448K->63K(448K), 0.0025896 secs] 262320K->262316K(1048512K), 0.0026536 secs] [Times: user=0.00 sys=0.00, real=0.01 secs] 
7.164: [GC (Allocation Failure) 7.164: [DefNew: 447K->63K(448K), 0.0023776 secs] 262700K->262694K(1048512K), 0.0024441 secs] [Times: user=0.00 sys=0.00, real=0.01 secs] 
7.176: [GC (Allocation Failure) 7.177: [DefNew: 447K->63K(448K), 0.0024265 secs] 263078K->263072K(1048512K), 0.0024994 secs] [Times: user=0.00 sys=0.00, real=0.00 secs] 
7.189: [GC (Allocation Failure) 7.189: [DefNew: 447K->63K(448K), 0.0024437 secs] 263456K->263452K(1048512K), 0.0025071 secs] [Times: user=0.00 sys=0.00, real=0.00 secs] 
7.200: [GC (Allocation Failure) 7.200: [DefNew: 447K->64K(448K), 0.0024056 secs] 263836K->263830K(1048512K), 0.0024719 secs] [Times: user=0.01 sys=0.00, real=0.00 secs] 
7.212: [GC (Allocation Failure) 7.212: [DefNew: 448K->63K(448K), 0.0023339 secs] 264214K->264209K(1048512K), 0.0024016 secs] [Times: user=0.00 sys=0.00, real=0.01 secs] 
7.224: [GC (Allocation Failure) 7.224: [DefNew: 447K->64K(448K), 0.0027322 secs] 264593K->264589K(1048512K), 0.0028210 secs] [Times: user=0.00 sys=0.00, real=0.01 secs] 
7.235: [GC (Allocation Failure) 7.235: [DefNew: 447K->63K(448K), 0.0026358 secs] 264973K->264965K(1048512K), 0.0027097 secs] [Times: user=0.00 sys=0.00, real=0.00 secs] 
7.248: [GC (Allocation Failure) 7.248: [DefNew: 447K->63K(448K), 0.0025361 secs] 265349K->265344K(1048512K), 0.0026006 secs] [Times: user=0.00 sys=0.00, real=0.00 secs] 
7.260: [GC (Allocation Failure) 7.260: [DefNew: 447K->63K(448K), 0.0023997 secs] 265728K->265724K(1048512K), 0.0024701 secs] [Times: user=0.00 sys=0.00, real=0.00 secs] 
7.270: [GC (Allocation Failure) 7.270: [DefNew: 447K->63K(448K), 0.0024901 secs] 266108K->266103K(1048512K), 0.0025588 secs] [Times: user=0.00 sys=0.00, real=0.00 secs] 
7.281: [GC (Allocation Failure) 7.281: [DefNew: 447K->64K(448K), 0.0023308 secs] 266487K->266482K(1048512K), 0.0023979 secs] [Times: user=0.01 sys=0.00, real=0.00 secs] 
7.291: [GC (Allocation Failure) 7.291: [DefNew: 448K->64K(448K), 0.0022510 secs] 266866K->266860K(1048512K), 0.0023283 secs] [Times: user=0.00 sys=0.00, real=0.00 secs] 
7.302: [GC (Allocation Failure) 7.302: [DefNew: 448K->63K(448K), 0.0020027 secs] 267244K->267239K(1048512K), 0.0020601 secs] [Times: user=0.00 sys=0.00, real=0.01 secs] 
7.313: [GC (Allocation Failure) 7.313: [DefNew: 447K->64K(448K), 0.0019911 secs] 267623K->267619K(1048512K), 0.0020891 secs] [Times: user=0.00 sys=0.01, real=0.01 secs] 
7.322: [GC (Allocation Failure) 7.322: [DefNew: 448K->63K(448K), 0.0017729 secs] 268003K->267997K(1048512K), 0.0018285 secs] [Times: user=0.00 sys=0.00, real=0.00 secs] 
7.332: [GC (Allocation Failure) 7.332: [DefNew: 447K->64K(448K), 0.0021242 secs] 268381K->268375K(1048512K), 0.0022068 secs] [Times: user=0.01 sys=0.00, real=0.01 secs] 
7.343: [GC (Allocation Failure) 7.343: [DefNew: 448K->64K(448K), 0.0017642 secs] 268759K->268753K(1048512K), 0.0018072 secs] [Times: user=0.00 sys=0.00, real=0.01 secs] 
7.352: [GC (Allocation Failure) 7.352: [DefNew: 448K->64K(448K), 0.0020394 secs] 269137K->269132K(1048512K), 0.0020911 secs] [Times: user=0.00 sys=0.00, real=0.01 secs] 
7.363: [GC (Allocation Failure) 7.363: [DefNew: 448K->63K(448K), 0.0018345 secs] 269516K->269510K(1048512K), 0.0018900 secs] [Times: user=0.00 sys=0.00, real=0.01 secs] 
7.373: [GC (Allocation Failure) 7.373: [DefNew: 447K->63K(448K), 0.0020162 secs] 269894K->269890K(1048512K), 0.0020705 secs] [Times: user=0.01 sys=0.00, real=0.01 secs] 
7.383: [GC (Allocation Failure) 7.383: [DefNew: 447K->63K(448K), 0.0019488 secs] 270274K->270270K(1048512K), 0.0020073 secs] [Times: user=0.00 sys=0.00, real=0.01 secs] 
7.393: [GC (Allocation Failure) 7.393: [DefNew: 447K->64K(448K), 0.0018873 secs] 270654K->270648K(1048512K), 0.0019387 secs] [Times: user=0.00 sys=0.00, real=0.01 secs] 
7.403: [GC (Allocation Failure) 7.403: [DefNew: 448K->63K(448K), 0.0020408 secs] 271032K->271026K(1048512K), 0.0021001 secs] [Times: user=0.00 sys=0.00, real=0.01 secs] 
7.414: [GC (Allocation Failure) 7.414: [DefNew: 447K->64K(448K), 0.0020965 secs] 271410K->271406K(1048512K), 0.0021613 secs] [Times: user=0.00 sys=0.00, real=0.01 secs] 
7.425: [GC (Allocation Failure) 7.425: [DefNew: 448K->63K(448K), 0.0022178 secs] 271790K->271784K(1048512K), 0.0022852 secs] [Times: user=0.01 sys=0.00, real=0.00 secs] 
7.435: [GC (Allocation Failure) 7.435: [DefNew: 447K->64K(448K), 0.0019211 secs] 272168K->272163K(1048512K), 0.0020064 secs] [Times: user=0.00 sys=0.00, real=0.00 secs] 
7.446: [GC (Allocation Failure) 7.446: [DefNew: 448K->63K(448K), 0.0020052 secs] 272547K->272541K(1048512K), 0.0020643 secs] [Times: user=0.00 sys=0.00, real=0.00 secs] 
7.457: [GC (Allocation Failure) 7.457: [DefNew: 447K->64K(448K), 0.0021594 secs] 272925K->272920K(1048512K), 0.0022361 secs] [Times: user=0.00 sys=0.00, real=0.00 secs] 
7.466: [GC (Allocation Failure) 7.466: [DefNew: 448K->63K(448K), 0.0018354 secs] 273304K->273300K(1048512K), 0.0018866 secs] [Times: user=0.00 sys=0.00, real=0.00 secs] 
7.477: [GC (Allocation Failure) 7.477: [DefNew: 447K->64K(448K), 0.0018289 secs] 273684K->273677K(1048512K), 0.0018843 secs] [Times: user=0.00 sys=0.00, real=0.00 secs] 
7.487: [GC (Allocation Failure) 7.488: [DefNew: 448K->63K(448K), 0.0018969 secs] 274061K->274056K(1048512K), 0.0019614 secs] [Times: user=0.00 sys=0.00, real=0.00 secs] 
7.497: [GC (Allocation Failure) 7.497: [DefNew: 447K->63K(448K), 0.0018948 secs] 274440K->274436K(1048512K), 0.0019629 secs] [Times: user=0.00 sys=0.00, real=0.00 secs] 
7.508: [GC (Allocation Failure) 7.508: [DefNew: 447K->63K(448K), 0.0019045 secs] 274820K->274814K(1048512K), 0.0019553 secs] [Times: user=0.00 sys=0.00, real=0.00 secs] 
7.519: [GC (Allocation Failure) 7.519: [DefNew: 447K->63K(448K), 0.0020985 secs] 275198K->275192K(1048512K), 0.0021575 secs] [Times: user=0.01 sys=0.00, real=0.00 secs] 
7.529: [GC (Allocation Failure) 7.529: [DefNew: 447K->63K(448K), 0.0025650 secs] 275576K->275572K(1048512K), 0.0026348 secs] [Times: user=0.00 sys=0.00, real=0.00 secs] 
7.541: [GC (Allocation Failure) 7.541: [DefNew: 447K->64K(448K), 0.0028880 secs] 275956K->275950K(1048512K), 0.0029738 secs] [Times: user=0.00 sys=0.00, real=0.00 secs] 
7.553: [GC (Allocation Failure) 7.553: [DefNew: 448K->63K(448K), 0.0026058 secs] 276334K->276327K(1048512K), 0.0026784 secs] [Times: user=0.00 sys=0.00, real=0.01 secs] 
7.564: [GC (Allocation Failure) 7.565: [DefNew: 447K->63K(448K), 0.0024263 secs] 276711K->276707K(1048512K), 0.0025080 secs] [Times: user=0.00 sys=0.00, real=0.00 secs] 
7.576: [GC (Allocation Failure) 7.576: [DefNew: 447K->63K(448K), 0.0023934 secs] 277091K->277085K(1048512K), 0.0024567 secs] [Times: user=0.00 sys=0.00, real=0.00 secs] 
7.587: [GC (Allocation Failure) 7.587: [DefNew: 447K->63K(448K), 0.0026669 secs] 277469K->277465K(1048512K), 0.0027436 secs] [Times: user=0.00 sys=0.00, real=0.00 secs] 
7.599: [GC (Allocation Failure) 7.599: [DefNew: 447K->64K(448K), 0.0026646 secs] 277849K->277845K(1048512K), 0.0027312 secs] [Times: user=0.01 sys=0.01, real=0.00 secs] 
7.611: [GC (Allocation Failure) 7.611: [DefNew: 448K->63K(448K), 0.0026643 secs] 278229K->278223K(1048512K), 0.0027301 secs] [Times: user=0.00 sys=0.00, real=0.00 secs] 
7.622: [GC (Allocation Failure) 7.622: [DefNew: 447K->63K(448K), 0.0026280 secs] 278607K->278601K(1048512K), 0.0026927 secs] [Times: user=0.00 sys=0.00, real=0.01 secs] 
7.634: [GC (Allocation Failure) 7.634: [DefNew: 447K->64K(448K), 0.0023596 secs] 278985K->278981K(1048512K), 0.0024253 secs] [Times: user=0.00 sys=0.00, real=0.01 secs] 
7.646: [GC (Allocation Failure) 7.646: [DefNew: 448K->63K(448K), 0.0025082 secs] 279365K->279359K(1048512K), 0.0025837 secs] [Times: user=0.00 sys=0.00, real=0.00 secs] 
7.657: [GC (Allocation Failure) 7.657: [DefNew: 447K->64K(448K), 0.0024994 secs] 279743K->279736K(1048512K), 0.0025728 secs] [Times: user=0.00 sys=0.00, real=0.00 secs] 
7.668: [GC (Allocation Failure) 7.668: [DefNew: 448K->63K(448K), 0.0024111 secs] 280120K->280115K(1048512K), 0.0024775 secs] [Times: user=0.00 sys=0.00, real=0.00 secs] 
7.680: [GC (Allocation Failure) 7.680: [DefNew: 447K->63K(448K), 0.0025259 secs] 280499K->280494K(1048512K), 0.0026173 secs] [Times: user=0.01 sys=0.00, real=0.00 secs] 
7.690: [GC (Allocation Failure) 7.690: [DefNew: 447K->63K(448K), 0.0020752 secs] 280878K->280874K(1048512K), 0.0021374 secs] [Times: user=0.00 sys=0.00, real=0.00 secs] 
7.702: [GC (Allocation Failure) 7.702: [DefNew: 447K->63K(448K), 0.0017522 secs] 281258K->281254K(1048512K), 0.0017947 secs] [Times: user=0.00 sys=0.00, real=0.00 secs] 
7.711: [GC (Allocation Failure) 7.711: [DefNew: 447K->64K(448K), 0.0020439 secs] 281638K->281631K(1048512K), 0.0020994 secs] [Times: user=0.00 sys=0.00, real=0.00 secs] 
7.722: [GC (Allocation Failure) 7.722: [DefNew: 448K->63K(448K), 0.0015773 secs] 282015K->282010K(1048512K), 0.0016239 secs] [Times: user=0.00 sys=0.00, real=0.00 secs] 
7.733: [GC (Allocation Failure) 7.733: [DefNew: 447K->63K(448K), 0.0019944 secs] 282394K->282390K(1048512K), 0.0020725 secs] [Times: user=0.01 sys=0.00, real=0.01 secs] 
7.742: [GC (Allocation Failure) 7.742: [DefNew: 447K->64K(448K), 0.0019714 secs] 282774K->282768K(1048512K), 0.0020234 secs] [Times: user=0.00 sys=0.00, real=0.00 secs] 
7.752: [GC (Allocation Failure) 7.752: [DefNew: 448K->63K(448K), 0.0021929 secs] 283152K->283144K(1048512K), 0.0022971 secs] [Times: user=0.00 sys=0.00, real=0.01 secs] 
7.763: [GC (Allocation Failure) 7.763: [DefNew: 447K->63K(448K), 0.0018467 secs] 283528K->283524K(1048512K), 0.0018992 secs] [Times: user=0.00 sys=0.00, real=0.01 secs] 
7.772: [GC (Allocation Failure) 7.772: [DefNew: 447K->63K(448K), 0.0019235 secs] 283908K->283903K(1048512K), 0.0019972 secs] [Times: user=0.00 sys=0.00, real=0.00 secs] 
7.783: [GC (Allocation Failure) 7.783: [DefNew: 447K->63K(448K), 0.0021537 secs] 284287K->284283K(1048512K), 0.0022183 secs] [Times: user=0.01 sys=0.00, real=0.01 secs] 
7.791: [GC (Allocation Failure) 7.791: [DefNew: 447K->64K(448K), 0.0016993 secs] 284667K->284565K(1048512K), 0.0017585 secs] [Times: user=0.00 sys=0.00, real=0.00 secs] 
7.801: [GC (Allocation Failure) 7.801: [DefNew: 448K->63K(448K), 0.0016486 secs] 284949K->284916K(1048512K), 0.0016918 secs] [Times: user=0.00 sys=0.00, real=0.00 secs] 
7.811: [GC (Allocation Failure) 7.811: [DefNew: 447K->63K(448K), 0.0017121 secs] 285300K->285298K(1048512K), 0.0017543 secs] [Times: user=0.00 sys=0.00, real=0.00 secs] 
7.821: [GC (Allocation Failure) 7.821: [DefNew: 447K->64K(448K), 0.0019659 secs] 285682K->285675K(1048512K), 0.0020324 secs] [Times: user=0.00 sys=0.00, real=0.00 secs] 
7.832: [GC (Allocation Failure) 7.832: [DefNew: 448K->64K(448K), 0.0023784 secs] 286059K->286050K(1048512K), 0.0024419 secs] [Times: user=0.01 sys=0.00, real=0.01 secs] 
7.843: [GC (Allocation Failure) 7.843: [DefNew: 448K->63K(448K), 0.0023718 secs] 286434K->286426K(1048512K), 0.0024372 secs] [Times: user=0.00 sys=0.00, real=0.01 secs] 
7.855: [GC (Allocation Failure) 7.855: [DefNew: 447K->63K(448K), 0.0023244 secs] 286810K->286801K(1048512K), 0.0023881 secs] [Times: user=0.00 sys=0.01, real=0.00 secs] 
7.866: [GC (Allocation Failure) 7.866: [DefNew: 447K->63K(448K), 0.0023723 secs] 287185K->287182K(1048512K), 0.0024449 secs] [Times: user=0.00 sys=0.00, real=0.00 secs] 
7.877: [GC (Allocation Failure) 7.877: [DefNew: 447K->64K(448K), 0.0019061 secs] 287566K->287565K(1048512K), 0.0019497 secs] [Times: user=0.01 sys=0.00, real=0.00 secs] 
7.887: [GC (Allocation Failure) 7.887: [DefNew: 448K->64K(448K), 0.0024067 secs] 287949K->287946K(1048512K), 0.0024562 secs] [Times: user=0.00 sys=0.00, real=0.00 secs] 
7.899: [GC (Allocation Failure) 7.899: [DefNew: 448K->64K(448K), 0.0024748 secs] 288330K->288324K(1048512K), 0.0025726 secs] [Times: user=0.00 sys=0.00, real=0.00 secs] 
7.910: [GC (Allocation Failure) 7.910: [DefNew: 448K->64K(448K), 0.0027185 secs] 288708K->288703K(1048512K), 0.0027822 secs] [Times: user=0.00 sys=0.00, real=0.00 secs] 
7.922: [GC (Allocation Failure) 7.922: [DefNew: 448K->63K(448K), 0.0024775 secs] 289087K->289083K(1048512K), 0.0025428 secs] [Times: user=0.01 sys=0.00, real=0.01 secs] 
7.934: [GC (Allocation Failure) 7.934: [DefNew: 447K->63K(448K), 0.0026549 secs] 289467K->289461K(1048512K), 0.0027197 secs] [Times: user=0.00 sys=0.00, real=0.01 secs] 
7.945: [GC (Allocation Failure) 7.945: [DefNew: 447K->63K(448K), 0.0023880 secs] 289845K->289840K(1048512K), 0.0024523 secs] [Times: user=0.00 sys=0.00, real=0.00 secs] 
7.957: [GC (Allocation Failure) 7.957: [DefNew: 447K->63K(448K), 0.0025754 secs] 290224K->290219K(1048512K), 0.0026486 secs] [Times: user=0.01 sys=0.00, real=0.00 secs] 
7.968: [GC (Allocation Failure) 7.968: [DefNew: 447K->64K(448K), 0.0024001 secs] 290603K->290596K(1048512K), 0.0024791 secs] [Times: user=0.00 sys=0.00, real=0.00 secs] 
7.978: [GC (Allocation Failure) 7.978: [DefNew: 448K->63K(448K), 0.0022035 secs] 290980K->290975K(1048512K), 0.0022602 secs] [Times: user=0.00 sys=0.00, real=0.00 secs] 
7.990: [GC (Allocation Failure) 7.990: [DefNew: 447K->63K(448K), 0.0024393 secs] 291359K->291355K(1048512K), 0.0025036 secs] [Times: user=0.00 sys=0.00, real=0.00 secs] 
8.002: [GC (Allocation Failure) 8.002: [DefNew: 447K->63K(448K), 0.0026473 secs] 291739K->291735K(1048512K), 0.0027123 secs] [Times: user=0.01 sys=0.00, real=0.00 secs] 
8.013: [GC (Allocation Failure) 8.013: [DefNew: 447K->64K(448K), 0.0024600 secs] 292119K->292113K(1048512K), 0.0025270 secs] [Times: user=0.00 sys=0.00, real=0.01 secs] 
8.024: [GC (Allocation Failure) 8.024: [DefNew: 448K->63K(448K), 0.0034252 secs] 292497K->292491K(1048512K), 0.0035124 secs] [Times: user=0.00 sys=0.00, real=0.01 secs] 
8.037: [GC (Allocation Failure) 8.037: [DefNew: 447K->64K(448K), 0.0026416 secs] 292875K->292871K(1048512K), 0.0027161 secs] [Times: user=0.01 sys=0.00, real=0.00 secs] 
8.048: [GC (Allocation Failure) 8.048: [DefNew: 448K->63K(448K), 0.0025811 secs] 293255K->293249K(1048512K), 0.0026636 secs] [Times: user=0.00 sys=0.00, real=0.00 secs] 
8.060: [GC (Allocation Failure) 8.060: [DefNew: 447K->63K(448K), 0.0026778 secs] 293633K->293628K(1048512K), 0.0027583 secs] [Times: user=0.00 sys=0.00, real=0.00 secs] 
8.071: [GC (Allocation Failure) 8.071: [DefNew: 447K->64K(448K), 0.0025433 secs] 294012K->294006K(1048512K), 0.0026113 secs] [Times: user=0.00 sys=0.00, real=0.00 secs] 
8.083: [GC (Allocation Failure) 8.083: [DefNew: 448K->64K(448K), 0.0024361 secs] 294390K->294385K(1048512K), 0.0025060 secs] [Times: user=0.01 sys=0.00, real=0.01 secs] 
8.094: [GC (Allocation Failure) 8.094: [DefNew: 448K->64K(448K), 0.0022261 secs] 294769K->294765K(1048512K), 0.0023005 secs] [Times: user=0.00 sys=0.00, real=0.01 secs] 
8.104: [GC (Allocation Failure) 8.104: [DefNew: 448K->63K(448K), 0.0019613 secs] 295149K->295143K(1048512K), 0.0020076 secs] [Times: user=0.00 sys=0.01, real=0.01 secs] 
8.115: [GC (Allocation Failure) 8.115: [DefNew: 447K->63K(448K), 0.0025835 secs] 295527K->295521K(1048512K), 0.0026502 secs] [Times: user=0.00 sys=0.00, real=0.00 secs] 
8.126: [GC (Allocation Failure) 8.126: [DefNew: 447K->64K(448K), 0.0022971 secs] 295905K->295901K(1048512K), 0.0023605 secs] [Times: user=0.01 sys=0.00, real=0.00 secs] 
8.137: [GC (Allocation Failure) 8.137: [DefNew: 448K->63K(448K), 0.0022975 secs] 296285K->296279K(1048512K), 0.0023615 secs] [Times: user=0.00 sys=0.00, real=0.00 secs] 
8.149: [GC (Allocation Failure) 8.149: [DefNew: 447K->63K(448K), 0.0024625 secs] 296663K->296658K(1048512K), 0.0025312 secs] [Times: user=0.00 sys=0.00, real=0.00 secs] 
8.161: [GC (Allocation Failure) 8.161: [DefNew: 447K->63K(448K), 0.0031057 secs] 297042K->297038K(1048512K), 0.0031931 secs] [Times: user=0.01 sys=0.00, real=0.00 secs] 
8.173: [GC (Allocation Failure) 8.173: [DefNew: 447K->64K(448K), 0.0025858 secs] 297422K->297414K(1048512K), 0.0026734 secs] [Times: user=0.00 sys=0.00, real=0.01 secs] 
8.184: [GC (Allocation Failure) 8.184: [DefNew: 448K->63K(448K), 0.0024207 secs] 297798K->297793K(1048512K), 0.0024873 secs] [Times: user=0.00 sys=0.00, real=0.01 secs] 
8.195: [GC (Allocation Failure) 8.195: [DefNew: 447K->64K(448K), 0.0025684 secs] 298177K->298172K(1048512K), 0.0026361 secs] [Times: user=0.00 sys=0.00, real=0.00 secs] 
8.207: [GC (Allocation Failure) 8.207: [DefNew: 448K->63K(448K), 0.0024444 secs] 298556K->298552K(1048512K), 0.0025320 secs] [Times: user=0.00 sys=0.00, real=0.00 secs] 
8.220: [GC (Allocation Failure) 8.220: [DefNew: 447K->64K(448K), 0.0025188 secs] 298936K->298930K(1048512K), 0.0025884 secs] [Times: user=0.00 sys=0.00, real=0.00 secs] 
8.230: [GC (Allocation Failure) 8.230: [DefNew: 448K->63K(448K), 0.0023255 secs] 299314K->299308K(1048512K), 0.0023866 secs] [Times: user=0.00 sys=0.00, real=0.00 secs] 
8.242: [GC (Allocation Failure) 8.242: [DefNew: 447K->64K(448K), 0.0025554 secs] 299692K->299688K(1048512K), 0.0026260 secs] [Times: user=0.01 sys=0.00, real=0.01 secs] 
8.254: [GC (Allocation Failure) 8.254: [DefNew: 448K->63K(448K), 0.0023388 secs] 300072K->300068K(1048512K), 0.0024275 secs] [Times: user=0.00 sys=0.00, real=0.01 secs] 
8.263: [GC (Allocation Failure) 8.263: [DefNew: 447K->63K(448K), 0.0017906 secs] 300452K->300446K(1048512K), 0.0018348 secs] [Times: user=0.00 sys=0.00, real=0.01 secs] 
8.273: [GC (Allocation Failure) 8.273: [DefNew: 447K->63K(448K), 0.0021451 secs] 300830K->300824K(1048512K), 0.0022257 secs] [Times: user=0.00 sys=0.00, real=0.01 secs] 
8.284: [GC (Allocation Failure) 8.284: [DefNew: 447K->63K(448K), 0.0016722 secs] 301208K->301201K(1048512K), 0.0017213 secs] [Times: user=0.00 sys=0.00, real=0.01 secs] 
8.292: [GC (Allocation Failure) 8.292: [DefNew: 447K->63K(448K), 0.0019513 secs] 301585K->301581K(1048512K), 0.0020128 secs] [Times: user=0.00 sys=0.00, real=0.01 secs] 
8.303: [GC (Allocation Failure) 8.303: [DefNew: 447K->63K(448K), 0.0025270 secs] 301965K->301959K(1048512K), 0.0025872 secs] [Times: user=0.00 sys=0.00, real=0.01 secs] 
8.314: [GC (Allocation Failure) 8.314: [DefNew: 447K->64K(448K), 0.0028713 secs] 302343K->302338K(1048512K), 0.0029457 secs] [Times: user=0.00 sys=0.00, real=0.01 secs] 
8.326: [GC (Allocation Failure) 8.326: [DefNew: 448K->63K(448K), 0.0024504 secs] 302722K->302718K(1048512K), 0.0025227 secs] [Times: user=0.01 sys=0.00, real=0.00 secs] 
8.338: [GC (Allocation Failure) 8.338: [DefNew: 447K->63K(448K), 0.0024910 secs] 303102K->303096K(1048512K), 0.0025552 secs] [Times: user=0.00 sys=0.00, real=0.00 secs] 
8.349: [GC (Allocation Failure) 8.349: [DefNew: 447K->63K(448K), 0.0024677 secs] 303480K->303475K(1048512K), 0.0025325 secs] [Times: user=0.00 sys=0.00, real=0.00 secs] 
8.361: [GC (Allocation Failure) 8.361: [DefNew: 447K->63K(448K), 0.0027968 secs] 303859K->303854K(1048512K), 0.0028659 secs] [Times: user=0.00 sys=0.00, real=0.00 secs] 
8.374: [GC (Allocation Failure) 8.374: [DefNew: 447K->63K(448K), 0.0025222 secs] 304238K->304232K(1048512K), 0.0025923 secs] [Times: user=0.01 sys=0.00, real=0.01 secs] 
8.385: [GC (Allocation Failure) 8.385: [DefNew: 447K->63K(448K), 0.0023689 secs] 304616K->304610K(1048512K), 0.0024358 secs] [Times: user=0.00 sys=0.00, real=0.00 secs] 
8.397: [GC (Allocation Failure) 8.397: [DefNew: 447K->63K(448K), 0.0025358 secs] 304994K->304989K(1048512K), 0.0026058 secs] [Times: user=0.00 sys=0.00, real=0.00 secs] 
8.409: [GC (Allocation Failure) 8.409: [DefNew: 447K->63K(448K), 0.0027566 secs] 305373K->305369K(1048512K), 0.0028312 secs] [Times: user=0.01 sys=0.00, real=0.00 secs] 
8.420: [GC (Allocation Failure) 8.420: [DefNew: 447K->64K(448K), 0.0027035 secs] 305753K->305748K(1048512K), 0.0027701 secs] [Times: user=0.00 sys=0.00, real=0.00 secs] 
8.432: [GC (Allocation Failure) 8.432: [DefNew: 448K->63K(448K), 0.0026124 secs] 306132K->306127K(1048512K), 0.0026745 secs] [Times: user=0.00 sys=0.00, real=0.01 secs] 
8.445: [GC (Allocation Failure) 8.445: [DefNew: 447K->63K(448K), 0.0024681 secs] 306511K->306505K(1048512K), 0.0025734 secs] [Times: user=0.00 sys=0.00, real=0.00 secs] 
8.456: [GC (Allocation Failure) 8.456: [DefNew: 447K->64K(448K), 0.0033237 secs] 306889K->306884K(1048512K), 0.0034028 secs] [Times: user=0.00 sys=0.00, real=0.00 secs] 
8.469: [GC (Allocation Failure) 8.469: [DefNew: 448K->64K(448K), 0.0026623 secs] 307268K->307264K(1048512K), 0.0027314 secs] [Times: user=0.00 sys=0.00, real=0.00 secs] 
8.479: [GC (Allocation Failure) 8.479: [DefNew: 448K->63K(448K), 0.0025221 secs] 307648K->307642K(1048512K), 0.0025968 secs] [Times: user=0.00 sys=0.00, real=0.00 secs] 
8.491: [GC (Allocation Failure) 8.491: [DefNew: 447K->63K(448K), 0.0024023 secs] 308026K->308018K(1048512K), 0.0024677 secs] [Times: user=0.00 sys=0.00, real=0.00 secs] 
8.503: [GC (Allocation Failure) 8.503: [DefNew: 447K->64K(448K), 0.0021837 secs] 308402K->308397K(1048512K), 0.0022450 secs] [Times: user=0.00 sys=0.00, real=0.01 secs] 
8.514: [GC (Allocation Failure) 8.514: [DefNew: 448K->63K(448K), 0.0024371 secs] 308781K->308778K(1048512K), 0.0025009 secs] [Times: user=0.00 sys=0.00, real=0.01 secs] 
8.526: [GC (Allocation Failure) 8.526: [DefNew: 447K->63K(448K), 0.0024330 secs] 309162K->309158K(1048512K), 0.0025026 secs] [Times: user=0.00 sys=0.00, real=0.00 secs] 
8.539: [GC (Allocation Failure) 8.539: [DefNew: 447K->63K(448K), 0.0024615 secs] 309542K->309536K(1048512K), 0.0025257 secs] [Times: user=0.00 sys=0.00, real=0.00 secs] 
8.550: [GC (Allocation Failure) 8.550: [DefNew: 447K->63K(448K), 0.0023722 secs] 309920K->309914K(1048512K), 0.0024352 secs] [Times: user=0.00 sys=0.00, real=0.00 secs] 
8.562: [GC (Allocation Failure) 8.562: [DefNew: 447K->64K(448K), 0.0024448 secs] 310298K->310293K(1048512K), 0.0025246 secs] [Times: user=0.00 sys=0.00, real=0.00 secs] 
8.573: [GC (Allocation Failure) 8.573: [DefNew: 448K->63K(448K), 0.0025996 secs] 310677K->310673K(1048512K), 0.0026713 secs] [Times: user=0.01 sys=0.00, real=0.01 secs] 
8.584: [GC (Allocation Failure) 8.584: [DefNew: 447K->63K(448K), 0.0035368 secs] 311057K->311051K(1048512K), 0.0036125 secs] [Times: user=0.00 sys=0.01, real=0.01 secs] 
8.598: [GC (Allocation Failure) 8.598: [DefNew: 447K->63K(448K), 0.0024256 secs] 311435K->311428K(1048512K), 0.0024910 secs] [Times: user=0.00 sys=0.00, real=0.00 secs] 
8.609: [GC (Allocation Failure) 8.609: [DefNew: 447K->64K(448K), 0.0023853 secs] 311812K->311807K(1048512K), 0.0024761 secs] [Times: user=0.00 sys=0.00, real=0.00 secs] 
8.620: [GC (Allocation Failure) 8.620: [DefNew: 448K->63K(448K), 0.0027322 secs] 312191K->312187K(1048512K), 0.0028080 secs] [Times: user=0.01 sys=0.00, real=0.00 secs] 
8.632: [GC (Allocation Failure) 8.632: [DefNew: 447K->64K(448K), 0.0026781 secs] 312571K->312567K(1048512K), 0.0027515 secs] [Times: user=0.00 sys=0.00, real=0.01 secs] 
8.643: [GC (Allocation Failure) 8.643: [DefNew: 448K->63K(448K), 0.0025055 secs] 312951K->312945K(1048512K), 0.0025730 secs] [Times: user=0.00 sys=0.00, real=0.01 secs] 
8.656: [GC (Allocation Failure) 8.656: [DefNew: 447K->63K(448K), 0.0024968 secs] 313329K->313323K(1048512K), 0.0025700 secs] [Times: user=0.01 sys=0.00, real=0.00 secs] 
8.667: [GC (Allocation Failure) 8.668: [DefNew: 447K->64K(448K), 0.0025736 secs] 313707K->313703K(1048512K), 0.0026388 secs] [Times: user=0.00 sys=0.00, real=0.00 secs] 
8.679: [GC (Allocation Failure) 8.679: [DefNew: 448K->64K(448K), 0.0027085 secs] 314087K->314082K(1048512K), 0.0027741 secs] [Times: user=0.00 sys=0.00, real=0.00 secs] 
8.691: [GC (Allocation Failure) 8.691: [DefNew: 448K->63K(448K), 0.0026067 secs] 314466K->314460K(1048512K), 0.0026940 secs] [Times: user=0.01 sys=0.00, real=0.00 secs] 
8.703: [GC (Allocation Failure) 8.703: [DefNew: 447K->63K(448K), 0.0025960 secs] 314844K->314837K(1048512K), 0.0026664 secs] [Times: user=0.00 sys=0.00, real=0.01 secs] 
8.714: [GC (Allocation Failure) 8.714: [DefNew: 447K->64K(448K), 0.0028062 secs] 315221K->315216K(1048512K), 0.0028966 secs] [Times: user=0.00 sys=0.00, real=0.01 secs] 
8.726: [GC (Allocation Failure) 8.726: [DefNew: 448K->63K(448K), 0.0020237 secs] 315600K->315597K(1048512K), 0.0020935 secs] [Times: user=0.00 sys=0.00, real=0.00 secs] 
8.737: [GC (Allocation Failure) 8.737: [DefNew: 447K->63K(448K), 0.0018908 secs] 315981K->315976K(1048512K), 0.0019440 secs] [Times: user=0.01 sys=0.00, real=0.00 secs] 
8.746: [GC (Allocation Failure) 8.746: [DefNew: 447K->64K(448K), 0.0026191 secs] 316360K->316354K(1048512K), 0.0026920 secs] [Times: user=0.00 sys=0.00, real=0.00 secs] 
8.758: [GC (Allocation Failure) 8.758: [DefNew: 448K->64K(448K), 0.0025488 secs] 316738K->316733K(1048512K), 0.0026177 secs] [Times: user=0.00 sys=0.00, real=0.00 secs] 
8.769: [GC (Allocation Failure) 8.769: [DefNew: 448K->64K(448K), 0.0021492 secs] 317117K->317112K(1048512K), 0.0022109 secs] [Times: user=0.00 sys=0.00, real=0.00 secs] 
8.778: [GC (Allocation Failure) 8.778: [DefNew: 448K->64K(448K), 0.0019968 secs] 317496K->317492K(1048512K), 0.0021085 secs] [Times: user=0.01 sys=0.00, real=0.00 secs] 
8.788: [GC (Allocation Failure) 8.788: [DefNew: 447K->63K(448K), 0.0024084 secs] 317876K->317852K(1048512K), 0.0024866 secs] [Times: user=0.00 sys=0.00, real=0.00 secs] 
8.797: [GC (Allocation Failure) 8.797: [DefNew: 447K->64K(448K), 0.0015620 secs] 318236K->318145K(1048512K), 0.0016066 secs] [Times: user=0.01 sys=0.00, real=0.00 secs] 
8.806: [GC (Allocation Failure) 8.806: [DefNew: 448K->64K(448K), 0.0020421 secs] 318529K->318497K(1048512K), 0.0021178 secs] [Times: user=0.00 sys=0.01, real=0.00 secs] 
8.816: [GC (Allocation Failure) 8.816: [DefNew: 448K->63K(448K), 0.0019790 secs] 318881K->318879K(1048512K), 0.0020459 secs] [Times: user=0.00 sys=0.00, real=0.00 secs] 
8.826: [GC (Allocation Failure) 8.826: [DefNew: 447K->63K(448K), 0.0018122 secs] 319263K->319256K(1048512K), 0.0018910 secs] [Times: user=0.00 sys=0.00, real=0.00 secs] 
8.837: [GC (Allocation Failure) 8.837: [DefNew: 447K->63K(448K), 0.0018875 secs] 319639K->319632K(1048512K), 0.0019549 secs] [Times: user=0.01 sys=0.00, real=0.00 secs] 
8.847: [GC (Allocation Failure) 8.847: [DefNew: 447K->63K(448K), 0.0018496 secs] 320016K->320007K(1048512K), 0.0019018 secs] [Times: user=0.00 sys=0.00, real=0.00 secs] 
8.857: [GC (Allocation Failure) 8.857: [DefNew: 447K->63K(448K), 0.0021235 secs] 320391K->320383K(1048512K), 0.0021918 secs] [Times: user=0.00 sys=0.00, real=0.00 secs] 
8.868: [GC (Allocation Failure) 8.868: [DefNew: 447K->63K(448K), 0.0021396 secs] 320767K->320766K(1048512K), 0.0021995 secs] [Times: user=0.00 sys=0.00, real=0.00 secs] 
8.877: [GC (Allocation Failure) 8.877: [DefNew: 447K->63K(448K), 0.0017000 secs] 321150K->321146K(1048512K), 0.0017474 secs] [Times: user=0.00 sys=0.00, real=0.00 secs] 
8.888: [GC (Allocation Failure) 8.888: [DefNew: 447K->63K(448K), 0.0016730 secs] 321530K->321527K(1048512K), 0.0017209 secs] [Times: user=0.00 sys=0.00, real=0.00 secs] 
8.898: [GC (Allocation Failure) 8.898: [DefNew: 447K->64K(448K), 0.0016603 secs] 321911K->321906K(1048512K), 0.0017152 secs] [Times: user=0.00 sys=0.00, real=0.00 secs] 
8.907: [GC (Allocation Failure) 8.907: [DefNew: 448K->64K(448K), 0.0016045 secs] 322290K->322283K(1048512K), 0.0016539 secs] [Times: user=0.00 sys=0.00, real=0.00 secs] 
8.917: [GC (Allocation Failure) 8.917: [DefNew: 448K->63K(448K), 0.0020521 secs] 322667K->322663K(1048512K), 0.0021014 secs] [Times: user=0.00 sys=0.00, real=0.00 secs] 
8.927: [GC (Allocation Failure) 8.927: [DefNew: 447K->64K(448K), 0.0022933 secs] 323047K->323042K(1048512K), 0.0023574 secs] [Times: user=0.01 sys=0.00, real=0.00 secs] 
8.938: [GC (Allocation Failure) 8.938: [DefNew: 448K->63K(448K), 0.0019403 secs] 323426K->323421K(1048512K), 0.0020039 secs] [Times: user=0.00 sys=0.00, real=0.00 secs] 
8.949: [GC (Allocation Failure) 8.949: [DefNew: 447K->63K(448K), 0.0020330 secs] 323805K->323799K(1048512K), 0.0021063 secs] [Times: user=0.00 sys=0.00, real=0.00 secs] 
8.958: [GC (Allocation Failure) 8.958: [DefNew: 447K->63K(448K), 0.0024222 secs] 324183K->324178K(1048512K), 0.0024962 secs] [Times: user=0.00 sys=0.00, real=0.00 secs] 
8.970: [GC (Allocation Failure) 8.970: [DefNew: 447K->63K(448K), 0.0017223 secs] 324562K->324557K(1048512K), 0.0017669 secs] [Times: user=0.00 sys=0.00, real=0.00 secs] 
8.981: [GC (Allocation Failure) 8.981: [DefNew: 447K->63K(448K), 0.0020386 secs] 324941K->324936K(1048512K), 0.0021046 secs] [Times: user=0.01 sys=0.00, real=0.00 secs] 
8.990: [GC (Allocation Failure) 8.990: [DefNew: 447K->63K(448K), 0.0021973 secs] 325320K->325316K(1048512K), 0.0022852 secs] [Times: user=0.00 sys=0.00, real=0.00 secs] 
9.001: [GC (Allocation Failure) 9.001: [DefNew: 447K->63K(448K), 0.0020302 secs] 325700K->325694K(1048512K), 0.0021007 secs] [Times: user=0.00 sys=0.00, real=0.00 secs] 
9.012: [GC (Allocation Failure) 9.013: [DefNew: 447K->64K(448K), 0.0018880 secs] 326078K->326070K(1048512K), 0.0019516 secs] [Times: user=0.00 sys=0.00, real=0.01 secs] 
9.022: [GC (Allocation Failure) 9.022: [DefNew: 448K->64K(448K), 0.0020313 secs] 326454K->326449K(1048512K), 0.0020890 secs] [Times: user=0.01 sys=0.00, real=0.00 secs] 
9.033: [GC (Allocation Failure) 9.033: [DefNew: 448K->63K(448K), 0.0020767 secs] 326833K->326830K(1048512K), 0.0021432 secs] [Times: user=0.00 sys=0.00, real=0.01 secs] 
9.043: [GC (Allocation Failure) 9.043: [DefNew: 447K->63K(448K), 0.0019376 secs] 327214K->327210K(1048512K), 0.0019976 secs] [Times: user=0.00 sys=0.00, real=0.01 secs] 
9.053: [GC (Allocation Failure) 9.053: [DefNew: 447K->63K(448K), 0.0019144 secs] 327594K->327588K(1048512K), 0.0019664 secs] [Times: user=0.00 sys=0.00, real=0.01 secs] 
9.063: [GC (Allocation Failure) 9.063: [DefNew: 447K->63K(448K), 0.0018917 secs] 327972K->327966K(1048512K), 0.0019455 secs] [Times: user=0.00 sys=0.00, real=0.01 secs] 
9.072: [GC (Allocation Failure) 9.072: [DefNew: 447K->63K(448K), 0.0021790 secs] 328350K->328345K(1048512K), 0.0022497 secs] [Times: user=0.01 sys=0.00, real=0.01 secs] 
9.083: [GC (Allocation Failure) 9.083: [DefNew: 447K->63K(448K), 0.0026990 secs] 328729K->328725K(1048512K), 0.0027601 secs] [Times: user=0.00 sys=0.00, real=0.01 secs] 
9.093: [GC (Allocation Failure) 9.093: [DefNew: 447K->63K(448K), 0.0016986 secs] 329109K->329103K(1048512K), 0.0017607 secs] [Times: user=0.00 sys=0.00, real=0.01 secs] 
9.102: [GC (Allocation Failure) 9.102: [DefNew: 447K->63K(448K), 0.0016232 secs] 329487K->329481K(1048512K), 0.0016650 secs] [Times: user=0.00 sys=0.00, real=0.00 secs] 
9.112: [GC (Allocation Failure) 9.112: [DefNew: 447K->63K(448K), 0.0021962 secs] 329865K->329857K(1048512K), 0.0022594 secs] [Times: user=0.01 sys=0.00, real=0.00 secs] 
9.122: [GC (Allocation Failure) 9.122: [DefNew: 447K->63K(448K), 0.0019562 secs] 330241K->330237K(1048512K), 0.0019964 secs] [Times: user=0.00 sys=0.01, real=0.01 secs] 
9.131: [GC (Allocation Failure) 9.132: [DefNew: 447K->63K(448K), 0.0021710 secs] 330621K->330616K(1048512K), 0.0022311 secs] [Times: user=0.00 sys=0.00, real=0.00 secs] 
9.143: [GC (Allocation Failure) 9.143: [DefNew: 447K->63K(448K), 0.0024408 secs] 331000K->330996K(1048512K), 0.0024990 secs] [Times: user=0.00 sys=0.00, real=0.01 secs] 
9.155: [GC (Allocation Failure) 9.156: [DefNew: 447K->63K(448K), 0.0024930 secs] 331380K->331375K(1048512K), 0.0025551 secs] [Times: user=0.01 sys=0.00, real=0.00 secs] 
9.166: [GC (Allocation Failure) 9.166: [DefNew: 447K->63K(448K), 0.0026519 secs] 331759K->331754K(1048512K), 0.0027238 secs] [Times: user=0.00 sys=0.00, real=0.00 secs] 
9.178: [GC (Allocation Failure) 9.178: [DefNew: 447K->63K(448K), 0.0026315 secs] 332138K->332132K(1048512K), 0.0027069 secs] [Times: user=0.00 sys=0.00, real=0.00 secs] 
9.190: [GC (Allocation Failure) 9.190: [DefNew: 447K->64K(448K), 0.0025002 secs] 332516K->332511K(1048512K), 0.0025649 secs] [Times: user=0.00 sys=0.00, real=0.00 secs] 
9.201: [GC (Allocation Failure) 9.201: [DefNew: 448K->63K(448K), 0.0027122 secs] 332895K->332891K(1048512K), 0.0027779 secs] [Times: user=0.00 sys=0.00, real=0.00 secs] 
9.214: [GC (Allocation Failure) 9.214: [DefNew: 447K->63K(448K), 0.0026619 secs] 333274K->333267K(1048512K), 0.0027298 secs] [Times: user=0.00 sys=0.00, real=0.01 secs] 
9.225: [GC (Allocation Failure) 9.225: [DefNew: 447K->63K(448K), 0.0024786 secs] 333651K->333645K(1048512K), 0.0025482 secs] [Times: user=0.00 sys=0.00, real=0.00 secs] 
9.237: [GC (Allocation Failure) 9.237: [DefNew: 447K->63K(448K), 0.0024761 secs] 334029K->334025K(1048512K), 0.0025410 secs] [Times: user=0.01 sys=0.00, real=0.00 secs] 
9.250: [GC (Allocation Failure) 9.250: [DefNew: 447K->63K(448K), 0.0024326 secs] 334409K->334405K(1048512K), 0.0025015 secs] [Times: user=0.00 sys=0.00, real=0.00 secs] 
9.260: [GC (Allocation Failure) 9.260: [DefNew: 447K->64K(448K), 0.0019211 secs] 334789K->334783K(1048512K), 0.0019762 secs] [Times: user=0.00 sys=0.00, real=0.00 secs] 
9.271: [GC (Allocation Failure) 9.271: [DefNew: 448K->64K(448K), 0.0025836 secs] 335167K->335161K(1048512K), 0.0026627 secs] [Times: user=0.00 sys=0.00, real=0.00 secs] 
9.284: [GC (Allocation Failure) 9.284: [DefNew: 448K->64K(448K), 0.0025210 secs] 335545K->335540K(1048512K), 0.0026071 secs] [Times: user=0.00 sys=0.00, real=0.01 secs] 
9.295: [GC (Allocation Failure) 9.295: [DefNew: 448K->63K(448K), 0.0024714 secs] 335924K->335920K(1048512K), 0.0025553 secs] [Times: user=0.00 sys=0.00, real=0.00 secs] 
9.306: [GC (Allocation Failure) 9.329: [DefNew: 447K->64K(448K), 0.0034416 secs] 336304K->336298K(1048512K), 0.0379372 secs] [Times: user=0.00 sys=0.00, real=0.03 secs] 
9.353: [GC (Allocation Failure) 9.361: [DefNew: 448K->63K(448K), 0.0031077 secs] 336682K->336675K(1048512K), 0.0114778 secs] [Times: user=0.01 sys=0.00, real=0.02 secs] 
9.372: [GC (Allocation Failure) 9.372: [DefNew: 447K->64K(448K), 0.0023125 secs] 337059K->337054K(1048512K), 0.0023818 secs] [Times: user=0.00 sys=0.00, real=0.01 secs] 
9.385: [GC (Allocation Failure) 9.385: [DefNew: 448K->64K(448K), 0.0024940 secs] 337438K->337434K(1048512K), 0.0030547 secs] [Times: user=0.00 sys=0.00, real=0.00 secs] 
9.396: [GC (Allocation Failure) 9.396: [DefNew: 448K->63K(448K), 0.0021758 secs] 337818K->337814K(1048512K), 0.0022485 secs] [Times: user=0.01 sys=0.00, real=0.00 secs] 
9.407: [GC (Allocation Failure) 9.407: [DefNew: 447K->63K(448K), 0.0028304 secs] 338198K->338192K(1048512K), 0.0029206 secs] [Times: user=0.00 sys=0.00, real=0.00 secs] 
9.420: [GC (Allocation Failure) 9.420: [DefNew: 447K->63K(448K), 0.0024101 secs] 338576K->338570K(1048512K), 0.0024910 secs] [Times: user=0.00 sys=0.00, real=0.00 secs] 
9.430: [GC (Allocation Failure) 9.430: [DefNew: 447K->63K(448K), 0.0027675 secs] 338954K->338950K(1048512K), 0.0028542 secs] [Times: user=0.00 sys=0.00, real=0.00 secs] 
9.443: [GC (Allocation Failure) 9.443: [DefNew: 447K->64K(448K), 0.0025241 secs] 339334K->339330K(1048512K), 0.0026074 secs] [Times: user=0.01 sys=0.00, real=0.01 secs] 
9.455: [GC (Allocation Failure) 9.455: [DefNew: 447K->64K(448K), 0.0026200 secs] 339713K->339705K(1048512K), 0.0026978 secs] [Times: user=0.00 sys=0.00, real=0.00 secs] 
9.466: [GC (Allocation Failure) 9.466: [DefNew: 448K->63K(448K), 0.0025601 secs] 340089K->340084K(1048512K), 0.0026315 secs] [Times: user=0.00 sys=0.00, real=0.00 secs] 
9.478: [GC (Allocation Failure) 9.478: [DefNew: 447K->63K(448K), 0.0024479 secs] 340468K->340464K(1048512K), 0.0025279 secs] [Times: user=0.01 sys=0.00, real=0.00 secs] 
9.490: [GC (Allocation Failure) 9.490: [DefNew: 447K->63K(448K), 0.0027397 secs] 340848K->340844K(1048512K), 0.0028189 secs] [Times: user=0.00 sys=0.00, real=0.00 secs] 
9.502: [GC (Allocation Failure) 9.502: [DefNew: 447K->63K(448K), 0.0025156 secs] 341228K->341222K(1048512K), 0.0025962 secs] [Times: user=0.00 sys=0.00, real=0.00 secs] 
9.514: [GC (Allocation Failure) 9.514: [DefNew: 447K->63K(448K), 0.0025281 secs] 341606K->341600K(1048512K), 0.0026085 secs] [Times: user=0.00 sys=0.00, real=0.01 secs] 
9.526: [GC (Allocation Failure) 9.526: [DefNew: 447K->63K(448K), 0.0025689 secs] 341984K->341979K(1048512K), 0.0026488 secs] [Times: user=0.01 sys=0.00, real=0.00 secs] 
9.537: [GC (Allocation Failure) 9.537: [DefNew: 447K->63K(448K), 0.0025823 secs] 342363K->342359K(1048512K), 0.0026643 secs] [Times: user=0.00 sys=0.00, real=0.00 secs] 
9.549: [GC (Allocation Failure) 9.549: [DefNew: 447K->63K(448K), 0.0020572 secs] 342743K->342737K(1048512K), 0.0021332 secs] [Times: user=0.00 sys=0.00, real=0.00 secs] 
9.559: [GC (Allocation Failure) 9.559: [DefNew: 447K->63K(448K), 0.0019110 secs] 343121K->343114K(1048512K), 0.0019602 secs] [Times: user=0.00 sys=0.00, real=0.00 secs] 
9.570: [GC (Allocation Failure) 9.571: [DefNew: 447K->64K(448K), 0.0024530 secs] 343498K->343493K(1048512K), 0.0025542 secs] [Times: user=0.00 sys=0.00, real=0.00 secs] 
9.583: [GC (Allocation Failure) 9.583: [DefNew: 448K->63K(448K), 0.0028073 secs] 343877K->343873K(1048512K), 0.0028863 secs] [Times: user=0.00 sys=0.00, real=0.01 secs] 
9.594: [GC (Allocation Failure) 9.594: [DefNew: 447K->63K(448K), 0.0025295 secs] 344257K->344253K(1048512K), 0.0026071 secs] [Times: user=0.00 sys=0.00, real=0.01 secs] 
9.606: [GC (Allocation Failure) 9.606: [DefNew: 447K->63K(448K), 0.0026727 secs] 344637K->344631K(1048512K), 0.0028172 secs] [Times: user=0.01 sys=0.00, real=0.00 secs] 
9.619: [GC (Allocation Failure) 9.619: [DefNew: 447K->63K(448K), 0.0027543 secs] 345015K->345009K(1048512K), 0.0028306 secs] [Times: user=0.00 sys=0.00, real=0.00 secs] 
9.630: [GC (Allocation Failure) 9.630: [DefNew: 447K->64K(448K), 0.0027821 secs] 345393K->345389K(1048512K), 0.0028593 secs] [Times: user=0.00 sys=0.00, real=0.00 secs] 
9.641: [GC (Allocation Failure) 9.641: [DefNew: 448K->63K(448K), 0.0024084 secs] 345773K->345768K(1048512K), 0.0024938 secs] [Times: user=0.01 sys=0.00, real=0.00 secs] 
9.652: [GC (Allocation Failure) 9.652: [DefNew: 447K->63K(448K), 0.0017460 secs] 346152K->346147K(1048512K), 0.0018132 secs] [Times: user=0.00 sys=0.00, real=0.00 secs] 
9.662: [GC (Allocation Failure) 9.662: [DefNew: 447K->63K(448K), 0.0022308 secs] 346531K->346523K(1048512K), 0.0023331 secs] [Times: user=0.00 sys=0.00, real=0.00 secs] 
9.673: [GC (Allocation Failure) 9.673: [DefNew: 447K->63K(448K), 0.0020247 secs] 346907K->346902K(1048512K), 0.0020889 secs] [Times: user=0.00 sys=0.00, real=0.01 secs] 
9.685: [GC (Allocation Failure) 9.685: [DefNew: 447K->63K(448K), 0.0025976 secs] 347286K->347283K(1048512K), 0.0026762 secs] [Times: user=0.01 sys=0.00, real=0.00 secs] 
9.696: [GC (Allocation Failure) 9.696: [DefNew: 447K->64K(448K), 0.0028696 secs] 347667K->347662K(1048512K), 0.0029538 secs] [Times: user=0.00 sys=0.00, real=0.00 secs] 
9.709: [GC (Allocation Failure) 9.709: [DefNew: 448K->63K(448K), 0.0025837 secs] 348046K->348041K(1048512K), 0.0026859 secs] [Times: user=0.00 sys=0.00, real=0.00 secs] 
9.720: [GC (Allocation Failure) 9.720: [DefNew: 447K->63K(448K), 0.0025341 secs] 348425K->348419K(1048512K), 0.0026103 secs] [Times: user=0.00 sys=0.00, real=0.00 secs] 
9.732: [GC (Allocation Failure) 9.732: [DefNew: 447K->63K(448K), 0.0027822 secs] 348803K->348798K(1048512K), 0.0028872 secs] [Times: user=0.01 sys=0.00, real=0.01 secs] 
9.744: [GC (Allocation Failure) 9.744: [DefNew: 447K->64K(448K), 0.0027491 secs] 349182K->349178K(1048512K), 0.0028315 secs] [Times: user=0.00 sys=0.00, real=0.01 secs] 
9.755: [GC (Allocation Failure) 9.755: [DefNew: 448K->63K(448K), 0.0032165 secs] 349562K->349556K(1048512K), 0.0033099 secs] [Times: user=0.00 sys=0.00, real=0.00 secs] 
9.767: [GC (Allocation Failure) 9.767: [DefNew: 447K->64K(448K), 0.0027772 secs] 349940K->349932K(1048512K), 0.0028503 secs] [Times: user=0.01 sys=0.00, real=0.00 secs] 
9.780: [GC (Allocation Failure) 9.780: [DefNew: 448K->64K(448K), 0.0024191 secs] 350316K->350312K(1048512K), 0.0025158 secs] [Times: user=0.00 sys=0.00, real=0.00 secs] 
9.789: [GC (Allocation Failure) 9.789: [DefNew: 448K->63K(448K), 0.0019514 secs] 350696K->350670K(1048512K), 0.0020298 secs] [Times: user=0.00 sys=0.00, real=0.00 secs] 
9.798: [GC (Allocation Failure) 9.798: [DefNew: 447K->64K(448K), 0.0016044 secs] 351054K->350972K(1048512K), 0.0016521 secs] [Times: user=0.00 sys=0.00, real=0.00 secs] 
9.808: [GC (Allocation Failure) 9.808: [DefNew: 448K->63K(448K), 0.0019034 secs] 351356K->351340K(1048512K), 0.0020077 secs] [Times: user=0.00 sys=0.00, real=0.00 secs] 
9.817: [GC (Allocation Failure) 9.817: [DefNew: 447K->63K(448K), 0.0018033 secs] 351724K->351690K(1048512K), 0.0018760 secs] [Times: user=0.01 sys=0.00, real=0.00 secs] 
9.826: [GC (Allocation Failure) 9.826: [DefNew: 447K->63K(448K), 0.0021012 secs] 352074K->352069K(1048512K), 0.0021760 secs] [Times: user=0.01 sys=0.00, real=0.00 secs] 
9.837: [GC (Allocation Failure) 9.837: [DefNew: 447K->63K(448K), 0.0019414 secs] 352453K->352447K(1048512K), 0.0020132 secs] [Times: user=0.00 sys=0.00, real=0.00 secs] 
9.847: [GC (Allocation Failure) 9.847: [DefNew: 447K->64K(448K), 0.0019511 secs] 352831K->352822K(1048512K), 0.0020292 secs] [Times: user=0.00 sys=0.00, real=0.00 secs] 
9.858: [GC (Allocation Failure) 9.858: [DefNew: 448K->63K(448K), 0.0019405 secs] 353206K->353196K(1048512K), 0.0020085 secs] [Times: user=0.00 sys=0.00, real=0.00 secs] 
9.869: [GC (Allocation Failure) 9.869: [DefNew: 447K->64K(448K), 0.0018444 secs] 353580K->353577K(1048512K), 0.0018923 secs] [Times: user=0.00 sys=0.00, real=0.00 secs] 
9.878: [GC (Allocation Failure) 9.878: [DefNew: 448K->64K(448K), 0.0019152 secs] 353961K->353959K(1048512K), 0.0019782 secs] [Times: user=0.01 sys=0.00, real=0.00 secs] 
9.889: [GC (Allocation Failure) 9.889: [DefNew: 448K->63K(448K), 0.0018227 secs] 354343K->354341K(1048512K), 0.0018964 secs] [Times: user=0.00 sys=0.00, real=0.00 secs] 
9.900: [GC (Allocation Failure) 9.901: [DefNew: 447K->63K(448K), 0.0023672 secs] 354725K->354720K(1048512K), 0.0024484 secs] [Times: user=0.00 sys=0.00, real=0.00 secs] 
9.910: [GC (Allocation Failure) 9.910: [DefNew: 447K->64K(448K), 0.0020125 secs] 355104K->355098K(1048512K), 0.0020735 secs] [Times: user=0.00 sys=0.00, real=0.00 secs] 
9.921: [GC (Allocation Failure) 9.921: [DefNew: 448K->64K(448K), 0.0018351 secs] 355482K->355477K(1048512K), 0.0019278 secs] [Times: user=0.00 sys=0.01, real=0.00 secs] 
9.932: [GC (Allocation Failure) 9.932: [DefNew: 448K->63K(448K), 0.0016666 secs] 355861K->355855K(1048512K), 0.0017209 secs] [Times: user=0.01 sys=0.00, real=0.00 secs] 
9.942: [GC (Allocation Failure) 9.942: [DefNew: 447K->63K(448K), 0.0017015 secs] 356239K->356234K(1048512K), 0.0017612 secs] [Times: user=0.00 sys=0.00, real=0.00 secs] 
9.952: [GC (Allocation Failure) 9.952: [DefNew: 447K->63K(448K), 0.0016860 secs] 356618K->356613K(1048512K), 0.0017416 secs] [Times: user=0.00 sys=0.00, real=0.00 secs] 
9.963: [GC (Allocation Failure) 9.963: [DefNew: 447K->63K(448K), 0.0022590 secs] 356997K->356992K(1048512K), 0.0023253 secs] [Times: user=0.00 sys=0.00, real=0.01 secs] 
9.973: [GC (Allocation Failure) 9.973: [DefNew: 447K->63K(448K), 0.0025558 secs] 357376K->357369K(1048512K), 0.0026773 secs] [Times: user=0.00 sys=0.00, real=0.01 secs] 
9.985: [GC (Allocation Failure) 9.985: [DefNew: 447K->63K(448K), 0.0028635 secs] 357753K->357748K(1048512K), 0.0029414 secs] [Times: user=0.00 sys=0.00, real=0.00 secs] 
9.997: [GC (Allocation Failure) 9.997: [DefNew: 447K->63K(448K), 0.0033091 secs] 358132K->358127K(1048512K), 0.0034092 secs] [Times: user=0.00 sys=0.00, real=0.00 secs] 
10.009: [GC (Allocation Failure) 10.009: [DefNew: 447K->63K(448K), 0.0025666 secs] 358511K->358505K(1048512K), 0.0026747 secs] [Times: user=0.01 sys=0.00, real=0.00 secs] 
10.020: [GC (Allocation Failure) 10.020: [DefNew: 447K->63K(448K), 0.0025656 secs] 358889K->358884K(1048512K), 0.0026484 secs] [Times: user=0.00 sys=0.00, real=0.00 secs] 
10.031: [GC (Allocation Failure) 10.031: [DefNew: 447K->64K(448K), 0.0026068 secs] 359268K->359264K(1048512K), 0.0026863 secs] [Times: user=0.00 sys=0.00, real=0.00 secs] 
10.044: [GC (Allocation Failure) 10.044: [DefNew: 448K->63K(448K), 0.0028029 secs] 359648K->359642K(1048512K), 0.0028825 secs] [Times: user=0.01 sys=0.00, real=0.01 secs] 
10.055: [GC (Allocation Failure) 10.055: [DefNew: 447K->63K(448K), 0.0030832 secs] 360026K->360021K(1048512K), 0.0031703 secs] [Times: user=0.00 sys=0.00, real=0.00 secs] 
10.066: [GC (Allocation Failure) 10.066: [DefNew: 447K->63K(448K), 0.0021215 secs] 360405K->360401K(1048512K), 0.0021805 secs] [Times: user=0.00 sys=0.00, real=0.00 secs] 
10.077: [GC (Allocation Failure) 10.077: [DefNew: 447K->64K(448K), 0.0023237 secs] 360784K->360776K(1048512K), 0.0024132 secs] [Times: user=0.00 sys=0.00, real=0.00 secs] 
10.089: [GC (Allocation Failure) 10.089: [DefNew: 448K->63K(448K), 0.0025862 secs] 361160K->361156K(1048512K), 0.0027002 secs] [Times: user=0.00 sys=0.00, real=0.00 secs] 
10.099: [GC (Allocation Failure) 10.099: [DefNew: 447K->63K(448K), 0.0020894 secs] 361540K->361536K(1048512K), 0.0021478 secs] [Times: user=0.00 sys=0.00, real=0.00 secs] 
10.110: [GC (Allocation Failure) 10.110: [DefNew: 447K->64K(448K), 0.0022375 secs] 361920K->361916K(1048512K), 0.0023360 secs] [Times: user=0.00 sys=0.00, real=0.00 secs] 
10.121: [GC (Allocation Failure) 10.121: [DefNew: 448K->64K(448K), 0.0024591 secs] 362300K->362293K(1048512K), 0.0025393 secs] [Times: user=0.01 sys=0.00, real=0.00 secs] 
10.132: [GC (Allocation Failure) 10.133: [DefNew: 448K->63K(448K), 0.0027058 secs] 362677K->362672K(1048512K), 0.0028009 secs] [Times: user=0.00 sys=0.00, real=0.01 secs] 
10.145: [GC (Allocation Failure) 10.145: [DefNew: 447K->64K(448K), 0.0026299 secs] 363056K->363052K(1048512K), 0.0027167 secs] [Times: user=0.00 sys=0.00, real=0.00 secs] 
10.157: [GC (Allocation Failure) 10.157: [DefNew: 448K->63K(448K), 0.0029076 secs] 363436K->363430K(1048512K), 0.0030877 secs] [Times: user=0.00 sys=0.00, real=0.00 secs] 
10.167: [GC (Allocation Failure) 10.167: [DefNew: 447K->63K(448K), 0.0023125 secs] 363814K->363809K(1048512K), 0.0023944 secs] [Times: user=0.01 sys=0.00, real=0.00 secs] 
10.179: [GC (Allocation Failure) 10.179: [DefNew: 447K->64K(448K), 0.0028063 secs] 364193K->364186K(1048512K), 0.0028854 secs] [Times: user=0.00 sys=0.00, real=0.00 secs] 
10.191: [GC (Allocation Failure) 10.191: [DefNew: 448K->63K(448K), 0.0027538 secs] 364570K->364566K(1048512K), 0.0028538 secs] [Times: user=0.00 sys=0.00, real=0.00 secs] 
10.203: [GC (Allocation Failure) 10.203: [DefNew: 447K->63K(448K), 0.0027849 secs] 364950K->364945K(1048512K), 0.0028744 secs] [Times: user=0.01 sys=0.00, real=0.01 secs] 
10.214: [GC (Allocation Failure) 10.214: [DefNew: 447K->63K(448K), 0.0022283 secs] 365329K->365324K(1048512K), 0.0022988 secs] [Times: user=0.00 sys=0.00, real=0.01 secs] 
10.225: [GC (Allocation Failure) 10.225: [DefNew: 447K->63K(448K), 0.0024838 secs] 365708K->365702K(1048512K), 0.0025632 secs] [Times: user=0.00 sys=0.00, real=0.00 secs] 
10.237: [GC (Allocation Failure) 10.237: [DefNew: 447K->63K(448K), 0.0025403 secs] 366086K->366081K(1048512K), 0.0026212 secs] [Times: user=0.00 sys=0.00, real=0.00 secs] 
10.249: [GC (Allocation Failure) 10.249: [DefNew: 447K->63K(448K), 0.0026126 secs] 366465K->366460K(1048512K), 0.0026968 secs] [Times: user=0.00 sys=0.00, real=0.00 secs] 
10.258: [GC (Allocation Failure) 10.258: [DefNew: 447K->63K(448K), 0.0020953 secs] 366844K->366839K(1048512K), 0.0021580 secs] [Times: user=0.00 sys=0.00, real=0.00 secs] 
10.270: [GC (Allocation Failure) 10.270: [DefNew: 447K->63K(448K), 0.0024119 secs] 367223K->367219K(1048512K), 0.0024873 secs] [Times: user=0.00 sys=0.00, real=0.00 secs] 
10.282: [GC (Allocation Failure) 10.282: [DefNew: 447K->64K(448K), 0.0030345 secs] 367602K->367595K(1048512K), 0.0031300 secs] [Times: user=0.01 sys=0.00, real=0.01 secs] 
10.293: [GC (Allocation Failure) 10.293: [DefNew: 448K->63K(448K), 0.0025286 secs] 367979K->367973K(1048512K), 0.0026034 secs] [Times: user=0.00 sys=0.00, real=0.01 secs] 
10.305: [GC (Allocation Failure) 10.305: [DefNew: 447K->63K(448K), 0.0023886 secs] 368357K->368353K(1048512K), 0.0024623 secs] [Times: user=0.00 sys=0.00, real=0.00 secs] 
10.315: [GC (Allocation Failure) 10.315: [DefNew: 447K->63K(448K), 0.0026346 secs] 368737K->368733K(1048512K), 0.0027051 secs] [Times: user=0.00 sys=0.00, real=0.00 secs] 
10.327: [GC (Allocation Failure) 10.327: [DefNew: 447K->63K(448K), 0.0024020 secs] 369117K->369111K(1048512K), 0.0024793 secs] [Times: user=0.00 sys=0.00, real=0.00 secs] 
10.338: [GC (Allocation Failure) 10.338: [DefNew: 447K->64K(448K), 0.0027849 secs] 369495K->369489K(1048512K), 0.0028640 secs] [Times: user=0.00 sys=0.00, real=0.00 secs] 
10.349: [GC (Allocation Failure) 10.349: [DefNew: 448K->63K(448K), 0.0025693 secs] 369873K->369868K(1048512K), 0.0026474 secs] [Times: user=0.00 sys=0.00, real=0.00 secs] 
10.361: [GC (Allocation Failure) 10.361: [DefNew: 447K->63K(448K), 0.0025740 secs] 370252K->370248K(1048512K), 0.0026581 secs] [Times: user=0.01 sys=0.00, real=0.00 secs] 
10.373: [GC (Allocation Failure) 10.373: [DefNew: 447K->63K(448K), 0.0025494 secs] 370632K->370626K(1048512K), 0.0026411 secs] [Times: user=0.00 sys=0.00, real=0.01 secs] 
10.384: [GC (Allocation Failure) 10.384: [DefNew: 447K->63K(448K), 0.0025081 secs] 371010K->371003K(1048512K), 0.0025897 secs] [Times: user=0.00 sys=0.00, real=0.01 secs] 
10.397: [GC (Allocation Failure) 10.397: [DefNew: 447K->63K(448K), 0.0027409 secs] 371387K->371382K(1048512K), 0.0028328 secs] [Times: user=0.01 sys=0.00, real=0.00 secs] 
10.409: [GC (Allocation Failure) 10.409: [DefNew: 447K->64K(448K), 0.0025764 secs] 371766K->371762K(1048512K), 0.0026720 secs] [Times: user=0.00 sys=0.00, real=0.00 secs] 
10.420: [GC (Allocation Failure) 10.420: [DefNew: 448K->64K(448K), 0.0025150 secs] 372146K->372142K(1048512K), 0.0025982 secs] [Times: user=0.00 sys=0.00, real=0.00 secs] 
10.432: [GC (Allocation Failure) 10.432: [DefNew: 448K->63K(448K), 0.0025333 secs] 372526K->372520K(1048512K), 0.0026101 secs] [Times: user=0.00 sys=0.00, real=0.01 secs] 
10.445: [GC (Allocation Failure) 10.445: [DefNew: 447K->63K(448K), 0.0025768 secs] 372904K->372898K(1048512K), 0.0026672 secs] [Times: user=0.01 sys=0.00, real=0.00 secs] 
10.456: [GC (Allocation Failure) 10.456: [DefNew: 447K->63K(448K), 0.0025402 secs] 373282K->373278K(1048512K), 0.0026232 secs] [Times: user=0.00 sys=0.00, real=0.00 secs] 
10.468: [GC (Allocation Failure) 10.468: [DefNew: 447K->63K(448K), 0.0025745 secs] 373662K->373658K(1048512K), 0.0026587 secs] [Times: user=0.00 sys=0.00, real=0.00 secs] 
10.478: [GC (Allocation Failure) 10.478: [DefNew: 447K->63K(448K), 0.0025308 secs] 374042K->374036K(1048512K), 0.0026155 secs] [Times: user=0.01 sys=0.00, real=0.00 secs] 
10.490: [GC (Allocation Failure) 10.490: [DefNew: 447K->63K(448K), 0.0025482 secs] 374420K->374412K(1048512K), 0.0026339 secs] [Times: user=0.00 sys=0.00, real=0.00 secs] 
10.502: [GC (Allocation Failure) 10.502: [DefNew: 447K->64K(448K), 0.0026250 secs] 374796K->374791K(1048512K), 0.0027044 secs] [Times: user=0.00 sys=0.00, real=0.01 secs] 
10.513: [GC (Allocation Failure) 10.513: [DefNew: 448K->63K(448K), 0.0025449 secs] 375175K->375172K(1048512K), 0.0026240 secs] [Times: user=0.00 sys=0.00, real=0.01 secs] 
10.525: [GC (Allocation Failure) 10.525: [DefNew: 447K->64K(448K), 0.0026531 secs] 375556K->375552K(1048512K), 0.0027337 secs] [Times: user=0.01 sys=0.00, real=0.00 secs] 
10.536: [GC (Allocation Failure) 10.536: [DefNew: 448K->64K(448K), 0.0020567 secs] 375936K->375930K(1048512K), 0.0021210 secs] [Times: user=0.00 sys=0.00, real=0.00 secs] 
10.547: [GC (Allocation Failure) 10.547: [DefNew: 448K->64K(448K), 0.0025094 secs] 376314K->376308K(1048512K), 0.0025834 secs] [Times: user=0.00 sys=0.00, real=0.00 secs] 
10.559: [GC (Allocation Failure) 10.559: [DefNew: 448K->64K(448K), 0.0026599 secs] 376692K->376687K(1048512K), 0.0027616 secs] [Times: user=0.01 sys=0.00, real=0.00 secs] 
10.572: [GC (Allocation Failure) 10.572: [DefNew: 448K->63K(448K), 0.0025935 secs] 377071K->377067K(1048512K), 0.0026752 secs] [Times: user=0.00 sys=0.00, real=0.01 secs] 
10.581: [GC (Allocation Failure) 10.582: [DefNew: 447K->64K(448K), 0.0022188 secs] 377451K->377445K(1048512K), 0.0023094 secs] [Times: user=0.00 sys=0.00, real=0.00 secs] 
10.593: [GC (Allocation Failure) 10.593: [DefNew: 448K->63K(448K), 0.0024883 secs] 377829K->377821K(1048512K), 0.0025637 secs] [Times: user=0.00 sys=0.00, real=0.01 secs] 
10.604: [GC (Allocation Failure) 10.604: [DefNew: 447K->64K(448K), 0.0029513 secs] 378205K->378201K(1048512K), 0.0030353 secs] [Times: user=0.01 sys=0.00, real=0.01 secs] 
10.617: [GC (Allocation Failure) 10.617: [DefNew: 448K->63K(448K), 0.0024693 secs] 378585K->378581K(1048512K), 0.0025449 secs] [Times: user=0.00 sys=0.00, real=0.00 secs] 
10.628: [GC (Allocation Failure) 10.628: [DefNew: 447K->63K(448K), 0.0027915 secs] 378965K->378961K(1048512K), 0.0028831 secs] [Times: user=0.00 sys=0.00, real=0.00 secs] 
10.639: [GC (Allocation Failure) 10.639: [DefNew: 447K->63K(448K), 0.0026688 secs] 379345K->379339K(1048512K), 0.0027556 secs] [Times: user=0.01 sys=0.00, real=0.00 secs] 
10.652: [GC (Allocation Failure) 10.668: [DefNew: 447K->63K(448K), 0.0028160 secs] 379723K->379717K(1048512K), 0.0196309 secs] [Times: user=0.00 sys=0.00, real=0.02 secs] 
10.680: [GC (Allocation Failure) 10.680: [DefNew: 447K->64K(448K), 0.0026342 secs] 380101K->380096K(1048512K), 0.0027052 secs] [Times: user=0.00 sys=0.00, real=0.00 secs] 
10.691: [GC (Allocation Failure) 10.691: [DefNew: 448K->63K(448K), 0.0030338 secs] 380480K->380476K(1048512K), 0.0031095 secs] [Times: user=0.01 sys=0.00, real=0.00 secs] 
10.703: [GC (Allocation Failure) 10.703: [DefNew: 447K->64K(448K), 0.0028326 secs] 380860K->380852K(1048512K), 0.0029181 secs] [Times: user=0.00 sys=0.00, real=0.01 secs] 
10.715: [GC (Allocation Failure) 10.715: [DefNew: 448K->63K(448K), 0.0027252 secs] 381236K->381231K(1048512K), 0.0028096 secs] [Times: user=0.00 sys=0.00, real=0.00 secs] 
10.726: [GC (Allocation Failure) 10.726: [DefNew: 447K->63K(448K), 0.0022185 secs] 381615K->381611K(1048512K), 0.0022879 secs] [Times: user=0.00 sys=0.00, real=0.00 secs] 
10.737: [GC (Allocation Failure) 10.737: [DefNew: 447K->63K(448K), 0.0024607 secs] 381995K->381990K(1048512K), 0.0025470 secs] [Times: user=0.01 sys=0.00, real=0.00 secs] 
10.749: [GC (Allocation Failure) 10.749: [DefNew: 447K->63K(448K), 0.0025278 secs] 382374K->382368K(1048512K), 0.0026142 secs] [Times: user=0.00 sys=0.00, real=0.00 secs] 
10.759: [GC (Allocation Failure) 10.759: [DefNew: 447K->63K(448K), 0.0022676 secs] 382752K->382747K(1048512K), 0.0023339 secs] [Times: user=0.00 sys=0.00, real=0.00 secs] 
10.770: [GC (Allocation Failure) 10.785: [DefNew: 447K->64K(448K), 0.0029139 secs] 383131K->383126K(1048512K), 0.0181053 secs] [Times: user=0.00 sys=0.00, real=0.02 secs] 
10.795: [GC (Allocation Failure) 10.795: [DefNew: 448K->64K(448K), 0.0021447 secs] 383510K->383407K(1048512K), 0.0022621 secs] [Times: user=0.01 sys=0.00, real=0.00 secs] 
10.804: [GC (Allocation Failure) 10.804: [DefNew: 448K->63K(448K), 0.0016276 secs] 383791K->383788K(1048512K), 0.0016777 secs] [Times: user=0.00 sys=0.00, real=0.01 secs] 
10.814: [GC (Allocation Failure) 10.814: [DefNew: 447K->63K(448K), 0.0019134 secs] 384171K->384138K(1048512K), 0.0019954 secs] [Times: user=0.00 sys=0.00, real=0.01 secs] 
10.824: [GC (Allocation Failure) 10.824: [DefNew: 447K->63K(448K), 0.0025254 secs] 384522K->384516K(1048512K), 0.0026063 secs] [Times: user=0.01 sys=0.00, real=0.01 secs] 
10.836: [GC (Allocation Failure) 10.836: [DefNew: 447K->63K(448K), 0.0026183 secs] 384900K->384892K(1048512K), 0.0027169 secs] [Times: user=0.00 sys=0.01, real=0.00 secs] 
10.846: [GC (Allocation Failure) 10.846: [DefNew: 447K->64K(448K), 0.0025101 secs] 385276K->385266K(1048512K), 0.0026095 secs] [Times: user=0.00 sys=0.00, real=0.00 secs] 
10.857: [GC (Allocation Failure) 10.858: [DefNew: 448K->63K(448K), 0.0023854 secs] 385650K->385642K(1048512K), 0.0024436 secs] [Times: user=0.00 sys=0.00, real=0.00 secs] 
10.870: [GC (Allocation Failure) 10.870: [DefNew: 447K->64K(448K), 0.0032132 secs] 386026K->386025K(1048512K), 0.0033151 secs] [Times: user=0.01 sys=0.00, real=0.00 secs] 
10.881: [GC (Allocation Failure) 10.882: [DefNew: 448K->63K(448K), 0.0027091 secs] 386409K->386407K(1048512K), 0.0028084 secs] [Times: user=0.00 sys=0.00, real=0.00 secs] 
10.894: [GC (Allocation Failure) 10.894: [DefNew: 447K->63K(448K), 0.0025755 secs] 386791K->386787K(1048512K), 0.0026615 secs] [Times: user=0.00 sys=0.00, real=0.01 secs] 
10.907: [GC (Allocation Failure) 10.907: [DefNew: 447K->63K(448K), 0.0026000 secs] 387171K->387164K(1048512K), 0.0026878 secs] [Times: user=0.01 sys=0.00, real=0.00 secs] 
10.918: [GC (Allocation Failure) 10.918: [DefNew: 447K->63K(448K), 0.0027877 secs] 387548K->387544K(1048512K), 0.0028656 secs] [Times: user=0.00 sys=0.00, real=0.00 secs] 
10.929: [GC (Allocation Failure) 10.930: [DefNew: 447K->63K(448K), 0.0025158 secs] 387928K->387924K(1048512K), 0.0026359 secs] [Times: user=0.00 sys=0.00, real=0.00 secs] 
10.941: [GC (Allocation Failure) 10.941: [DefNew: 447K->63K(448K), 0.0026347 secs] 388308K->388303K(1048512K), 0.0027496 secs] [Times: user=0.01 sys=0.00, real=0.00 secs] 
10.952: [GC (Allocation Failure) 10.952: [DefNew: 447K->63K(448K), 0.0034403 secs] 388687K->388682K(1048512K), 0.0035352 secs] [Times: user=0.00 sys=0.00, real=0.01 secs] 
10.964: [GC (Allocation Failure) 10.964: [DefNew: 447K->63K(448K), 0.0022330 secs] 389066K->389061K(1048512K), 0.0023134 secs] [Times: user=0.00 sys=0.00, real=0.01 secs] 
10.976: [GC (Allocation Failure) 10.976: [DefNew: 447K->63K(448K), 0.0030537 secs] 389445K->389439K(1048512K), 0.0031661 secs] [Times: user=0.00 sys=0.00, real=0.00 secs] 
10.987: [GC (Allocation Failure) 10.987: [DefNew: 447K->63K(448K), 0.0029556 secs] 389823K->389818K(1048512K), 0.0030433 secs] [Times: user=0.00 sys=0.00, real=0.00 secs] 
10.999: [GC (Allocation Failure) 10.999: [DefNew: 447K->63K(448K), 0.0027888 secs] 390202K->390197K(1048512K), 0.0028918 secs] [Times: user=0.00 sys=0.00, real=0.00 secs] 
11.011: [GC (Allocation Failure) 11.011: [DefNew: 447K->63K(448K), 0.0027622 secs] 390581K->390574K(1048512K), 0.0028780 secs] [Times: user=0.00 sys=0.00, real=0.00 secs] 
11.023: [GC (Allocation Failure) 11.023: [DefNew: 447K->63K(448K), 0.0021171 secs] 390958K->390952K(1048512K), 0.0021997 secs] [Times: user=0.01 sys=0.00, real=0.01 secs] 
11.034: [GC (Allocation Failure) 11.034: [DefNew: 447K->63K(448K), 0.0018586 secs] 391336K->391332K(1048512K), 0.0019079 secs] [Times: user=0.00 sys=0.00, real=0.01 secs] 
11.043: [GC (Allocation Failure) 11.043: [DefNew: 447K->64K(448K), 0.0021691 secs] 391716K->391710K(1048512K), 0.0022350 secs] [Times: user=0.00 sys=0.00, real=0.01 secs] 
11.055: [GC (Allocation Failure) 11.055: [DefNew: 448K->64K(448K), 0.0024938 secs] 392094K->392089K(1048512K), 0.0025591 secs] [Times: user=0.00 sys=0.00, real=0.00 secs] 
11.067: [GC (Allocation Failure) 11.067: [DefNew: 448K->63K(448K), 0.0023981 secs] 392473K->392469K(1048512K), 0.0024562 secs] [Times: user=0.01 sys=0.00, real=0.00 secs] 
11.078: [GC (Allocation Failure) 11.078: [DefNew: 447K->63K(448K), 0.0029786 secs] 392853K->392847K(1048512K), 0.0030737 secs] [Times: user=0.00 sys=0.01, real=0.00 secs] 
11.089: [GC (Allocation Failure) 11.089: [DefNew: 447K->63K(448K), 0.0027204 secs] 393231K->393226K(1048512K), 0.0028165 secs] [Times: user=0.00 sys=0.00, real=0.00 secs] 
11.100: [GC (Allocation Failure) 11.101: [DefNew: 447K->64K(448K), 0.0020505 secs] 393610K->393605K(1048512K), 0.0021029 secs] [Times: user=0.00 sys=0.00, real=0.00 secs] 
11.110: [GC (Allocation Failure) 11.110: [DefNew: 447K->63K(448K), 0.0024852 secs] 393989K->393981K(1048512K), 0.0025444 secs] [Times: user=0.00 sys=0.00, real=0.00 secs] 
11.123: [GC (Allocation Failure) 11.123: [DefNew: 447K->63K(448K), 0.0025164 secs] 394365K->394361K(1048512K), 0.0026015 secs] [Times: user=0.00 sys=0.00, real=0.01 secs] 
11.134: [GC (Allocation Failure) 11.134: [DefNew: 447K->63K(448K), 0.0027177 secs] 394745K->394741K(1048512K), 0.0028231 secs] [Times: user=0.00 sys=0.00, real=0.01 secs] 
11.146: [GC (Allocation Failure) 11.146: [DefNew: 447K->64K(448K), 0.0026667 secs] 395125K->395121K(1048512K), 0.0027444 secs] [Times: user=0.01 sys=0.00, real=0.00 secs] 
11.158: [GC (Allocation Failure) 11.158: [DefNew: 448K->64K(448K), 0.0025531 secs] 395505K->395498K(1048512K), 0.0026325 secs] [Times: user=0.00 sys=0.00, real=0.00 secs] 
11.169: [GC (Allocation Failure) 11.169: [DefNew: 448K->63K(448K), 0.0026740 secs] 395882K->395877K(1048512K), 0.0027809 secs] [Times: user=0.00 sys=0.00, real=0.00 secs] 
11.181: [GC (Allocation Failure) 11.181: [DefNew: 447K->64K(448K), 0.0025109 secs] 396261K->396257K(1048512K), 0.0025847 secs] [Times: user=0.00 sys=0.00, real=0.00 secs] 
11.194: [GC (Allocation Failure) 11.194: [DefNew: 448K->63K(448K), 0.0027538 secs] 396641K->396635K(1048512K), 0.0028371 secs] [Times: user=0.00 sys=0.00, real=0.01 secs] 
11.205: [GC (Allocation Failure) 11.205: [DefNew: 447K->63K(448K), 0.0025435 secs] 397019K->397014K(1048512K), 0.0026113 secs] [Times: user=0.00 sys=0.00, real=0.00 secs] 
11.216: [GC (Allocation Failure) 11.216: [DefNew: 447K->63K(448K), 0.0025138 secs] 397398K->397391K(1048512K), 0.0025906 secs] [Times: user=0.00 sys=0.00, real=0.00 secs] 
11.228: [GC (Allocation Failure) 11.228: [DefNew: 447K->64K(448K), 0.0029788 secs] 397775K->397770K(1048512K), 0.0030590 secs] [Times: user=0.01 sys=0.00, real=0.00 secs] 
11.240: [GC (Allocation Failure) 11.240: [DefNew: 448K->64K(448K), 0.0025282 secs] 398154K->398150K(1048512K), 0.0026031 secs] [Times: user=0.00 sys=0.00, real=0.00 secs] 
11.251: [GC (Allocation Failure) 11.251: [DefNew: 448K->63K(448K), 0.0025930 secs] 398534K->398528K(1048512K), 0.0026725 secs] [Times: user=0.00 sys=0.00, real=0.00 secs] 
11.263: [GC (Allocation Failure) 11.264: [DefNew: 447K->63K(448K), 0.0028410 secs] 398912K->398906K(1048512K), 0.0029206 secs] [Times: user=0.01 sys=0.00, real=0.01 secs] 
11.275: [GC (Allocation Failure) 11.275: [DefNew: 447K->63K(448K), 0.0027106 secs] 399290K->399286K(1048512K), 0.0027878 secs] [Times: user=0.00 sys=0.00, real=0.00 secs] 
11.287: [GC (Allocation Failure) 11.287: [DefNew: 447K->63K(448K), 0.0026635 secs] 399670K->399664K(1048512K), 0.0027439 secs] [Times: user=0.00 sys=0.00, real=0.00 secs] 
11.298: [GC (Allocation Failure) 11.298: [DefNew: 447K->63K(448K), 0.0025933 secs] 400048K->400044K(1048512K), 0.0026750 secs] [Times: user=0.01 sys=0.00, real=0.00 secs] 
11.311: [GC (Allocation Failure) 11.311: [DefNew: 447K->63K(448K), 0.0029380 secs] 400428K->400424K(1048512K), 0.0030224 secs] [Times: user=0.00 sys=0.01, real=0.00 secs] 
11.323: [GC (Allocation Failure) 11.323: [DefNew: 447K->64K(448K), 0.0025618 secs] 400807K->400799K(1048512K), 0.0027035 secs] [Times: user=0.00 sys=0.00, real=0.01 secs] 
11.333: [GC (Allocation Failure) 11.333: [DefNew: 448K->63K(448K), 0.0022725 secs] 401183K->401178K(1048512K), 0.0023486 secs] [Times: user=0.00 sys=0.00, real=0.01 secs] 
11.344: [GC (Allocation Failure) 11.344: [DefNew: 447K->63K(448K), 0.0025884 secs] 401562K->401558K(1048512K), 0.0026708 secs] [Times: user=0.01 sys=0.00, real=0.01 secs] 
11.356: [GC (Allocation Failure) 11.356: [DefNew: 447K->63K(448K), 0.0025567 secs] 401942K->401938K(1048512K), 0.0026437 secs] [Times: user=0.00 sys=0.00, real=0.00 secs] 
11.367: [GC (Allocation Failure) 11.367: [DefNew: 447K->63K(448K), 0.0025442 secs] 402322K->402316K(1048512K), 0.0026242 secs] [Times: user=0.00 sys=0.00, real=0.00 secs] 
11.380: [GC (Allocation Failure) 11.380: [DefNew: 447K->64K(448K), 0.0027399 secs] 402700K->402694K(1048512K), 0.0028236 secs] [Times: user=0.01 sys=0.00, real=0.00 secs] 
11.393: [GC (Allocation Failure) 11.393: [DefNew: 448K->63K(448K), 0.0029406 secs] 403078K->403073K(1048512K), 0.0030215 secs] [Times: user=0.00 sys=0.00, real=0.01 secs] 
11.404: [GC (Allocation Failure) 11.404: [DefNew: 447K->64K(448K), 0.0027448 secs] 403457K->403453K(1048512K), 0.0028228 secs] [Times: user=0.00 sys=0.00, real=0.01 secs] 
11.416: [GC (Allocation Failure) 11.416: [DefNew: 448K->63K(448K), 0.0024344 secs] 403837K->403831K(1048512K), 0.0025250 secs] [Times: user=0.01 sys=0.00, real=0.00 secs] 
11.427: [GC (Allocation Failure) 11.427: [DefNew: 447K->63K(448K), 0.0028626 secs] 404215K->404208K(1048512K), 0.0029441 secs] [Times: user=0.00 sys=0.00, real=0.00 secs] 
11.439: [GC (Allocation Failure) 11.439: [DefNew: 447K->64K(448K), 0.0025750 secs] 404592K->404587K(1048512K), 0.0026512 secs] [Times: user=0.00 sys=0.00, real=0.00 secs] 
11.451: [GC (Allocation Failure) 11.451: [DefNew: 448K->63K(448K), 0.0025819 secs] 404971K->404967K(1048512K), 0.0026645 secs] [Times: user=0.00 sys=0.00, real=0.00 secs] 
11.461: [GC (Allocation Failure) 11.461: [DefNew: 447K->63K(448K), 0.0026413 secs] 405351K->405347K(1048512K), 0.0027170 secs] [Times: user=0.00 sys=0.00, real=0.00 secs] 
11.473: [GC (Allocation Failure) 11.473: [DefNew: 447K->64K(448K), 0.0024981 secs] 405731K->405725K(1048512K), 0.0025760 secs] [Times: user=0.00 sys=0.00, real=0.01 secs] 
11.486: [GC (Allocation Failure) 11.486: [DefNew: 448K->63K(448K), 0.0027952 secs] 406109K->406103K(1048512K), 0.0028774 secs] [Times: user=0.00 sys=0.00, real=0.00 secs] 
11.497: [GC (Allocation Failure) 11.497: [DefNew: 447K->64K(448K), 0.0027277 secs] 406487K->406483K(1048512K), 0.0028450 secs] [Times: user=0.01 sys=0.00, real=0.00 secs] 
11.509: [GC (Allocation Failure) 11.509: [DefNew: 448K->63K(448K), 0.0020739 secs] 406867K->406862K(1048512K), 0.0021383 secs] [Times: user=0.00 sys=0.00, real=0.00 secs] 
11.520: [GC (Allocation Failure) 11.520: [DefNew: 447K->63K(448K), 0.0022013 secs] 407246K->407240K(1048512K), 0.0022539 secs] [Times: user=0.00 sys=0.00, real=0.00 secs] 
11.531: [GC (Allocation Failure) 11.531: [DefNew: 447K->64K(448K), 0.0028209 secs] 407624K->407617K(1048512K), 0.0029203 secs] [Times: user=0.01 sys=0.00, real=0.00 secs] 
11.543: [GC (Allocation Failure) 11.544: [DefNew: 448K->64K(448K), 0.0026857 secs] 408001K->407996K(1048512K), 0.0027723 secs] [Times: user=0.00 sys=0.01, real=0.01 secs] 
11.556: [GC (Allocation Failure) 11.556: [DefNew: 448K->63K(448K), 0.0028337 secs] 408380K->408377K(1048512K), 0.0029119 secs] [Times: user=0.00 sys=0.00, real=0.00 secs] 
11.567: [GC (Allocation Failure) 11.567: [DefNew: 447K->64K(448K), 0.0026103 secs] 408761K->408756K(1048512K), 0.0026672 secs] [Times: user=0.00 sys=0.00, real=0.00 secs] 
11.580: [GC (Allocation Failure) 11.580: [DefNew: 448K->64K(448K), 0.0028117 secs] 409140K->409134K(1048512K), 0.0028920 secs] [Times: user=0.01 sys=0.00, real=0.00 secs] 
11.591: [GC (Allocation Failure) 11.591: [DefNew: 448K->64K(448K), 0.0025766 secs] 409518K->409513K(1048512K), 0.0026619 secs] [Times: user=0.00 sys=0.00, real=0.00 secs] 
11.603: [GC (Allocation Failure) 11.604: [DefNew: 448K->64K(448K), 0.0027588 secs] 409897K->409892K(1048512K), 0.0028513 secs] [Times: user=0.00 sys=0.00, real=0.01 secs] 
11.615: [GC (Allocation Failure) 11.615: [DefNew: 448K->63K(448K), 0.0020944 secs] 410276K->410272K(1048512K), 0.0021625 secs] [Times: user=0.01 sys=0.00, real=0.00 secs] 
11.625: [GC (Allocation Failure) 11.626: [DefNew: 447K->63K(448K), 0.0025172 secs] 410656K->410650K(1048512K), 0.0026042 secs] [Times: user=0.00 sys=0.00, real=0.00 secs] 
11.638: [GC (Allocation Failure) 11.638: [DefNew: 447K->64K(448K), 0.0026516 secs] 411034K->411026K(1048512K), 0.0027365 secs] [Times: user=0.00 sys=0.00, real=0.00 secs] 
11.651: [GC (Allocation Failure) 11.651: [DefNew: 448K->64K(448K), 0.0029092 secs] 411410K->411405K(1048512K), 0.0029926 secs] [Times: user=0.01 sys=0.00, real=0.00 secs] 
11.662: [GC (Allocation Failure) 11.662: [DefNew: 448K->63K(448K), 0.0019409 secs] 411789K->411786K(1048512K), 0.0020028 secs] [Times: user=0.00 sys=0.00, real=0.00 secs] 
11.674: [GC (Allocation Failure) 11.674: [DefNew: 447K->63K(448K), 0.0028154 secs] 412170K->412166K(1048512K), 0.0028924 secs] [Times: user=0.00 sys=0.00, real=0.01 secs] 
11.687: [GC (Allocation Failure) 11.687: [DefNew: 447K->63K(448K), 0.0027219 secs] 412550K->412544K(1048512K), 0.0028130 secs] [Times: user=0.00 sys=0.00, real=0.00 secs] 
11.698: [GC (Allocation Failure) 11.698: [DefNew: 447K->64K(448K), 0.0025780 secs] 412928K->412922K(1048512K), 0.0026595 secs] [Times: user=0.01 sys=0.00, real=0.00 secs] 
11.711: [GC (Allocation Failure) 11.711: [DefNew: 448K->64K(448K), 0.0026927 secs] 413306K->413301K(1048512K), 0.0027740 secs] [Times: user=0.00 sys=0.00, real=0.00 secs] 
11.723: [GC (Allocation Failure) 11.723: [DefNew: 448K->63K(448K), 0.0024573 secs] 413685K->413681K(1048512K), 0.0025383 secs] [Times: user=0.00 sys=0.00, real=0.01 secs] 
11.735: [GC (Allocation Failure) 11.735: [DefNew: 447K->64K(448K), 0.0025175 secs] 414065K->414057K(1048512K), 0.0025925 secs] [Times: user=0.01 sys=0.00, real=0.00 secs] 
11.748: [GC (Allocation Failure) 11.748: [DefNew: 448K->63K(448K), 0.0028329 secs] 414441K->414436K(1048512K), 0.0029132 secs] [Times: user=0.00 sys=0.00, real=0.00 secs] 
11.759: [GC (Allocation Failure) 11.759: [DefNew: 447K->64K(448K), 0.0027886 secs] 414820K->414815K(1048512K), 0.0028789 secs] [Times: user=0.00 sys=0.00, real=0.00 secs] 
11.771: [GC (Allocation Failure) 11.771: [DefNew: 448K->63K(448K), 0.0026695 secs] 415199K->415195K(1048512K), 0.0027467 secs] [Times: user=0.01 sys=0.00, real=0.00 secs] 
11.783: [GC (Allocation Failure) 11.783: [DefNew: 447K->63K(448K), 0.0027219 secs] 415579K->415573K(1048512K), 0.0028081 secs] [Times: user=0.00 sys=0.00, real=0.01 secs] 
11.792: [GC (Allocation Failure) 11.793: [DefNew: 447K->63K(448K), 0.0022542 secs] 415957K->415855K(1048512K), 0.0023347 secs] [Times: user=0.00 sys=0.00, real=0.01 secs] 
11.803: [GC (Allocation Failure) 11.803: [DefNew: 447K->63K(448K), 0.0025892 secs] 416239K->416230K(1048512K), 0.0026811 secs] [Times: user=0.00 sys=0.00, real=0.01 secs] 
11.814: [GC (Allocation Failure) 11.814: [DefNew: 447K->63K(448K), 0.0020483 secs] 416614K->416609K(1048512K), 0.0021191 secs] [Times: user=0.01 sys=0.00, real=0.01 secs] 
11.824: [GC (Allocation Failure) 11.824: [DefNew: 447K->64K(448K), 0.0022237 secs] 416993K->416956K(1048512K), 0.0022980 secs] [Times: user=0.00 sys=0.00, real=0.01 secs] 
11.836: [GC (Allocation Failure) 11.836: [DefNew: 448K->63K(448K), 0.0026079 secs] 417340K->417333K(1048512K), 0.0026898 secs] [Times: user=0.00 sys=0.00, real=0.00 secs] 
11.847: [GC (Allocation Failure) 11.847: [DefNew: 447K->63K(448K), 0.0029153 secs] 417717K->417709K(1048512K), 0.0029944 secs] [Times: user=0.00 sys=0.00, real=0.00 secs] 
11.859: [GC (Allocation Failure) 11.859: [DefNew: 447K->64K(448K), 0.0025983 secs] 418093K->418084K(1048512K), 0.0026795 secs] [Times: user=0.00 sys=0.00, real=0.00 secs] 
11.869: [GC (Allocation Failure) 11.869: [DefNew: 448K->64K(448K), 0.0024514 secs] 418468K->418461K(1048512K), 0.0025250 secs] [Times: user=0.00 sys=0.00, real=0.00 secs] 
11.881: [GC (Allocation Failure) 11.881: [DefNew: 447K->63K(448K), 0.0027189 secs] 418844K->418844K(1048512K), 0.0027967 secs] [Times: user=0.01 sys=0.00, real=0.00 secs] 
11.894: [GC (Allocation Failure) 11.894: [DefNew: 447K->64K(448K), 0.0028598 secs] 419228K->419223K(1048512K), 0.0029461 secs] [Times: user=0.00 sys=0.00, real=0.01 secs] 
11.905: [GC (Allocation Failure) 11.905: [DefNew: 448K->64K(448K), 0.0028485 secs] 419607K->419604K(1048512K), 0.0029497 secs] [Times: user=0.00 sys=0.00, real=0.00 secs] 
11.918: [GC (Allocation Failure) 11.918: [DefNew: 448K->63K(448K), 0.0025728 secs] 419988K->419983K(1048512K), 0.0026551 secs] [Times: user=0.01 sys=0.00, real=0.00 secs] 
11.931: [GC (Allocation Failure) 11.931: [DefNew: 447K->64K(448K), 0.0028636 secs] 420367K->420363K(1048512K), 0.0029614 secs] [Times: user=0.00 sys=0.00, real=0.00 secs] 
11.942: [GC (Allocation Failure) 11.942: [DefNew: 448K->63K(448K), 0.0025756 secs] 420747K->420741K(1048512K), 0.0026568 secs] [Times: user=0.00 sys=0.00, real=0.00 secs] 
11.954: [GC (Allocation Failure) 11.954: [DefNew: 447K->64K(448K), 0.0026948 secs] 421125K->421117K(1048512K), 0.0027782 secs] [Times: user=0.01 sys=0.00, real=0.01 secs] 
11.966: [GC (Allocation Failure) 11.966: [DefNew: 448K->63K(448K), 0.0026805 secs] 421501K->421497K(1048512K), 0.0027619 secs] [Times: user=0.00 sys=0.00, real=0.00 secs] 
11.976: [GC (Allocation Failure) 11.976: [DefNew: 447K->63K(448K), 0.0027523 secs] 421881K->421876K(1048512K), 0.0028441 secs] [Times: user=0.00 sys=0.00, real=0.00 secs] 
11.988: [GC (Allocation Failure) 11.988: [DefNew: 447K->63K(448K), 0.0027491 secs] 422260K->422256K(1048512K), 0.0028317 secs] [Times: user=0.01 sys=0.00, real=0.00 secs] 
12.000: [GC (Allocation Failure) 12.000: [DefNew: 447K->63K(448K), 0.0023916 secs] 422640K->422636K(1048512K), 0.0024657 secs] [Times: user=0.00 sys=0.00, real=0.00 secs] 
12.011: [GC (Allocation Failure) 12.011: [DefNew: 447K->64K(448K), 0.0028224 secs] 423020K->423013K(1048512K), 0.0029109 secs] [Times: user=0.00 sys=0.00, real=0.00 secs] 
12.023: [GC (Allocation Failure) 12.023: [DefNew: 448K->64K(448K), 0.0023798 secs] 423397K->423392K(1048512K), 0.0024577 secs] [Times: user=0.00 sys=0.00, real=0.01 secs] 
12.035: [GC (Allocation Failure) 12.035: [DefNew: 448K->63K(448K), 0.0026109 secs] 423776K->423772K(1048512K), 0.0026881 secs] [Times: user=0.01 sys=0.00, real=0.00 secs] 
12.047: [GC (Allocation Failure) 12.047: [DefNew: 447K->63K(448K), 0.0026343 secs] 424156K->424150K(1048512K), 0.0027305 secs] [Times: user=0.00 sys=0.00, real=0.00 secs] 
12.059: [GC (Allocation Failure) 12.059: [DefNew: 447K->64K(448K), 0.0023565 secs] 424534K->424526K(1048512K), 0.0024338 secs] [Times: user=0.00 sys=0.00, real=0.00 secs] 
12.069: [GC (Allocation Failure) 12.069: [DefNew: 448K->63K(448K), 0.0025107 secs] 424910K->424906K(1048512K), 0.0025925 secs] [Times: user=0.01 sys=0.00, real=0.00 secs] 
12.081: [GC (Allocation Failure) 12.081: [DefNew: 447K->63K(448K), 0.0028576 secs] 425290K->425285K(1048512K), 0.0029327 secs] [Times: user=0.00 sys=0.00, real=0.00 secs] 
12.093: [GC (Allocation Failure) 12.093: [DefNew: 447K->64K(448K), 0.0027220 secs] 425669K->425665K(1048512K), 0.0028178 secs] [Times: user=0.00 sys=0.00, real=0.01 secs] 
12.103: [GC (Allocation Failure) 12.103: [DefNew: 448K->63K(448K), 0.0021891 secs] 426049K->426044K(1048512K), 0.0022588 secs] [Times: user=0.00 sys=0.00, real=0.01 secs] 
12.115: [GC (Allocation Failure) 12.115: [DefNew: 447K->64K(448K), 0.0024816 secs] 426428K->426422K(1048512K), 0.0025609 secs] [Times: user=0.01 sys=0.00, real=0.00 secs] 
12.127: [GC (Allocation Failure) 12.127: [DefNew: 448K->63K(448K), 0.0025282 secs] 426806K->426801K(1048512K), 0.0026105 secs] [Times: user=0.00 sys=0.00, real=0.00 secs] 
12.137: [GC (Allocation Failure) 12.137: [DefNew: 447K->63K(448K), 0.0026196 secs] 427185K->427180K(1048512K), 0.0027019 secs] [Times: user=0.00 sys=0.00, real=0.00 secs] 
12.149: [GC (Allocation Failure) 12.150: [DefNew: 447K->63K(448K), 0.0026717 secs] 427564K->427559K(1048512K), 0.0027523 secs] [Times: user=0.01 sys=0.00, real=0.00 secs] 
12.160: [GC (Allocation Failure) 12.160: [DefNew: 447K->63K(448K), 0.0021388 secs] 427943K->427935K(1048512K), 0.0021951 secs] [Times: user=0.00 sys=0.00, real=0.00 secs] 
12.172: [GC (Allocation Failure) 12.172: [DefNew: 447K->63K(448K), 0.0026050 secs] 428319K->428315K(1048512K), 0.0026852 secs] [Times: user=0.00 sys=0.00, real=0.01 secs] 
12.184: [GC (Allocation Failure) 12.184: [DefNew: 447K->64K(448K), 0.0029679 secs] 428699K->428693K(1048512K), 0.0030591 secs] [Times: user=0.00 sys=0.00, real=0.01 secs] 
12.196: [GC (Allocation Failure) 12.196: [DefNew: 448K->63K(448K), 0.0029168 secs] 429077K->429073K(1048512K), 0.0029977 secs] [Times: user=0.00 sys=0.00, real=0.00 secs] 
12.208: [GC (Allocation Failure) 12.208: [DefNew: 447K->64K(448K), 0.0037755 secs] 429457K->429453K(1048512K), 0.0038769 secs] [Times: user=0.00 sys=0.00, real=0.00 secs] 
12.222: [GC (Allocation Failure) 12.222: [DefNew: 448K->64K(448K), 0.0026972 secs] 429837K->429831K(1048512K), 0.0027817 secs] [Times: user=0.01 sys=0.00, real=0.01 secs] 
12.233: [GC (Allocation Failure) 12.233: [DefNew: 448K->63K(448K), 0.0028051 secs] 430215K->430209K(1048512K), 0.0028955 secs] [Times: user=0.00 sys=0.00, real=0.01 secs] 
12.246: [GC (Allocation Failure) 12.246: [DefNew: 447K->63K(448K), 0.0027065 secs] 430593K->430589K(1048512K), 0.0027974 secs] [Times: user=0.00 sys=0.01, real=0.00 secs] 
12.258: [GC (Allocation Failure) 12.258: [DefNew: 447K->64K(448K), 0.0027145 secs] 430973K->430965K(1048512K), 0.0027997 secs] [Times: user=0.00 sys=0.00, real=0.00 secs] 
12.269: [GC (Allocation Failure) 12.269: [DefNew: 448K->63K(448K), 0.0027334 secs] 431349K->431344K(1048512K), 0.0028246 secs] [Times: user=0.00 sys=0.00, real=0.00 secs] 
12.281: [GC (Allocation Failure) 12.282: [DefNew: 447K->63K(448K), 0.0026482 secs] 431728K->431724K(1048512K), 0.0027352 secs] [Times: user=0.00 sys=0.00, real=0.00 secs] 
12.294: [GC (Allocation Failure) 12.294: [DefNew: 447K->64K(448K), 0.0028020 secs] 432108K->432103K(1048512K), 0.0028900 secs] [Times: user=0.00 sys=0.00, real=0.01 secs] 
12.305: [GC (Allocation Failure) 12.305: [DefNew: 448K->63K(448K), 0.0029575 secs] 432487K->432481K(1048512K), 0.0030370 secs] [Times: user=0.00 sys=0.00, real=0.00 secs] 
12.318: [GC (Allocation Failure) 12.318: [DefNew: 447K->63K(448K), 0.0025485 secs] 432865K->432860K(1048512K), 0.0026411 secs] [Times: user=0.00 sys=0.00, real=0.00 secs] 
12.329: [GC (Allocation Failure) 12.329: [DefNew: 447K->63K(448K), 0.0028105 secs] 433244K->433239K(1048512K), 0.0029182 secs] [Times: user=0.00 sys=0.00, real=0.00 secs] 
12.341: [GC (Allocation Failure) 12.341: [DefNew: 447K->63K(448K), 0.0029467 secs] 433623K->433618K(1048512K), 0.0030253 secs] [Times: user=0.01 sys=0.00, real=0.00 secs] 
12.354: [GC (Allocation Failure) 12.354: [DefNew: 447K->64K(448K), 0.0027226 secs] 434002K->433997K(1048512K), 0.0028041 secs] [Times: user=0.00 sys=0.00, real=0.01 secs] 
12.364: [GC (Allocation Failure) 12.364: [DefNew: 448K->63K(448K), 0.0027986 secs] 434381K->434377K(1048512K), 0.0028911 secs] [Times: user=0.00 sys=0.00, real=0.01 secs] 
12.376: [GC (Allocation Failure) 12.376: [DefNew: 447K->64K(448K), 0.0026165 secs] 434760K->434752K(1048512K), 0.0026915 secs] [Times: user=0.01 sys=0.00, real=0.00 secs] 
12.388: [GC (Allocation Failure) 12.388: [DefNew: 448K->63K(448K), 0.0028764 secs] 435136K->435131K(1048512K), 0.0029388 secs] [Times: user=0.00 sys=0.00, real=0.00 secs] 
12.400: [GC (Allocation Failure) 12.400: [DefNew: 447K->63K(448K), 0.0025705 secs] 435515K->435511K(1048512K), 0.0026469 secs] [Times: user=0.00 sys=0.00, real=0.00 secs] 
12.412: [GC (Allocation Failure) 12.412: [DefNew: 447K->63K(448K), 0.0027005 secs] 435895K->435891K(1048512K), 0.0027697 secs] [Times: user=0.01 sys=0.00, real=0.01 secs] 
12.425: [GC (Allocation Failure) 12.425: [DefNew: 447K->63K(448K), 0.0025462 secs] 436275K->436269K(1048512K), 0.0026097 secs] [Times: user=0.00 sys=0.00, real=0.00 secs] 
12.435: [GC (Allocation Failure) 12.435: [DefNew: 447K->63K(448K), 0.0019720 secs] 436653K->436647K(1048512K), 0.0020245 secs] [Times: user=0.00 sys=0.00, real=0.00 secs] 
12.447: [GC (Allocation Failure) 12.447: [DefNew: 447K->64K(448K), 0.0029296 secs] 437031K->437026K(1048512K), 0.0029981 secs] [Times: user=0.00 sys=0.00, real=0.00 secs] 
12.460: [GC (Allocation Failure) 12.460: [DefNew: 448K->63K(448K), 0.0024465 secs] 437410K->437406K(1048512K), 0.0025223 secs] [Times: user=0.00 sys=0.00, real=0.00 secs] 
12.470: [GC (Allocation Failure) 12.471: [DefNew: 447K->64K(448K), 0.0025431 secs] 437790K->437782K(1048512K), 0.0026080 secs] [Times: user=0.00 sys=0.00, real=0.00 secs] 
12.483: [GC (Allocation Failure) 12.483: [DefNew: 448K->63K(448K), 0.0029612 secs] 438166K->438161K(1048512K), 0.0030283 secs] [Times: user=0.00 sys=0.01, real=0.01 secs] 
12.494: [GC (Allocation Failure) 12.494: [DefNew: 447K->64K(448K), 0.0030999 secs] 438545K->438540K(1048512K), 0.0031685 secs] [Times: user=0.01 sys=0.00, real=0.01 secs] 
12.507: [GC (Allocation Failure) 12.507: [DefNew: 448K->63K(448K), 0.0025609 secs] 438924K->438920K(1048512K), 0.0026289 secs] [Times: user=0.00 sys=0.00, real=0.00 secs] 
12.519: [GC (Allocation Failure) 12.519: [DefNew: 447K->64K(448K), 0.0027325 secs] 439304K->439298K(1048512K), 0.0027982 secs] [Times: user=0.00 sys=0.00, real=0.00 secs] 
12.531: [GC (Allocation Failure) 12.531: [DefNew: 448K->64K(448K), 0.0025796 secs] 439682K->439677K(1048512K), 0.0026462 secs] [Times: user=0.01 sys=0.00, real=0.00 secs] 
12.544: [GC (Allocation Failure) 12.544: [DefNew: 448K->63K(448K), 0.0025989 secs] 440061K->440056K(1048512K), 0.0026643 secs] [Times: user=0.00 sys=0.00, real=0.01 secs] 
12.556: [GC (Allocation Failure) 12.556: [DefNew: 447K->64K(448K), 0.0027118 secs] 440440K->440434K(1048512K), 0.0027886 secs] [Times: user=0.00 sys=0.00, real=0.00 secs] 
12.568: [GC (Allocation Failure) 12.568: [DefNew: 448K->64K(448K), 0.0030947 secs] 440818K->440814K(1048512K), 0.0031667 secs] [Times: user=0.01 sys=0.00, real=0.00 secs] 
12.580: [GC (Allocation Failure) 12.580: [DefNew: 448K->64K(448K), 0.0026393 secs] 441198K->441191K(1048512K), 0.0027063 secs] [Times: user=0.00 sys=0.00, real=0.00 secs] 
12.593: [GC (Allocation Failure) 12.593: [DefNew: 448K->64K(448K), 0.0026047 secs] 441575K->441571K(1048512K), 0.0026792 secs] [Times: user=0.00 sys=0.00, real=0.01 secs] 
12.604: [GC (Allocation Failure) 12.604: [DefNew: 448K->64K(448K), 0.0025348 secs] 441955K->441950K(1048512K), 0.0025997 secs] [Times: user=0.01 sys=0.00, real=0.01 secs] 
12.616: [GC (Allocation Failure) 12.616: [DefNew: 448K->63K(448K), 0.0024514 secs] 442334K->442328K(1048512K), 0.0025183 secs] [Times: user=0.00 sys=0.00, real=0.00 secs] 
12.626: [GC (Allocation Failure) 12.627: [DefNew: 447K->63K(448K), 0.0028496 secs] 442712K->442707K(1048512K), 0.0029116 secs] [Times: user=0.00 sys=0.00, real=0.00 secs] 
12.639: [GC (Allocation Failure) 12.639: [DefNew: 447K->63K(448K), 0.0028689 secs] 443091K->443086K(1048512K), 0.0029296 secs] [Times: user=0.00 sys=0.00, real=0.00 secs] 
12.651: [GC (Allocation Failure) 12.651: [DefNew: 447K->63K(448K), 0.0025416 secs] 443470K->443465K(1048512K), 0.0026066 secs] [Times: user=0.01 sys=0.00, real=0.00 secs] 
12.661: [GC (Allocation Failure) 12.662: [DefNew: 447K->63K(448K), 0.0027539 secs] 443849K->443843K(1048512K), 0.0028325 secs] [Times: user=0.00 sys=0.00, real=0.01 secs] 
12.675: [GC (Allocation Failure) 12.675: [DefNew: 447K->64K(448K), 0.0024939 secs] 444227K->444223K(1048512K), 0.0025584 secs] [Times: user=0.00 sys=0.00, real=0.00 secs] 
12.687: [GC (Allocation Failure) 12.687: [DefNew: 447K->63K(448K), 0.0029886 secs] 444607K->444599K(1048512K), 0.0030547 secs] [Times: user=0.01 sys=0.00, real=0.00 secs] 
12.699: [GC (Allocation Failure) 12.699: [DefNew: 447K->64K(448K), 0.0025220 secs] 444983K->444978K(1048512K), 0.0025888 secs] [Times: user=0.00 sys=0.00, real=0.00 secs] 
12.712: [GC (Allocation Failure) 12.712: [DefNew: 448K->63K(448K), 0.0025172 secs] 445362K->445358K(1048512K), 0.0025830 secs] [Times: user=0.00 sys=0.00, real=0.00 secs] 
12.724: [GC (Allocation Failure) 12.724: [DefNew: 447K->64K(448K), 0.0025286 secs] 445742K->445738K(1048512K), 0.0025935 secs] [Times: user=0.01 sys=0.00, real=0.01 secs] 
12.735: [GC (Allocation Failure) 12.735: [DefNew: 448K->64K(448K), 0.0028966 secs] 446122K->446115K(1048512K), 0.0029603 secs] [Times: user=0.00 sys=0.00, real=0.00 secs] 
12.748: [GC (Allocation Failure) 12.748: [DefNew: 448K->64K(448K), 0.0027059 secs] 446499K->446494K(1048512K), 0.0027744 secs] [Times: user=0.00 sys=0.00, real=0.00 secs] 
12.760: [GC (Allocation Failure) 12.760: [DefNew: 448K->64K(448K), 0.0023270 secs] 446878K->446874K(1048512K), 0.0023921 secs] [Times: user=0.00 sys=0.00, real=0.00 secs] 
12.770: [GC (Allocation Failure) 12.770: [DefNew: 448K->64K(448K), 0.0025862 secs] 447258K->447252K(1048512K), 0.0026625 secs] [Times: user=0.00 sys=0.00, real=0.00 secs] 
12.782: [GC (Allocation Failure) 12.782: [DefNew: 448K->63K(448K), 0.0026933 secs] 447636K->447631K(1048512K), 0.0027715 secs] [Times: user=0.00 sys=0.00, real=0.01 secs] 
12.791: [GC (Allocation Failure) 12.791: [DefNew: 447K->64K(448K), 0.0020813 secs] 448015K->447949K(1048512K), 0.0021417 secs] [Times: user=0.00 sys=0.00, real=0.00 secs] 
12.801: [GC (Allocation Failure) 12.801: [DefNew: 448K->63K(448K), 0.0015548 secs] 448333K->448311K(1048512K), 0.0015920 secs] [Times: user=0.00 sys=0.00, real=0.00 secs] 
12.812: [GC (Allocation Failure) 12.812: [DefNew: 447K->64K(448K), 0.0029455 secs] 448695K->448689K(1048512K), 0.0030230 secs] [Times: user=0.00 sys=0.00, real=0.01 secs] 
12.822: [GC (Allocation Failure) 12.822: [DefNew: 447K->63K(448K), 0.0020527 secs] 449073K->449035K(1048512K), 0.0021179 secs] [Times: user=0.00 sys=0.00, real=0.00 secs] 
12.834: [GC (Allocation Failure) 12.834: [DefNew: 447K->63K(448K), 0.0024816 secs] 449419K->449412K(1048512K), 0.0025503 secs] [Times: user=0.00 sys=0.00, real=0.01 secs] 
12.845: [GC (Allocation Failure) 12.845: [DefNew: 447K->63K(448K), 0.0028800 secs] 449796K->449789K(1048512K), 0.0029451 secs] [Times: user=0.01 sys=0.00, real=0.00 secs] 
12.857: [GC (Allocation Failure) 12.857: [DefNew: 447K->63K(448K), 0.0024913 secs] 450173K->450164K(1048512K), 0.0025566 secs] [Times: user=0.00 sys=0.00, real=0.00 secs] 
12.868: [GC (Allocation Failure) 12.868: [DefNew: 447K->63K(448K), 0.0027458 secs] 450548K->450540K(1048512K), 0.0028310 secs] [Times: user=0.00 sys=0.00, real=0.00 secs] 
12.879: [GC (Allocation Failure) 12.891: [DefNew: 447K->63K(448K), 0.0030187 secs] 450924K->450924K(1048512K), 0.0146530 secs] [Times: user=0.01 sys=0.00, real=0.01 secs] 
12.904: [GC (Allocation Failure) 12.904: [DefNew: 447K->63K(448K), 0.0025224 secs] 451308K->451302K(1048512K), 0.0025870 secs] [Times: user=0.00 sys=0.00, real=0.01 secs] 
12.914: [GC (Allocation Failure) 12.914: [DefNew: 447K->64K(448K), 0.0019327 secs] 451686K->451683K(1048512K), 0.0019839 secs] [Times: user=0.00 sys=0.00, real=0.01 secs] 
12.925: [GC (Allocation Failure) 12.925: [DefNew: 448K->63K(448K), 0.0024663 secs] 452067K->452061K(1048512K), 0.0025153 secs] [Times: user=0.00 sys=0.00, real=0.00 secs] 
12.937: [GC (Allocation Failure) 12.937: [DefNew: 447K->63K(448K), 0.0024706 secs] 452445K->452441K(1048512K), 0.0025347 secs] [Times: user=0.01 sys=0.00, real=0.00 secs] 
12.948: [GC (Allocation Failure) 12.948: [DefNew: 447K->63K(448K), 0.0028152 secs] 452825K->452819K(1048512K), 0.0028911 secs] [Times: user=0.00 sys=0.01, real=0.00 secs] 
12.960: [GC (Allocation Failure) 12.960: [DefNew: 447K->63K(448K), 0.0028458 secs] 453203K->453198K(1048512K), 0.0029118 secs] [Times: user=0.00 sys=0.00, real=0.00 secs] 
12.972: [GC (Allocation Failure) 12.972: [DefNew: 447K->63K(448K), 0.0026889 secs] 453582K->453578K(1048512K), 0.0027610 secs] [Times: user=0.01 sys=0.00, real=0.01 secs] 
12.983: [GC (Allocation Failure) 12.983: [DefNew: 447K->63K(448K), 0.0026381 secs] 453962K->453956K(1048512K), 0.0027167 secs] [Times: user=0.00 sys=0.00, real=0.01 secs] 
12.994: [GC (Allocation Failure) 12.994: [DefNew: 447K->63K(448K), 0.0020242 secs] 454340K->454335K(1048512K), 0.0020663 secs] [Times: user=0.00 sys=0.00, real=0.01 secs] 
13.005: [GC (Allocation Failure) 13.006: [DefNew: 447K->63K(448K), 0.0027481 secs] 454719K->454712K(1048512K), 0.0028169 secs] [Times: user=0.00 sys=0.00, real=0.00 secs] 
13.017: [GC (Allocation Failure) 13.017: [DefNew: 447K->64K(448K), 0.0029207 secs] 455096K->455092K(1048512K), 0.0029963 secs] [Times: user=0.01 sys=0.00, real=0.00 secs] 
13.028: [GC (Allocation Failure) 13.028: [DefNew: 448K->64K(448K), 0.0021967 secs] 455476K->455470K(1048512K), 0.0022687 secs] [Times: user=0.00 sys=0.00, real=0.00 secs] 
13.037: [GC (Allocation Failure) 13.037: [DefNew: 448K->64K(448K), 0.0020675 secs] 455854K->455849K(1048512K), 0.0021225 secs] [Times: user=0.00 sys=0.00, real=0.00 secs] 
13.047: [GC (Allocation Failure) 13.047: [DefNew: 448K->64K(448K), 0.0023279 secs] 456233K->456229K(1048512K), 0.0023788 secs] [Times: user=0.00 sys=0.00, real=0.00 secs] 
13.058: [GC (Allocation Failure) 13.058: [DefNew: 448K->64K(448K), 0.0020113 secs] 456613K->456607K(1048512K), 0.0020580 secs] [Times: user=0.01 sys=0.00, real=0.00 secs] 
13.068: [GC (Allocation Failure) 13.068: [DefNew: 448K->64K(448K), 0.0020747 secs] 456991K->456985K(1048512K), 0.0021299 secs] [Times: user=0.00 sys=0.00, real=0.00 secs] 
13.078: [GC (Allocation Failure) 13.078: [DefNew: 448K->64K(448K), 0.0019517 secs] 457369K->457365K(1048512K), 0.0020057 secs] [Times: user=0.00 sys=0.00, real=0.00 secs] 
13.088: [GC (Allocation Failure) 13.088: [DefNew: 448K->63K(448K), 0.0024483 secs] 457749K->457745K(1048512K), 0.0025200 secs] [Times: user=0.00 sys=0.00, real=0.00 secs] 
13.098: [GC (Allocation Failure) 13.098: [DefNew: 447K->63K(448K), 0.0027143 secs] 458129K->458123K(1048512K), 0.0027854 secs] [Times: user=0.01 sys=0.00, real=0.00 secs] 
13.109: [GC (Allocation Failure) 13.109: [DefNew: 447K->64K(448K), 0.0017649 secs] 458507K->458499K(1048512K), 0.0018107 secs] [Times: user=0.00 sys=0.00, real=0.00 secs] 
13.119: [GC (Allocation Failure) 13.119: [DefNew: 448K->64K(448K), 0.0022671 secs] 458883K->458878K(1048512K), 0.0023467 secs] [Times: user=0.00 sys=0.00, real=0.00 secs] 
13.166: [GC (Allocation Failure) 13.166: [DefNew: 448K->63K(448K), 0.0207381 secs] 467454K->467451K(1048512K), 0.0208146 secs] [Times: user=0.02 sys=0.00, real=0.02 secs] 
13.196: [GC (Allocation Failure) 13.196: [DefNew: 447K->63K(448K), 0.0024257 secs] 467835K->467829K(1048512K), 0.0024810 secs] [Times: user=0.00 sys=0.01, real=0.00 secs] 
13.206: [GC (Allocation Failure) 13.206: [DefNew: 447K->63K(448K), 0.0026285 secs] 468213K->468205K(1048512K), 0.0026958 secs] [Times: user=0.00 sys=0.00, real=0.00 secs] 
13.219: [GC (Allocation Failure) 13.219: [DefNew: 447K->63K(448K), 0.0024764 secs] 468589K->468583K(1048512K), 0.0025593 secs] [Times: user=0.01 sys=0.00, real=0.00 secs] 
13.230: [GC (Allocation Failure) 13.231: [DefNew: 447K->64K(448K), 0.0023864 secs] 468967K->468962K(1048512K), 0.0024506 secs] [Times: user=0.00 sys=0.00, real=0.00 secs] 
13.241: [GC (Allocation Failure) 13.241: [DefNew: 448K->64K(448K), 0.0025396 secs] 469346K->469342K(1048512K), 0.0026090 secs] [Times: user=0.00 sys=0.00, real=0.00 secs] 
13.253: [GC (Allocation Failure) 13.253: [DefNew: 448K->64K(448K), 0.0023799 secs] 469726K->469720K(1048512K), 0.0024517 secs] [Times: user=0.00 sys=0.00, real=0.01 secs] 
13.264: [GC (Allocation Failure) 13.264: [DefNew: 448K->63K(448K), 0.0026732 secs] 470104K->470098K(1048512K), 0.0027488 secs] [Times: user=0.01 sys=0.00, real=0.01 secs] 
13.274: [GC (Allocation Failure) 13.274: [DefNew: 447K->63K(448K), 0.0022908 secs] 470482K->470478K(1048512K), 0.0023442 secs] [Times: user=0.00 sys=0.00, real=0.01 secs] 
13.286: [GC (Allocation Failure) 13.286: [DefNew: 447K->63K(448K), 0.0022856 secs] 470862K->470856K(1048512K), 0.0023519 secs] [Times: user=0.00 sys=0.00, real=0.00 secs] 
13.298: [GC (Allocation Failure) 13.298: [DefNew: 447K->63K(448K), 0.0025633 secs] 471240K->471235K(1048512K), 0.0026366 secs] [Times: user=0.00 sys=0.00, real=0.00 secs] 
13.308: [GC (Allocation Failure) 13.308: [DefNew: 447K->63K(448K), 0.0024115 secs] 471619K->471615K(1048512K), 0.0024788 secs] [Times: user=0.01 sys=0.00, real=0.00 secs] 
13.320: [GC (Allocation Failure) 13.320: [DefNew: 447K->63K(448K), 0.0025890 secs] 471999K->471991K(1048512K), 0.0026671 secs] [Times: user=0.00 sys=0.00, real=0.00 secs] 
13.331: [GC (Allocation Failure) 13.331: [DefNew: 447K->63K(448K), 0.0018282 secs] 472375K->472370K(1048512K), 0.0018792 secs] [Times: user=0.00 sys=0.00, real=0.00 secs] 
13.341: [GC (Allocation Failure) 13.341: [DefNew: 447K->63K(448K), 0.0022072 secs] 472754K->472749K(1048512K), 0.0022509 secs] [Times: user=0.00 sys=0.00, real=0.00 secs] 
13.352: [GC (Allocation Failure) 13.352: [DefNew: 447K->64K(448K), 0.0024520 secs] 473133K->473129K(1048512K), 0.0025187 secs] [Times: user=0.01 sys=0.00, real=0.01 secs] 
13.363: [GC (Allocation Failure) 13.363: [DefNew: 448K->63K(448K), 0.0023885 secs] 473513K->473507K(1048512K), 0.0024584 secs] [Times: user=0.00 sys=0.00, real=0.01 secs] 
13.374: [GC (Allocation Failure) 13.374: [DefNew: 447K->63K(448K), 0.0026482 secs] 473891K->473886K(1048512K), 0.0027274 secs] [Times: user=0.00 sys=0.00, real=0.01 secs] 
13.387: [GC (Allocation Failure) 13.387: [DefNew: 447K->64K(448K), 0.0023247 secs] 474270K->474265K(1048512K), 0.0023876 secs] [Times: user=0.01 sys=0.00, real=0.00 secs] 
13.398: [GC (Allocation Failure) 13.398: [DefNew: 448K->63K(448K), 0.0025085 secs] 474649K->474645K(1048512K), 0.0025885 secs] [Times: user=0.00 sys=0.00, real=0.00 secs] 
13.409: [GC (Allocation Failure) 13.409: [DefNew: 447K->63K(448K), 0.0021929 secs] 475029K->475023K(1048512K), 0.0022500 secs] [Times: user=0.00 sys=0.00, real=0.00 secs] 
13.421: [GC (Allocation Failure) 13.421: [DefNew: 447K->63K(448K), 0.0022855 secs] 475407K->475399K(1048512K), 0.0023538 secs] [Times: user=0.01 sys=0.00, real=0.00 secs] 
13.431: [GC (Allocation Failure) 13.431: [DefNew: 447K->64K(448K), 0.0025763 secs] 475783K->475778K(1048512K), 0.0026444 secs] [Times: user=0.00 sys=0.00, real=0.00 secs] 
13.443: [GC (Allocation Failure) 13.443: [DefNew: 448K->63K(448K), 0.0025206 secs] 476162K->476159K(1048512K), 0.0025904 secs] [Times: user=0.00 sys=0.01, real=0.01 secs] 
13.455: [GC (Allocation Failure) 13.455: [DefNew: 447K->63K(448K), 0.0025206 secs] 476543K->476539K(1048512K), 0.0026003 secs] [Times: user=0.01 sys=0.00, real=0.00 secs] 
13.465: [GC (Allocation Failure) 13.465: [DefNew: 447K->63K(448K), 0.0022778 secs] 476923K->476917K(1048512K), 0.0023322 secs] [Times: user=0.00 sys=0.00, real=0.00 secs] 
13.477: [GC (Allocation Failure) 13.477: [DefNew: 447K->63K(448K), 0.0024044 secs] 477301K->477295K(1048512K), 0.0024710 secs] [Times: user=0.00 sys=0.00, real=0.00 secs] 
13.490: [GC (Allocation Failure) 13.490: [DefNew: 447K->64K(448K), 0.0034237 secs] 477679K->477674K(1048512K), 0.0035145 secs] [Times: user=0.00 sys=0.00, real=0.00 secs] 
13.501: [GC (Allocation Failure) 13.502: [DefNew: 448K->63K(448K), 0.0026773 secs] 478058K->478054K(1048512K), 0.0027434 secs] [Times: user=0.01 sys=0.00, real=0.00 secs] 
13.514: [GC (Allocation Failure) 13.514: [DefNew: 447K->63K(448K), 0.0027007 secs] 478438K->478432K(1048512K), 0.0027682 secs] [Times: user=0.00 sys=0.00, real=0.01 secs] 
13.525: [GC (Allocation Failure) 13.525: [DefNew: 447K->64K(448K), 0.0026747 secs] 478816K->478808K(1048512K), 0.0027386 secs] [Times: user=0.00 sys=0.00, real=0.00 secs] 
13.537: [GC (Allocation Failure) 13.537: [DefNew: 448K->63K(448K), 0.0025919 secs] 479192K->479188K(1048512K), 0.0026607 secs] [Times: user=0.01 sys=0.00, real=0.00 secs] 
13.550: [GC (Allocation Failure) 13.550: [DefNew: 447K->63K(448K), 0.0024203 secs] 479572K->479568K(1048512K), 0.0024845 secs] [Times: user=0.00 sys=0.00, real=0.00 secs] 
13.560: [GC (Allocation Failure) 13.560: [DefNew: 447K->63K(448K), 0.0025529 secs] 479952K->479948K(1048512K), 0.0026159 secs] [Times: user=0.00 sys=0.00, real=0.00 secs] 
13.572: [GC (Allocation Failure) 13.572: [DefNew: 447K->64K(448K), 0.0024617 secs] 480332K->480326K(1048512K), 0.0025261 secs] [Times: user=0.01 sys=0.00, real=0.00 secs] 
13.584: [GC (Allocation Failure) 13.584: [DefNew: 448K->63K(448K), 0.0028603 secs] 480710K->480704K(1048512K), 0.0029381 secs] [Times: user=0.00 sys=0.00, real=0.01 secs] 
13.595: [GC (Allocation Failure) 13.595: [DefNew: 447K->64K(448K), 0.0020353 secs] 481088K->481083K(1048512K), 0.0020988 secs] [Times: user=0.00 sys=0.00, real=0.00 secs] 
13.606: [GC (Allocation Failure) 13.606: [DefNew: 448K->63K(448K), 0.0024208 secs] 481467K->481463K(1048512K), 0.0024691 secs] [Times: user=0.00 sys=0.00, real=0.00 secs] 
13.617: [GC (Allocation Failure) 13.617: [DefNew: 447K->63K(448K), 0.0023781 secs] 481847K->481841K(1048512K), 0.0024504 secs] [Times: user=0.01 sys=0.00, real=0.00 secs] 
13.628: [GC (Allocation Failure) 13.628: [DefNew: 447K->63K(448K), 0.0025752 secs] 482225K->482218K(1048512K), 0.0026585 secs] [Times: user=0.00 sys=0.00, real=0.00 secs] 
13.640: [GC (Allocation Failure) 13.640: [DefNew: 447K->64K(448K), 0.0026587 secs] 482602K->482597K(1048512K), 0.0027269 secs] [Times: user=0.00 sys=0.00, real=0.00 secs] 
13.652: [GC (Allocation Failure) 13.652: [DefNew: 448K->63K(448K), 0.0025271 secs] 482981K->482977K(1048512K), 0.0025921 secs] [Times: user=0.00 sys=0.00, real=0.01 secs] 
13.663: [GC (Allocation Failure) 13.663: [DefNew: 447K->63K(448K), 0.0024302 secs] 483361K->483357K(1048512K), 0.0025016 secs] [Times: user=0.00 sys=0.00, real=0.01 secs] 
13.674: [GC (Allocation Failure) 13.674: [DefNew: 447K->63K(448K), 0.0024196 secs] 483741K->483735K(1048512K), 0.0024815 secs] [Times: user=0.00 sys=0.00, real=0.01 secs] 
13.685: [GC (Allocation Failure) 13.685: [DefNew: 447K->63K(448K), 0.0023588 secs] 484119K->484114K(1048512K), 0.0024229 secs] [Times: user=0.00 sys=0.00, real=0.00 secs] 
13.698: [GC (Allocation Failure) 13.698: [DefNew: 447K->64K(448K), 0.0024776 secs] 484498K->484493K(1048512K), 0.0025441 secs] [Times: user=0.01 sys=0.00, real=0.00 secs] 
13.710: [GC (Allocation Failure) 13.710: [DefNew: 448K->63K(448K), 0.0024583 secs] 484877K->484873K(1048512K), 0.0025268 secs] [Times: user=0.00 sys=0.00, real=0.00 secs] 
13.721: [GC (Allocation Failure) 13.721: [DefNew: 447K->63K(448K), 0.0022075 secs] 485257K->485251K(1048512K), 0.0022707 secs] [Times: user=0.00 sys=0.00, real=0.00 secs] 
13.733: [GC (Allocation Failure) 13.733: [DefNew: 447K->63K(448K), 0.0025831 secs] 485635K->485627K(1048512K), 0.0026475 secs] [Times: user=0.00 sys=0.00, real=0.01 secs] 
13.744: [GC (Allocation Failure) 13.744: [DefNew: 447K->64K(448K), 0.0020554 secs] 486011K->486006K(1048512K), 0.0021111 secs] [Times: user=0.01 sys=0.00, real=0.01 secs] 
13.755: [GC (Allocation Failure) 13.755: [DefNew: 448K->63K(448K), 0.0025072 secs] 486390K->486387K(1048512K), 0.0025748 secs] [Times: user=0.00 sys=0.00, real=0.00 secs] 
13.767: [GC (Allocation Failure) 13.767: [DefNew: 447K->63K(448K), 0.0026231 secs] 486771K->486767K(1048512K), 0.0026980 secs] [Times: user=0.00 sys=0.00, real=0.00 secs] 
13.780: [GC (Allocation Failure) 13.780: [DefNew: 447K->63K(448K), 0.0026316 secs] 487151K->487145K(1048512K), 0.0027320 secs] [Times: user=0.01 sys=0.00, real=0.00 secs] 
13.790: [GC (Allocation Failure) 13.790: [DefNew: 447K->64K(448K), 0.0023622 secs] 487529K->487497K(1048512K), 0.0024262 secs] [Times: user=0.00 sys=0.00, real=0.00 secs] 
13.799: [GC (Allocation Failure) 13.799: [DefNew: 448K->64K(448K), 0.0021596 secs] 487881K->487791K(1048512K), 0.0022321 secs] [Times: user=0.00 sys=0.00, real=0.00 secs] 
13.810: [GC (Allocation Failure) 13.810: [DefNew: 448K->64K(448K), 0.0024358 secs] 488175K->488167K(1048512K), 0.0025073 secs] [Times: user=0.00 sys=0.00, real=0.00 secs] 
13.821: [GC (Allocation Failure) 13.822: [DefNew: 448K->64K(448K), 0.0024406 secs] 488551K->488545K(1048512K), 0.0024941 secs] [Times: user=0.01 sys=0.00, real=0.00 secs] 
13.831: [GC (Allocation Failure) 13.831: [DefNew: 448K->63K(448K), 0.0018915 secs] 488929K->488894K(1048512K), 0.0019524 secs] [Times: user=0.00 sys=0.00, real=0.00 secs] 
13.842: [GC (Allocation Failure) 13.842: [DefNew: 447K->63K(448K), 0.0023205 secs] 489278K->489269K(1048512K), 0.0023639 secs] [Times: user=0.01 sys=0.00, real=0.00 secs] 
13.853: [GC (Allocation Failure) 13.853: [DefNew: 447K->64K(448K), 0.0024687 secs] 489653K->489645K(1048512K), 0.0025406 secs] [Times: user=0.00 sys=0.00, real=0.01 secs] 
13.864: [GC (Allocation Failure) 13.864: [DefNew: 448K->64K(448K), 0.0025248 secs] 490029K->490020K(1048512K), 0.0025919 secs] [Times: user=0.00 sys=0.00, real=0.01 secs] 
13.876: [GC (Allocation Failure) 13.876: [DefNew: 448K->64K(448K), 0.0027067 secs] 490404K->490396K(1048512K), 0.0027688 secs] [Times: user=0.01 sys=0.00, real=0.00 secs] 
13.888: [GC (Allocation Failure) 13.888: [DefNew: 448K->63K(448K), 0.0025131 secs] 490780K->490778K(1048512K), 0.0025784 secs] [Times: user=0.00 sys=0.00, real=0.00 secs] 
13.900: [GC (Allocation Failure) 13.900: [DefNew: 447K->63K(448K), 0.0048486 secs] 491162K->491160K(1048512K), 0.0049398 secs] [Times: user=0.00 sys=0.01, real=0.01 secs] 
13.914: [GC (Allocation Failure) 13.914: [DefNew: 447K->64K(448K), 0.0020115 secs] 491544K->491541K(1048512K), 0.0020517 secs] [Times: user=0.00 sys=0.00, real=0.01 secs] 
13.924: [GC (Allocation Failure) 13.924: [DefNew: 448K->63K(448K), 0.0022338 secs] 491925K->491920K(1048512K), 0.0022811 secs] [Times: user=0.01 sys=0.00, real=0.01 secs] 
13.936: [GC (Allocation Failure) 13.936: [DefNew: 447K->63K(448K), 0.0024870 secs] 492304K->492300K(1048512K), 0.0025702 secs] [Times: user=0.00 sys=0.00, real=0.00 secs] 
13.947: [GC (Allocation Failure) 13.947: [DefNew: 447K->64K(448K), 0.0026384 secs] 492683K->492676K(1048512K), 0.0027085 secs] [Times: user=0.00 sys=0.00, real=0.00 secs] 
13.959: [GC (Allocation Failure) 13.959: [DefNew: 448K->63K(448K), 0.0023617 secs] 493060K->493055K(1048512K), 0.0024265 secs] [Times: user=0.00 sys=0.00, real=0.00 secs] 
13.970: [GC (Allocation Failure) 13.970: [DefNew: 447K->63K(448K), 0.0023537 secs] 493439K->493435K(1048512K), 0.0024132 secs] [Times: user=0.00 sys=0.00, real=0.00 secs] 
13.980: [GC (Allocation Failure) 13.980: [DefNew: 447K->63K(448K), 0.0022728 secs] 493819K->493815K(1048512K), 0.0023188 secs] [Times: user=0.00 sys=0.00, real=0.00 secs] 
13.992: [GC (Allocation Failure) 13.992: [DefNew: 447K->64K(448K), 0.0026437 secs] 494199K->494193K(1048512K), 0.0027095 secs] [Times: user=0.00 sys=0.00, real=0.00 secs] 
14.004: [GC (Allocation Failure) 14.004: [DefNew: 448K->63K(448K), 0.0028696 secs] 494577K->494571K(1048512K), 0.0029473 secs] [Times: user=0.01 sys=0.00, real=0.01 secs] 
14.014: [GC (Allocation Failure) 14.014: [DefNew: 447K->63K(448K), 0.0024342 secs] 494955K->494951K(1048512K), 0.0025091 secs] [Times: user=0.00 sys=0.00, real=0.01 secs] 
14.025: [GC (Allocation Failure) 14.025: [DefNew: 447K->63K(448K), 0.0028238 secs] 495335K->495329K(1048512K), 0.0029071 secs] [Times: user=0.00 sys=0.00, real=0.00 secs] 
14.038: [GC (Allocation Failure) 14.038: [DefNew: 447K->63K(448K), 0.0024692 secs] 495713K->495708K(1048512K), 0.0025585 secs] [Times: user=0.00 sys=0.00, real=0.00 secs] 
14.049: [GC (Allocation Failure) 14.049: [DefNew: 447K->64K(448K), 0.0024900 secs] 496092K->496085K(1048512K), 0.0025603 secs] [Times: user=0.00 sys=0.00, real=0.00 secs] 
14.061: [GC (Allocation Failure) 14.061: [DefNew: 448K->63K(448K), 0.0024297 secs] 496469K->496465K(1048512K), 0.0024976 secs] [Times: user=0.00 sys=0.00, real=0.00 secs] 
14.071: [GC (Allocation Failure) 14.071: [DefNew: 447K->63K(448K), 0.0019958 secs] 496849K->496845K(1048512K), 0.0020463 secs] [Times: user=0.00 sys=0.00, real=0.00 secs] 
14.082: [GC (Allocation Failure) 14.082: [DefNew: 447K->63K(448K), 0.0028752 secs] 497229K->497223K(1048512K), 0.0029320 secs] [Times: user=0.01 sys=0.00, real=0.01 secs] 
14.094: [GC (Allocation Failure) 14.094: [DefNew: 447K->63K(448K), 0.0022577 secs] 497607K->497601K(1048512K), 0.0023303 secs] [Times: user=0.00 sys=0.00, real=0.01 secs] 
14.105: [GC (Allocation Failure) 14.105: [DefNew: 447K->63K(448K), 0.0024530 secs] 497985K->497981K(1048512K), 0.0025148 secs] [Times: user=0.00 sys=0.00, real=0.00 secs] 
14.116: [GC (Allocation Failure) 14.116: [DefNew: 447K->64K(448K), 0.0024905 secs] 498365K->498359K(1048512K), 0.0025552 secs] [Times: user=0.00 sys=0.00, real=0.00 secs] 
14.128: [GC (Allocation Failure) 14.128: [DefNew: 448K->63K(448K), 0.0024832 secs] 498743K->498738K(1048512K), 0.0025521 secs] [Times: user=0.01 sys=0.00, real=0.00 secs] 
14.138: [GC (Allocation Failure) 14.138: [DefNew: 447K->64K(448K), 0.0027310 secs] 499122K->499118K(1048512K), 0.0028428 secs] [Times: user=0.00 sys=0.00, real=0.00 secs] 
14.151: [GC (Allocation Failure) 14.151: [DefNew: 447K->64K(448K), 0.0025033 secs] 499502K->499494K(1048512K), 0.0025729 secs] [Times: user=0.00 sys=0.00, real=0.00 secs] 
14.162: [GC (Allocation Failure) 14.162: [DefNew: 448K->63K(448K), 0.0025020 secs] 499878K->499872K(1048512K), 0.0025686 secs] [Times: user=0.01 sys=0.01, real=0.01 secs] 
14.173: [GC (Allocation Failure) 14.173: [DefNew: 447K->64K(448K), 0.0023909 secs] 500256K->500252K(1048512K), 0.0024447 secs] [Times: user=0.00 sys=0.00, real=0.01 secs] 
14.184: [GC (Allocation Failure) 14.184: [DefNew: 448K->63K(448K), 0.0024310 secs] 500636K->500632K(1048512K), 0.0024852 secs] [Times: user=0.00 sys=0.00, real=0.01 secs] 
14.196: [GC (Allocation Failure) 14.196: [DefNew: 447K->63K(448K), 0.0025370 secs] 501016K->501010K(1048512K), 0.0026067 secs] [Times: user=0.00 sys=0.00, real=0.00 secs] 
14.208: [GC (Allocation Failure) 14.208: [DefNew: 447K->63K(448K), 0.0027264 secs] 501394K->501388K(1048512K), 0.0027937 secs] [Times: user=0.01 sys=0.00, real=0.00 secs] 
14.220: [GC (Allocation Failure) 14.220: [DefNew: 447K->64K(448K), 0.0024521 secs] 501772K->501767K(1048512K), 0.0025183 secs] [Times: user=0.00 sys=0.00, real=0.00 secs] 
14.231: [GC (Allocation Failure) 14.231: [DefNew: 448K->64K(448K), 0.0023884 secs] 502151K->502147K(1048512K), 0.0024534 secs] [Times: user=0.00 sys=0.00, real=0.00 secs] 
14.243: [GC (Allocation Failure) 14.243: [DefNew: 448K->63K(448K), 0.0023688 secs] 502531K->502525K(1048512K), 0.0024304 secs] [Times: user=0.00 sys=0.00, real=0.01 secs] 
14.255: [GC (Allocation Failure) 14.255: [DefNew: 447K->63K(448K), 0.0024730 secs] 502909K->502902K(1048512K), 0.0025485 secs] [Times: user=0.00 sys=0.00, real=0.01 secs] 
14.265: [GC (Allocation Failure) 14.265: [DefNew: 447K->64K(448K), 0.0026956 secs] 503286K->503281K(1048512K), 0.0027682 secs] [Times: user=0.00 sys=0.00, real=0.00 secs] 
14.278: [GC (Allocation Failure) 14.278: [DefNew: 448K->63K(448K), 0.0024958 secs] 503665K->503661K(1048512K), 0.0025639 secs] [Times: user=0.00 sys=0.00, real=0.00 secs] 
14.290: [GC (Allocation Failure) 14.290: [DefNew: 447K->63K(448K), 0.0024033 secs] 504045K->504041K(1048512K), 0.0024666 secs] [Times: user=0.01 sys=0.00, real=0.00 secs] 
14.301: [GC (Allocation Failure) 14.301: [DefNew: 447K->63K(448K), 0.0024492 secs] 504425K->504419K(1048512K), 0.0025138 secs] [Times: user=0.00 sys=0.00, real=0.00 secs] 
14.313: [GC (Allocation Failure) 14.313: [DefNew: 447K->63K(448K), 0.0024575 secs] 504803K->504798K(1048512K), 0.0025523 secs] [Times: user=0.00 sys=0.00, real=0.01 secs] 
14.325: [GC (Allocation Failure) 14.325: [DefNew: 447K->64K(448K), 0.0023858 secs] 505182K->505177K(1048512K), 0.0024513 secs] [Times: user=0.00 sys=0.00, real=0.00 secs] 
14.334: [GC (Allocation Failure) 14.334: [DefNew: 448K->63K(448K), 0.0021452 secs] 505561K->505557K(1048512K), 0.0022138 secs] [Times: user=0.01 sys=0.00, real=0.01 secs] 
14.345: [GC (Allocation Failure) 14.345: [DefNew: 447K->63K(448K), 0.0022726 secs] 505941K->505935K(1048512K), 0.0023185 secs] [Times: user=0.00 sys=0.00, real=0.00 secs] 
14.355: [GC (Allocation Failure) 14.355: [DefNew: 447K->63K(448K), 0.0020576 secs] 506319K->506311K(1048512K), 0.0021295 secs] [Times: user=0.00 sys=0.00, real=0.00 secs] 
14.366: [GC (Allocation Failure) 14.367: [DefNew: 447K->64K(448K), 0.0026870 secs] 506695K->506690K(1048512K), 0.0027512 secs] [Times: user=0.00 sys=0.00, real=0.00 secs] 
14.379: [GC (Allocation Failure) 14.379: [DefNew: 448K->63K(448K), 0.0027119 secs] 507074K->507071K(1048512K), 0.0027914 secs] [Times: user=0.00 sys=0.00, real=0.00 secs] 
14.391: [GC (Allocation Failure) 14.391: [DefNew: 447K->63K(448K), 0.0026739 secs] 507455K->507451K(1048512K), 0.0027556 secs] [Times: user=0.00 sys=0.00, real=0.00 secs] 
14.403: [GC (Allocation Failure) 14.403: [DefNew: 447K->63K(448K), 0.0024866 secs] 507835K->507829K(1048512K), 0.0025531 secs] [Times: user=0.00 sys=0.00, real=0.01 secs] 
14.415: [GC (Allocation Failure) 14.415: [DefNew: 447K->63K(448K), 0.0024322 secs] 508213K->508207K(1048512K), 0.0024983 secs] [Times: user=0.01 sys=0.01, real=0.00 secs] 
14.426: [GC (Allocation Failure) 14.426: [DefNew: 447K->64K(448K), 0.0027216 secs] 508591K->508586K(1048512K), 0.0027859 secs] [Times: user=0.00 sys=0.00, real=0.00 secs] 
14.438: [GC (Allocation Failure) 14.438: [DefNew: 448K->63K(448K), 0.0027493 secs] 508970K->508966K(1048512K), 0.0028139 secs] [Times: user=0.00 sys=0.00, real=0.00 secs] 
14.450: [GC (Allocation Failure) 14.450: [DefNew: 447K->63K(448K), 0.0024570 secs] 509350K->509344K(1048512K), 0.0025450 secs] [Times: user=0.01 sys=0.00, real=0.00 secs] 
14.461: [GC (Allocation Failure) 14.461: [DefNew: 447K->63K(448K), 0.0027785 secs] 509728K->509721K(1048512K), 0.0028415 secs] [Times: user=0.00 sys=0.00, real=0.00 secs] 
14.474: [GC (Allocation Failure) 14.474: [DefNew: 447K->63K(448K), 0.0024630 secs] 510105K->510100K(1048512K), 0.0025280 secs] [Times: user=0.00 sys=0.00, real=0.01 secs] 
14.486: [GC (Allocation Failure) 14.486: [DefNew: 447K->63K(448K), 0.0025137 secs] 510484K->510480K(1048512K), 0.0025772 secs] [Times: user=0.00 sys=0.00, real=0.00 secs] 
14.497: [GC (Allocation Failure) 14.497: [DefNew: 447K->63K(448K), 0.0032339 secs] 510864K->510860K(1048512K), 0.0033127 secs] [Times: user=0.01 sys=0.00, real=0.00 secs] 
14.510: [GC (Allocation Failure) 14.510: [DefNew: 447K->64K(448K), 0.0026263 secs] 511244K->511238K(1048512K), 0.0027114 secs] [Times: user=0.00 sys=0.00, real=0.00 secs] 
14.522: [GC (Allocation Failure) 14.522: [DefNew: 448K->63K(448K), 0.0027126 secs] 511622K->511616K(1048512K), 0.0027783 secs] [Times: user=0.00 sys=0.00, real=0.01 secs] 
14.533: [GC (Allocation Failure) 14.533: [DefNew: 447K->64K(448K), 0.0026593 secs] 512000K->511995K(1048512K), 0.0027272 secs] [Times: user=0.01 sys=0.00, real=0.01 secs] 
14.546: [GC (Allocation Failure) 14.546: [DefNew: 448K->63K(448K), 0.0024184 secs] 512379K->512375K(1048512K), 0.0024808 secs] [Times: user=0.00 sys=0.00, real=0.00 secs] 
14.556: [GC (Allocation Failure) 14.556: [DefNew: 447K->64K(448K), 0.0024653 secs] 512759K->512753K(1048512K), 0.0025435 secs] [Times: user=0.00 sys=0.00, real=0.00 secs] 
14.568: [GC (Allocation Failure) 14.568: [DefNew: 448K->63K(448K), 0.0026567 secs] 513137K->513130K(1048512K), 0.0027275 secs] [Times: user=0.01 sys=0.00, real=0.00 secs] 
14.580: [GC (Allocation Failure) 14.581: [DefNew: 447K->63K(448K), 0.0025585 secs] 513514K->513509K(1048512K), 0.0026236 secs] [Times: user=0.00 sys=0.00, real=0.00 secs] 
14.592: [GC (Allocation Failure) 14.592: [DefNew: 447K->63K(448K), 0.0024863 secs] 513893K->513889K(1048512K), 0.0025622 secs] [Times: user=0.00 sys=0.00, real=0.00 secs] 
14.605: [GC (Allocation Failure) 14.605: [DefNew: 447K->63K(448K), 0.0025030 secs] 514273K->514269K(1048512K), 0.0025734 secs] [Times: user=0.00 sys=0.00, real=0.01 secs] 
14.615: [GC (Allocation Failure) 14.615: [DefNew: 447K->64K(448K), 0.0018271 secs] 514653K->514647K(1048512K), 0.0018740 secs] [Times: user=0.01 sys=0.00, real=0.00 secs] 
14.624: [GC (Allocation Failure) 14.624: [DefNew: 448K->63K(448K), 0.0018158 secs] 515031K->515026K(1048512K), 0.0018648 secs] [Times: user=0.00 sys=0.00, real=0.01 secs] 
14.634: [GC (Allocation Failure) 14.634: [DefNew: 447K->64K(448K), 0.0018419 secs] 515410K->515405K(1048512K), 0.0019003 secs] [Times: user=0.00 sys=0.00, real=0.01 secs] 
14.645: [GC (Allocation Failure) 14.645: [DefNew: 448K->63K(448K), 0.0025916 secs] 515789K->515785K(1048512K), 0.0026732 secs] [Times: user=0.00 sys=0.00, real=0.00 secs] 
14.656: [GC (Allocation Failure) 14.656: [DefNew: 447K->63K(448K), 0.0024000 secs] 516169K->516163K(1048512K), 0.0024725 secs] [Times: user=0.01 sys=0.00, real=0.00 secs] 
14.668: [GC (Allocation Failure) 14.668: [DefNew: 447K->63K(448K), 0.0026043 secs] 516547K->516541K(1048512K), 0.0026793 secs] [Times: user=0.00 sys=0.00, real=0.00 secs] 
14.679: [GC (Allocation Failure) 14.679: [DefNew: 447K->64K(448K), 0.0025212 secs] 516925K->516918K(1048512K), 0.0025894 secs] [Times: user=0.00 sys=0.00, real=0.00 secs] 
14.691: [GC (Allocation Failure) 14.691: [DefNew: 448K->63K(448K), 0.0026122 secs] 517302K->517298K(1048512K), 0.0026804 secs] [Times: user=0.00 sys=0.00, real=0.00 secs] 
14.703: [GC (Allocation Failure) 14.703: [DefNew: 447K->64K(448K), 0.0025874 secs] 517682K->517676K(1048512K), 0.0026576 secs] [Times: user=0.00 sys=0.00, real=0.01 secs] 
14.714: [GC (Allocation Failure) 14.714: [DefNew: 448K->64K(448K), 0.0024983 secs] 518060K->518056K(1048512K), 0.0025650 secs] [Times: user=0.00 sys=0.00, real=0.01 secs] 
14.726: [GC (Allocation Failure) 14.726: [DefNew: 448K->63K(448K), 0.0026839 secs] 518440K->518435K(1048512K), 0.0027507 secs] [Times: user=0.00 sys=0.00, real=0.00 secs] 
14.739: [GC (Allocation Failure) 14.739: [DefNew: 447K->63K(448K), 0.0027003 secs] 518819K->518814K(1048512K), 0.0027891 secs] [Times: user=0.01 sys=0.00, real=0.00 secs] 
14.750: [GC (Allocation Failure) 14.750: [DefNew: 447K->64K(448K), 0.0026090 secs] 519198K->519192K(1048512K), 0.0026780 secs] [Times: user=0.00 sys=0.00, real=0.00 secs] 
14.762: [GC (Allocation Failure) 14.762: [DefNew: 448K->63K(448K), 0.0025910 secs] 519576K->519571K(1048512K), 0.0026573 secs] [Times: user=0.00 sys=0.00, real=0.01 secs] 
14.774: [GC (Allocation Failure) 14.775: [DefNew: 447K->63K(448K), 0.0026805 secs] 519955K->519950K(1048512K), 0.0027452 secs] [Times: user=0.01 sys=0.00, real=0.01 secs] 
14.786: [GC (Allocation Failure) 14.786: [DefNew: 447K->63K(448K), 0.0028134 secs] 520334K->520327K(1048512K), 0.0028907 secs] [Times: user=0.00 sys=0.00, real=0.00 secs] 
14.795: [GC (Allocation Failure) 14.795: [DefNew: 447K->63K(448K), 0.0019556 secs] 520711K->520599K(1048512K), 0.0020153 secs] [Times: user=0.00 sys=0.00, real=0.00 secs] 
14.806: [GC (Allocation Failure) 14.806: [DefNew: 447K->64K(448K), 0.0023823 secs] 520982K->520972K(1048512K), 0.0024535 secs] [Times: user=0.00 sys=0.00, real=0.00 secs] 
14.818: [GC (Allocation Failure) 14.818: [DefNew: 448K->64K(448K), 0.0025621 secs] 521356K->521351K(1048512K), 0.0026284 secs] [Times: user=0.00 sys=0.00, real=0.00 secs] 
14.828: [GC (Allocation Failure) 14.828: [DefNew: 448K->64K(448K), 0.0025015 secs] 521735K->521718K(1048512K), 0.0025833 secs] [Times: user=0.00 sys=0.00, real=0.00 secs] 
14.838: [GC (Allocation Failure) 14.838: [DefNew: 447K->63K(448K), 0.0019481 secs] 522101K->522075K(1048512K), 0.0020132 secs] [Times: user=0.00 sys=0.00, real=0.00 secs] 
14.848: [GC (Allocation Failure) 14.848: [DefNew: 447K->63K(448K), 0.0024202 secs] 522459K->522451K(1048512K), 0.0024894 secs] [Times: user=0.00 sys=0.00, real=0.00 secs] 
14.859: [GC (Allocation Failure) 14.859: [DefNew: 447K->64K(448K), 0.0022038 secs] 522835K->522827K(1048512K), 0.0022594 secs] [Times: user=0.01 sys=0.00, real=0.00 secs] 
14.870: [GC (Allocation Failure) 14.870: [DefNew: 448K->64K(448K), 0.0027540 secs] 523211K->523210K(1048512K), 0.0028216 secs] [Times: user=0.00 sys=0.00, real=0.00 secs] 
14.882: [GC (Allocation Failure) 14.882: [DefNew: 448K->63K(448K), 0.0024834 secs] 523594K->523590K(1048512K), 0.0025497 secs] [Times: user=0.00 sys=0.00, real=0.00 secs] 
14.894: [GC (Allocation Failure) 14.894: [DefNew: 447K->64K(448K), 0.0024447 secs] 523974K->523971K(1048512K), 0.0025136 secs] [Times: user=0.00 sys=0.00, real=0.01 secs] 
14.906: [GC (Allocation Failure) 14.906: [DefNew: 448K->64K(448K), 0.0028942 secs] 524355K->524352K(1048512K), 0.0029718 secs] [Times: user=0.00 sys=0.00, real=0.00 secs] 
14.918: [GC (Allocation Failure) 14.918: [DefNew: 448K->63K(448K), 0.0025927 secs] 524736K->524730K(1048512K), 0.0026593 secs] [Times: user=0.00 sys=0.00, real=0.00 secs] 
14.930: [GC (Allocation Failure) 14.930: [DefNew: 447K->63K(448K), 0.0025189 secs] 525114K->525110K(1048512K), 0.0025914 secs] [Times: user=0.00 sys=0.00, real=0.00 secs] 
14.942: [GC (Allocation Failure) 14.942: [DefNew: 447K->64K(448K), 0.0027303 secs] 525494K->525488K(1048512K), 0.0028023 secs] [Times: user=0.01 sys=0.00, real=0.00 secs] 
14.952: [GC (Allocation Failure) 14.952: [DefNew: 448K->63K(448K), 0.0026211 secs] 525872K->525867K(1048512K), 0.0026852 secs] [Times: user=0.00 sys=0.00, real=0.01 secs] 
14.964: [GC (Allocation Failure) 14.964: [DefNew: 447K->63K(448K), 0.0027393 secs] 526251K->526247K(1048512K), 0.0028021 secs] [Times: user=0.00 sys=0.00, real=0.01 secs] 
14.976: [GC (Allocation Failure) 14.976: [DefNew: 447K->63K(448K), 0.0022886 secs] 526631K->526625K(1048512K), 0.0023599 secs] [Times: user=0.01 sys=0.00, real=0.00 secs] 
14.986: [GC (Allocation Failure) 14.986: [DefNew: 447K->63K(448K), 0.0029143 secs] 527009K->527004K(1048512K), 0.0029980 secs] [Times: user=0.00 sys=0.00, real=0.00 secs] 
14.998: [GC (Allocation Failure) 14.998: [DefNew: 447K->63K(448K), 0.0025892 secs] 527388K->527381K(1048512K), 0.0026576 secs] [Times: user=0.00 sys=0.00, real=0.00 secs] 
15.010: [GC (Allocation Failure) 15.010: [DefNew: 447K->63K(448K), 0.0027476 secs] 527765K->527761K(1048512K), 0.0028118 secs] [Times: user=0.00 sys=0.00, real=0.00 secs] 
15.022: [GC (Allocation Failure) 15.022: [DefNew: 447K->63K(448K), 0.0026583 secs] 528145K->528139K(1048512K), 0.0027359 secs] [Times: user=0.00 sys=0.00, real=0.00 secs] 
15.034: [GC (Allocation Failure) 15.034: [DefNew: 447K->64K(448K), 0.0026769 secs] 528523K->528518K(1048512K), 0.0027476 secs] [Times: user=0.00 sys=0.00, real=0.01 secs] 
15.045: [GC (Allocation Failure) 15.045: [DefNew: 448K->63K(448K), 0.0026755 secs] 528902K->528898K(1048512K), 0.0027523 secs] [Times: user=0.00 sys=0.00, real=0.00 secs] 
15.056: [GC (Allocation Failure) 15.056: [DefNew: 447K->63K(448K), 0.0022383 secs] 529282K->529276K(1048512K), 0.0023035 secs] [Times: user=0.01 sys=0.00, real=0.00 secs] 
15.067: [GC (Allocation Failure) 15.067: [DefNew: 447K->64K(448K), 0.0025946 secs] 529660K->529654K(1048512K), 0.0026610 secs] [Times: user=0.00 sys=0.00, real=0.00 secs] 
15.078: [GC (Allocation Failure) 15.078: [DefNew: 448K->64K(448K), 0.0024715 secs] 530038K->530034K(1048512K), 0.0025341 secs] [Times: user=0.00 sys=0.00, real=0.00 secs] 
15.090: [GC (Allocation Failure) 15.091: [DefNew: 448K->63K(448K), 0.0026432 secs] 530418K->530414K(1048512K), 0.0027219 secs] [Times: user=0.00 sys=0.00, real=0.00 secs] 
15.102: [GC (Allocation Failure) 15.102: [DefNew: 447K->64K(448K), 0.0024424 secs] 530797K->530789K(1048512K), 0.0025233 secs] [Times: user=0.00 sys=0.00, real=0.00 secs] 
15.111: [GC (Allocation Failure) 15.111: [DefNew: 448K->64K(448K), 0.0020405 secs] 531173K->531168K(1048512K), 0.0020975 secs] [Times: user=0.00 sys=0.00, real=0.00 secs] 
15.123: [GC (Allocation Failure) 15.123: [DefNew: 448K->63K(448K), 0.0024899 secs] 531552K->531548K(1048512K), 0.0025365 secs] [Times: user=0.00 sys=0.00, real=0.01 secs] 
15.135: [GC (Allocation Failure) 15.135: [DefNew: 447K->64K(448K), 0.0025092 secs] 531932K->531928K(1048512K), 0.0025733 secs] [Times: user=0.01 sys=0.00, real=0.00 secs] 
15.146: [GC (Allocation Failure) 15.146: [DefNew: 448K->64K(448K), 0.0025342 secs] 532312K->532306K(1048512K), 0.0026056 secs] [Times: user=0.00 sys=0.00, real=0.00 secs] 
15.156: [GC (Allocation Failure) 15.157: [DefNew: 448K->64K(448K), 0.0029689 secs] 532690K->532684K(1048512K), 0.0030507 secs] [Times: user=0.00 sys=0.00, real=0.00 secs] 
15.167: [GC (Allocation Failure) 15.167: [DefNew: 448K->63K(448K), 0.0019138 secs] 533068K->533064K(1048512K), 0.0019749 secs] [Times: user=0.00 sys=0.00, real=0.00 secs] 
15.178: [GC (Allocation Failure) 15.178: [DefNew: 447K->63K(448K), 0.0021252 secs] 533448K->533442K(1048512K), 0.0021912 secs] [Times: user=0.01 sys=0.00, real=0.00 secs] 
15.189: [GC (Allocation Failure) 15.189: [DefNew: 447K->64K(448K), 0.0021360 secs] 533826K->533821K(1048512K), 0.0022031 secs] [Times: user=0.00 sys=0.00, real=0.00 secs] 
15.199: [GC (Allocation Failure) 15.199: [DefNew: 448K->64K(448K), 0.0019227 secs] 534205K->534199K(1048512K), 0.0019802 secs] [Times: user=0.00 sys=0.00, real=0.00 secs] 
15.209: [GC (Allocation Failure) 15.210: [DefNew: 448K->64K(448K), 0.0025193 secs] 534583K->534578K(1048512K), 0.0026188 secs] [Times: user=0.00 sys=0.00, real=0.00 secs] 
15.222: [GC (Allocation Failure) 15.222: [DefNew: 448K->63K(448K), 0.0028278 secs] 534962K->534958K(1048512K), 0.0028918 secs] [Times: user=0.01 sys=0.00, real=0.00 secs] 
15.232: [GC (Allocation Failure) 15.232: [DefNew: 447K->64K(448K), 0.0027492 secs] 535342K->535335K(1048512K), 0.0028194 secs] [Times: user=0.00 sys=0.00, real=0.01 secs] 
15.245: [GC (Allocation Failure) 15.245: [DefNew: 448K->63K(448K), 0.0037120 secs] 535719K->535714K(1048512K), 0.0037969 secs] [Times: user=0.00 sys=0.00, real=0.00 secs] 
15.258: [GC (Allocation Failure) 15.258: [DefNew: 447K->63K(448K), 0.0024003 secs] 536098K->536094K(1048512K), 0.0024628 secs] [Times: user=0.01 sys=0.00, real=0.00 secs] 
15.267: [GC (Allocation Failure) 15.267: [DefNew: 447K->63K(448K), 0.0024095 secs] 536478K->536472K(1048512K), 0.0024629 secs] [Times: user=0.00 sys=0.00, real=0.00 secs] 
15.279: [GC (Allocation Failure) 15.279: [DefNew: 447K->63K(448K), 0.0027728 secs] 536856K->536851K(1048512K), 0.0028403 secs] [Times: user=0.00 sys=0.00, real=0.00 secs] 
15.292: [GC (Allocation Failure) 15.292: [DefNew: 447K->63K(448K), 0.0025494 secs] 537235K->537230K(1048512K), 0.0026160 secs] [Times: user=0.00 sys=0.00, real=0.00 secs] 
15.302: [GC (Allocation Failure) 15.302: [DefNew: 447K->64K(448K), 0.0025775 secs] 537614K->537606K(1048512K), 0.0026484 secs] [Times: user=0.00 sys=0.00, real=0.01 secs] 
15.313: [GC (Allocation Failure) 15.313: [DefNew: 448K->64K(448K), 0.0023388 secs] 537990K->537986K(1048512K), 0.0023948 secs] [Times: user=0.00 sys=0.00, real=0.01 secs] 
15.323: [GC (Allocation Failure) 15.323: [DefNew: 448K->64K(448K), 0.0019992 secs] 538370K->538365K(1048512K), 0.0020595 secs] [Times: user=0.00 sys=0.00, real=0.01 secs] 
15.333: [GC (Allocation Failure) 15.333: [DefNew: 448K->63K(448K), 0.0024494 secs] 538749K->538745K(1048512K), 0.0025160 secs] [Times: user=0.00 sys=0.00, real=0.01 secs] 
15.345: [GC (Allocation Failure) 15.345: [DefNew: 447K->64K(448K), 0.0025542 secs] 539129K->539123K(1048512K), 0.0026231 secs] [Times: user=0.00 sys=0.00, real=0.01 secs] 
15.354: [GC (Allocation Failure) 15.354: [DefNew: 448K->63K(448K), 0.0022368 secs] 539507K->539501K(1048512K), 0.0022943 secs] [Times: user=0.00 sys=0.00, real=0.01 secs] 
15.365: [GC (Allocation Failure) 15.379: [DefNew: 447K->63K(448K), 0.0024627 secs] 539885K->539881K(1048512K), 0.0162433 secs] [Times: user=0.00 sys=0.01, real=0.01 secs] 
15.391: [GC (Allocation Failure) 15.391: [DefNew: 447K->64K(448K), 0.0024494 secs] 540265K->540259K(1048512K), 0.0025047 secs] [Times: user=0.01 sys=0.00, real=0.00 secs] 
15.402: [GC (Allocation Failure) 15.402: [DefNew: 448K->63K(448K), 0.0025740 secs] 540643K->540638K(1048512K), 0.0026569 secs] [Times: user=0.00 sys=0.00, real=0.00 secs] 
15.414: [GC (Allocation Failure) 15.414: [DefNew: 447K->64K(448K), 0.0029026 secs] 541022K->541016K(1048512K), 0.0029861 secs] [Times: user=0.00 sys=0.00, real=0.01 secs] 
15.426: [GC (Allocation Failure) 15.427: [DefNew: 448K->64K(448K), 0.0025216 secs] 541400K->541395K(1048512K), 0.0026320 secs] [Times: user=0.00 sys=0.00, real=0.00 secs] 
15.437: [GC (Allocation Failure) 15.437: [DefNew: 448K->63K(448K), 0.0025061 secs] 541779K->541775K(1048512K), 0.0025694 secs] [Times: user=0.00 sys=0.00, real=0.00 secs] 
15.449: [GC (Allocation Failure) 15.449: [DefNew: 447K->63K(448K), 0.0024916 secs] 542159K->542153K(1048512K), 0.0025707 secs] [Times: user=0.00 sys=0.00, real=0.00 secs] 
15.460: [GC (Allocation Failure) 15.460: [DefNew: 447K->63K(448K), 0.0026481 secs] 542537K->542531K(1048512K), 0.0027141 secs] [Times: user=0.00 sys=0.00, real=0.00 secs] 
15.472: [GC (Allocation Failure) 15.472: [DefNew: 447K->63K(448K), 0.0029101 secs] 542915K->542911K(1048512K), 0.0030001 secs] [Times: user=0.01 sys=0.00, real=0.01 secs] 
15.486: [GC (Allocation Failure) 15.486: [DefNew: 447K->64K(448K), 0.0031908 secs] 543295K->543289K(1048512K), 0.0032697 secs] [Times: user=0.00 sys=0.00, real=0.00 secs] 
15.497: [GC (Allocation Failure) 15.497: [DefNew: 448K->63K(448K), 0.0027063 secs] 543673K->543668K(1048512K), 0.0027730 secs] [Times: user=0.00 sys=0.00, real=0.00 secs] 
15.510: [GC (Allocation Failure) 15.510: [DefNew: 447K->64K(448K), 0.0025675 secs] 544052K->544046K(1048512K), 0.0026358 secs] [Times: user=0.01 sys=0.00, real=0.00 secs] 
15.522: [GC (Allocation Failure) 15.522: [DefNew: 448K->64K(448K), 0.0028083 secs] 544430K->544425K(1048512K), 0.0028766 secs] [Times: user=0.00 sys=0.00, real=0.01 secs] 
15.533: [GC (Allocation Failure) 15.533: [DefNew: 448K->63K(448K), 0.0026763 secs] 544809K->544805K(1048512K), 0.0027458 secs] [Times: user=0.00 sys=0.00, real=0.01 secs] 
15.546: [GC (Allocation Failure) 15.546: [DefNew: 447K->64K(448K), 0.0026330 secs] 545189K->545182K(1048512K), 0.0027068 secs] [Times: user=0.01 sys=0.00, real=0.00 secs] 
15.558: [GC (Allocation Failure) 15.558: [DefNew: 448K->63K(448K), 0.0025213 secs] 545566K->545561K(1048512K), 0.0025843 secs] [Times: user=0.00 sys=0.00, real=0.00 secs] 
15.568: [GC (Allocation Failure) 15.568: [DefNew: 447K->63K(448K), 0.0024135 secs] 545945K->545941K(1048512K), 0.0024810 secs] [Times: user=0.00 sys=0.00, real=0.00 secs] 
15.580: [GC (Allocation Failure) 15.581: [DefNew: 447K->64K(448K), 0.0025631 secs] 546325K->546319K(1048512K), 0.0026359 secs] [Times: user=0.00 sys=0.00, real=0.00 secs] 
15.593: [GC (Allocation Failure) 15.593: [DefNew: 448K->63K(448K), 0.0026254 secs] 546703K->546698K(1048512K), 0.0026960 secs] [Times: user=0.01 sys=0.00, real=0.01 secs] 
15.603: [GC (Allocation Failure) 15.603: [DefNew: 447K->63K(448K), 0.0027098 secs] 547082K->547077K(1048512K), 0.0027894 secs] [Times: user=0.00 sys=0.00, real=0.01 secs] 
15.614: [GC (Allocation Failure) 15.614: [DefNew: 447K->64K(448K), 0.0020632 secs] 547461K->547453K(1048512K), 0.0021238 secs] [Times: user=0.00 sys=0.01, real=0.01 secs] 
15.624: [GC (Allocation Failure) 15.624: [DefNew: 448K->63K(448K), 0.0026317 secs] 547837K->547833K(1048512K), 0.0026903 secs] [Times: user=0.01 sys=0.00, real=0.01 secs] 
15.636: [GC (Allocation Failure) 15.636: [DefNew: 447K->63K(448K), 0.0026030 secs] 548217K->548212K(1048512K), 0.0026816 secs] [Times: user=0.00 sys=0.00, real=0.00 secs] 
15.648: [GC (Allocation Failure) 15.648: [DefNew: 447K->63K(448K), 0.0036639 secs] 548596K->548592K(1048512K), 0.0037816 secs] [Times: user=0.00 sys=0.00, real=0.00 secs] 
15.659: [GC (Allocation Failure) 15.659: [DefNew: 447K->64K(448K), 0.0018826 secs] 548976K->548970K(1048512K), 0.0019257 secs] [Times: user=0.00 sys=0.00, real=0.00 secs] 
15.670: [GC (Allocation Failure) 15.670: [DefNew: 448K->63K(448K), 0.0024839 secs] 549354K->549348K(1048512K), 0.0025492 secs] [Times: user=0.01 sys=0.00, real=0.00 secs] 
15.683: [GC (Allocation Failure) 15.683: [DefNew: 447K->63K(448K), 0.0028030 secs] 549732K->549728K(1048512K), 0.0028665 secs] [Times: user=0.00 sys=0.00, real=0.01 secs] 
15.694: [GC (Allocation Failure) 15.694: [DefNew: 447K->63K(448K), 0.0026799 secs] 550112K->550106K(1048512K), 0.0027513 secs] [Times: user=0.00 sys=0.00, real=0.01 secs] 
15.707: [GC (Allocation Failure) 15.707: [DefNew: 447K->63K(448K), 0.0028271 secs] 550490K->550485K(1048512K), 0.0029208 secs] [Times: user=0.01 sys=0.00, real=0.00 secs] 
15.719: [GC (Allocation Failure) 15.719: [DefNew: 447K->64K(448K), 0.0024906 secs] 550869K->550863K(1048512K), 0.0025528 secs] [Times: user=0.00 sys=0.00, real=0.00 secs] 
15.730: [GC (Allocation Failure) 15.730: [DefNew: 448K->64K(448K), 0.0027264 secs] 551247K->551242K(1048512K), 0.0027912 secs] [Times: user=0.00 sys=0.00, real=0.00 secs] 
15.743: [GC (Allocation Failure) 15.743: [DefNew: 448K->63K(448K), 0.0024971 secs] 551626K->551622K(1048512K), 0.0025638 secs] [Times: user=0.00 sys=0.00, real=0.01 secs] 
15.755: [GC (Allocation Failure) 15.755: [DefNew: 447K->63K(448K), 0.0023002 secs] 552006K->552000K(1048512K), 0.0023662 secs] [Times: user=0.00 sys=0.00, real=0.00 secs] 
15.765: [GC (Allocation Failure) 15.765: [DefNew: 447K->63K(448K), 0.0023884 secs] 552384K->552378K(1048512K), 0.0024361 secs] [Times: user=0.00 sys=0.00, real=0.00 secs] 
15.777: [GC (Allocation Failure) 15.777: [DefNew: 447K->64K(448K), 0.0025284 secs] 552762K->552758K(1048512K), 0.0025918 secs] [Times: user=0.00 sys=0.00, real=0.00 secs] 
15.788: [GC (Allocation Failure) 15.788: [DefNew: 448K->63K(448K), 0.0026902 secs] 553142K->553136K(1048512K), 0.0027619 secs] [Times: user=0.01 sys=0.00, real=0.00 secs] 
15.797: [GC (Allocation Failure) 15.797: [DefNew: 447K->63K(448K), 0.0016763 secs] 553520K->553406K(1048512K), 0.0017204 secs] [Times: user=0.00 sys=0.00, real=0.00 secs] 
15.809: [GC (Allocation Failure) 15.809: [DefNew: 447K->63K(448K), 0.0029343 secs] 553790K->553780K(1048512K), 0.0030125 secs] [Times: user=0.00 sys=0.00, real=0.00 secs] 
15.820: [GC (Allocation Failure) 15.820: [DefNew: 447K->63K(448K), 0.0027733 secs] 554164K->554158K(1048512K), 0.0028356 secs] [Times: user=0.00 sys=0.00, real=0.00 secs] 
15.832: [GC (Allocation Failure) 15.832: [DefNew: 447K->63K(448K), 0.0023122 secs] 554542K->554516K(1048512K), 0.0023756 secs] [Times: user=0.00 sys=0.00, real=0.01 secs] 
15.842: [GC (Allocation Failure) 15.842: [DefNew: 447K->63K(448K), 0.0022949 secs] 554900K->554880K(1048512K), 0.0023650 secs] [Times: user=0.00 sys=0.01, real=0.01 secs] 
15.853: [GC (Allocation Failure) 15.853: [DefNew: 447K->63K(448K), 0.0020946 secs] 555264K->555258K(1048512K), 0.0021558 secs] [Times: user=0.00 sys=0.00, real=0.01 secs] 
15.863: [GC (Allocation Failure) 15.863: [DefNew: 447K->63K(448K), 0.0021904 secs] 555642K->555633K(1048512K), 0.0022375 secs] [Times: user=0.01 sys=0.00, real=0.01 secs] 
15.875: [GC (Allocation Failure) 15.875: [DefNew: 447K->63K(448K), 0.0025999 secs] 556017K->556008K(1048512K), 0.0026720 secs] [Times: user=0.00 sys=0.00, real=0.00 secs] 
15.886: [GC (Allocation Failure) 15.886: [DefNew: 447K->63K(448K), 0.0025130 secs] 556392K->556390K(1048512K), 0.0025842 secs] [Times: user=0.00 sys=0.00, real=0.00 secs] 
15.898: [GC (Allocation Failure) 15.898: [DefNew: 447K->63K(448K), 0.0026641 secs] 556774K->556772K(1048512K), 0.0027346 secs] [Times: user=0.01 sys=0.00, real=0.00 secs] 
15.911: [GC (Allocation Failure) 15.911: [DefNew: 447K->64K(448K), 0.0026261 secs] 557156K->557153K(1048512K), 0.0026917 secs] [Times: user=0.00 sys=0.00, real=0.00 secs] 
15.921: [GC (Allocation Failure) 15.921: [DefNew: 448K->64K(448K), 0.0026205 secs] 557537K->557532K(1048512K), 0.0038555 secs] [Times: user=0.00 sys=0.00, real=0.01 secs] 
15.934: [GC (Allocation Failure) 15.935: [DefNew: 448K->64K(448K), 0.0019843 secs] 557916K->557909K(1048512K), 0.0020421 secs] [Times: user=0.00 sys=0.00, real=0.01 secs] 
15.946: [GC (Allocation Failure) 15.946: [DefNew: 448K->64K(448K), 0.0026720 secs] 558293K->558289K(1048512K), 0.0027664 secs] [Times: user=0.01 sys=0.00, real=0.00 secs] 
15.956: [GC (Allocation Failure) 15.956: [DefNew: 448K->63K(448K), 0.0024449 secs] 558673K->558669K(1048512K), 0.0025329 secs] [Times: user=0.00 sys=0.00, real=0.00 secs] 
15.968: [GC (Allocation Failure) 15.968: [DefNew: 447K->63K(448K), 0.0025170 secs] 559053K->559047K(1048512K), 0.0025809 secs] [Times: user=0.00 sys=0.00, real=0.00 secs] 
15.979: [GC (Allocation Failure) 15.979: [DefNew: 447K->63K(448K), 0.0027447 secs] 559431K->559425K(1048512K), 0.0028242 secs] [Times: user=0.01 sys=0.00, real=0.00 secs] 
15.990: [GC (Allocation Failure) 15.990: [DefNew: 447K->64K(448K), 0.0023221 secs] 559809K->559805K(1048512K), 0.0024096 secs] [Times: user=0.00 sys=0.00, real=0.00 secs] 
16.002: [GC (Allocation Failure) 16.002: [DefNew: 448K->63K(448K), 0.0024796 secs] 560189K->560183K(1048512K), 0.0025578 secs] [Times: user=0.00 sys=0.00, real=0.00 secs] 
16.014: [GC (Allocation Failure) 16.014: [DefNew: 447K->64K(448K), 0.0028630 secs] 560567K->560562K(1048512K), 0.0029538 secs] [Times: user=0.00 sys=0.00, real=0.01 secs] 
16.025: [GC (Allocation Failure) 16.025: [DefNew: 448K->64K(448K), 0.0021803 secs] 560946K->560942K(1048512K), 0.0022479 secs] [Times: user=0.01 sys=0.00, real=0.00 secs] 
16.037: [GC (Allocation Failure) 16.037: [DefNew: 447K->64K(448K), 0.0024957 secs] 561326K->561318K(1048512K), 0.0026197 secs] [Times: user=0.00 sys=0.00, real=0.00 secs] 
16.047: [GC (Allocation Failure) 16.047: [DefNew: 448K->63K(448K), 0.0026171 secs] 561702K->561696K(1048512K), 0.0027045 secs] [Times: user=0.00 sys=0.00, real=0.00 secs] 
16.059: [GC (Allocation Failure) 16.059: [DefNew: 447K->63K(448K), 0.0025700 secs] 562080K->562076K(1048512K), 0.0026556 secs] [Times: user=0.01 sys=0.00, real=0.00 secs] 
16.072: [GC (Allocation Failure) 16.072: [DefNew: 447K->63K(448K), 0.0025203 secs] 562460K->562456K(1048512K), 0.0026005 secs] [Times: user=0.00 sys=0.00, real=0.00 secs] 
16.082: [GC (Allocation Failure) 16.082: [DefNew: 447K->63K(448K), 0.0027122 secs] 562840K->562834K(1048512K), 0.0027969 secs] [Times: user=0.00 sys=0.00, real=0.01 secs] 
16.094: [GC (Allocation Failure) 16.094: [DefNew: 447K->63K(448K), 0.0023399 secs] 563218K->563212K(1048512K), 0.0024244 secs] [Times: user=0.00 sys=0.01, real=0.01 secs] 
16.104: [GC (Allocation Failure) 16.104: [DefNew: 447K->63K(448K), 0.0020271 secs] 563596K->563592K(1048512K), 0.0020761 secs] [Times: user=0.01 sys=0.00, real=0.01 secs] 
16.114: [GC (Allocation Failure) 16.114: [DefNew: 447K->63K(448K), 0.0019641 secs] 563976K->563971K(1048512K), 0.0020209 secs] [Times: user=0.00 sys=0.00, real=0.01 secs] 
16.125: [GC (Allocation Failure) 16.125: [DefNew: 447K->63K(448K), 0.0026035 secs] 564355K->564349K(1048512K), 0.0026888 secs] [Times: user=0.00 sys=0.00, real=0.00 secs] 
16.137: [GC (Allocation Failure) 16.137: [DefNew: 447K->63K(448K), 0.0026830 secs] 564733K->564726K(1048512K), 0.0027681 secs] [Times: user=0.00 sys=0.00, real=0.00 secs] 
16.148: [GC (Allocation Failure) 16.148: [DefNew: 447K->64K(448K), 0.0025716 secs] 565110K->565105K(1048512K), 0.0026499 secs] [Times: user=0.00 sys=0.00, real=0.00 secs] 
16.160: [GC (Allocation Failure) 16.160: [DefNew: 448K->63K(448K), 0.0024091 secs] 565489K->565486K(1048512K), 0.0025026 secs] [Times: user=0.00 sys=0.00, real=0.00 secs] 
16.171: [GC (Allocation Failure) 16.171: [DefNew: 447K->63K(448K), 0.0026555 secs] 565870K->565865K(1048512K), 0.0027496 secs] [Times: user=0.00 sys=0.00, real=0.00 secs] 
16.182: [GC (Allocation Failure) 16.182: [DefNew: 447K->63K(448K), 0.0023590 secs] 566249K->566243K(1048512K), 0.0024443 secs] [Times: user=0.01 sys=0.00, real=0.00 secs] 
16.192: [GC (Allocation Failure) 16.192: [DefNew: 447K->63K(448K), 0.0019907 secs] 566627K->566622K(1048512K), 0.0020557 secs] [Times: user=0.00 sys=0.00, real=0.00 secs] 
16.202: [GC (Allocation Failure) 16.202: [DefNew: 447K->64K(448K), 0.0027573 secs] 567006K->567001K(1048512K), 0.0028288 secs] [Times: user=0.00 sys=0.00, real=0.01 secs] 
16.214: [GC (Allocation Failure) 16.214: [DefNew: 448K->64K(448K), 0.0025387 secs] 567385K->567381K(1048512K), 0.0026563 secs] [Times: user=0.00 sys=0.00, real=0.01 secs] 
16.226: [GC (Allocation Failure) 16.226: [DefNew: 448K->63K(448K), 0.0026403 secs] 567765K->567759K(1048512K), 0.0027131 secs] [Times: user=0.01 sys=0.00, real=0.00 secs] 
16.237: [GC (Allocation Failure) 16.237: [DefNew: 447K->63K(448K), 0.0027771 secs] 568143K->568137K(1048512K), 0.0028545 secs] [Times: user=0.00 sys=0.00, real=0.00 secs] 
16.249: [GC (Allocation Failure) 16.249: [DefNew: 447K->64K(448K), 0.0027508 secs] 568521K->568514K(1048512K), 0.0028318 secs] [Times: user=0.00 sys=0.00, real=0.00 secs] 
16.260: [GC (Allocation Failure) 16.260: [DefNew: 448K->63K(448K), 0.0025152 secs] 568898K->568894K(1048512K), 0.0025820 secs] [Times: user=0.01 sys=0.00, real=0.00 secs] 
16.271: [GC (Allocation Failure) 16.271: [DefNew: 447K->63K(448K), 0.0026284 secs] 569278K->569272K(1048512K), 0.0027171 secs] [Times: user=0.00 sys=0.00, real=0.00 secs] 
16.284: [GC (Allocation Failure) 16.284: [DefNew: 447K->64K(448K), 0.0025862 secs] 569656K->569652K(1048512K), 0.0026688 secs] [Times: user=0.00 sys=0.00, real=0.01 secs] 
16.296: [GC (Allocation Failure) 16.296: [DefNew: 448K->63K(448K), 0.0025507 secs] 570036K->570031K(1048512K), 0.0026523 secs] [Times: user=0.01 sys=0.00, real=0.00 secs] 
16.306: [GC (Allocation Failure) 16.306: [DefNew: 447K->63K(448K), 0.0023986 secs] 570415K->570410K(1048512K), 0.0024780 secs] [Times: user=0.00 sys=0.00, real=0.00 secs] 
16.318: [GC (Allocation Failure) 16.318: [DefNew: 447K->63K(448K), 0.0022589 secs] 570794K->570788K(1048512K), 0.0023144 secs] [Times: user=0.00 sys=0.00, real=0.00 secs] 
16.330: [GC (Allocation Failure) 16.330: [DefNew: 447K->64K(448K), 0.0025771 secs] 571172K->571168K(1048512K), 0.0026761 secs] [Times: user=0.00 sys=0.00, real=0.00 secs] 
16.340: [GC (Allocation Failure) 16.340: [DefNew: 448K->63K(448K), 0.0025231 secs] 571552K->571546K(1048512K), 0.0025992 secs] [Times: user=0.01 sys=0.00, real=0.00 secs] 
16.352: [GC (Allocation Failure) 16.352: [DefNew: 447K->63K(448K), 0.0025549 secs] 571930K->571923K(1048512K), 0.0026559 secs] [Times: user=0.00 sys=0.00, real=0.00 secs] 
16.362: [GC (Allocation Failure) 16.362: [DefNew: 447K->64K(448K), 0.0025132 secs] 572307K->572302K(1048512K), 0.0026042 secs] [Times: user=0.00 sys=0.00, real=0.00 secs] 
16.374: [GC (Allocation Failure) 16.374: [DefNew: 448K->63K(448K), 0.0027287 secs] 572686K->572682K(1048512K), 0.0028137 secs] [Times: user=0.00 sys=0.00, real=0.01 secs] 
16.386: [GC (Allocation Failure) 16.386: [DefNew: 447K->63K(448K), 0.0028881 secs] 573066K->573062K(1048512K), 0.0029696 secs] [Times: user=0.01 sys=0.00, real=0.00 secs] 
16.397: [GC (Allocation Failure) 16.397: [DefNew: 447K->64K(448K), 0.0033676 secs] 573446K->573440K(1048512K), 0.0034757 secs] [Times: user=0.00 sys=0.00, real=0.00 secs] 
16.409: [GC (Allocation Failure) 16.409: [DefNew: 448K->63K(448K), 0.0023862 secs] 573824K->573818K(1048512K), 0.0024435 secs] [Times: user=0.00 sys=0.00, real=0.00 secs] 
16.420: [GC (Allocation Failure) 16.420: [DefNew: 447K->64K(448K), 0.0028198 secs] 574202K->574197K(1048512K), 0.0028950 secs] [Times: user=0.01 sys=0.00, real=0.00 secs] 
16.431: [GC (Allocation Failure) 16.431: [DefNew: 448K->64K(448K), 0.0027152 secs] 574581K->574577K(1048512K), 0.0028125 secs] [Times: user=0.00 sys=0.00, real=0.00 secs] 
16.443: [GC (Allocation Failure) 16.443: [DefNew: 448K->64K(448K), 0.0031715 secs] 574961K->574955K(1048512K), 0.0032953 secs] [Times: user=0.00 sys=0.00, real=0.01 secs] 
16.455: [GC (Allocation Failure) 16.455: [DefNew: 448K->63K(448K), 0.0024284 secs] 575339K->575331K(1048512K), 0.0025217 secs] [Times: user=0.01 sys=0.00, real=0.00 secs] 
16.466: [GC (Allocation Failure) 16.466: [DefNew: 447K->63K(448K), 0.0025341 secs] 575715K->575711K(1048512K), 0.0026158 secs] [Times: user=0.00 sys=0.00, real=0.00 secs] 
16.478: [GC (Allocation Failure) 16.478: [DefNew: 447K->63K(448K), 0.0029099 secs] 576095K->576091K(1048512K), 0.0029945 secs] [Times: user=0.00 sys=0.00, real=0.00 secs] 
16.491: [GC (Allocation Failure) 16.491: [DefNew: 447K->63K(448K), 0.0028335 secs] 576475K->576471K(1048512K), 0.0029135 secs] [Times: user=0.00 sys=0.00, real=0.00 secs] 
16.502: [GC (Allocation Failure) 16.502: [DefNew: 447K->63K(448K), 0.0028070 secs] 576855K->576849K(1048512K), 0.0028936 secs] [Times: user=0.01 sys=0.00, real=0.01 secs] 
16.515: [GC (Allocation Failure) 16.515: [DefNew: 447K->63K(448K), 0.0027260 secs] 577233K->577227K(1048512K), 0.0028143 secs] [Times: user=0.00 sys=0.00, real=0.00 secs] 
16.526: [GC (Allocation Failure) 16.526: [DefNew: 447K->64K(448K), 0.0026542 secs] 577611K->577606K(1048512K), 0.0027407 secs] [Times: user=0.00 sys=0.00, real=0.00 secs] 
16.539: [GC (Allocation Failure) 16.539: [DefNew: 448K->63K(448K), 0.0025548 secs] 577990K->577986K(1048512K), 0.0026403 secs] [Times: user=0.01 sys=0.00, real=0.00 secs] 
16.551: [GC (Allocation Failure) 16.551: [DefNew: 447K->63K(448K), 0.0026669 secs] 578370K->578364K(1048512K), 0.0027546 secs] [Times: user=0.00 sys=0.00, real=0.00 secs] 
16.562: [GC (Allocation Failure) 16.562: [DefNew: 447K->64K(448K), 0.0026137 secs] 578748K->578741K(1048512K), 0.0027317 secs] [Times: user=0.00 sys=0.00, real=0.00 secs] 
16.573: [GC (Allocation Failure) 16.573: [DefNew: 448K->64K(448K), 0.0022512 secs] 579125K->579120K(1048512K), 0.0023153 secs] [Times: user=0.01 sys=0.00, real=0.01 secs] 
16.586: [GC (Allocation Failure) 16.586: [DefNew: 448K->63K(448K), 0.0030320 secs] 579504K->579500K(1048512K), 0.0031158 secs] [Times: user=0.00 sys=0.01, real=0.00 secs] 
16.597: [GC (Allocation Failure) 16.597: [DefNew: 447K->63K(448K), 0.0028189 secs] 579884K->579880K(1048512K), 0.0028880 secs] [Times: user=0.00 sys=0.00, real=0.00 secs] 
16.610: [GC (Allocation Failure) 16.610: [DefNew: 447K->64K(448K), 0.0026313 secs] 580264K->580258K(1048512K), 0.0027102 secs] [Times: user=0.00 sys=0.00, real=0.00 secs] 
16.622: [GC (Allocation Failure) 16.622: [DefNew: 448K->63K(448K), 0.0025673 secs] 580642K->580636K(1048512K), 0.0026604 secs] [Times: user=0.00 sys=0.00, real=0.00 secs] 
16.632: [GC (Allocation Failure) 16.632: [DefNew: 447K->64K(448K), 0.0027029 secs] 581020K->581016K(1048512K), 0.0027872 secs] [Times: user=0.00 sys=0.00, real=0.01 secs] 
16.644: [GC (Allocation Failure) 16.644: [DefNew: 448K->63K(448K), 0.0028652 secs] 581400K->581396K(1048512K), 0.0029603 secs] [Times: user=0.00 sys=0.00, real=0.01 secs] 
16.656: [GC (Allocation Failure) 16.656: [DefNew: 447K->63K(448K), 0.0021615 secs] 581780K->581774K(1048512K), 0.0022357 secs] [Times: user=0.01 sys=0.00, real=0.00 secs] 
16.667: [GC (Allocation Failure) 16.667: [DefNew: 447K->63K(448K), 0.0027741 secs] 582158K->582150K(1048512K), 0.0028508 secs] [Times: user=0.00 sys=0.00, real=0.00 secs] 
16.679: [GC (Allocation Failure) 16.679: [DefNew: 447K->64K(448K), 0.0028022 secs] 582534K->582529K(1048512K), 0.0029016 secs] [Times: user=0.00 sys=0.00, real=0.00 secs] 
16.690: [GC (Allocation Failure) 16.690: [DefNew: 448K->63K(448K), 0.0025678 secs] 582913K->582910K(1048512K), 0.0026494 secs] [Times: user=0.01 sys=0.00, real=0.00 secs] 
16.702: [GC (Allocation Failure) 16.702: [DefNew: 447K->63K(448K), 0.0027233 secs] 583294K->583290K(1048512K), 0.0027984 secs] [Times: user=0.00 sys=0.00, real=0.01 secs] 
16.714: [GC (Allocation Failure) 16.714: [DefNew: 447K->63K(448K), 0.0026217 secs] 583674K->583668K(1048512K), 0.0026980 secs] [Times: user=0.00 sys=0.00, real=0.01 secs] 
16.725: [GC (Allocation Failure) 16.725: [DefNew: 447K->63K(448K), 0.0028207 secs] 584052K->584046K(1048512K), 0.0029025 secs] [Times: user=0.00 sys=0.00, real=0.00 secs] 
16.738: [GC (Allocation Failure) 16.738: [DefNew: 447K->64K(448K), 0.0028026 secs] 584430K->584425K(1048512K), 0.0028845 secs] [Times: user=0.01 sys=0.00, real=0.00 secs] 
16.751: [GC (Allocation Failure) 16.751: [DefNew: 448K->64K(448K), 0.0028013 secs] 584809K->584805K(1048512K), 0.0028826 secs] [Times: user=0.00 sys=0.00, real=0.00 secs] 
16.761: [GC (Allocation Failure) 16.761: [DefNew: 448K->63K(448K), 0.0026228 secs] 585189K->585183K(1048512K), 0.0026851 secs] [Times: user=0.00 sys=0.00, real=0.00 secs] 
16.774: [GC (Allocation Failure) 16.774: [DefNew: 447K->63K(448K), 0.0028876 secs] 585567K->585559K(1048512K), 0.0029818 secs] [Times: user=0.01 sys=0.00, real=0.01 secs] 
16.786: [GC (Allocation Failure) 16.786: [DefNew: 447K->64K(448K), 0.0025740 secs] 585943K->585939K(1048512K), 0.0026559 secs] [Times: user=0.00 sys=0.00, real=0.00 secs] 
16.794: [GC (Allocation Failure) 16.794: [DefNew: 448K->64K(448K), 0.0019728 secs] 586323K->586191K(1048512K), 0.0020539 secs] [Times: user=0.01 sys=0.00, real=0.01 secs] 
16.805: [GC (Allocation Failure) 16.805: [DefNew: 447K->63K(448K), 0.0033625 secs] 586575K->586567K(1048512K), 0.0034559 secs] [Times: user=0.00 sys=0.01, real=0.00 secs] 
16.818: [GC (Allocation Failure) 16.818: [DefNew: 447K->63K(448K), 0.0026254 secs] 586951K->586948K(1048512K), 0.0026908 secs] [Times: user=0.00 sys=0.00, real=0.00 secs] 
16.830: [GC (Allocation Failure) 16.830: [DefNew: 447K->63K(448K), 0.0028374 secs] 587331K->587324K(1048512K), 0.0029019 secs] [Times: user=0.01 sys=0.00, real=0.00 secs] 
16.841: [GC (Allocation Failure) 16.841: [DefNew: 447K->64K(448K), 0.0026383 secs] 587708K->587673K(1048512K), 0.0027037 secs] [Times: user=0.00 sys=0.00, real=0.00 secs] 
16.852: [GC (Allocation Failure) 16.852: [DefNew: 448K->64K(448K), 0.0019698 secs] 588057K->588051K(1048512K), 0.0020272 secs] [Times: user=0.00 sys=0.00, real=0.00 secs] 
16.861: [GC (Allocation Failure) 16.861: [DefNew: 448K->64K(448K), 0.0018509 secs] 588435K->588427K(1048512K), 0.0018892 secs] [Times: user=0.00 sys=0.00, real=0.00 secs] 
16.871: [GC (Allocation Failure) 16.871: [DefNew: 448K->63K(448K), 0.0024716 secs] 588811K->588800K(1048512K), 0.0025401 secs] [Times: user=0.00 sys=0.00, real=0.00 secs] 
16.880: [GC (Allocation Failure) 16.880: [DefNew: 447K->64K(448K), 0.0021028 secs] 589184K->589176K(1048512K), 0.0021616 secs] [Times: user=0.00 sys=0.00, real=0.00 secs] 
16.891: [GC (Allocation Failure) 16.891: [DefNew: 448K->64K(448K), 0.0025477 secs] 589560K->589559K(1048512K), 0.0026081 secs] [Times: user=0.00 sys=0.00, real=0.00 secs] 
16.902: [GC (Allocation Failure) 16.903: [DefNew: 448K->63K(448K), 0.0028871 secs] 589943K->589941K(1048512K), 0.0029502 secs] [Times: user=0.01 sys=0.00, real=0.01 secs] 
16.913: [GC (Allocation Failure) 16.913: [DefNew: 447K->63K(448K), 0.0022100 secs] 590325K->590321K(1048512K), 0.0022829 secs] [Times: user=0.00 sys=0.00, real=0.01 secs] 
16.925: [GC (Allocation Failure) 16.925: [DefNew: 447K->63K(448K), 0.0028195 secs] 590705K->590699K(1048512K), 0.0028948 secs] [Times: user=0.00 sys=0.00, real=0.00 secs] 
16.937: [GC (Allocation Failure) 16.937: [DefNew: 447K->63K(448K), 0.0027366 secs] 591083K->591079K(1048512K), 0.0028370 secs] [Times: user=0.00 sys=0.00, real=0.00 secs] 
16.948: [GC (Allocation Failure) 16.948: [DefNew: 447K->64K(448K), 0.0026193 secs] 591463K->591459K(1048512K), 0.0026995 secs] [Times: user=0.01 sys=0.00, real=0.00 secs] 
16.960: [GC (Allocation Failure) 16.960: [DefNew: 448K->63K(448K), 0.0026503 secs] 591843K->591837K(1048512K), 0.0027174 secs] [Times: user=0.00 sys=0.00, real=0.00 secs] 
16.971: [GC (Allocation Failure) 16.971: [DefNew: 447K->63K(448K), 0.0025532 secs] 592221K->592214K(1048512K), 0.0026224 secs] [Times: user=0.00 sys=0.00, real=0.00 secs] 
16.982: [GC (Allocation Failure) 16.982: [DefNew: 447K->64K(448K), 0.0023250 secs] 592598K->592591K(1048512K), 0.0024008 secs] [Times: user=0.01 sys=0.00, real=0.00 secs] 
16.994: [GC (Allocation Failure) 16.994: [DefNew: 448K->63K(448K), 0.0024263 secs] 592975K->592971K(1048512K), 0.0024842 secs] [Times: user=0.00 sys=0.00, real=0.01 secs] 
17.004: [GC (Allocation Failure) 17.004: [DefNew: 447K->63K(448K), 0.0027681 secs] 593355K->593350K(1048512K), 0.0028442 secs] [Times: user=0.00 sys=0.00, real=0.01 secs] 
17.017: [GC (Allocation Failure) 17.017: [DefNew: 447K->63K(448K), 0.0025711 secs] 593734K->593729K(1048512K), 0.0026402 secs] [Times: user=0.00 sys=0.00, real=0.00 secs] 
17.029: [GC (Allocation Failure) 17.029: [DefNew: 447K->63K(448K), 0.0028628 secs] 594113K->594109K(1048512K), 0.0029690 secs] [Times: user=0.00 sys=0.00, real=0.00 secs] 
17.040: [GC (Allocation Failure) 17.040: [DefNew: 447K->63K(448K), 0.0025368 secs] 594493K->594487K(1048512K), 0.0026011 secs] [Times: user=0.00 sys=0.00, real=0.00 secs] 
17.051: [GC (Allocation Failure) 17.051: [DefNew: 447K->63K(448K), 0.0024371 secs] 594871K->594865K(1048512K), 0.0025046 secs] [Times: user=0.00 sys=0.00, real=0.00 secs] 
17.062: [GC (Allocation Failure) 17.062: [DefNew: 447K->63K(448K), 0.0020868 secs] 595249K->595245K(1048512K), 0.0021358 secs] [Times: user=0.01 sys=0.01, real=0.00 secs] 
17.072: [GC (Allocation Failure) 17.072: [DefNew: 447K->63K(448K), 0.0025440 secs] 595629K->595625K(1048512K), 0.0026096 secs] [Times: user=0.00 sys=0.00, real=0.01 secs] 
17.085: [GC (Allocation Failure) 17.085: [DefNew: 447K->64K(448K), 0.0029724 secs] 596008K->596000K(1048512K), 0.0030499 secs] [Times: user=0.00 sys=0.00, real=0.00 secs] 
17.096: [GC (Allocation Failure) 17.096: [DefNew: 448K->63K(448K), 0.0022704 secs] 596384K->596379K(1048512K), 0.0023468 secs] [Times: user=0.00 sys=0.00, real=0.00 secs] 
17.105: [GC (Allocation Failure) 17.105: [DefNew: 447K->63K(448K), 0.0020232 secs] 596763K->596759K(1048512K), 0.0020840 secs] [Times: user=0.01 sys=0.00, real=0.00 secs] 
17.115: [GC (Allocation Failure) 17.115: [DefNew: 447K->63K(448K), 0.0024297 secs] 597143K->597139K(1048512K), 0.0025100 secs] [Times: user=0.00 sys=0.00, real=0.00 secs] 
17.125: [GC (Allocation Failure) 17.125: [DefNew: 447K->63K(448K), 0.0020914 secs] 597523K->597517K(1048512K), 0.0021478 secs] [Times: user=0.00 sys=0.00, real=0.00 secs] 
17.136: [GC (Allocation Failure) 17.136: [DefNew: 447K->63K(448K), 0.0024141 secs] 597901K->597895K(1048512K), 0.0024746 secs] [Times: user=0.00 sys=0.00, real=0.00 secs] 
17.148: [GC (Allocation Failure) 17.148: [DefNew: 447K->64K(448K), 0.0026488 secs] 598279K->598274K(1048512K), 0.0027194 secs] [Times: user=0.01 sys=0.00, real=0.00 secs] 
17.158: [GC (Allocation Failure) 17.158: [DefNew: 448K->63K(448K), 0.0026546 secs] 598658K->598654K(1048512K), 0.0027225 secs] [Times: user=0.00 sys=0.00, real=0.00 secs] 
17.170: [GC (Allocation Failure) 17.170: [DefNew: 447K->63K(448K), 0.0025272 secs] 599038K->599032K(1048512K), 0.0025911 secs] [Times: user=0.00 sys=0.00, real=0.00 secs] 
17.182: [GC (Allocation Failure) 17.182: [DefNew: 447K->63K(448K), 0.0026564 secs] 599416K->599409K(1048512K), 0.0027286 secs] [Times: user=0.01 sys=0.00, real=0.01 secs] 
17.193: [GC (Allocation Failure) 17.193: [DefNew: 447K->64K(448K), 0.0025917 secs] 599793K->599788K(1048512K), 0.0026461 secs] [Times: user=0.00 sys=0.00, real=0.01 secs] 
17.205: [GC (Allocation Failure) 17.205: [DefNew: 448K->63K(448K), 0.0025153 secs] 600172K->600168K(1048512K), 0.0025829 secs] [Times: user=0.00 sys=0.00, real=0.00 secs] 
17.218: [GC (Allocation Failure) 17.218: [DefNew: 447K->64K(448K), 0.0026971 secs] 600552K->600548K(1048512K), 0.0027589 secs] [Times: user=0.01 sys=0.00, real=0.00 secs] 
17.229: [GC (Allocation Failure) 17.229: [DefNew: 448K->63K(448K), 0.0026196 secs] 600932K->600926K(1048512K), 0.0026864 secs] [Times: user=0.00 sys=0.00, real=0.00 secs] 
17.242: [GC (Allocation Failure) 17.242: [DefNew: 447K->64K(448K), 0.0026936 secs] 601310K->601304K(1048512K), 0.0027638 secs] [Times: user=0.00 sys=0.00, real=0.00 secs] 
17.254: [GC (Allocation Failure) 17.254: [DefNew: 448K->63K(448K), 0.0025796 secs] 601688K->601684K(1048512K), 0.0026543 secs] [Times: user=0.00 sys=0.00, real=0.01 secs] 
17.264: [GC (Allocation Failure) 17.264: [DefNew: 447K->63K(448K), 0.0021207 secs] 602068K->602063K(1048512K), 0.0021626 secs] [Times: user=0.01 sys=0.00, real=0.01 secs] 
17.275: [GC (Allocation Failure) 17.275: [DefNew: 447K->63K(448K), 0.0026295 secs] 602447K->602441K(1048512K), 0.0026797 secs] [Times: user=0.00 sys=0.00, real=0.00 secs] 
17.286: [GC (Allocation Failure) 17.286: [DefNew: 447K->63K(448K), 0.0028777 secs] 602825K->602818K(1048512K), 0.0029470 secs] [Times: user=0.00 sys=0.00, real=0.00 secs] 
17.299: [GC (Allocation Failure) 17.299: [DefNew: 447K->64K(448K), 0.0029209 secs] 603202K->603197K(1048512K), 0.0029905 secs] [Times: user=0.01 sys=0.00, real=0.00 secs] 
17.312: [GC (Allocation Failure) 17.312: [DefNew: 448K->63K(448K), 0.0026628 secs] 603581K->603578K(1048512K), 0.0027333 secs] [Times: user=0.00 sys=0.00, real=0.00 secs] 
17.321: [GC (Allocation Failure) 17.321: [DefNew: 447K->63K(448K), 0.0023497 secs] 603962K->603957K(1048512K), 0.0024212 secs] [Times: user=0.00 sys=0.00, real=0.00 secs] 
17.332: [GC (Allocation Failure) 17.332: [DefNew: 447K->63K(448K), 0.0019789 secs] 604341K->604335K(1048512K), 0.0020360 secs] [Times: user=0.00 sys=0.00, real=0.00 secs] 
17.343: [GC (Allocation Failure) 17.343: [DefNew: 447K->63K(448K), 0.0028564 secs] 604719K->604714K(1048512K), 0.0029379 secs] [Times: user=0.01 sys=0.00, real=0.01 secs] 
17.354: [GC (Allocation Failure) 17.354: [DefNew: 447K->64K(448K), 0.0027671 secs] 605098K->605093K(1048512K), 0.0028303 secs] [Times: user=0.00 sys=0.00, real=0.01 secs] 
17.366: [GC (Allocation Failure) 17.366: [DefNew: 448K->63K(448K), 0.0025473 secs] 605477K->605473K(1048512K), 0.0026125 secs] [Times: user=0.00 sys=0.00, real=0.00 secs] 
17.378: [GC (Allocation Failure) 17.379: [DefNew: 447K->63K(448K), 0.0026018 secs] 605857K->605851K(1048512K), 0.0026774 secs] [Times: user=0.01 sys=0.00, real=0.00 secs] 
17.390: [GC (Allocation Failure) 17.390: [DefNew: 447K->64K(448K), 0.0027566 secs] 606235K->606227K(1048512K), 0.0028371 secs] [Times: user=0.00 sys=0.00, real=0.00 secs] 
17.402: [GC (Allocation Failure) 17.402: [DefNew: 448K->64K(448K), 0.0030978 secs] 606611K->606606K(1048512K), 0.0031755 secs] [Times: user=0.00 sys=0.00, real=0.01 secs] 
17.414: [GC (Allocation Failure) 17.414: [DefNew: 448K->63K(448K), 0.0019994 secs] 606990K->606987K(1048512K), 0.0020530 secs] [Times: user=0.00 sys=0.00, real=0.01 secs] 
17.425: [GC (Allocation Failure) 17.425: [DefNew: 447K->64K(448K), 0.0026047 secs] 607371K->607367K(1048512K), 0.0026714 secs] [Times: user=0.00 sys=0.00, real=0.01 secs] 
17.437: [GC (Allocation Failure) 17.437: [DefNew: 448K->63K(448K), 0.0028368 secs] 607751K->607745K(1048512K), 0.0029185 secs] [Times: user=0.00 sys=0.00, real=0.00 secs] 
17.448: [GC (Allocation Failure) 17.448: [DefNew: 447K->63K(448K), 0.0026441 secs] 608129K->608123K(1048512K), 0.0027194 secs] [Times: user=0.00 sys=0.00, real=0.00 secs] 
17.460: [GC (Allocation Failure) 17.460: [DefNew: 447K->63K(448K), 0.0030958 secs] 608507K->608502K(1048512K), 0.0031808 secs] [Times: user=0.01 sys=0.00, real=0.00 secs] 
17.473: [GC (Allocation Failure) 17.473: [DefNew: 447K->63K(448K), 0.0026674 secs] 608886K->608882K(1048512K), 0.0027351 secs] [Times: user=0.00 sys=0.00, real=0.01 secs] 
17.484: [GC (Allocation Failure) 17.484: [DefNew: 447K->63K(448K), 0.0026720 secs] 609266K->609260K(1048512K), 0.0027403 secs] [Times: user=0.00 sys=0.00, real=0.01 secs] 
17.496: [GC (Allocation Failure) 17.496: [DefNew: 447K->63K(448K), 0.0028689 secs] 609644K->609637K(1048512K), 0.0029339 secs] [Times: user=0.01 sys=0.00, real=0.00 secs] 
17.509: [GC (Allocation Failure) 17.509: [DefNew: 447K->64K(448K), 0.0025449 secs] 610021K->610016K(1048512K), 0.0026268 secs] [Times: user=0.00 sys=0.00, real=0.00 secs] 
17.519: [GC (Allocation Failure) 17.519: [DefNew: 448K->63K(448K), 0.0027501 secs] 610400K->610396K(1048512K), 0.0028126 secs] [Times: user=0.00 sys=0.00, real=0.00 secs] 
17.532: [GC (Allocation Failure) 17.532: [DefNew: 447K->63K(448K), 0.0026195 secs] 610780K->610776K(1048512K), 0.0026919 secs] [Times: user=0.01 sys=0.00, real=0.01 secs] 
17.545: [GC (Allocation Failure) 17.545: [DefNew: 447K->63K(448K), 0.0026740 secs] 611160K->611154K(1048512K), 0.0027494 secs] [Times: user=0.00 sys=0.00, real=0.00 secs] 
17.555: [GC (Allocation Failure) 17.555: [DefNew: 447K->63K(448K), 0.0019985 secs] 611538K->611532K(1048512K), 0.0020565 secs] [Times: user=0.00 sys=0.00, real=0.00 secs] 
17.567: [GC (Allocation Failure) 17.567: [DefNew: 447K->63K(448K), 0.0028247 secs] 611916K->611911K(1048512K), 0.0028978 secs] [Times: user=0.00 sys=0.01, real=0.00 secs] 
17.579: [GC (Allocation Failure) 17.579: [DefNew: 447K->64K(448K), 0.0026341 secs] 612295K->612291K(1048512K), 0.0027035 secs] [Times: user=0.01 sys=0.00, real=0.00 secs] 
17.590: [GC (Allocation Failure) 17.590: [DefNew: 448K->64K(448K), 0.0025498 secs] 612675K->612669K(1048512K), 0.0026135 secs] [Times: user=0.00 sys=0.00, real=0.00 secs] 
17.602: [GC (Allocation Failure) 17.602: [DefNew: 448K->63K(448K), 0.0024603 secs] 613053K->613046K(1048512K), 0.0025160 secs] [Times: user=0.00 sys=0.00, real=0.00 secs] 
17.612: [GC (Allocation Failure) 17.612: [DefNew: 447K->63K(448K), 0.0026528 secs] 613430K->613425K(1048512K), 0.0027178 secs] [Times: user=0.01 sys=0.00, real=0.01 secs] 
17.625: [GC (Allocation Failure) 17.625: [DefNew: 447K->63K(448K), 0.0026676 secs] 613809K->613805K(1048512K), 0.0027609 secs] [Times: user=0.00 sys=0.00, real=0.01 secs] 
17.637: [GC (Allocation Failure) 17.637: [DefNew: 447K->64K(448K), 0.0025990 secs] 614189K->614185K(1048512K), 0.0026645 secs] [Times: user=0.00 sys=0.00, real=0.00 secs] 
17.648: [GC (Allocation Failure) 17.648: [DefNew: 448K->63K(448K), 0.0026875 secs] 614569K->614563K(1048512K), 0.0027675 secs] [Times: user=0.00 sys=0.00, real=0.00 secs] 
17.660: [GC (Allocation Failure) 17.660: [DefNew: 447K->63K(448K), 0.0025968 secs] 614947K->614942K(1048512K), 0.0026654 secs] [Times: user=0.00 sys=0.00, real=0.00 secs] 
17.673: [GC (Allocation Failure) 17.673: [DefNew: 447K->64K(448K), 0.0037078 secs] 615326K->615321K(1048512K), 0.0037912 secs] [Times: user=0.00 sys=0.00, real=0.01 secs] 
17.684: [GC (Allocation Failure) 17.684: [DefNew: 448K->63K(448K), 0.0021570 secs] 615705K->615701K(1048512K), 0.0022185 secs] [Times: user=0.00 sys=0.00, real=0.01 secs] 
17.696: [GC (Allocation Failure) 17.696: [DefNew: 447K->63K(448K), 0.0028772 secs] 616085K->616079K(1048512K), 0.0029682 secs] [Times: user=0.01 sys=0.00, real=0.00 secs] 
17.708: [GC (Allocation Failure) 17.708: [DefNew: 447K->64K(448K), 0.0025573 secs] 616463K->616455K(1048512K), 0.0026286 secs] [Times: user=0.00 sys=0.00, real=0.00 secs] 
17.719: [GC (Allocation Failure) 17.719: [DefNew: 448K->64K(448K), 0.0024855 secs] 616839K->616834K(1048512K), 0.0025498 secs] [Times: user=0.00 sys=0.00, real=0.00 secs] 
17.732: [GC (Allocation Failure) 17.732: [DefNew: 448K->63K(448K), 0.0027282 secs] 617218K->617215K(1048512K), 0.0028060 secs] [Times: user=0.01 sys=0.00, real=0.00 secs] 
17.745: [GC (Allocation Failure) 17.745: [DefNew: 447K->63K(448K), 0.0026133 secs] 617599K->617595K(1048512K), 0.0026825 secs] [Times: user=0.00 sys=0.00, real=0.01 secs] 
17.755: [GC (Allocation Failure) 17.755: [DefNew: 447K->63K(448K), 0.0026277 secs] 617979K->617973K(1048512K), 0.0026982 secs] [Times: user=0.00 sys=0.00, real=0.00 secs] 
17.768: [GC (Allocation Failure) 17.768: [DefNew: 447K->64K(448K), 0.0028483 secs] 618357K->618351K(1048512K), 0.0029172 secs] [Times: user=0.01 sys=0.00, real=0.00 secs] 
17.779: [GC (Allocation Failure) 17.779: [DefNew: 448K->64K(448K), 0.0028235 secs] 618735K->618730K(1048512K), 0.0028874 secs] [Times: user=0.00 sys=0.00, real=0.00 secs] 
17.792: [GC (Allocation Failure) 17.792: [DefNew: 448K->64K(448K), 0.0027470 secs] 619114K->619094K(1048512K), 0.0028149 secs] [Times: user=0.00 sys=0.00, real=0.00 secs] 
17.801: [GC (Allocation Failure) 17.801: [DefNew: 448K->64K(448K), 0.0020714 secs] 619478K->619386K(1048512K), 0.0021346 secs] [Times: user=0.00 sys=0.00, real=0.00 secs] 
17.812: [GC (Allocation Failure) 17.812: [DefNew: 448K->63K(448K), 0.0020048 secs] 619770K->619767K(1048512K), 0.0020639 secs] [Times: user=0.00 sys=0.00, real=0.00 secs] 
17.822: [GC (Allocation Failure) 17.822: [DefNew: 447K->63K(448K), 0.0021969 secs] 620151K->620146K(1048512K), 0.0022558 secs] [Times: user=0.01 sys=0.00, real=0.00 secs] 
17.834: [GC (Allocation Failure) 17.834: [DefNew: 447K->63K(448K), 0.0024479 secs] 620529K->620523K(1048512K), 0.0025178 secs] [Times: user=0.00 sys=0.00, real=0.01 secs] 
17.844: [GC (Allocation Failure) 17.845: [DefNew: 447K->63K(448K), 0.0023649 secs] 620906K->620861K(1048512K), 0.0024224 secs] [Times: user=0.01 sys=0.00, real=0.01 secs] 
17.855: [GC (Allocation Failure) 17.855: [DefNew: 447K->63K(448K), 0.0020935 secs] 621245K->621240K(1048512K), 0.0021529 secs] [Times: user=0.00 sys=0.00, real=0.00 secs] 
17.865: [GC (Allocation Failure) 17.865: [DefNew: 447K->64K(448K), 0.0021329 secs] 621624K->621616K(1048512K), 0.0022006 secs] [Times: user=0.00 sys=0.00, real=0.00 secs] 
17.875: [GC (Allocation Failure) 17.875: [DefNew: 448K->63K(448K), 0.0024766 secs] 622000K->621990K(1048512K), 0.0025304 secs] [Times: user=0.00 sys=0.00, real=0.00 secs] 
17.888: [GC (Allocation Failure) 17.888: [DefNew: 447K->64K(448K), 0.0030457 secs] 622374K->622373K(1048512K), 0.0031182 secs] [Times: user=0.01 sys=0.00, real=0.00 secs] 
17.900: [GC (Allocation Failure) 17.900: [DefNew: 448K->63K(448K), 0.0028467 secs] 622757K->622755K(1048512K), 0.0029144 secs] [Times: user=0.00 sys=0.00, real=0.00 secs] 
17.912: [GC (Allocation Failure) 17.913: [DefNew: 447K->63K(448K), 0.0028741 secs] 623139K->623136K(1048512K), 0.0029377 secs] [Times: user=0.00 sys=0.00, real=0.01 secs] 
17.924: [GC (Allocation Failure) 17.924: [DefNew: 447K->63K(448K), 0.0026366 secs] 623520K->623515K(1048512K), 0.0027068 secs] [Times: user=0.01 sys=0.00, real=0.01 secs] 
17.934: [GC (Allocation Failure) 17.934: [DefNew: 447K->63K(448K), 0.0020618 secs] 623899K->623895K(1048512K), 0.0021243 secs] [Times: user=0.00 sys=0.00, real=0.01 secs] 
17.946: [GC (Allocation Failure) 17.946: [DefNew: 447K->63K(448K), 0.0026338 secs] 624279K->624275K(1048512K), 0.0027063 secs] [Times: user=0.00 sys=0.00, real=0.00 secs] 
17.957: [GC (Allocation Failure) 17.957: [DefNew: 447K->64K(448K), 0.0026086 secs] 624659K->624653K(1048512K), 0.0026702 secs] [Times: user=0.00 sys=0.00, real=0.00 secs] 
17.968: [GC (Allocation Failure) 17.968: [DefNew: 448K->63K(448K), 0.0028241 secs] 625037K->625031K(1048512K), 0.0028948 secs] [Times: user=0.01 sys=0.00, real=0.00 secs] 
17.980: [GC (Allocation Failure) 17.980: [DefNew: 447K->63K(448K), 0.0029446 secs] 625415K->625411K(1048512K), 0.0030100 secs] [Times: user=0.00 sys=0.00, real=0.00 secs] 
17.992: [GC (Allocation Failure) 17.992: [DefNew: 447K->64K(448K), 0.0025411 secs] 625795K->625789K(1048512K), 0.0026100 secs] [Times: user=0.00 sys=0.00, real=0.00 secs] 
18.004: [GC (Allocation Failure) 18.004: [DefNew: 448K->63K(448K), 0.0028371 secs] 626173K->626168K(1048512K), 0.0029096 secs] [Times: user=0.01 sys=0.00, real=0.01 secs] 
18.015: [GC (Allocation Failure) 18.015: [DefNew: 447K->64K(448K), 0.0026938 secs] 626552K->626545K(1048512K), 0.0027693 secs] [Times: user=0.00 sys=0.00, real=0.00 secs] 
18.028: [GC (Allocation Failure) 18.028: [DefNew: 448K->64K(448K), 0.0026359 secs] 626929K->626925K(1048512K), 0.0027040 secs] [Times: user=0.00 sys=0.00, real=0.00 secs] 
18.041: [GC (Allocation Failure) 18.041: [DefNew: 448K->63K(448K), 0.0028179 secs] 627309K->627305K(1048512K), 0.0028840 secs] [Times: user=0.01 sys=0.00, real=0.00 secs] 
18.051: [GC (Allocation Failure) 18.051: [DefNew: 447K->64K(448K), 0.0025371 secs] 627689K->627683K(1048512K), 0.0026033 secs] [Times: user=0.00 sys=0.00, real=0.00 secs] 
18.064: [GC (Allocation Failure) 18.064: [DefNew: 448K->63K(448K), 0.0026143 secs] 628067K->628061K(1048512K), 0.0026799 secs] [Times: user=0.00 sys=0.00, real=0.01 secs] 
18.076: [GC (Allocation Failure) 18.076: [DefNew: 447K->63K(448K), 0.0029597 secs] 628445K->628441K(1048512K), 0.0030243 secs] [Times: user=0.01 sys=0.00, real=0.00 secs] 
18.088: [GC (Allocation Failure) 18.088: [DefNew: 447K->64K(448K), 0.0031634 secs] 628825K->628819K(1048512K), 0.0032725 secs] [Times: user=0.00 sys=0.00, real=0.00 secs] 
18.099: [GC (Allocation Failure) 18.099: [DefNew: 448K->64K(448K), 0.0020782 secs] 629203K->629198K(1048512K), 0.0021377 secs] [Times: user=0.00 sys=0.00, real=0.00 secs] 
18.110: [GC (Allocation Failure) 18.110: [DefNew: 448K->63K(448K), 0.0029276 secs] 629582K->629578K(1048512K), 0.0030372 secs] [Times: user=0.00 sys=0.00, real=0.00 secs] 
18.121: [GC (Allocation Failure) 18.121: [DefNew: 447K->63K(448K), 0.0021184 secs] 629962K->629954K(1048512K), 0.0021639 secs] [Times: user=0.01 sys=0.00, real=0.00 secs] 
18.132: [GC (Allocation Failure) 18.132: [DefNew: 447K->63K(448K), 0.0023617 secs] 630338K->630332K(1048512K), 0.0024104 secs] [Times: user=0.00 sys=0.00, real=0.00 secs] 
18.143: [GC (Allocation Failure) 18.143: [DefNew: 447K->63K(448K), 0.0027580 secs] 630716K->630712K(1048512K), 0.0028318 secs] [Times: user=0.00 sys=0.00, real=0.01 secs] 
18.154: [GC (Allocation Failure) 18.154: [DefNew: 447K->63K(448K), 0.0025794 secs] 631096K->631092K(1048512K), 0.0026457 secs] [Times: user=0.01 sys=0.00, real=0.01 secs] 
18.166: [GC (Allocation Failure) 18.166: [DefNew: 447K->63K(448K), 0.0024781 secs] 631476K->631470K(1048512K), 0.0025448 secs] [Times: user=0.00 sys=0.00, real=0.00 secs] 
18.177: [GC (Allocation Failure) 18.177: [DefNew: 447K->63K(448K), 0.0028618 secs] 631854K->631848K(1048512K), 0.0029293 secs] [Times: user=0.00 sys=0.00, real=0.00 secs] 
18.190: [GC (Allocation Failure) 18.190: [DefNew: 447K->64K(448K), 0.0027346 secs] 632232K->632227K(1048512K), 0.0028052 secs] [Times: user=0.00 sys=0.00, real=0.00 secs] 
18.203: [GC (Allocation Failure) 18.203: [DefNew: 448K->63K(448K), 0.0028917 secs] 632611K->632607K(1048512K), 0.0029701 secs] [Times: user=0.01 sys=0.00, real=0.01 secs] 
18.214: [GC (Allocation Failure) 18.214: [DefNew: 447K->63K(448K), 0.0027632 secs] 632991K->632985K(1048512K), 0.0028395 secs] [Times: user=0.00 sys=0.00, real=0.01 secs] 
18.226: [GC (Allocation Failure) 18.226: [DefNew: 447K->64K(448K), 0.0025921 secs] 633369K->633362K(1048512K), 0.0026556 secs] [Times: user=0.00 sys=0.00, real=0.00 secs] 
18.239: [GC (Allocation Failure) 18.239: [DefNew: 448K->64K(448K), 0.0026430 secs] 633746K->633741K(1048512K), 0.0027113 secs] [Times: user=0.01 sys=0.00, real=0.00 secs] 
18.250: [GC (Allocation Failure) 18.250: [DefNew: 448K->63K(448K), 0.0027387 secs] 634125K->634121K(1048512K), 0.0028129 secs] [Times: user=0.00 sys=0.00, real=0.00 secs] 
18.263: [GC (Allocation Failure) 18.263: [DefNew: 447K->63K(448K), 0.0028312 secs] 634505K->634501K(1048512K), 0.0029125 secs] [Times: user=0.00 sys=0.00, real=0.01 secs] 
18.274: [GC (Allocation Failure) 18.274: [DefNew: 447K->63K(448K), 0.0023242 secs] 634885K->634879K(1048512K), 0.0023771 secs] [Times: user=0.01 sys=0.00, real=0.01 secs] 
18.285: [GC (Allocation Failure) 18.286: [DefNew: 447K->63K(448K), 0.0028524 secs] 635263K->635258K(1048512K), 0.0029130 secs] [Times: user=0.00 sys=0.01, real=0.00 secs] 
18.298: [GC (Allocation Failure) 18.298: [DefNew: 447K->64K(448K), 0.0025807 secs] 635642K->635637K(1048512K), 0.0026465 secs] [Times: user=0.00 sys=0.00, real=0.00 secs] 
18.309: [GC (Allocation Failure) 18.309: [DefNew: 448K->63K(448K), 0.0025867 secs] 636021K->636017K(1048512K), 0.0026550 secs] [Times: user=0.00 sys=0.00, real=0.00 secs] 
18.322: [GC (Allocation Failure) 18.322: [DefNew: 447K->63K(448K), 0.0026200 secs] 636401K->636395K(1048512K), 0.0026918 secs] [Times: user=0.01 sys=0.00, real=0.00 secs] 
18.334: [GC (Allocation Failure) 18.334: [DefNew: 447K->63K(448K), 0.0024536 secs] 636779K->636771K(1048512K), 0.0025225 secs] [Times: user=0.00 sys=0.00, real=0.01 secs] 
18.345: [GC (Allocation Failure) 18.345: [DefNew: 447K->63K(448K), 0.0025149 secs] 637155K->637150K(1048512K), 0.0025800 secs] [Times: user=0.00 sys=0.00, real=0.01 secs] 
18.357: [GC (Allocation Failure) 18.357: [DefNew: 447K->63K(448K), 0.0027554 secs] 637534K->637531K(1048512K), 0.0028240 secs] [Times: user=0.01 sys=0.00, real=0.00 secs] 
18.370: [GC (Allocation Failure) 18.370: [DefNew: 447K->64K(448K), 0.0029068 secs] 637915K->637911K(1048512K), 0.0029721 secs] [Times: user=0.00 sys=0.00, real=0.00 secs] 
18.381: [GC (Allocation Failure) 18.381: [DefNew: 448K->63K(448K), 0.0025498 secs] 638295K->638289K(1048512K), 0.0026130 secs] [Times: user=0.00 sys=0.00, real=0.00 secs] 
18.394: [GC (Allocation Failure) 18.394: [DefNew: 447K->63K(448K), 0.0029644 secs] 638673K->638667K(1048512K), 0.0030349 secs] [Times: user=0.01 sys=0.00, real=0.01 secs] 
18.406: [GC (Allocation Failure) 18.406: [DefNew: 447K->64K(448K), 0.0028430 secs] 639051K->639046K(1048512K), 0.0029082 secs] [Times: user=0.00 sys=0.00, real=0.00 secs] 
18.417: [GC (Allocation Failure) 18.418: [DefNew: 448K->63K(448K), 0.0029401 secs] 639430K->639426K(1048512K), 0.0030115 secs] [Times: user=0.00 sys=0.00, real=0.00 secs] 
18.430: [GC (Allocation Failure) 18.430: [DefNew: 447K->63K(448K), 0.0025714 secs] 639810K->639802K(1048512K), 0.0026391 secs] [Times: user=0.01 sys=0.00, real=0.00 secs] 
18.441: [GC (Allocation Failure) 18.441: [DefNew: 447K->63K(448K), 0.0029234 secs] 640186K->640180K(1048512K), 0.0029891 secs] [Times: user=0.00 sys=0.00, real=0.00 secs] 
18.453: [GC (Allocation Failure) 18.453: [DefNew: 447K->64K(448K), 0.0026859 secs] 640564K->640560K(1048512K), 0.0027551 secs] [Times: user=0.00 sys=0.00, real=0.01 secs] 
18.465: [GC (Allocation Failure) 18.465: [DefNew: 448K->63K(448K), 0.0023803 secs] 640944K->640940K(1048512K), 0.0024530 secs] [Times: user=0.00 sys=0.00, real=0.00 secs] 
18.476: [GC (Allocation Failure) 18.476: [DefNew: 447K->63K(448K), 0.0029817 secs] 641324K->641318K(1048512K), 0.0030471 secs] [Times: user=0.01 sys=0.00, real=0.00 secs] 
18.488: [GC (Allocation Failure) 18.488: [DefNew: 447K->64K(448K), 0.0027402 secs] 641702K->641696K(1048512K), 0.0028133 secs] [Times: user=0.00 sys=0.00, real=0.00 secs] 
18.501: [GC (Allocation Failure) 18.501: [DefNew: 448K->64K(448K), 0.0035384 secs] 642080K->642076K(1048512K), 0.0036263 secs] [Times: user=0.00 sys=0.00, real=0.01 secs] 
18.513: [GC (Allocation Failure) 18.513: [DefNew: 448K->63K(448K), 0.0026745 secs] 642460K->642455K(1048512K), 0.0027430 secs] [Times: user=0.00 sys=0.00, real=0.01 secs] 
18.526: [GC (Allocation Failure) 18.526: [DefNew: 447K->63K(448K), 0.0025895 secs] 642839K->642834K(1048512K), 0.0026773 secs] [Times: user=0.00 sys=0.01, real=0.00 secs] 
18.537: [GC (Allocation Failure) 18.537: [DefNew: 447K->64K(448K), 0.0026438 secs] 643218K->643210K(1048512K), 0.0027209 secs] [Times: user=0.00 sys=0.00, real=0.00 secs] 
18.548: [GC (Allocation Failure) 18.548: [DefNew: 448K->64K(448K), 0.0028103 secs] 643594K->643589K(1048512K), 0.0028805 secs] [Times: user=0.01 sys=0.00, real=0.00 secs] 
18.560: [GC (Allocation Failure) 18.560: [DefNew: 448K->63K(448K), 0.0027160 secs] 643973K->643970K(1048512K), 0.0027836 secs] [Times: user=0.00 sys=0.00, real=0.00 secs] 
18.573: [GC (Allocation Failure) 18.573: [DefNew: 447K->63K(448K), 0.0025668 secs] 644354K->644349K(1048512K), 0.0026325 secs] [Times: user=0.00 sys=0.00, real=0.01 secs] 
18.584: [GC (Allocation Failure) 18.584: [DefNew: 447K->63K(448K), 0.0027260 secs] 644733K->644728K(1048512K), 0.0027930 secs] [Times: user=0.01 sys=0.00, real=0.01 secs] 
18.597: [GC (Allocation Failure) 18.597: [DefNew: 447K->63K(448K), 0.0027569 secs] 645112K->645106K(1048512K), 0.0028296 secs] [Times: user=0.00 sys=0.00, real=0.00 secs] 
18.608: [GC (Allocation Failure) 18.608: [DefNew: 447K->64K(448K), 0.0025826 secs] 645490K->645485K(1048512K), 0.0026478 secs] [Times: user=0.00 sys=0.00, real=0.00 secs] 
18.620: [GC (Allocation Failure) 18.620: [DefNew: 448K->64K(448K), 0.0024338 secs] 645869K->645865K(1048512K), 0.0025096 secs] [Times: user=0.00 sys=0.00, real=0.00 secs] 
18.632: [GC (Allocation Failure) 18.632: [DefNew: 448K->63K(448K), 0.0027033 secs] 646249K->646243K(1048512K), 0.0027748 secs] [Times: user=0.00 sys=0.00, real=0.01 secs] 
18.643: [GC (Allocation Failure) 18.643: [DefNew: 447K->63K(448K), 0.0031702 secs] 646627K->646619K(1048512K), 0.0032541 secs] [Times: user=0.00 sys=0.00, real=0.01 secs] 
18.656: [GC (Allocation Failure) 18.656: [DefNew: 447K->64K(448K), 0.0029609 secs] 647003K->646999K(1048512K), 0.0030251 secs] [Times: user=0.00 sys=0.00, real=0.00 secs] 
18.669: [GC (Allocation Failure) 18.669: [DefNew: 448K->63K(448K), 0.0025419 secs] 647383K->647379K(1048512K), 0.0026050 secs] [Times: user=0.00 sys=0.00, real=0.00 secs] 
18.679: [GC (Allocation Failure) 18.679: [DefNew: 447K->63K(448K), 0.0027167 secs] 647763K->647759K(1048512K), 0.0027848 secs] [Times: user=0.00 sys=0.00, real=0.00 secs] 
18.692: [GC (Allocation Failure) 18.692: [DefNew: 447K->63K(448K), 0.0021565 secs] 648143K->648137K(1048512K), 0.0022067 secs] [Times: user=0.00 sys=0.00, real=0.00 secs] 
18.703: [GC (Allocation Failure) 18.703: [DefNew: 447K->63K(448K), 0.0028195 secs] 648521K->648515K(1048512K), 0.0028896 secs] [Times: user=0.01 sys=0.00, real=0.01 secs] 
18.714: [GC (Allocation Failure) 18.714: [DefNew: 447K->64K(448K), 0.0027576 secs] 648899K->648894K(1048512K), 0.0028378 secs] [Times: user=0.00 sys=0.00, real=0.01 secs] 
18.726: [GC (Allocation Failure) 18.727: [DefNew: 448K->64K(448K), 0.0027295 secs] 649278K->649274K(1048512K), 0.0028011 secs] [Times: user=0.00 sys=0.00, real=0.00 secs] 
18.738: [GC (Allocation Failure) 18.738: [DefNew: 448K->64K(448K), 0.0028482 secs] 649658K->649652K(1048512K), 0.0029215 secs] [Times: user=0.01 sys=0.00, real=0.00 secs] 
18.749: [GC (Allocation Failure) 18.749: [DefNew: 448K->63K(448K), 0.0027042 secs] 650036K->650029K(1048512K), 0.0027730 secs] [Times: user=0.00 sys=0.00, real=0.00 secs] 
18.762: [GC (Allocation Failure) 18.762: [DefNew: 447K->63K(448K), 0.0027276 secs] 650413K->650408K(1048512K), 0.0027980 secs] [Times: user=0.00 sys=0.00, real=0.00 secs] 
18.773: [GC (Allocation Failure) 18.773: [DefNew: 447K->63K(448K), 0.0025791 secs] 650792K->650788K(1048512K), 0.0026483 secs] [Times: user=0.00 sys=0.01, real=0.01 secs] 
18.785: [GC (Allocation Failure) 18.786: [DefNew: 447K->63K(448K), 0.0029241 secs] 651172K->651168K(1048512K), 0.0029982 secs] [Times: user=0.00 sys=0.00, real=0.00 secs] 
18.795: [GC (Allocation Failure) 18.795: [DefNew: 447K->64K(448K), 0.0021173 secs] 651552K->651471K(1048512K), 0.0021861 secs] [Times: user=0.01 sys=0.00, real=0.00 secs] 
18.805: [GC (Allocation Failure) 18.805: [DefNew: 448K->63K(448K), 0.0023682 secs] 651855K->651826K(1048512K), 0.0024405 secs] [Times: user=0.00 sys=0.00, real=0.00 secs] 
18.817: [GC (Allocation Failure) 18.817: [DefNew: 447K->64K(448K), 0.0026391 secs] 652210K->652207K(1048512K), 0.0027018 secs] [Times: user=0.01 sys=0.00, real=0.00 secs] 
18.828: [GC (Allocation Failure) 18.828: [DefNew: 448K->63K(448K), 0.0026815 secs] 652591K->652584K(1048512K), 0.0027501 secs] [Times: user=0.00 sys=0.00, real=0.00 secs] 
18.840: [GC (Allocation Failure) 18.840: [DefNew: 447K->64K(448K), 0.0028150 secs] 652968K->652960K(1048512K), 0.0029357 secs] [Times: user=0.00 sys=0.00, real=0.00 secs] 
18.850: [GC (Allocation Failure) 18.850: [DefNew: 448K->63K(448K), 0.0019606 secs] 653344K->653306K(1048512K), 0.0020209 secs] [Times: user=0.01 sys=0.00, real=0.00 secs] 
18.862: [GC (Allocation Failure) 18.862: [DefNew: 447K->64K(448K), 0.0026066 secs] 653690K->653682K(1048512K), 0.0026761 secs] [Times: user=0.00 sys=0.00, real=0.00 secs] 
18.872: [GC (Allocation Failure) 18.872: [DefNew: 447K->63K(448K), 0.0022833 secs] 654065K->654058K(1048512K), 0.0023590 secs] [Times: user=0.00 sys=0.00, real=0.00 secs] 
18.883: [GC (Allocation Failure) 18.883: [DefNew: 447K->64K(448K), 0.0022145 secs] 654442K->654434K(1048512K), 0.0022569 secs] [Times: user=0.00 sys=0.00, real=0.01 secs] 
18.895: [GC (Allocation Failure) 18.895: [DefNew: 447K->64K(448K), 0.0026328 secs] 654818K->654817K(1048512K), 0.0027052 secs] [Times: user=0.01 sys=0.00, real=0.00 secs] 
18.906: [GC (Allocation Failure) 18.906: [DefNew: 448K->63K(448K), 0.0027331 secs] 655201K->655197K(1048512K), 0.0028079 secs] [Times: user=0.00 sys=0.00, real=0.00 secs] 
18.918: [GC (Allocation Failure) 18.918: [DefNew: 447K->64K(448K), 0.0026023 secs] 655581K->655578K(1048512K), 0.0026701 secs] [Times: user=0.00 sys=0.00, real=0.00 secs] 
18.930: [GC (Allocation Failure) 18.930: [DefNew: 448K->63K(448K), 0.0025160 secs] 655962K->655957K(1048512K), 0.0025833 secs] [Times: user=0.01 sys=0.00, real=0.00 secs] 
18.941: [GC (Allocation Failure) 18.941: [DefNew: 447K->63K(448K), 0.0026333 secs] 656341K->656336K(1048512K), 0.0027128 secs] [Times: user=0.00 sys=0.00, real=0.00 secs] 
18.952: [GC (Allocation Failure) 18.952: [DefNew: 447K->63K(448K), 0.0024537 secs] 656720K->656712K(1048512K), 0.0025052 secs] [Times: user=0.00 sys=0.00, real=0.01 secs] 
18.963: [GC (Allocation Failure) 18.963: [DefNew: 447K->64K(448K), 0.0026025 secs] 657096K->657091K(1048512K), 0.0026694 secs] [Times: user=0.00 sys=0.00, real=0.01 secs] 
18.975: [GC (Allocation Failure) 18.975: [DefNew: 448K->63K(448K), 0.0029664 secs] 657475K->657471K(1048512K), 0.0030307 secs] [Times: user=0.00 sys=0.00, real=0.00 secs] 
18.988: [GC (Allocation Failure) 18.988: [DefNew: 447K->63K(448K), 0.0032697 secs] 657855K->657851K(1048512K), 0.0033720 secs] [Times: user=0.00 sys=0.00, real=0.00 secs] 
18.998: [GC (Allocation Failure) 18.998: [DefNew: 447K->63K(448K), 0.0020976 secs] 658235K->658229K(1048512K), 0.0021444 secs] [Times: user=0.00 sys=0.01, real=0.00 secs] 
19.010: [GC (Allocation Failure) 19.010: [DefNew: 447K->63K(448K), 0.0028218 secs] 658613K->658607K(1048512K), 0.0028904 secs] [Times: user=0.01 sys=0.00, real=0.00 secs] 
19.022: [GC (Allocation Failure) 19.022: [DefNew: 447K->63K(448K), 0.0030915 secs] 658991K->658987K(1048512K), 0.0032131 secs] [Times: user=0.00 sys=0.00, real=0.01 secs] 
19.033: [GC (Allocation Failure) 19.033: [DefNew: 447K->63K(448K), 0.0030339 secs] 659371K->659365K(1048512K), 0.0031051 secs] [Times: user=0.00 sys=0.00, real=0.01 secs] 
19.046: [GC (Allocation Failure) 19.046: [DefNew: 447K->63K(448K), 0.0027519 secs] 659749K->659744K(1048512K), 0.0028388 secs] [Times: user=0.01 sys=0.00, real=0.00 secs] 
19.057: [GC (Allocation Failure) 19.057: [DefNew: 447K->63K(448K), 0.0027357 secs] 660128K->660122K(1048512K), 0.0028032 secs] [Times: user=0.00 sys=0.00, real=0.00 secs] 
19.068: [GC (Allocation Failure) 19.068: [DefNew: 447K->64K(448K), 0.0028514 secs] 660506K->660501K(1048512K), 0.0029289 secs] [Times: user=0.00 sys=0.00, real=0.00 secs] 
19.080: [GC (Allocation Failure) 19.080: [DefNew: 448K->63K(448K), 0.0026784 secs] 660885K->660881K(1048512K), 0.0027705 secs] [Times: user=0.01 sys=0.00, real=0.00 secs] 
19.092: [GC (Allocation Failure) 19.092: [DefNew: 447K->63K(448K), 0.0030221 secs] 661265K->661259K(1048512K), 0.0031112 secs] [Times: user=0.00 sys=0.00, real=0.01 secs] 
19.102: [GC (Allocation Failure) 19.102: [DefNew: 447K->63K(448K), 0.0021810 secs] 661643K->661637K(1048512K), 0.0022310 secs] [Times: user=0.00 sys=0.00, real=0.00 secs] 
19.114: [GC (Allocation Failure) 19.114: [DefNew: 447K->64K(448K), 0.0020354 secs] 662021K->662017K(1048512K), 0.0021095 secs] [Times: user=0.00 sys=0.00, real=0.01 secs] 
19.123: [GC (Allocation Failure) 19.123: [DefNew: 448K->63K(448K), 0.0020702 secs] 662401K->662395K(1048512K), 0.0021302 secs] [Times: user=0.01 sys=0.00, real=0.01 secs] 
19.134: [GC (Allocation Failure) 19.134: [DefNew: 447K->64K(448K), 0.0020408 secs] 662779K->662774K(1048512K), 0.0020866 secs] [Times: user=0.00 sys=0.00, real=0.01 secs] 
19.145: [GC (Allocation Failure) 19.145: [DefNew: 448K->63K(448K), 0.0022119 secs] 663158K->663154K(1048512K), 0.0022763 secs] [Times: user=0.00 sys=0.00, real=0.00 secs] 
19.155: [GC (Allocation Failure) 19.155: [DefNew: 447K->63K(448K), 0.0020752 secs] 663538K->663532K(1048512K), 0.0021375 secs] [Times: user=0.00 sys=0.00, real=0.01 secs] 
19.165: [GC (Allocation Failure) 19.165: [DefNew: 447K->63K(448K), 0.0022461 secs] 663916K->663908K(1048512K), 0.0023130 secs] [Times: user=0.01 sys=0.00, real=0.00 secs] 
19.177: [GC (Allocation Failure) 19.177: [DefNew: 447K->64K(448K), 0.0026511 secs] 664292K->664288K(1048512K), 0.0027158 secs] [Times: user=0.00 sys=0.00, real=0.00 secs] 
19.188: [GC (Allocation Failure) 19.188: [DefNew: 448K->63K(448K), 0.0024298 secs] 664672K->664668K(1048512K), 0.0025137 secs] [Times: user=0.00 sys=0.00, real=0.00 secs] 
19.199: [GC (Allocation Failure) 19.199: [DefNew: 447K->63K(448K), 0.0024064 secs] 665052K->665048K(1048512K), 0.0024530 secs] [Times: user=0.00 sys=0.00, real=0.00 secs] 
19.210: [GC (Allocation Failure) 19.210: [DefNew: 447K->63K(448K), 0.0023907 secs] 665432K->665426K(1048512K), 0.0024663 secs] [Times: user=0.01 sys=0.00, real=0.00 secs] 
19.220: [GC (Allocation Failure) 19.220: [DefNew: 447K->63K(448K), 0.0021004 secs] 665810K->665804K(1048512K), 0.0021698 secs] [Times: user=0.00 sys=0.00, real=0.00 secs] 
19.230: [GC (Allocation Failure) 19.230: [DefNew: 447K->64K(448K), 0.0023547 secs] 666188K->666183K(1048512K), 0.0024245 secs] [Times: user=0.00 sys=0.00, real=0.00 secs] 
19.242: [GC (Allocation Failure) 19.242: [DefNew: 448K->63K(448K), 0.0021635 secs] 666567K->666563K(1048512K), 0.0022314 secs] [Times: user=0.00 sys=0.00, real=0.00 secs] 
19.252: [GC (Allocation Failure) 19.252: [DefNew: 447K->63K(448K), 0.0021326 secs] 666947K->666941K(1048512K), 0.0021900 secs] [Times: user=0.01 sys=0.00, real=0.00 secs] 
19.263: [GC (Allocation Failure) 19.263: [DefNew: 447K->63K(448K), 0.0025982 secs] 667325K->667318K(1048512K), 0.0026661 secs] [Times: user=0.00 sys=0.00, real=0.01 secs] 
19.274: [GC (Allocation Failure) 19.274: [DefNew: 447K->64K(448K), 0.0027431 secs] 667702K->667697K(1048512K), 0.0028131 secs] [Times: user=0.00 sys=0.00, real=0.01 secs] 
19.287: [GC (Allocation Failure) 19.287: [DefNew: 448K->63K(448K), 0.0027777 secs] 668081K->668077K(1048512K), 0.0028551 secs] [Times: user=0.00 sys=0.00, real=0.00 secs] 
19.300: [GC (Allocation Failure) 19.300: [DefNew: 447K->63K(448K), 0.0030296 secs] 668461K->668457K(1048512K), 0.0030919 secs] [Times: user=0.00 sys=0.00, real=0.00 secs] 
19.311: [GC (Allocation Failure) 19.311: [DefNew: 447K->63K(448K), 0.0026307 secs] 668841K->668835K(1048512K), 0.0026971 secs] [Times: user=0.00 sys=0.00, real=0.00 secs] 
19.322: [GC (Allocation Failure) 19.322: [DefNew: 447K->63K(448K), 0.0020455 secs] 669219K->669213K(1048512K), 0.0021128 secs] [Times: user=0.00 sys=0.00, real=0.00 secs] 
19.333: [GC (Allocation Failure) 19.333: [DefNew: 447K->64K(448K), 0.0026845 secs] 669597K->669593K(1048512K), 0.0027474 secs] [Times: user=0.01 sys=0.00, real=0.01 secs] 
19.344: [GC (Allocation Failure) 19.344: [DefNew: 448K->63K(448K), 0.0027453 secs] 669977K->669973K(1048512K), 0.0028150 secs] [Times: user=0.00 sys=0.00, real=0.01 secs] 
19.356: [GC (Allocation Failure) 19.356: [DefNew: 447K->63K(448K), 0.0026696 secs] 670357K->670351K(1048512K), 0.0027465 secs] [Times: user=0.00 sys=0.00, real=0.00 secs] 
19.369: [GC (Allocation Failure) 19.369: [DefNew: 447K->63K(448K), 0.0030195 secs] 670735K->670727K(1048512K), 0.0031005 secs] [Times: user=0.01 sys=0.00, real=0.00 secs] 
19.381: [GC (Allocation Failure) 19.381: [DefNew: 447K->64K(448K), 0.0028380 secs] 671111K->671106K(1048512K), 0.0029086 secs] [Times: user=0.00 sys=0.00, real=0.00 secs] 
19.393: [GC (Allocation Failure) 19.393: [DefNew: 448K->63K(448K), 0.0033313 secs] 671490K->671487K(1048512K), 0.0034076 secs] [Times: user=0.00 sys=0.00, real=0.01 secs] 
19.406: [GC (Allocation Failure) 19.406: [DefNew: 447K->63K(448K), 0.0027130 secs] 671871K->671867K(1048512K), 0.0027918 secs] [Times: user=0.01 sys=0.00, real=0.00 secs] 
19.417: [GC (Allocation Failure) 19.417: [DefNew: 447K->63K(448K), 0.0021541 secs] 672251K->672245K(1048512K), 0.0022087 secs] [Times: user=0.00 sys=0.00, real=0.00 secs] 
19.429: [GC (Allocation Failure) 19.429: [DefNew: 447K->63K(448K), 0.0027904 secs] 672629K->672623K(1048512K), 0.0028635 secs] [Times: user=0.00 sys=0.00, real=0.00 secs] 
19.440: [GC (Allocation Failure) 19.440: [DefNew: 447K->64K(448K), 0.0027231 secs] 673007K->673002K(1048512K), 0.0028016 secs] [Times: user=0.00 sys=0.00, real=0.00 secs] 
19.451: [GC (Allocation Failure) 19.451: [DefNew: 448K->63K(448K), 0.0025530 secs] 673386K->673382K(1048512K), 0.0026209 secs] [Times: user=0.00 sys=0.00, real=0.00 secs] 
19.463: [GC (Allocation Failure) 19.463: [DefNew: 447K->64K(448K), 0.0027468 secs] 673766K->673760K(1048512K), 0.0028150 secs] [Times: user=0.00 sys=0.00, real=0.01 secs] 
19.474: [GC (Allocation Failure) 19.474: [DefNew: 448K->63K(448K), 0.0028704 secs] 674144K->674136K(1048512K), 0.0029491 secs] [Times: user=0.00 sys=0.00, real=0.01 secs] 
19.487: [GC (Allocation Failure) 19.487: [DefNew: 447K->64K(448K), 0.0029487 secs] 674520K->674516K(1048512K), 0.0030494 secs] [Times: user=0.01 sys=0.00, real=0.00 secs] 
19.500: [GC (Allocation Failure) 19.500: [DefNew: 448K->63K(448K), 0.0028637 secs] 674900K->674896K(1048512K), 0.0029338 secs] [Times: user=0.00 sys=0.00, real=0.00 secs] 
19.511: [GC (Allocation Failure) 19.511: [DefNew: 447K->64K(448K), 0.0028623 secs] 675280K->675276K(1048512K), 0.0029282 secs] [Times: user=0.00 sys=0.00, real=0.00 secs] 
19.522: [GC (Allocation Failure) 19.522: [DefNew: 448K->64K(448K), 0.0023435 secs] 675660K->675654K(1048512K), 0.0024131 secs] [Times: user=0.01 sys=0.00, real=0.01 secs] 
19.533: [GC (Allocation Failure) 19.533: [DefNew: 448K->63K(448K), 0.0021434 secs] 676038K->676032K(1048512K), 0.0022043 secs] [Times: user=0.00 sys=0.00, real=0.01 secs] 
19.543: [GC (Allocation Failure) 19.543: [DefNew: 447K->64K(448K), 0.0020017 secs] 676416K->676411K(1048512K), 0.0020622 secs] [Times: user=0.00 sys=0.00, real=0.01 secs] 
19.554: [GC (Allocation Failure) 19.554: [DefNew: 448K->63K(448K), 0.0022954 secs] 676795K->676791K(1048512K), 0.0023660 secs] [Times: user=0.00 sys=0.00, real=0.01 secs] 
19.565: [GC (Allocation Failure) 19.565: [DefNew: 447K->63K(448K), 0.0022386 secs] 677175K->677169K(1048512K), 0.0023108 secs] [Times: user=0.01 sys=0.00, real=0.01 secs] 
19.575: [GC (Allocation Failure) 19.575: [DefNew: 447K->63K(448K), 0.0020161 secs] 677553K->677546K(1048512K), 0.0020719 secs] [Times: user=0.00 sys=0.00, real=0.00 secs] 
19.586: [GC (Allocation Failure) 19.586: [DefNew: 447K->64K(448K), 0.0026337 secs] 677930K->677925K(1048512K), 0.0027046 secs] [Times: user=0.00 sys=0.00, real=0.00 secs] 
19.597: [GC (Allocation Failure) 19.597: [DefNew: 448K->63K(448K), 0.0025775 secs] 678309K->678305K(1048512K), 0.0026464 secs] [Times: user=0.00 sys=0.00, real=0.00 secs] 
19.608: [GC (Allocation Failure) 19.608: [DefNew: 447K->64K(448K), 0.0022538 secs] 678689K->678685K(1048512K), 0.0023183 secs] [Times: user=0.01 sys=0.00, real=0.00 secs] 
19.619: [GC (Allocation Failure) 19.619: [DefNew: 448K->63K(448K), 0.0027073 secs] 679069K->679063K(1048512K), 0.0027814 secs] [Times: user=0.00 sys=0.00, real=0.00 secs] 
19.629: [GC (Allocation Failure) 19.629: [DefNew: 447K->63K(448K), 0.0024524 secs] 679447K->679441K(1048512K), 0.0025294 secs] [Times: user=0.00 sys=0.00, real=0.00 secs] 
19.641: [GC (Allocation Failure) 19.641: [DefNew: 447K->64K(448K), 0.0021066 secs] 679825K->679821K(1048512K), 0.0021650 secs] [Times: user=0.00 sys=0.00, real=0.00 secs] 
19.652: [GC (Allocation Failure) 19.652: [DefNew: 448K->63K(448K), 0.0021280 secs] 680205K->680201K(1048512K), 0.0021905 secs] [Times: user=0.01 sys=0.00, real=0.00 secs] 
19.661: [GC (Allocation Failure) 19.661: [DefNew: 447K->63K(448K), 0.0025484 secs] 680585K->680579K(1048512K), 0.0026188 secs] [Times: user=0.00 sys=0.00, real=0.00 secs] 
19.673: [GC (Allocation Failure) 19.673: [DefNew: 447K->63K(448K), 0.0020557 secs] 680963K->680957K(1048512K), 0.0021175 secs] [Times: user=0.00 sys=0.00, real=0.01 secs] 
19.684: [GC (Allocation Failure) 19.684: [DefNew: 447K->63K(448K), 0.0023236 secs] 681341K->681334K(1048512K), 0.0023847 secs] [Times: user=0.00 sys=0.00, real=0.01 secs] 
19.694: [GC (Allocation Failure) 19.694: [DefNew: 447K->63K(448K), 0.0022054 secs] 681718K->681714K(1048512K), 0.0022679 secs] [Times: user=0.01 sys=0.00, real=0.01 secs] 
19.705: [GC (Allocation Failure) 19.705: [DefNew: 447K->63K(448K), 0.0021848 secs] 682098K->682092K(1048512K), 0.0022447 secs] [Times: user=0.00 sys=0.00, real=0.01 secs] 
19.714: [GC (Allocation Failure) 19.714: [DefNew: 447K->64K(448K), 0.0021933 secs] 682476K->682471K(1048512K), 0.0022473 secs] [Times: user=0.00 sys=0.00, real=0.01 secs] 
19.725: [GC (Allocation Failure) 19.725: [DefNew: 448K->63K(448K), 0.0020650 secs] 682855K->682851K(1048512K), 0.0021257 secs] [Times: user=0.00 sys=0.00, real=0.00 secs] 
19.737: [GC (Allocation Failure) 19.737: [DefNew: 447K->64K(448K), 0.0022998 secs] 683235K->683229K(1048512K), 0.0023680 secs] [Times: user=0.01 sys=0.00, real=0.00 secs] 
19.746: [GC (Allocation Failure) 19.746: [DefNew: 448K->63K(448K), 0.0023787 secs] 683613K->683608K(1048512K), 0.0024725 secs] [Times: user=0.00 sys=0.00, real=0.00 secs] 
19.758: [GC (Allocation Failure) 19.758: [DefNew: 447K->63K(448K), 0.0022098 secs] 683992K->683987K(1048512K), 0.0022688 secs] [Times: user=0.00 sys=0.00, real=0.00 secs] 
19.769: [GC (Allocation Failure) 19.769: [DefNew: 447K->63K(448K), 0.0025182 secs] 684371K->684366K(1048512K), 0.0025893 secs] [Times: user=0.00 sys=0.00, real=0.00 secs] 
19.779: [GC (Allocation Failure) 19.779: [DefNew: 447K->63K(448K), 0.0020820 secs] 684750K->684743K(1048512K), 0.0021404 secs] [Times: user=0.01 sys=0.00, real=0.00 secs] 
19.790: [GC (Allocation Failure) 19.790: [DefNew: 447K->64K(448K), 0.0021677 secs] 685127K->685122K(1048512K), 0.0022298 secs] [Times: user=0.00 sys=0.00, real=0.00 secs] 
19.798: [GC (Allocation Failure) 19.798: [DefNew: 448K->64K(448K), 0.0018694 secs] 685506K->685402K(1048512K), 0.0019258 secs] [Times: user=0.00 sys=0.00, real=0.00 secs] 
19.808: [GC (Allocation Failure) 19.808: [DefNew: 448K->63K(448K), 0.0025918 secs] 685786K->685777K(1048512K), 0.0026569 secs] [Times: user=0.00 sys=0.00, real=0.00 secs] 
19.819: [GC (Allocation Failure) 19.819: [DefNew: 447K->63K(448K), 0.0024323 secs] 686161K->686154K(1048512K), 0.0024930 secs] [Times: user=0.00 sys=0.00, real=0.00 secs] 
19.831: [GC (Allocation Failure) 19.831: [DefNew: 447K->64K(448K), 0.0023612 secs] 686538K->686529K(1048512K), 0.0024318 secs] [Times: user=0.01 sys=0.01, real=0.00 secs] 
19.841: [GC (Allocation Failure) 19.841: [DefNew: 448K->63K(448K), 0.0025529 secs] 686913K->686905K(1048512K), 0.0026143 secs] [Times: user=0.00 sys=0.00, real=0.00 secs] 
19.851: [GC (Allocation Failure) 19.851: [DefNew: 447K->63K(448K), 0.0019649 secs] 687289K->687250K(1048512K), 0.0020150 secs] [Times: user=0.00 sys=0.00, real=0.00 secs] 
19.863: [GC (Allocation Failure) 19.863: [DefNew: 447K->64K(448K), 0.0026653 secs] 687634K->687627K(1048512K), 0.0027395 secs] [Times: user=0.01 sys=0.00, real=0.01 secs] 
19.872: [GC (Allocation Failure) 19.873: [DefNew: 448K->63K(448K), 0.0025082 secs] 688011K->688003K(1048512K), 0.0026047 secs] [Times: user=0.00 sys=0.00, real=0.01 secs] 
19.883: [GC (Allocation Failure) 19.883: [DefNew: 447K->63K(448K), 0.0021539 secs] 688387K->688377K(1048512K), 0.0022232 secs] [Times: user=0.00 sys=0.00, real=0.01 secs] 
19.894: [GC (Allocation Failure) 19.894: [DefNew: 447K->63K(448K), 0.0025827 secs] 688761K->688759K(1048512K), 0.0026523 secs] [Times: user=0.01 sys=0.00, real=0.01 secs] 
19.905: [GC (Allocation Failure) 19.905: [DefNew: 447K->63K(448K), 0.0026050 secs] 689143K->689141K(1048512K), 0.0026929 secs] [Times: user=0.00 sys=0.00, real=0.00 secs] 
19.916: [GC (Allocation Failure) 19.916: [DefNew: 447K->63K(448K), 0.0022761 secs] 689525K->689520K(1048512K), 0.0023265 secs] [Times: user=0.00 sys=0.00, real=0.00 secs] 
19.928: [GC (Allocation Failure) 19.928: [DefNew: 447K->63K(448K), 0.0023926 secs] 689904K->689900K(1048512K), 0.0024570 secs] [Times: user=0.00 sys=0.00, real=0.00 secs] 
19.937: [GC (Allocation Failure) 19.937: [DefNew: 447K->63K(448K), 0.0026378 secs] 690284K->690279K(1048512K), 0.0027102 secs] [Times: user=0.01 sys=0.00, real=0.00 secs] 
19.949: [GC (Allocation Failure) 19.949: [DefNew: 447K->63K(448K), 0.0026068 secs] 690663K->690657K(1048512K), 0.0026820 secs] [Times: user=0.00 sys=0.00, real=0.00 secs] 
19.961: [GC (Allocation Failure) 19.961: [DefNew: 447K->64K(448K), 0.0026540 secs] 691041K->691036K(1048512K), 0.0027340 secs] [Times: user=0.00 sys=0.00, real=0.00 secs] 
19.971: [GC (Allocation Failure) 19.971: [DefNew: 448K->63K(448K), 0.0023637 secs] 691420K->691415K(1048512K), 0.0024223 secs] [Times: user=0.01 sys=0.00, real=0.00 secs] 
19.983: [GC (Allocation Failure) 19.983: [DefNew: 447K->63K(448K), 0.0027048 secs] 691799K->691794K(1048512K), 0.0027874 secs] [Times: user=0.00 sys=0.00, real=0.01 secs] 
19.995: [GC (Allocation Failure) 19.995: [DefNew: 447K->63K(448K), 0.0023965 secs] 692178K->692171K(1048512K), 0.0024478 secs] [Times: user=0.00 sys=0.00, real=0.00 secs] 
20.005: [GC (Allocation Failure) 20.005: [DefNew: 447K->64K(448K), 0.0027720 secs] 692555K->692550K(1048512K), 0.0028465 secs] [Times: user=0.00 sys=0.00, real=0.00 secs] 
20.017: [GC (Allocation Failure) 20.017: [DefNew: 448K->63K(448K), 0.0026347 secs] 692934K->692930K(1048512K), 0.0027110 secs] [Times: user=0.01 sys=0.00, real=0.00 secs] 
20.027: [GC (Allocation Failure) 20.027: [DefNew: 447K->63K(448K), 0.0025494 secs] 693314K->693309K(1048512K), 0.0026066 secs] [Times: user=0.00 sys=0.00, real=0.00 secs] 
20.039: [GC (Allocation Failure) 20.039: [DefNew: 447K->63K(448K), 0.0029117 secs] 693693K->693688K(1048512K), 0.0029919 secs] [Times: user=0.00 sys=0.00, real=0.00 secs] 
20.050: [GC (Allocation Failure) 20.050: [DefNew: 447K->63K(448K), 0.0024811 secs] 694072K->694066K(1048512K), 0.0025457 secs] [Times: user=0.01 sys=0.00, real=0.00 secs] 
20.061: [GC (Allocation Failure) 20.061: [DefNew: 447K->64K(448K), 0.0025791 secs] 694450K->694445K(1048512K), 0.0026313 secs] [Times: user=0.00 sys=0.00, real=0.00 secs] 
20.073: [GC (Allocation Failure) 20.073: [DefNew: 448K->63K(448K), 0.0029114 secs] 694829K->694825K(1048512K), 0.0029802 secs] [Times: user=0.00 sys=0.00, real=0.01 secs] 
20.086: [GC (Allocation Failure) 20.086: [DefNew: 447K->63K(448K), 0.0024853 secs] 695209K->695203K(1048512K), 0.0025587 secs] [Times: user=0.00 sys=0.00, real=0.00 secs] 
20.096: [GC (Allocation Failure) 20.096: [DefNew: 447K->64K(448K), 0.0022679 secs] 695587K->695579K(1048512K), 0.0023394 secs] [Times: user=0.00 sys=0.01, real=0.00 secs] 
20.106: [GC (Allocation Failure) 20.106: [DefNew: 448K->63K(448K), 0.0027154 secs] 695963K->695959K(1048512K), 0.0027960 secs] [Times: user=0.00 sys=0.00, real=0.00 secs] 
20.118: [GC (Allocation Failure) 20.118: [DefNew: 447K->63K(448K), 0.0025109 secs] 696343K->696339K(1048512K), 0.0025670 secs] [Times: user=0.00 sys=0.00, real=0.00 secs] 
20.128: [GC (Allocation Failure) 20.128: [DefNew: 447K->64K(448K), 0.0030277 secs] 696723K->696719K(1048512K), 0.0031025 secs] [Times: user=0.01 sys=0.00, real=0.00 secs] 
20.140: [GC (Allocation Failure) 20.140: [DefNew: 448K->63K(448K), 0.0026120 secs] 697103K->697097K(1048512K), 0.0026874 secs] [Times: user=0.00 sys=0.00, real=0.00 secs] 
20.152: [GC (Allocation Failure) 20.152: [DefNew: 447K->63K(448K), 0.0022199 secs] 697481K->697475K(1048512K), 0.0022880 secs] [Times: user=0.00 sys=0.00, real=0.00 secs] 
20.161: [GC (Allocation Failure) 20.162: [DefNew: 447K->64K(448K), 0.0020339 secs] 697859K->697854K(1048512K), 0.0020850 secs] [Times: user=0.01 sys=0.00, real=0.00 secs] 
20.173: [GC (Allocation Failure) 20.173: [DefNew: 448K->63K(448K), 0.0025559 secs] 698238K->698234K(1048512K), 0.0026050 secs] [Times: user=0.00 sys=0.00, real=0.01 secs] 
20.183: [GC (Allocation Failure) 20.183: [DefNew: 447K->63K(448K), 0.0027705 secs] 698618K->698612K(1048512K), 0.0028360 secs] [Times: user=0.00 sys=0.00, real=0.01 secs] 
20.196: [GC (Allocation Failure) 20.196: [DefNew: 447K->64K(448K), 0.0026065 secs] 698996K->698989K(1048512K), 0.0026817 secs] [Times: user=0.00 sys=0.00, real=0.00 secs] 
20.207: [GC (Allocation Failure) 20.207: [DefNew: 448K->63K(448K), 0.0024356 secs] 699373K->699366K(1048512K), 0.0024888 secs] [Times: user=0.01 sys=0.00, real=0.00 secs] 
20.217: [GC (Allocation Failure) 20.217: [DefNew: 447K->63K(448K), 0.0023463 secs] 699750K->699746K(1048512K), 0.0024147 secs] [Times: user=0.00 sys=0.00, real=0.00 secs] 
20.229: [GC (Allocation Failure) 20.229: [DefNew: 447K->63K(448K), 0.0025528 secs] 700130K->700125K(1048512K), 0.0026229 secs] [Times: user=0.00 sys=0.00, real=0.00 secs] 
20.240: [GC (Allocation Failure) 20.240: [DefNew: 447K->63K(448K), 0.0022357 secs] 700509K->700504K(1048512K), 0.0023047 secs] [Times: user=0.01 sys=0.00, real=0.00 secs] 
20.250: [GC (Allocation Failure) 20.250: [DefNew: 447K->63K(448K), 0.0026620 secs] 700888K->700884K(1048512K), 0.0027360 secs] [Times: user=0.00 sys=0.00, real=0.00 secs] 
20.262: [GC (Allocation Failure) 20.262: [DefNew: 447K->63K(448K), 0.0018951 secs] 701268K->701262K(1048512K), 0.0019409 secs] [Times: user=0.00 sys=0.00, real=0.00 secs] 
20.273: [GC (Allocation Failure) 20.273: [DefNew: 447K->63K(448K), 0.0029014 secs] 701646K->701641K(1048512K), 0.0029563 secs] [Times: user=0.00 sys=0.00, real=0.01 secs] 
20.285: [GC (Allocation Failure) 20.285: [DefNew: 447K->64K(448K), 0.0030064 secs] 702025K->702020K(1048512K), 0.0030716 secs] [Times: user=0.01 sys=0.00, real=0.01 secs] 
20.297: [GC (Allocation Failure) 20.297: [DefNew: 448K->63K(448K), 0.0029477 secs] 702404K->702400K(1048512K), 0.0030245 secs] [Times: user=0.00 sys=0.00, real=0.00 secs] 
20.307: [GC (Allocation Failure) 20.307: [DefNew: 447K->64K(448K), 0.0023566 secs] 702783K->702775K(1048512K), 0.0024307 secs] [Times: user=0.00 sys=0.00, real=0.00 secs] 
20.318: [GC (Allocation Failure) 20.318: [DefNew: 448K->63K(448K), 0.0026025 secs] 703159K->703154K(1048512K), 0.0026609 secs] [Times: user=0.01 sys=0.00, real=0.00 secs] 
20.330: [GC (Allocation Failure) 20.330: [DefNew: 447K->63K(448K), 0.0027389 secs] 703538K->703534K(1048512K), 0.0028116 secs] [Times: user=0.00 sys=0.00, real=0.00 secs] 
20.341: [GC (Allocation Failure) 20.341: [DefNew: 447K->64K(448K), 0.0027887 secs] 703918K->703914K(1048512K), 0.0028927 secs] [Times: user=0.00 sys=0.00, real=0.00 secs] 
20.352: [GC (Allocation Failure) 20.352: [DefNew: 448K->64K(448K), 0.0021438 secs] 704298K->704292K(1048512K), 0.0022049 secs] [Times: user=0.00 sys=0.00, real=0.00 secs] 
20.364: [GC (Allocation Failure) 20.364: [DefNew: 448K->64K(448K), 0.0027775 secs] 704676K->704670K(1048512K), 0.0028479 secs] [Times: user=0.01 sys=0.00, real=0.01 secs] 
20.375: [GC (Allocation Failure) 20.375: [DefNew: 448K->64K(448K), 0.0027591 secs] 705054K->705049K(1048512K), 0.0028412 secs] [Times: user=0.00 sys=0.01, real=0.00 secs] 
20.388: [GC (Allocation Failure) 20.388: [DefNew: 448K->63K(448K), 0.0029049 secs] 705433K->705429K(1048512K), 0.0029691 secs] [Times: user=0.00 sys=0.00, real=0.00 secs] 
20.401: [GC (Allocation Failure) 20.401: [DefNew: 447K->63K(448K), 0.0028036 secs] 705813K->705807K(1048512K), 0.0028824 secs] [Times: user=0.01 sys=0.00, real=0.00 secs] 
20.412: [GC (Allocation Failure) 20.412: [DefNew: 447K->63K(448K), 0.0027505 secs] 706191K->706184K(1048512K), 0.0028201 secs] [Times: user=0.00 sys=0.00, real=0.01 secs] 
20.425: [GC (Allocation Failure) 20.425: [DefNew: 447K->63K(448K), 0.0026448 secs] 706568K->706563K(1048512K), 0.0027088 secs] [Times: user=0.00 sys=0.00, real=0.00 secs] 
20.437: [GC (Allocation Failure) 20.437: [DefNew: 447K->63K(448K), 0.0027867 secs] 706947K->706943K(1048512K), 0.0028568 secs] [Times: user=0.01 sys=0.00, real=0.00 secs] 
20.447: [GC (Allocation Failure) 20.447: [DefNew: 447K->63K(448K), 0.0028279 secs] 707327K->707323K(1048512K), 0.0029014 secs] [Times: user=0.00 sys=0.00, real=0.00 secs] 
20.460: [GC (Allocation Failure) 20.460: [DefNew: 447K->64K(448K), 0.0026747 secs] 707707K->707701K(1048512K), 0.0027465 secs] [Times: user=0.00 sys=0.00, real=0.00 secs] 
20.470: [GC (Allocation Failure) 20.470: [DefNew: 448K->63K(448K), 0.0020583 secs] 708085K->708079K(1048512K), 0.0021134 secs] [Times: user=0.00 sys=0.00, real=0.00 secs] 
20.481: [GC (Allocation Failure) 20.482: [DefNew: 447K->63K(448K), 0.0027895 secs] 708463K->708459K(1048512K), 0.0028568 secs] [Times: user=0.00 sys=0.00, real=0.00 secs] 
20.494: [GC (Allocation Failure) 20.494: [DefNew: 447K->63K(448K), 0.0028567 secs] 708843K->708838K(1048512K), 0.0029212 secs] [Times: user=0.00 sys=0.00, real=0.01 secs] 
20.505: [GC (Allocation Failure) 20.505: [DefNew: 447K->64K(448K), 0.0026498 secs] 709222K->709217K(1048512K), 0.0027133 secs] [Times: user=0.00 sys=0.00, real=0.00 secs] 
20.517: [GC (Allocation Failure) 20.517: [DefNew: 448K->64K(448K), 0.0026287 secs] 709601K->709593K(1048512K), 0.0026990 secs] [Times: user=0.01 sys=0.00, real=0.00 secs] 
20.530: [GC (Allocation Failure) 20.530: [DefNew: 448K->64K(448K), 0.0026382 secs] 709977K->709972K(1048512K), 0.0027043 secs] [Times: user=0.00 sys=0.00, real=0.00 secs] 
20.541: [GC (Allocation Failure) 20.541: [DefNew: 448K->63K(448K), 0.0027526 secs] 710356K->710353K(1048512K), 0.0028199 secs] [Times: user=0.00 sys=0.00, real=0.00 secs] 
20.553: [GC (Allocation Failure) 20.553: [DefNew: 447K->63K(448K), 0.0028592 secs] 710737K->710732K(1048512K), 0.0029353 secs] [Times: user=0.01 sys=0.00, real=0.01 secs] 
20.565: [GC (Allocation Failure) 20.565: [DefNew: 447K->64K(448K), 0.0028103 secs] 711116K->711111K(1048512K), 0.0028803 secs] [Times: user=0.00 sys=0.00, real=0.00 secs] 
20.576: [GC (Allocation Failure) 20.576: [DefNew: 448K->63K(448K), 0.0025161 secs] 711495K->711489K(1048512K), 0.0025976 secs] [Times: user=0.00 sys=0.00, real=0.00 secs] 
20.587: [GC (Allocation Failure) 20.588: [DefNew: 447K->63K(448K), 0.0027529 secs] 711873K->711868K(1048512K), 0.0028188 secs] [Times: user=0.01 sys=0.00, real=0.00 secs] 
20.600: [GC (Allocation Failure) 20.600: [DefNew: 447K->63K(448K), 0.0027901 secs] 712252K->712248K(1048512K), 0.0028619 secs] [Times: user=0.00 sys=0.00, real=0.00 secs] 
20.611: [GC (Allocation Failure) 20.611: [DefNew: 447K->63K(448K), 0.0027532 secs] 712632K->712626K(1048512K), 0.0028184 secs] [Times: user=0.00 sys=0.00, real=0.00 secs] 
20.623: [GC (Allocation Failure) 20.623: [DefNew: 447K->63K(448K), 0.0021108 secs] 713010K->713002K(1048512K), 0.0021609 secs] [Times: user=0.00 sys=0.00, real=0.01 secs] 
20.633: [GC (Allocation Failure) 20.633: [DefNew: 447K->64K(448K), 0.0028763 secs] 713386K->713382K(1048512K), 0.0029520 secs] [Times: user=0.01 sys=0.00, real=0.01 secs] 
20.646: [GC (Allocation Failure) 20.646: [DefNew: 448K->63K(448K), 0.0027076 secs] 713766K->713762K(1048512K), 0.0027755 secs] [Times: user=0.00 sys=0.00, real=0.00 secs] 
20.658: [GC (Allocation Failure) 20.658: [DefNew: 447K->64K(448K), 0.0028352 secs] 714146K->714142K(1048512K), 0.0029014 secs] [Times: user=0.00 sys=0.00, real=0.00 secs] 
20.670: [GC (Allocation Failure) 20.670: [DefNew: 448K->63K(448K), 0.0026497 secs] 714526K->714520K(1048512K), 0.0027171 secs] [Times: user=0.01 sys=0.00, real=0.00 secs] 
20.682: [GC (Allocation Failure) 20.682: [DefNew: 447K->63K(448K), 0.0029120 secs] 714904K->714898K(1048512K), 0.0029775 secs] [Times: user=0.00 sys=0.00, real=0.01 secs] 
20.695: [GC (Allocation Failure) 20.695: [DefNew: 447K->64K(448K), 0.0026556 secs] 715282K->715277K(1048512K), 0.0027205 secs] [Times: user=0.00 sys=0.00, real=0.00 secs] 
20.706: [GC (Allocation Failure) 20.706: [DefNew: 448K->64K(448K), 0.0029047 secs] 715661K->715657K(1048512K), 0.0029763 secs] [Times: user=0.01 sys=0.00, real=0.00 secs] 
20.719: [GC (Allocation Failure) 20.719: [DefNew: 447K->63K(448K), 0.0027251 secs] 716041K->716033K(1048512K), 0.0027923 secs] [Times: user=0.00 sys=0.00, real=0.00 secs] 
20.731: [GC (Allocation Failure) 20.731: [DefNew: 447K->63K(448K), 0.0027409 secs] 716417K->716412K(1048512K), 0.0028091 secs] [Times: user=0.00 sys=0.00, real=0.00 secs] 
20.742: [GC (Allocation Failure) 20.742: [DefNew: 447K->63K(448K), 0.0027620 secs] 716796K->716791K(1048512K), 0.0028443 secs] [Times: user=0.01 sys=0.00, real=0.01 secs] 
20.754: [GC (Allocation Failure) 20.754: [DefNew: 447K->63K(448K), 0.0029839 secs] 717175K->717171K(1048512K), 0.0030576 secs] [Times: user=0.00 sys=0.00, real=0.01 secs] 
20.766: [GC (Allocation Failure) 20.766: [DefNew: 447K->63K(448K), 0.0020216 secs] 717555K->717549K(1048512K), 0.0020720 secs] [Times: user=0.00 sys=0.00, real=0.00 secs] 
20.776: [GC (Allocation Failure) 20.776: [DefNew: 447K->63K(448K), 0.0026322 secs] 717933K->717928K(1048512K), 0.0026857 secs] [Times: user=0.00 sys=0.00, real=0.00 secs] 
20.789: [GC (Allocation Failure) 20.789: [DefNew: 447K->64K(448K), 0.0029185 secs] 718312K->718307K(1048512K), 0.0029832 secs] [Times: user=0.01 sys=0.00, real=0.00 secs] 
20.799: [GC (Allocation Failure) 20.799: [DefNew: 448K->64K(448K), 0.0022021 secs] 718691K->718589K(1048512K), 0.0022763 secs] [Times: user=0.00 sys=0.00, real=0.00 secs] 
20.809: [GC (Allocation Failure) 20.809: [DefNew: 448K->64K(448K), 0.0019396 secs] 718973K->718971K(1048512K), 0.0019858 secs] [Times: user=0.00 sys=0.00, real=0.00 secs] 
20.820: [GC (Allocation Failure) 20.820: [DefNew: 448K->63K(448K), 0.0021646 secs] 719355K->719348K(1048512K), 0.0022354 secs] [Times: user=0.01 sys=0.00, real=0.00 secs] 
20.831: [GC (Allocation Failure) 20.831: [DefNew: 447K->63K(448K), 0.0025414 secs] 719732K->719724K(1048512K), 0.0026289 secs] [Times: user=0.00 sys=0.00, real=0.00 secs] 
20.841: [GC (Allocation Failure) 20.841: [DefNew: 447K->64K(448K), 0.0020565 secs] 720108K->720099K(1048512K), 0.0021127 secs] [Times: user=0.00 sys=0.00, real=0.00 secs] 
20.851: [GC (Allocation Failure) 20.851: [DefNew: 447K->64K(448K), 0.0021607 secs] 720483K->720448K(1048512K), 0.0022556 secs] [Times: user=0.01 sys=0.00, real=0.00 secs] 
20.863: [GC (Allocation Failure) 20.863: [DefNew: 448K->63K(448K), 0.0024223 secs] 720832K->720824K(1048512K), 0.0025008 secs] [Times: user=0.00 sys=0.00, real=0.01 secs] 
20.874: [GC (Allocation Failure) 20.874: [DefNew: 447K->63K(448K), 0.0023788 secs] 721208K->721201K(1048512K), 0.0024705 secs] [Times: user=0.00 sys=0.00, real=0.01 secs] 
20.884: [GC (Allocation Failure) 20.884: [DefNew: 447K->64K(448K), 0.0034773 secs] 721585K->721577K(1048512K), 0.0035543 secs] [Times: user=0.01 sys=0.00, real=0.01 secs] 
20.896: [GC (Allocation Failure) 20.896: [DefNew: 448K->64K(448K), 0.0018884 secs] 721961K->721959K(1048512K), 0.0019496 secs] [Times: user=0.00 sys=0.00, real=0.00 secs] 
20.905: [GC (Allocation Failure) 20.905: [DefNew: 448K->63K(448K), 0.0023151 secs] 722343K->722340K(1048512K), 0.0023783 secs] [Times: user=0.00 sys=0.00, real=0.00 secs] 
20.916: [GC (Allocation Failure) 20.916: [DefNew: 447K->64K(448K), 0.0019071 secs] 722724K->722721K(1048512K), 0.0019639 secs] [Times: user=0.00 sys=0.00, real=0.00 secs] 
20.926: [GC (Allocation Failure) 20.926: [DefNew: 448K->63K(448K), 0.0025957 secs] 723105K->723100K(1048512K), 0.0026602 secs] [Times: user=0.01 sys=0.00, real=0.00 secs] 
20.936: [GC (Allocation Failure) 20.936: [DefNew: 447K->64K(448K), 0.0024012 secs] 723484K->723477K(1048512K), 0.0024677 secs] [Times: user=0.00 sys=0.00, real=0.00 secs] 
20.947: [GC (Allocation Failure) 20.947: [DefNew: 448K->64K(448K), 0.0032908 secs] 723861K->723857K(1048512K), 0.0033546 secs] [Times: user=0.00 sys=0.00, real=0.00 secs] 
20.964: [GC (Allocation Failure) 20.964: [DefNew: 448K->63K(448K), 0.0025947 secs] 724241K->724237K(1048512K), 0.0026870 secs] [Times: user=0.00 sys=0.00, real=0.01 secs] 
20.974: [GC (Allocation Failure) 20.974: [DefNew: 447K->63K(448K), 0.0023275 secs] 724621K->724615K(1048512K), 0.0023774 secs] [Times: user=0.01 sys=0.00, real=0.01 secs] 
20.985: [GC (Allocation Failure) 20.985: [DefNew: 447K->63K(448K), 0.0024578 secs] 724999K->724993K(1048512K), 0.0026261 secs] [Times: user=0.00 sys=0.00, real=0.00 secs] 
20.997: [GC (Allocation Failure) 20.997: [DefNew: 447K->63K(448K), 0.0026024 secs] 725377K->725373K(1048512K), 0.0026494 secs] [Times: user=0.00 sys=0.00, real=0.00 secs] 
21.011: [GC (Allocation Failure) 21.011: [DefNew: 447K->63K(448K), 0.0029205 secs] 725757K->725751K(1048512K), 0.0029999 secs] [Times: user=0.00 sys=0.00, real=0.00 secs] 
21.023: [GC (Allocation Failure) 21.023: [DefNew: 447K->64K(448K), 0.0018351 secs] 726135K->726130K(1048512K), 0.0018772 secs] [Times: user=0.00 sys=0.00, real=0.01 secs] 
21.034: [GC (Allocation Failure) 21.034: [DefNew: 448K->63K(448K), 0.0021418 secs] 726514K->726510K(1048512K), 0.0022076 secs] [Times: user=0.00 sys=0.00, real=0.01 secs] 
21.043: [GC (Allocation Failure) 21.043: [DefNew: 447K->64K(448K), 0.0024627 secs] 726893K->726886K(1048512K), 0.0025190 secs] [Times: user=0.00 sys=0.00, real=0.01 secs] 
21.054: [GC (Allocation Failure) 21.054: [DefNew: 448K->63K(448K), 0.0022211 secs] 727270K->727264K(1048512K), 0.0022921 secs] [Times: user=0.00 sys=0.00, real=0.01 secs] 
21.064: [GC (Allocation Failure) 21.064: [DefNew: 447K->64K(448K), 0.0020452 secs] 727648K->727644K(1048512K), 0.0021003 secs] [Times: user=0.01 sys=0.00, real=0.01 secs] 
21.075: [GC (Allocation Failure) 21.075: [DefNew: 448K->63K(448K), 0.0018451 secs] 728028K->728024K(1048512K), 0.0018893 secs] [Times: user=0.00 sys=0.00, real=0.00 secs] 
21.086: [GC (Allocation Failure) 21.086: [DefNew: 447K->63K(448K), 0.0024183 secs] 728408K->728402K(1048512K), 0.0024891 secs] [Times: user=0.00 sys=0.00, real=0.00 secs] 
21.095: [GC (Allocation Failure) 21.095: [DefNew: 447K->63K(448K), 0.0023719 secs] 728786K->728780K(1048512K), 0.0024223 secs] [Times: user=0.00 sys=0.00, real=0.00 secs] 
21.106: [GC (Allocation Failure) 21.106: [DefNew: 447K->64K(448K), 0.0027862 secs] 729164K->729159K(1048512K), 0.0028759 secs] [Times: user=0.01 sys=0.00, real=0.00 secs] 
21.117: [GC (Allocation Failure) 21.117: [DefNew: 448K->63K(448K), 0.0027138 secs] 729543K->729539K(1048512K), 0.0027658 secs] [Times: user=0.00 sys=0.00, real=0.00 secs] 
21.127: [GC (Allocation Failure) 21.127: [DefNew: 447K->63K(448K), 0.0025379 secs] 729923K->729917K(1048512K), 0.0026121 secs] [Times: user=0.00 sys=0.00, real=0.00 secs] 
21.139: [GC (Allocation Failure) 21.139: [DefNew: 447K->63K(448K), 0.0021774 secs] 730301K->730296K(1048512K), 0.0022302 secs] [Times: user=0.00 sys=0.00, real=0.00 secs] 
21.149: [GC (Allocation Failure) 21.149: [DefNew: 447K->64K(448K), 0.0022569 secs] 730680K->730673K(1048512K), 0.0023252 secs] [Times: user=0.00 sys=0.00, real=0.00 secs] 
21.158: [GC (Allocation Failure) 21.158: [DefNew: 448K->63K(448K), 0.0022928 secs] 731057K->731053K(1048512K), 0.0023747 secs] [Times: user=0.00 sys=0.00, real=0.00 secs] 
21.169: [GC (Allocation Failure) 21.169: [DefNew: 447K->64K(448K), 0.0018561 secs] 731437K->731431K(1048512K), 0.0018963 secs] [Times: user=0.00 sys=0.00, real=0.00 secs] 
21.180: [GC (Allocation Failure) 21.180: [DefNew: 448K->64K(448K), 0.0029559 secs] 731815K->731810K(1048512K), 0.0030435 secs] [Times: user=0.00 sys=0.00, real=0.00 secs] 
21.192: [GC (Allocation Failure) 21.192: [DefNew: 448K->63K(448K), 0.0030074 secs] 732194K->732190K(1048512K), 0.0030735 secs] [Times: user=0.00 sys=0.00, real=0.01 secs] 
21.204: [GC (Allocation Failure) 21.204: [DefNew: 447K->63K(448K), 0.0023842 secs] 732574K->732568K(1048512K), 0.0024532 secs] [Times: user=0.00 sys=0.00, real=0.01 secs] 
21.214: [GC (Allocation Failure) 21.214: [DefNew: 447K->63K(448K), 0.0019878 secs] 732952K->732946K(1048512K), 0.0020345 secs] [Times: user=0.00 sys=0.00, real=0.01 secs] 
21.225: [GC (Allocation Failure) 21.225: [DefNew: 447K->63K(448K), 0.0026949 secs] 733330K->733326K(1048512K), 0.0027758 secs] [Times: user=0.01 sys=0.00, real=0.01 secs] 
21.236: [GC (Allocation Failure) 21.236: [DefNew: 447K->63K(448K), 0.0019816 secs] 733710K->733704K(1048512K), 0.0020263 secs] [Times: user=0.00 sys=0.00, real=0.00 secs] 
21.244: [GC (Allocation Failure) 21.245: [DefNew: 447K->63K(448K), 0.0027106 secs] 734088K->734082K(1048512K), 0.0028076 secs] [Times: user=0.00 sys=0.00, real=0.01 secs] 
21.256: [GC (Allocation Failure) 21.256: [DefNew: 447K->64K(448K), 0.0020801 secs] 734466K->734460K(1048512K), 0.0021438 secs] [Times: user=0.00 sys=0.00, real=0.00 secs] 
21.267: [GC (Allocation Failure) 21.267: [DefNew: 448K->63K(448K), 0.0021182 secs] 734844K->734840K(1048512K), 0.0021850 secs] [Times: user=0.01 sys=0.00, real=0.00 secs] 
21.277: [GC (Allocation Failure) 21.277: [DefNew: 447K->63K(448K), 0.0026147 secs] 735224K->735220K(1048512K), 0.0026817 secs] [Times: user=0.00 sys=0.00, real=0.00 secs] 
21.290: [GC (Allocation Failure) 21.290: [DefNew: 447K->63K(448K), 0.0026221 secs] 735604K->735598K(1048512K), 0.0026848 secs] [Times: user=0.00 sys=0.00, real=0.00 secs] 
21.301: [GC (Allocation Failure) 21.301: [DefNew: 447K->64K(448K), 0.0027679 secs] 735982K->735976K(1048512K), 0.0028580 secs] [Times: user=0.00 sys=0.00, real=0.00 secs] 
21.312: [GC (Allocation Failure) 21.312: [DefNew: 448K->64K(448K), 0.0030675 secs] 736360K->736356K(1048512K), 0.0031346 secs] [Times: user=0.00 sys=0.00, real=0.00 secs] 
21.323: [GC (Allocation Failure) 21.323: [DefNew: 448K->63K(448K), 0.0021289 secs] 736740K->736735K(1048512K), 0.0021952 secs] [Times: user=0.00 sys=0.00, real=0.01 secs] 
21.334: [GC (Allocation Failure) 21.334: [DefNew: 447K->64K(448K), 0.0022338 secs] 737119K->737114K(1048512K), 0.0022898 secs] [Times: user=0.00 sys=0.00, real=0.01 secs] 
21.343: [GC (Allocation Failure) 21.343: [DefNew: 448K->63K(448K), 0.0024307 secs] 737498K->737492K(1048512K), 0.0025714 secs] [Times: user=0.01 sys=0.00, real=0.01 secs] 
21.355: [GC (Allocation Failure) 21.355: [DefNew: 447K->64K(448K), 0.0020391 secs] 737876K->737869K(1048512K), 0.0020943 secs] [Times: user=0.00 sys=0.00, real=0.00 secs] 
21.365: [GC (Allocation Failure) 21.365: [DefNew: 448K->63K(448K), 0.0023058 secs] 738253K->738249K(1048512K), 0.0023563 secs] [Times: user=0.00 sys=0.00, real=0.01 secs] 
21.375: [GC (Allocation Failure) 21.375: [DefNew: 447K->63K(448K), 0.0022366 secs] 738633K->738627K(1048512K), 0.0023098 secs] [Times: user=0.00 sys=0.00, real=0.01 secs] 
21.386: [GC (Allocation Failure) 21.386: [DefNew: 447K->64K(448K), 0.0021661 secs] 739011K->739006K(1048512K), 0.0022099 secs] [Times: user=0.00 sys=0.00, real=0.00 secs] 
21.396: [GC (Allocation Failure) 21.396: [DefNew: 448K->63K(448K), 0.0027235 secs] 739390K->739386K(1048512K), 0.0027799 secs] [Times: user=0.00 sys=0.00, real=0.00 secs] 
21.408: [GC (Allocation Failure) 21.408: [DefNew: 447K->63K(448K), 0.0029045 secs] 739770K->739764K(1048512K), 0.0029903 secs] [Times: user=0.00 sys=0.00, real=0.00 secs] 
21.421: [GC (Allocation Failure) 21.421: [DefNew: 447K->63K(448K), 0.0027684 secs] 740148K->740143K(1048512K), 0.0028369 secs] [Times: user=0.00 sys=0.00, real=0.00 secs] 
21.432: [GC (Allocation Failure) 21.432: [DefNew: 447K->64K(448K), 0.0027044 secs] 740527K->740522K(1048512K), 0.0027777 secs] [Times: user=0.01 sys=0.00, real=0.01 secs] 
21.445: [GC (Allocation Failure) 21.445: [DefNew: 448K->63K(448K), 0.0029796 secs] 740906K->740900K(1048512K), 0.0030733 secs] [Times: user=0.00 sys=0.00, real=0.01 secs] 
21.457: [GC (Allocation Failure) 21.457: [DefNew: 447K->63K(448K), 0.0027619 secs] 741284K->741278K(1048512K), 0.0028404 secs] [Times: user=0.00 sys=0.00, real=0.00 secs] 
21.468: [GC (Allocation Failure) 21.468: [DefNew: 447K->64K(448K), 0.0028351 secs] 741662K->741657K(1048512K), 0.0029027 secs] [Times: user=0.01 sys=0.00, real=0.00 secs] 
21.481: [GC (Allocation Failure) 21.481: [DefNew: 448K->63K(448K), 0.0031750 secs] 742041K->742037K(1048512K), 0.0045218 secs] [Times: user=0.00 sys=0.00, real=0.01 secs] 
21.494: [GC (Allocation Failure) 21.494: [DefNew: 447K->63K(448K), 0.0027877 secs] 742421K->742416K(1048512K), 0.0028772 secs] [Times: user=0.00 sys=0.00, real=0.01 secs] 
21.505: [GC (Allocation Failure) 21.505: [DefNew: 447K->63K(448K), 0.0029402 secs] 742800K->742794K(1048512K), 0.0030419 secs] [Times: user=0.01 sys=0.00, real=0.00 secs] 
21.517: [GC (Allocation Failure) 21.518: [DefNew: 447K->63K(448K), 0.0031203 secs] 743178K->743173K(1048512K), 0.0032082 secs] [Times: user=0.00 sys=0.00, real=0.00 secs] 
21.529: [GC (Allocation Failure) 21.529: [DefNew: 447K->64K(448K), 0.0030304 secs] 743557K->743552K(1048512K), 0.0031207 secs] [Times: user=0.00 sys=0.00, real=0.00 secs] 
21.542: [GC (Allocation Failure) 21.542: [DefNew: 448K->63K(448K), 0.0026473 secs] 743936K->743932K(1048512K), 0.0027285 secs] [Times: user=0.01 sys=0.00, real=0.00 secs] 
21.554: [GC (Allocation Failure) 21.554: [DefNew: 447K->63K(448K), 0.0030098 secs] 744316K->744310K(1048512K), 0.0031006 secs] [Times: user=0.00 sys=0.00, real=0.01 secs] 
21.565: [GC (Allocation Failure) 21.565: [DefNew: 447K->63K(448K), 0.0030170 secs] 744694K->744686K(1048512K), 0.0030995 secs] [Times: user=0.00 sys=0.00, real=0.00 secs] 
21.578: [GC (Allocation Failure) 21.578: [DefNew: 447K->63K(448K), 0.0028001 secs] 745070K->745065K(1048512K), 0.0028855 secs] [Times: user=0.01 sys=0.00, real=0.00 secs] 
21.590: [GC (Allocation Failure) 21.590: [DefNew: 447K->63K(448K), 0.0028132 secs] 745449K->745446K(1048512K), 0.0029018 secs] [Times: user=0.00 sys=0.00, real=0.00 secs] 
21.601: [GC (Allocation Failure) 21.601: [DefNew: 447K->63K(448K), 0.0028615 secs] 745830K->745826K(1048512K), 0.0029755 secs] [Times: user=0.00 sys=0.00, real=0.00 secs] 
21.613: [GC (Allocation Failure) 21.613: [DefNew: 447K->63K(448K), 0.0022463 secs] 746210K->746204K(1048512K), 0.0023095 secs] [Times: user=0.01 sys=0.00, real=0.01 secs] 
21.625: [GC (Allocation Failure) 21.625: [DefNew: 447K->63K(448K), 0.0027944 secs] 746588K->746582K(1048512K), 0.0028648 secs] [Times: user=0.00 sys=0.00, real=0.01 secs] 
21.635: [GC (Allocation Failure) 21.636: [DefNew: 447K->64K(448K), 0.0026259 secs] 746966K->746961K(1048512K), 0.0027258 secs] [Times: user=0.00 sys=0.00, real=0.00 secs] 
21.647: [GC (Allocation Failure) 21.647: [DefNew: 448K->63K(448K), 0.0028786 secs] 747345K->747341K(1048512K), 0.0029705 secs] [Times: user=0.00 sys=0.00, real=0.00 secs] 
21.658: [GC (Allocation Failure) 21.658: [DefNew: 447K->63K(448K), 0.0027167 secs] 747725K->747719K(1048512K), 0.0028107 secs] [Times: user=0.00 sys=0.00, real=0.00 secs] 
21.670: [GC (Allocation Failure) 21.670: [DefNew: 447K->64K(448K), 0.0021917 secs] 748103K->748096K(1048512K), 0.0022442 secs] [Times: user=0.00 sys=0.00, real=0.00 secs] 
21.682: [GC (Allocation Failure) 21.682: [DefNew: 448K->64K(448K), 0.0029526 secs] 748480K->748475K(1048512K), 0.0030469 secs] [Times: user=0.00 sys=0.00, real=0.01 secs] 
21.694: [GC (Allocation Failure) 21.694: [DefNew: 448K->63K(448K), 0.0028968 secs] 748859K->748855K(1048512K), 0.0029857 secs] [Times: user=0.01 sys=0.00, real=0.01 secs] 
21.707: [GC (Allocation Failure) 21.707: [DefNew: 447K->63K(448K), 0.0029834 secs] 749239K->749235K(1048512K), 0.0030746 secs] [Times: user=0.00 sys=0.01, real=0.00 secs] 
21.719: [GC (Allocation Failure) 21.719: [DefNew: 447K->63K(448K), 0.0031329 secs] 749619K->749613K(1048512K), 0.0032346 secs] [Times: user=0.00 sys=0.00, real=0.00 secs] 
21.731: [GC (Allocation Failure) 21.731: [DefNew: 447K->63K(448K), 0.0027917 secs] 749997K->749991K(1048512K), 0.0028761 secs] [Times: user=0.01 sys=0.00, real=0.00 secs] 
21.744: [GC (Allocation Failure) 21.744: [DefNew: 447K->63K(448K), 0.0027768 secs] 750375K->750371K(1048512K), 0.0028830 secs] [Times: user=0.00 sys=0.00, real=0.01 secs] 
21.756: [GC (Allocation Failure) 21.756: [DefNew: 447K->64K(448K), 0.0028646 secs] 750755K->750750K(1048512K), 0.0029568 secs] [Times: user=0.00 sys=0.00, real=0.00 secs] 
21.767: [GC (Allocation Failure) 21.767: [DefNew: 447K->64K(448K), 0.0031636 secs] 751134K->751126K(1048512K), 0.0032572 secs] [Times: user=0.01 sys=0.00, real=0.00 secs] 
21.780: [GC (Allocation Failure) 21.780: [DefNew: 448K->63K(448K), 0.0026579 secs] 751510K->751505K(1048512K), 0.0027354 secs] [Times: user=0.00 sys=0.00, real=0.00 secs] 
21.793: [GC (Allocation Failure) 21.793: [DefNew: 447K->63K(448K), 0.0028656 secs] 751889K->751885K(1048512K), 0.0029563 secs] [Times: user=0.00 sys=0.00, real=0.01 secs] 
21.801: [GC (Allocation Failure) 21.801: [DefNew: 447K->64K(448K), 0.0022321 secs] 752269K->752166K(1048512K), 0.0023042 secs] [Times: user=0.00 sys=0.00, real=0.00 secs] 
21.813: [GC (Allocation Failure) 21.813: [DefNew: 448K->63K(448K), 0.0025782 secs] 752550K->752548K(1048512K), 0.0026639 secs] [Times: user=0.00 sys=0.00, real=0.01 secs] 
21.825: [GC (Allocation Failure) 21.826: [DefNew: 447K->64K(448K), 0.0028737 secs] 752932K->752926K(1048512K), 0.0029537 secs] [Times: user=0.00 sys=0.00, real=0.00 secs] 
21.837: [GC (Allocation Failure) 21.837: [DefNew: 447K->63K(448K), 0.0028735 secs] 753310K->753302K(1048512K), 0.0029833 secs] [Times: user=0.00 sys=0.00, real=0.00 secs] 
21.849: [GC (Allocation Failure) 21.849: [DefNew: 447K->63K(448K), 0.0027410 secs] 753686K->753678K(1048512K), 0.0028323 secs] [Times: user=0.00 sys=0.00, real=0.00 secs] 
21.860: [GC (Allocation Failure) 21.860: [DefNew: 447K->63K(448K), 0.0021663 secs] 754062K->754026K(1048512K), 0.0022535 secs] [Times: user=0.00 sys=0.00, real=0.00 secs] 
21.872: [GC (Allocation Failure) 21.872: [DefNew: 447K->63K(448K), 0.0029457 secs] 754410K->754400K(1048512K), 0.0030635 secs] [Times: user=0.00 sys=0.00, real=0.01 secs] 
21.883: [GC (Allocation Failure) 21.883: [DefNew: 447K->63K(448K), 0.0027857 secs] 754784K->754777K(1048512K), 0.0028656 secs] [Times: user=0.00 sys=0.00, real=0.01 secs] 
21.895: [GC (Allocation Failure) 21.895: [DefNew: 447K->64K(448K), 0.0028760 secs] 755161K->755153K(1048512K), 0.0029677 secs] [Times: user=0.00 sys=0.00, real=0.00 secs] 
21.905: [GC (Allocation Failure) 21.905: [DefNew: 448K->63K(448K), 0.0020635 secs] 755537K->755534K(1048512K), 0.0021181 secs] [Times: user=0.00 sys=0.00, real=0.00 secs] 
21.916: [GC (Allocation Failure) 21.916: [DefNew: 447K->63K(448K), 0.0021688 secs] 755918K->755916K(1048512K), 0.0022307 secs] [Times: user=0.00 sys=0.00, real=0.00 secs] 
21.928: [GC (Allocation Failure) 21.928: [DefNew: 447K->64K(448K), 0.0028942 secs] 756300K->756297K(1048512K), 0.0029796 secs] [Times: user=0.00 sys=0.01, real=0.00 secs] 
21.941: [GC (Allocation Failure) 21.941: [DefNew: 448K->63K(448K), 0.0028327 secs] 756681K->756676K(1048512K), 0.0029383 secs] [Times: user=0.01 sys=0.00, real=0.00 secs] 
21.952: [GC (Allocation Failure) 21.952: [DefNew: 447K->63K(448K), 0.0029307 secs] 757060K->757056K(1048512K), 0.0030167 secs] [Times: user=0.00 sys=0.00, real=0.01 secs] 
21.964: [GC (Allocation Failure) 21.964: [DefNew: 447K->63K(448K), 0.0030830 secs] 757440K->757434K(1048512K), 0.0031852 secs] [Times: user=0.00 sys=0.00, real=0.01 secs] 
21.975: [GC (Allocation Failure) 21.975: [DefNew: 447K->63K(448K), 0.0020831 secs] 757818K->757810K(1048512K), 0.0021561 secs] [Times: user=0.00 sys=0.00, real=0.00 secs] 
21.986: [GC (Allocation Failure) 21.986: [DefNew: 447K->63K(448K), 0.0021620 secs] 758194K->758190K(1048512K), 0.0022370 secs] [Times: user=0.00 sys=0.00, real=0.00 secs] 
21.997: [GC (Allocation Failure) 21.997: [DefNew: 447K->63K(448K), 0.0026852 secs] 758574K->758569K(1048512K), 0.0028037 secs] [Times: user=0.00 sys=0.00, real=0.00 secs] 
22.007: [GC (Allocation Failure) 22.007: [DefNew: 447K->63K(448K), 0.0021614 secs] 758953K->758949K(1048512K), 0.0022443 secs] [Times: user=0.00 sys=0.00, real=0.00 secs] 
22.018: [GC (Allocation Failure) 22.018: [DefNew: 447K->63K(448K), 0.0023063 secs] 759333K->759328K(1048512K), 0.0023992 secs] [Times: user=0.00 sys=0.00, real=0.00 secs] 
22.029: [GC (Allocation Failure) 22.029: [DefNew: 447K->64K(448K), 0.0025205 secs] 759712K->759706K(1048512K), 0.0025946 secs] [Times: user=0.00 sys=0.00, real=0.00 secs] 
22.039: [GC (Allocation Failure) 22.039: [DefNew: 448K->63K(448K), 0.0021345 secs] 760090K->760085K(1048512K), 0.0022089 secs] [Times: user=0.00 sys=0.00, real=0.00 secs] 
22.050: [GC (Allocation Failure) 22.050: [DefNew: 447K->63K(448K), 0.0021218 secs] 760469K->760464K(1048512K), 0.0021888 secs] [Times: user=0.00 sys=0.00, real=0.00 secs] 
22.062: [GC (Allocation Failure) 22.062: [DefNew: 447K->63K(448K), 0.0022609 secs] 760848K->760843K(1048512K), 0.0023313 secs] [Times: user=0.00 sys=0.00, real=0.00 secs] 
22.071: [GC (Allocation Failure) 22.071: [DefNew: 447K->63K(448K), 0.0021730 secs] 761227K->761221K(1048512K), 0.0022640 secs] [Times: user=0.00 sys=0.00, real=0.00 secs] 
22.082: [GC (Allocation Failure) 22.082: [DefNew: 447K->64K(448K), 0.0023232 secs] 761605K->761599K(1048512K), 0.0023979 secs] [Times: user=0.00 sys=0.00, real=0.00 secs] 
22.092: [GC (Allocation Failure) 22.092: [DefNew: 448K->64K(448K), 0.0024683 secs] 761983K->761978K(1048512K), 0.0025572 secs] [Times: user=0.00 sys=0.00, real=0.00 secs] 
22.102: [GC (Allocation Failure) 22.102: [DefNew: 448K->63K(448K), 0.0020031 secs] 762362K->762358K(1048512K), 0.0020506 secs] [Times: user=0.00 sys=0.00, real=0.00 secs] 
22.114: [GC (Allocation Failure) 22.114: [DefNew: 447K->64K(448K), 0.0026200 secs] 762742K->762736K(1048512K), 0.0026950 secs] [Times: user=0.00 sys=0.00, real=0.01 secs] 
22.124: [GC (Allocation Failure) 22.125: [DefNew: 448K->64K(448K), 0.0027659 secs] 763120K->763114K(1048512K), 0.0028513 secs] [Times: user=0.00 sys=0.00, real=0.01 secs] 
22.137: [GC (Allocation Failure) 22.137: [DefNew: 448K->63K(448K), 0.0027976 secs] 763498K->763494K(1048512K), 0.0028769 secs] [Times: user=0.00 sys=0.00, real=0.00 secs] 
22.149: [GC (Allocation Failure) 22.149: [DefNew: 447K->64K(448K), 0.0029437 secs] 763878K->763872K(1048512K), 0.0030298 secs] [Times: user=0.01 sys=0.00, real=0.00 secs] 
22.161: [GC (Allocation Failure) 22.161: [DefNew: 448K->64K(448K), 0.0027896 secs] 764256K->764251K(1048512K), 0.0028781 secs] [Times: user=0.00 sys=0.00, real=0.00 secs] 
22.173: [GC (Allocation Failure) 22.173: [DefNew: 448K->63K(448K), 0.0026869 secs] 764635K->764631K(1048512K), 0.0027672 secs] [Times: user=0.00 sys=0.00, real=0.01 secs] 
22.185: [GC (Allocation Failure) 22.185: [DefNew: 447K->64K(448K), 0.0029239 secs] 765015K->765007K(1048512K), 0.0030110 secs] [Times: user=0.01 sys=0.00, real=0.00 secs] 
22.197: [GC (Allocation Failure) 22.197: [DefNew: 448K->63K(448K), 0.0027415 secs] 765391K->765386K(1048512K), 0.0028266 secs] [Times: user=0.00 sys=0.01, real=0.00 secs] 
22.209: [GC (Allocation Failure) 22.209: [DefNew: 447K->63K(448K), 0.0027154 secs] 765770K->765766K(1048512K), 0.0027894 secs] [Times: user=0.00 sys=0.00, real=0.00 secs] 
22.221: [GC (Allocation Failure) 22.221: [DefNew: 447K->64K(448K), 0.0028201 secs] 766150K->766145K(1048512K), 0.0029110 secs] [Times: user=0.01 sys=0.00, real=0.00 secs] 
22.233: [GC (Allocation Failure) 22.233: [DefNew: 448K->63K(448K), 0.0028305 secs] 766529K->766523K(1048512K), 0.0029215 secs] [Times: user=0.00 sys=0.00, real=0.01 secs] 
22.245: [GC (Allocation Failure) 22.245: [DefNew: 447K->63K(448K), 0.0028458 secs] 766907K->766902K(1048512K), 0.0029288 secs] [Times: user=0.00 sys=0.00, real=0.00 secs] 
22.256: [GC (Allocation Failure) 22.256: [DefNew: 447K->64K(448K), 0.0028305 secs] 767286K->767281K(1048512K), 0.0029123 secs] [Times: user=0.01 sys=0.00, real=0.00 secs] 
22.268: [GC (Allocation Failure) 22.268: [DefNew: 448K->64K(448K), 0.0026709 secs] 767665K->767661K(1048512K), 0.0027571 secs] [Times: user=0.00 sys=0.00, real=0.00 secs] 
22.280: [GC (Allocation Failure) 22.280: [DefNew: 448K->63K(448K), 0.0027456 secs] 768045K->768039K(1048512K), 0.0028454 secs] [Times: user=0.00 sys=0.00, real=0.00 secs] 
22.292: [GC (Allocation Failure) 22.292: [DefNew: 447K->63K(448K), 0.0029012 secs] 768423K->768415K(1048512K), 0.0029837 secs] [Times: user=0.01 sys=0.00, real=0.01 secs] 
22.304: [GC (Allocation Failure) 22.304: [DefNew: 447K->64K(448K), 0.0027194 secs] 768799K->768794K(1048512K), 0.0028121 secs] [Times: user=0.00 sys=0.00, real=0.01 secs] 
22.316: [GC (Allocation Failure) 22.316: [DefNew: 448K->63K(448K), 0.0026518 secs] 769178K->769175K(1048512K), 0.0027151 secs] [Times: user=0.00 sys=0.00, real=0.00 secs] 
22.327: [GC (Allocation Failure) 22.327: [DefNew: 447K->64K(448K), 0.0026696 secs] 769559K->769555K(1048512K), 0.0027715 secs] [Times: user=0.00 sys=0.00, real=0.00 secs] 
22.339: [GC (Allocation Failure) 22.339: [DefNew: 448K->63K(448K), 0.0030146 secs] 769939K->769933K(1048512K), 0.0031025 secs] [Times: user=0.01 sys=0.00, real=0.00 secs] 
22.351: [GC (Allocation Failure) 22.351: [DefNew: 447K->63K(448K), 0.0033920 secs] 770317K->770311K(1048512K), 0.0034891 secs] [Times: user=0.00 sys=0.00, real=0.00 secs] 
22.363: [GC (Allocation Failure) 22.363: [DefNew: 447K->64K(448K), 0.0028252 secs] 770695K->770690K(1048512K), 0.0029070 secs] [Times: user=0.00 sys=0.00, real=0.01 secs] 
22.376: [GC (Allocation Failure) 22.376: [DefNew: 448K->63K(448K), 0.0030512 secs] 771074K->771070K(1048512K), 0.0031287 secs] [Times: user=0.00 sys=0.00, real=0.00 secs] 
22.388: [GC (Allocation Failure) 22.388: [DefNew: 447K->63K(448K), 0.0022104 secs] 771454K->771448K(1048512K), 0.0022763 secs] [Times: user=0.00 sys=0.00, real=0.00 secs] 
22.398: [GC (Allocation Failure) 22.398: [DefNew: 447K->63K(448K), 0.0029575 secs] 771832K->771825K(1048512K), 0.0030228 secs] [Times: user=0.00 sys=0.00, real=0.00 secs] 
22.410: [GC (Allocation Failure) 22.410: [DefNew: 447K->63K(448K), 0.0027168 secs] 772209K->772204K(1048512K), 0.0028218 secs] [Times: user=0.01 sys=0.00, real=0.00 secs] 
22.421: [GC (Allocation Failure) 22.421: [DefNew: 447K->63K(448K), 0.0027313 secs] 772588K->772584K(1048512K), 0.0028089 secs] [Times: user=0.00 sys=0.00, real=0.00 secs] 
22.433: [GC (Allocation Failure) 22.433: [DefNew: 447K->63K(448K), 0.0028707 secs] 772968K->772964K(1048512K), 0.0029601 secs] [Times: user=0.00 sys=0.00, real=0.01 secs] 
22.445: [GC (Allocation Failure) 22.445: [DefNew: 447K->63K(448K), 0.0023133 secs] 773348K->773342K(1048512K), 0.0023841 secs] [Times: user=0.01 sys=0.00, real=0.01 secs] 
22.455: [GC (Allocation Failure) 22.455: [DefNew: 447K->63K(448K), 0.0026082 secs] 773726K->773720K(1048512K), 0.0026728 secs] [Times: user=0.00 sys=0.00, real=0.00 secs] 
22.467: [GC (Allocation Failure) 22.467: [DefNew: 447K->64K(448K), 0.0027330 secs] 774104K->774099K(1048512K), 0.0028164 secs] [Times: user=0.00 sys=0.00, real=0.00 secs] 
22.480: [GC (Allocation Failure) 22.480: [DefNew: 448K->63K(448K), 0.0030413 secs] 774483K->774479K(1048512K), 0.0031203 secs] [Times: user=0.01 sys=0.00, real=0.00 secs] 
22.491: [GC (Allocation Failure) 22.491: [DefNew: 447K->63K(448K), 0.0025870 secs] 774863K->774857K(1048512K), 0.0026708 secs] [Times: user=0.00 sys=0.00, real=0.00 secs] 
22.503: [GC (Allocation Failure) 22.503: [DefNew: 447K->63K(448K), 0.0024806 secs] 775241K->775234K(1048512K), 0.0025554 secs] [Times: user=0.00 sys=0.00, real=0.01 secs] 
22.515: [GC (Allocation Failure) 22.515: [DefNew: 447K->63K(448K), 0.0028159 secs] 775618K->775613K(1048512K), 0.0029059 secs] [Times: user=0.00 sys=0.00, real=0.00 secs] 
22.526: [GC (Allocation Failure) 22.526: [DefNew: 447K->63K(448K), 0.0028707 secs] 775997K->775994K(1048512K), 0.0029563 secs] [Times: user=0.01 sys=0.00, real=0.00 secs] 
22.539: [GC (Allocation Failure) 22.539: [DefNew: 447K->63K(448K), 0.0027015 secs] 776378K->776373K(1048512K), 0.0027788 secs] [Times: user=0.00 sys=0.00, real=0.00 secs] 
22.551: [GC (Allocation Failure) 22.551: [DefNew: 447K->64K(448K), 0.0027673 secs] 776757K->776751K(1048512K), 0.0028450 secs] [Times: user=0.00 sys=0.00, real=0.00 secs] 
22.562: [GC (Allocation Failure) 22.562: [DefNew: 448K->63K(448K), 0.0028981 secs] 777135K->777130K(1048512K), 0.0029781 secs] [Times: user=0.01 sys=0.00, real=0.00 secs] 
22.575: [GC (Allocation Failure) 22.575: [DefNew: 447K->63K(448K), 0.0027052 secs] 777514K->777509K(1048512K), 0.0027847 secs] [Times: user=0.00 sys=0.00, real=0.01 secs] 
22.586: [GC (Allocation Failure) 22.586: [DefNew: 447K->63K(448K), 0.0027534 secs] 777893K->777889K(1048512K), 0.0028702 secs] [Times: user=0.00 sys=0.00, real=0.00 secs] 
22.598: [GC (Allocation Failure) 22.598: [DefNew: 447K->63K(448K), 0.0030650 secs] 778272K->778265K(1048512K), 0.0031504 secs] [Times: user=0.01 sys=0.00, real=0.00 secs] 
22.610: [GC (Allocation Failure) 22.610: [DefNew: 447K->63K(448K), 0.0026862 secs] 778649K->778643K(1048512K), 0.0027672 secs] [Times: user=0.00 sys=0.00, real=0.00 secs] 
22.621: [GC (Allocation Failure) 22.622: [DefNew: 447K->64K(448K), 0.0027082 secs] 779027K->779023K(1048512K), 0.0027928 secs] [Times: user=0.00 sys=0.00, real=0.00 secs] 
22.634: [GC (Allocation Failure) 22.634: [DefNew: 448K->63K(448K), 0.0029157 secs] 779407K->779403K(1048512K), 0.0030141 secs] [Times: user=0.01 sys=0.00, real=0.01 secs] 
22.646: [GC (Allocation Failure) 22.646: [DefNew: 447K->63K(448K), 0.0029891 secs] 779787K->779781K(1048512K), 0.0030782 secs] [Times: user=0.00 sys=0.00, real=0.00 secs] 
22.658: [GC (Allocation Failure) 22.658: [DefNew: 447K->63K(448K), 0.0026864 secs] 780165K->780159K(1048512K), 0.0027662 secs] [Times: user=0.00 sys=0.00, real=0.00 secs] 
22.671: [GC (Allocation Failure) 22.671: [DefNew: 447K->64K(448K), 0.0029045 secs] 780543K->780538K(1048512K), 0.0029850 secs] [Times: user=0.01 sys=0.01, real=0.00 secs] 
22.684: [GC (Allocation Failure) 22.684: [DefNew: 448K->63K(448K), 0.0027046 secs] 780922K->780918K(1048512K), 0.0027818 secs] [Times: user=0.00 sys=0.00, real=0.01 secs] 
22.695: [GC (Allocation Failure) 22.695: [DefNew: 447K->64K(448K), 0.0030771 secs] 781302K->781296K(1048512K), 0.0031682 secs] [Times: user=0.00 sys=0.00, real=0.00 secs] 
22.708: [GC (Allocation Failure) 22.708: [DefNew: 448K->63K(448K), 0.0026799 secs] 781680K->781673K(1048512K), 0.0027595 secs] [Times: user=0.01 sys=0.00, real=0.00 secs] 
22.719: [GC (Allocation Failure) 22.719: [DefNew: 447K->64K(448K), 0.0026852 secs] 782057K->782052K(1048512K), 0.0027699 secs] [Times: user=0.00 sys=0.00, real=0.00 secs] 
22.732: [GC (Allocation Failure) 22.732: [DefNew: 448K->63K(448K), 0.0026858 secs] 782436K->782432K(1048512K), 0.0027656 secs] [Times: user=0.00 sys=0.00, real=0.00 secs] 
22.744: [GC (Allocation Failure) 22.744: [DefNew: 447K->63K(448K), 0.0028946 secs] 782816K->782812K(1048512K), 0.0029784 secs] [Times: user=0.01 sys=0.00, real=0.01 secs] 
22.755: [GC (Allocation Failure) 22.755: [DefNew: 447K->64K(448K), 0.0029634 secs] 783196K->783190K(1048512K), 0.0030465 secs] [Times: user=0.00 sys=0.00, real=0.00 secs] 
22.768: [GC (Allocation Failure) 22.768: [DefNew: 448K->63K(448K), 0.0026420 secs] 783574K->783568K(1048512K), 0.0027285 secs] [Times: user=0.00 sys=0.00, real=0.00 secs] 
22.780: [GC (Allocation Failure) 22.780: [DefNew: 447K->63K(448K), 0.0036151 secs] 783952K->783948K(1048512K), 0.0037268 secs] [Times: user=0.01 sys=0.00, real=0.00 secs] 
22.793: [GC (Allocation Failure) 22.793: [DefNew: 447K->63K(448K), 0.0029781 secs] 784332K->784327K(1048512K), 0.0030689 secs] [Times: user=0.00 sys=0.00, real=0.01 secs] 
22.803: [GC (Allocation Failure) 22.803: [DefNew: 447K->64K(448K), 0.0020592 secs] 784711K->784609K(1048512K), 0.0021198 secs] [Times: user=0.00 sys=0.00, real=0.01 secs] 
22.814: [GC (Allocation Failure) 22.814: [DefNew: 448K->63K(448K), 0.0026461 secs] 784993K->784989K(1048512K), 0.0027114 secs] [Times: user=0.00 sys=0.00, real=0.01 secs] 
22.826: [GC (Allocation Failure) 22.826: [DefNew: 447K->63K(448K), 0.0027390 secs] 785373K->785367K(1048512K), 0.0028218 secs] [Times: user=0.01 sys=0.00, real=0.00 secs] 
22.838: [GC (Allocation Failure) 22.838: [DefNew: 447K->63K(448K), 0.0027109 secs] 785751K->785743K(1048512K), 0.0027938 secs] [Times: user=0.00 sys=0.00, real=0.00 secs] 
22.849: [GC (Allocation Failure) 22.849: [DefNew: 447K->63K(448K), 0.0025430 secs] 786127K->786119K(1048512K), 0.0026277 secs] [Times: user=0.00 sys=0.00, real=0.00 secs] 
22.859: [GC (Allocation Failure) 22.859: [DefNew: 447K->63K(448K), 0.0021715 secs] 786503K->786468K(1048512K), 0.0022535 secs] [Times: user=0.00 sys=0.00, real=0.00 secs] 
22.869: [GC (Allocation Failure) 22.869: [DefNew: 447K->63K(448K), 0.0027013 secs] 786852K->786845K(1048512K), 0.0027833 secs] [Times: user=0.00 sys=0.00, real=0.00 secs] 
22.881: [GC (Allocation Failure) 22.881: [DefNew: 447K->64K(448K), 0.0026828 secs] 787229K->787219K(1048512K), 0.0028150 secs] [Times: user=0.00 sys=0.01, real=0.00 secs] 
22.892: [GC (Allocation Failure) 22.892: [DefNew: 448K->64K(448K), 0.0024915 secs] 787603K->787594K(1048512K), 0.0026251 secs] [Times: user=0.01 sys=0.00, real=0.00 secs] 
22.902: [GC (Allocation Failure) 22.902: [DefNew: 448K->64K(448K), 0.0023521 secs] 787978K->787978K(1048512K), 0.0024588 secs] [Times: user=0.00 sys=0.00, real=0.00 secs] 
22.912: [GC (Allocation Failure) 22.912: [DefNew: 448K->63K(448K), 0.0023788 secs] 788362K->788359K(1048512K), 0.0024373 secs] [Times: user=0.00 sys=0.00, real=0.00 secs] 
22.924: [GC (Allocation Failure) 22.924: [DefNew: 447K->64K(448K), 0.0027277 secs] 788743K->788739K(1048512K), 0.0028120 secs] [Times: user=0.00 sys=0.00, real=0.01 secs] 
22.936: [GC (Allocation Failure) 22.936: [DefNew: 448K->63K(448K), 0.0027753 secs] 789123K->789119K(1048512K), 0.0028576 secs] [Times: user=0.00 sys=0.00, real=0.00 secs] 
22.948: [GC (Allocation Failure) 22.948: [DefNew: 447K->63K(448K), 0.0029201 secs] 789503K->789497K(1048512K), 0.0030114 secs] [Times: user=0.00 sys=0.00, real=0.00 secs] 
22.961: [GC (Allocation Failure) 22.961: [DefNew: 447K->63K(448K), 0.0035084 secs] 789881K->789875K(1048512K), 0.0036114 secs] [Times: user=0.00 sys=0.00, real=0.00 secs] 
22.973: [GC (Allocation Failure) 22.973: [DefNew: 447K->63K(448K), 0.0028568 secs] 790259K->790255K(1048512K), 0.0029377 secs] [Times: user=0.00 sys=0.00, real=0.01 secs] 
22.986: [GC (Allocation Failure) 22.986: [DefNew: 447K->63K(448K), 0.0027652 secs] 790639K->790633K(1048512K), 0.0028502 secs] [Times: user=0.00 sys=0.00, real=0.00 secs] 
22.998: [GC (Allocation Failure) 22.998: [DefNew: 447K->64K(448K), 0.0038401 secs] 791017K->791012K(1048512K), 0.0039525 secs] [Times: user=0.00 sys=0.00, real=0.00 secs] 
23.009: [GC (Allocation Failure) 23.009: [DefNew: 448K->63K(448K), 0.0029712 secs] 791396K->791392K(1048512K), 0.0030610 secs] [Times: user=0.00 sys=0.00, real=0.00 secs] 
23.020: [GC (Allocation Failure) 23.020: [DefNew: 447K->64K(448K), 0.0025070 secs] 791776K->791768K(1048512K), 0.0025762 secs] [Times: user=0.00 sys=0.00, real=0.00 secs] 
23.029: [GC (Allocation Failure) 23.029: [DefNew: 448K->63K(448K), 0.0022377 secs] 792152K->792147K(1048512K), 0.0023138 secs] [Times: user=0.00 sys=0.00, real=0.00 secs] 
23.039: [GC (Allocation Failure) 23.039: [DefNew: 447K->63K(448K), 0.0022599 secs] 792531K->792527K(1048512K), 0.0023351 secs] [Times: user=0.01 sys=0.00, real=0.00 secs] 
23.050: [GC (Allocation Failure) 23.050: [DefNew: 447K->63K(448K), 0.0021728 secs] 792911K->792906K(1048512K), 0.0022386 secs] [Times: user=0.00 sys=0.00, real=0.00 secs] 
23.060: [GC (Allocation Failure) 23.060: [DefNew: 447K->63K(448K), 0.0022440 secs] 793290K->793285K(1048512K), 0.0023189 secs] [Times: user=0.00 sys=0.00, real=0.00 secs] 
23.070: [GC (Allocation Failure) 23.070: [DefNew: 447K->63K(448K), 0.0021978 secs] 793669K->793663K(1048512K), 0.0022766 secs] [Times: user=0.00 sys=0.00, real=0.00 secs] 
23.080: [GC (Allocation Failure) 23.080: [DefNew: 447K->64K(448K), 0.0020307 secs] 794047K->794042K(1048512K), 0.0020998 secs] [Times: user=0.01 sys=0.00, real=0.00 secs] 
23.089: [GC (Allocation Failure) 23.089: [DefNew: 448K->63K(448K), 0.0023761 secs] 794426K->794422K(1048512K), 0.0024773 secs] [Times: user=0.00 sys=0.00, real=0.00 secs] 
23.100: [GC (Allocation Failure) 23.100: [DefNew: 447K->63K(448K), 0.0023048 secs] 794806K->794800K(1048512K), 0.0023717 secs] [Times: user=0.00 sys=0.00, real=0.00 secs] 
23.112: [GC (Allocation Failure) 23.112: [DefNew: 447K->63K(448K), 0.0021841 secs] 795184K->795178K(1048512K), 0.0022700 secs] [Times: user=0.00 sys=0.00, real=0.00 secs] 
23.120: [GC (Allocation Failure) 23.120: [DefNew: 447K->64K(448K), 0.0021984 secs] 795562K->795558K(1048512K), 0.0022796 secs] [Times: user=0.01 sys=0.00, real=0.00 secs] 
23.130: [GC (Allocation Failure) 23.131: [DefNew: 448K->63K(448K), 0.0020346 secs] 795942K->795934K(1048512K), 0.0021048 secs] [Times: user=0.00 sys=0.00, real=0.00 secs] 
23.139: [GC (Allocation Failure) 23.139: [DefNew: 447K->64K(448K), 0.0026237 secs] 796318K->796313K(1048512K), 0.0027570 secs] [Times: user=0.00 sys=0.01, real=0.00 secs] 
23.150: [GC (Allocation Failure) 23.150: [DefNew: 448K->63K(448K), 0.0021605 secs] 796697K->796693K(1048512K), 0.0022157 secs] [Times: user=0.00 sys=0.00, real=0.00 secs] 
23.161: [GC (Allocation Failure) 23.161: [DefNew: 447K->63K(448K), 0.0022466 secs] 797077K->797073K(1048512K), 0.0023251 secs] [Times: user=0.01 sys=0.00, real=0.00 secs] 
23.170: [GC (Allocation Failure) 23.170: [DefNew: 447K->63K(448K), 0.0022862 secs] 797457K->797451K(1048512K), 0.0023805 secs] [Times: user=0.00 sys=0.00, real=0.00 secs] 
23.181: [GC (Allocation Failure) 23.181: [DefNew: 447K->63K(448K), 0.0024099 secs] 797835K->797829K(1048512K), 0.0024881 secs] [Times: user=0.00 sys=0.00, real=0.00 secs] 
23.193: [GC (Allocation Failure) 23.193: [DefNew: 447K->64K(448K), 0.0027327 secs] 798213K->798209K(1048512K), 0.0028201 secs] [Times: user=0.01 sys=0.00, real=0.01 secs] 
23.205: [GC (Allocation Failure) 23.205: [DefNew: 448K->64K(448K), 0.0027909 secs] 798593K->798588K(1048512K), 0.0028967 secs] [Times: user=0.00 sys=0.00, real=0.01 secs] 
23.217: [GC (Allocation Failure) 23.217: [DefNew: 448K->63K(448K), 0.0026708 secs] 798972K->798966K(1048512K), 0.0027622 secs] [Times: user=0.00 sys=0.00, real=0.00 secs] 
23.229: [GC (Allocation Failure) 23.229: [DefNew: 447K->63K(448K), 0.0030843 secs] 799350K->799343K(1048512K), 0.0031734 secs] [Times: user=0.01 sys=0.00, real=0.00 secs] 
23.240: [GC (Allocation Failure) 23.240: [DefNew: 447K->63K(448K), 0.0022070 secs] 799727K->799722K(1048512K), 0.0022747 secs] [Times: user=0.01 sys=0.00, real=0.00 secs] 
23.252: [GC (Allocation Failure) 23.252: [DefNew: 447K->63K(448K), 0.0025489 secs] 800106K->800103K(1048512K), 0.0026250 secs] [Times: user=0.00 sys=0.00, real=0.00 secs] 
23.263: [GC (Allocation Failure) 23.263: [DefNew: 447K->63K(448K), 0.0027417 secs] 800487K->800482K(1048512K), 0.0028266 secs] [Times: user=0.00 sys=0.00, real=0.01 secs] 
23.274: [GC (Allocation Failure) 23.274: [DefNew: 447K->64K(448K), 0.0027153 secs] 800866K->800860K(1048512K), 0.0027958 secs] [Times: user=0.01 sys=0.00, real=0.01 secs] 
23.286: [GC (Allocation Failure) 23.286: [DefNew: 448K->63K(448K), 0.0027214 secs] 801244K->801239K(1048512K), 0.0028039 secs] [Times: user=0.00 sys=0.00, real=0.00 secs] 
23.298: [GC (Allocation Failure) 23.298: [DefNew: 447K->64K(448K), 0.0030106 secs] 801623K->801618K(1048512K), 0.0031260 secs] [Times: user=0.00 sys=0.00, real=0.00 secs] 
23.310: [GC (Allocation Failure) 23.310: [DefNew: 448K->63K(448K), 0.0028239 secs] 802002K->801998K(1048512K), 0.0029227 secs] [Times: user=0.01 sys=0.00, real=0.00 secs] 
23.321: [GC (Allocation Failure) 23.321: [DefNew: 447K->63K(448K), 0.0021839 secs] 802382K->802376K(1048512K), 0.0022619 secs] [Times: user=0.00 sys=0.00, real=0.00 secs] 
23.331: [GC (Allocation Failure) 23.331: [DefNew: 447K->64K(448K), 0.0027048 secs] 802760K->802752K(1048512K), 0.0027907 secs] [Times: user=0.00 sys=0.00, real=0.00 secs] 
23.343: [GC (Allocation Failure) 23.343: [DefNew: 448K->64K(448K), 0.0027198 secs] 803136K->803131K(1048512K), 0.0028062 secs] [Times: user=0.00 sys=0.00, real=0.01 secs] 
23.355: [GC (Allocation Failure) 23.355: [DefNew: 448K->63K(448K), 0.0028103 secs] 803515K->803512K(1048512K), 0.0028915 secs] [Times: user=0.00 sys=0.00, real=0.00 secs] 
23.366: [GC (Allocation Failure) 23.366: [DefNew: 447K->64K(448K), 0.0027016 secs] 803896K->803892K(1048512K), 0.0027817 secs] [Times: user=0.00 sys=0.00, real=0.00 secs] 
23.379: [GC (Allocation Failure) 23.379: [DefNew: 448K->63K(448K), 0.0031173 secs] 804276K->804270K(1048512K), 0.0032027 secs] [Times: user=0.00 sys=0.01, real=0.00 secs] 
23.391: [GC (Allocation Failure) 23.391: [DefNew: 447K->63K(448K), 0.0023983 secs] 804654K->804648K(1048512K), 0.0024598 secs] [Times: user=0.01 sys=0.00, real=0.00 secs] 
23.401: [GC (Allocation Failure) 23.401: [DefNew: 447K->63K(448K), 0.0021441 secs] 805032K->805027K(1048512K), 0.0021958 secs] [Times: user=0.00 sys=0.00, real=0.00 secs] 
23.412: [GC (Allocation Failure) 23.412: [DefNew: 447K->63K(448K), 0.0021764 secs] 805411K->805407K(1048512K), 0.0022290 secs] [Times: user=0.00 sys=0.00, real=0.00 secs] 
23.424: [GC (Allocation Failure) 23.424: [DefNew: 447K->63K(448K), 0.0021524 secs] 805791K->805785K(1048512K), 0.0021993 secs] [Times: user=0.00 sys=0.00, real=0.01 secs] 
23.434: [GC (Allocation Failure) 23.434: [DefNew: 447K->63K(448K), 0.0026652 secs] 806169K->806163K(1048512K), 0.0027403 secs] [Times: user=0.01 sys=0.00, real=0.01 secs] 
23.445: [GC (Allocation Failure) 23.445: [DefNew: 447K->63K(448K), 0.0022165 secs] 806547K->806541K(1048512K), 0.0023036 secs] [Times: user=0.00 sys=0.00, real=0.00 secs] 
23.455: [GC (Allocation Failure) 23.455: [DefNew: 447K->63K(448K), 0.0022427 secs] 806925K->806921K(1048512K), 0.0023009 secs] [Times: user=0.00 sys=0.00, real=0.00 secs] 
23.467: [GC (Allocation Failure) 23.467: [DefNew: 447K->63K(448K), 0.0022410 secs] 807305K->807299K(1048512K), 0.0023216 secs] [Times: user=0.00 sys=0.00, real=0.00 secs] 
23.478: [GC (Allocation Failure) 23.478: [DefNew: 447K->64K(448K), 0.0020688 secs] 807683K->807678K(1048512K), 0.0021182 secs] [Times: user=0.01 sys=0.00, real=0.00 secs] 
23.488: [GC (Allocation Failure) 23.488: [DefNew: 448K->63K(448K), 0.0020685 secs] 808062K->808058K(1048512K), 0.0021182 secs] [Times: user=0.00 sys=0.00, real=0.00 secs] 
23.499: [GC (Allocation Failure) 23.499: [DefNew: 447K->63K(448K), 0.0020838 secs] 808442K->808436K(1048512K), 0.0021324 secs] [Times: user=0.00 sys=0.00, real=0.00 secs] 
23.510: [GC (Allocation Failure) 23.510: [DefNew: 447K->63K(448K), 0.0021298 secs] 808820K->808814K(1048512K), 0.0021867 secs] [Times: user=0.00 sys=0.00, real=0.00 secs] 
23.520: [GC (Allocation Failure) 23.520: [DefNew: 447K->63K(448K), 0.0020832 secs] 809198K->809194K(1048512K), 0.0021291 secs] [Times: user=0.01 sys=0.00, real=0.00 secs] 
23.531: [GC (Allocation Failure) 23.531: [DefNew: 447K->64K(448K), 0.0023614 secs] 809578K->809572K(1048512K), 0.0024384 secs] [Times: user=0.00 sys=0.00, real=0.00 secs] 
23.542: [GC (Allocation Failure) 23.542: [DefNew: 448K->63K(448K), 0.0020091 secs] 809956K->809949K(1048512K), 0.0020720 secs] [Times: user=0.00 sys=0.00, real=0.00 secs] 
23.551: [GC (Allocation Failure) 23.551: [DefNew: 447K->63K(448K), 0.0021405 secs] 810333K->810328K(1048512K), 0.0022052 secs] [Times: user=0.00 sys=0.00, real=0.00 secs] 
23.562: [GC (Allocation Failure) 23.562: [DefNew: 447K->63K(448K), 0.0020568 secs] 810712K->810708K(1048512K), 0.0021116 secs] [Times: user=0.01 sys=0.00, real=0.00 secs] 
23.573: [GC (Allocation Failure) 23.573: [DefNew: 447K->63K(448K), 0.0020542 secs] 811092K->811088K(1048512K), 0.0021072 secs] [Times: user=0.00 sys=0.00, real=0.01 secs] 
23.583: [GC (Allocation Failure) 23.583: [DefNew: 447K->63K(448K), 0.0030100 secs] 811472K->811466K(1048512K), 0.0030711 secs] [Times: user=0.00 sys=0.00, real=0.01 secs] 
23.595: [GC (Allocation Failure) 23.595: [DefNew: 447K->63K(448K), 0.0026009 secs] 811850K->811844K(1048512K), 0.0026718 secs] [Times: user=0.00 sys=0.00, real=0.00 secs] 
23.606: [GC (Allocation Failure) 23.606: [DefNew: 447K->64K(448K), 0.0028222 secs] 812228K->812223K(1048512K), 0.0029115 secs] [Times: user=0.01 sys=0.00, real=0.00 secs] 
23.619: [GC (Allocation Failure) 23.619: [DefNew: 448K->63K(448K), 0.0027990 secs] 812607K->812603K(1048512K), 0.0028896 secs] [Times: user=0.00 sys=0.00, real=0.00 secs] 
23.631: [GC (Allocation Failure) 23.631: [DefNew: 447K->63K(448K), 0.0027356 secs] 812987K->812981K(1048512K), 0.0028290 secs] [Times: user=0.00 sys=0.00, real=0.00 secs] 
23.642: [GC (Allocation Failure) 23.642: [DefNew: 447K->63K(448K), 0.0027427 secs] 813365K->813359K(1048512K), 0.0028242 secs] [Times: user=0.01 sys=0.00, real=0.01 secs] 
23.654: [GC (Allocation Failure) 23.655: [DefNew: 447K->64K(448K), 0.0027895 secs] 813743K->813737K(1048512K), 0.0028687 secs] [Times: user=0.00 sys=0.00, real=0.01 secs] 
23.667: [GC (Allocation Failure) 23.667: [DefNew: 448K->63K(448K), 0.0027586 secs] 814121K->814117K(1048512K), 0.0028340 secs] [Times: user=0.00 sys=0.01, real=0.00 secs] 
23.678: [GC (Allocation Failure) 23.678: [DefNew: 447K->63K(448K), 0.0030237 secs] 814501K->814495K(1048512K), 0.0031001 secs] [Times: user=0.01 sys=0.00, real=0.00 secs] 
23.690: [GC (Allocation Failure) 23.690: [DefNew: 447K->64K(448K), 0.0026988 secs] 814879K->814874K(1048512K), 0.0027792 secs] [Times: user=0.00 sys=0.00, real=0.00 secs] 
23.703: [GC (Allocation Failure) 23.703: [DefNew: 448K->63K(448K), 0.0028152 secs] 815258K->815254K(1048512K), 0.0030770 secs] [Times: user=0.00 sys=0.00, real=0.01 secs] 
23.715: [GC (Allocation Failure) 23.715: [DefNew: 447K->63K(448K), 0.0030846 secs] 815638K->815632K(1048512K), 0.0031627 secs] [Times: user=0.01 sys=0.00, real=0.00 secs] 
23.728: [GC (Allocation Failure) 23.728: [DefNew: 447K->64K(448K), 0.0029219 secs] 816016K->816010K(1048512K), 0.0030064 secs] [Times: user=0.00 sys=0.00, real=0.00 secs] 
23.741: [GC (Allocation Failure) 23.741: [DefNew: 448K->63K(448K), 0.0029497 secs] 816394K->816390K(1048512K), 0.0030506 secs] [Times: user=0.00 sys=0.00, real=0.00 secs] 
23.752: [GC (Allocation Failure) 23.753: [DefNew: 447K->63K(448K), 0.0030311 secs] 816774K->816766K(1048512K), 0.0031107 secs] [Times: user=0.01 sys=0.00, real=0.01 secs] 
23.766: [GC (Allocation Failure) 23.766: [DefNew: 447K->64K(448K), 0.0027973 secs] 817150K->817146K(1048512K), 0.0028782 secs] [Times: user=0.00 sys=0.00, real=0.00 secs] 
23.777: [GC (Allocation Failure) 23.777: [DefNew: 448K->63K(448K), 0.0027850 secs] 817530K->817526K(1048512K), 0.0028704 secs] [Times: user=0.00 sys=0.00, real=0.00 secs] 
23.789: [GC (Allocation Failure) 23.789: [DefNew: 447K->63K(448K), 0.0025251 secs] 817910K->817906K(1048512K), 0.0026088 secs] [Times: user=0.01 sys=0.00, real=0.00 secs] 
23.798: [GC (Allocation Failure) 23.798: [DefNew: 447K->63K(448K), 0.0026110 secs] 818290K->818238K(1048512K), 0.0027058 secs] [Times: user=0.00 sys=0.00, real=0.00 secs] 
23.808: [GC (Allocation Failure) 23.808: [DefNew: 447K->63K(448K), 0.0021500 secs] 818622K->818566K(1048512K), 0.0022097 secs] [Times: user=0.00 sys=0.00, real=0.00 secs] 
23.819: [GC (Allocation Failure) 23.819: [DefNew: 447K->63K(448K), 0.0028611 secs] 818950K->818949K(1048512K), 0.0029455 secs] [Times: user=0.00 sys=0.00, real=0.00 secs] 
23.832: [GC (Allocation Failure) 23.832: [DefNew: 447K->63K(448K), 0.0026906 secs] 819333K->819326K(1048512K), 0.0027695 secs] [Times: user=0.00 sys=0.00, real=0.00 secs] 
23.843: [GC (Allocation Failure) 23.843: [DefNew: 447K->64K(448K), 0.0031136 secs] 819710K->819702K(1048512K), 0.0032120 secs] [Times: user=0.00 sys=0.00, real=0.01 secs] 
23.856: [GC (Allocation Failure) 23.856: [DefNew: 448K->63K(448K), 0.0029864 secs] 820086K->820075K(1048512K), 0.0030705 secs] [Times: user=0.00 sys=0.00, real=0.00 secs] 
23.867: [GC (Allocation Failure) 23.867: [DefNew: 447K->63K(448K), 0.0026664 secs] 820459K->820430K(1048512K), 0.0027510 secs] [Times: user=0.01 sys=0.00, real=0.00 secs] 
23.880: [GC (Allocation Failure) 23.880: [DefNew: 447K->63K(448K), 0.0031745 secs] 820813K->820804K(1048512K), 0.0032739 secs] [Times: user=0.00 sys=0.00, real=0.00 secs] 
23.892: [GC (Allocation Failure) 23.892: [DefNew: 447K->63K(448K), 0.0029667 secs] 821188K->821181K(1048512K), 0.0030437 secs] [Times: user=0.00 sys=0.00, real=0.01 secs] 
23.904: [GC (Allocation Failure) 23.904: [DefNew: 447K->64K(448K), 0.0028242 secs] 821565K->821563K(1048512K), 0.0029041 secs] [Times: user=0.01 sys=0.00, real=0.01 secs] 
23.915: [GC (Allocation Failure) 23.915: [DefNew: 448K->63K(448K), 0.0037026 secs] 821947K->821946K(1048512K), 0.0039616 secs] [Times: user=0.00 sys=0.00, real=0.00 secs] 
23.927: [GC (Allocation Failure) 23.927: [DefNew: 447K->63K(448K), 0.0029262 secs] 822330K->822325K(1048512K), 0.0029896 secs] [Times: user=0.00 sys=0.00, real=0.00 secs] 
23.939: [GC (Allocation Failure) 23.939: [DefNew: 447K->63K(448K), 0.0031933 secs] 822709K->822704K(1048512K), 0.0032863 secs] [Times: user=0.01 sys=0.00, real=0.00 secs] 
23.952: [GC (Allocation Failure) 23.952: [DefNew: 447K->64K(448K), 0.0027617 secs] 823088K->823084K(1048512K), 0.0028618 secs] [Times: user=0.00 sys=0.00, real=0.00 secs] 
23.962: [GC (Allocation Failure) 23.963: [DefNew: 448K->64K(448K), 0.0028116 secs] 823468K->823461K(1048512K), 0.0028943 secs] [Times: user=0.00 sys=0.00, real=0.01 secs] 
23.975: [GC (Allocation Failure) 23.975: [DefNew: 448K->63K(448K), 0.0026722 secs] 823845K->823840K(1048512K), 0.0027518 secs] [Times: user=0.00 sys=0.00, real=0.01 secs] 
23.986: [GC (Allocation Failure) 23.986: [DefNew: 447K->64K(448K), 0.0033566 secs] 824224K->824219K(1048512K), 0.0034398 secs] [Times: user=0.00 sys=0.00, real=0.00 secs] 
24.000: [GC (Allocation Failure) 24.000: [DefNew: 448K->64K(448K), 0.0029537 secs] 824603K->824599K(1048512K), 0.0030461 secs] [Times: user=0.00 sys=0.00, real=0.00 secs] 
24.012: [GC (Allocation Failure) 24.013: [DefNew: 448K->63K(448K), 0.0031622 secs] 824983K->824977K(1048512K), 0.0032506 secs] [Times: user=0.01 sys=0.00, real=0.01 secs] 
24.023: [GC (Allocation Failure) 24.023: [DefNew: 447K->63K(448K), 0.0022221 secs] 825361K->825356K(1048512K), 0.0022800 secs] [Times: user=0.00 sys=0.00, real=0.01 secs] 
24.035: [GC (Allocation Failure) 24.035: [DefNew: 447K->63K(448K), 0.0028915 secs] 825740K->825735K(1048512K), 0.0029718 secs] [Times: user=0.00 sys=0.00, real=0.01 secs] 
24.046: [GC (Allocation Failure) 24.046: [DefNew: 447K->63K(448K), 0.0030142 secs] 826119K->826113K(1048512K), 0.0031093 secs] [Times: user=0.00 sys=0.00, real=0.00 secs] 
24.058: [GC (Allocation Failure) 24.058: [DefNew: 447K->63K(448K), 0.0029651 secs] 826497K->826492K(1048512K), 0.0030465 secs] [Times: user=0.00 sys=0.00, real=0.00 secs] 
24.070: [GC (Allocation Failure) 24.070: [DefNew: 447K->63K(448K), 0.0028646 secs] 826876K->826869K(1048512K), 0.0029530 secs] [Times: user=0.00 sys=0.00, real=0.00 secs] 
24.083: [GC (Allocation Failure) 24.083: [DefNew: 447K->63K(448K), 0.0029044 secs] 827253K->827248K(1048512K), 0.0029970 secs] [Times: user=0.00 sys=0.00, real=0.01 secs] 
24.095: [GC (Allocation Failure) 24.095: [DefNew: 447K->63K(448K), 0.0039901 secs] 827632K->827628K(1048512K), 0.0041030 secs] [Times: user=0.00 sys=0.01, real=0.01 secs] 
24.107: [GC (Allocation Failure) 24.107: [DefNew: 447K->63K(448K), 0.0018966 secs] 828012K->828006K(1048512K), 0.0019516 secs] [Times: user=0.00 sys=0.00, real=0.00 secs] 
24.117: [GC (Allocation Failure) 24.117: [DefNew: 447K->63K(448K), 0.0028319 secs] 828390K->828384K(1048512K), 0.0029103 secs] [Times: user=0.00 sys=0.00, real=0.00 secs] 
24.129: [GC (Allocation Failure) 24.130: [DefNew: 447K->63K(448K), 0.0030752 secs] 828768K->828764K(1048512K), 0.0031603 secs] [Times: user=0.01 sys=0.00, real=0.00 secs] 
24.142: [GC (Allocation Failure) 24.143: [DefNew: 447K->63K(448K), 0.0033118 secs] 829148K->829142K(1048512K), 0.0034100 secs] [Times: user=0.00 sys=0.00, real=0.01 secs] 
24.154: [GC (Allocation Failure) 24.154: [DefNew: 447K->63K(448K), 0.0026997 secs] 829526K->829521K(1048512K), 0.0027872 secs] [Times: user=0.00 sys=0.00, real=0.01 secs] 
24.166: [GC (Allocation Failure) 24.166: [DefNew: 447K->63K(448K), 0.0030428 secs] 829905K->829899K(1048512K), 0.0031224 secs] [Times: user=0.00 sys=0.00, real=0.00 secs] 
24.179: [GC (Allocation Failure) 24.179: [DefNew: 447K->63K(448K), 0.0028879 secs] 830283K->830278K(1048512K), 0.0029813 secs] [Times: user=0.00 sys=0.00, real=0.00 secs] 
24.191: [GC (Allocation Failure) 24.191: [DefNew: 447K->63K(448K), 0.0027758 secs] 830662K->830656K(1048512K), 0.0028638 secs] [Times: user=0.00 sys=0.00, real=0.00 secs] 
24.203: [GC (Allocation Failure) 24.203: [DefNew: 447K->63K(448K), 0.0028803 secs] 831040K->831036K(1048512K), 0.0029620 secs] [Times: user=0.01 sys=0.00, real=0.01 secs] 
24.215: [GC (Allocation Failure) 24.215: [DefNew: 447K->63K(448K), 0.0021852 secs] 831420K->831416K(1048512K), 0.0022617 secs] [Times: user=0.00 sys=0.00, real=0.00 secs] 
24.226: [GC (Allocation Failure) 24.226: [DefNew: 447K->63K(448K), 0.0029831 secs] 831800K->831794K(1048512K), 0.0030624 secs] [Times: user=0.00 sys=0.00, real=0.00 secs] 
24.238: [GC (Allocation Failure) 24.238: [DefNew: 447K->63K(448K), 0.0027421 secs] 832178K->832172K(1048512K), 0.0028262 secs] [Times: user=0.01 sys=0.00, real=0.00 secs] 
24.251: [GC (Allocation Failure) 24.251: [DefNew: 447K->64K(448K), 0.0031859 secs] 832556K->832551K(1048512K), 0.0032735 secs] [Times: user=0.00 sys=0.00, real=0.00 secs] 
24.262: [GC (Allocation Failure) 24.262: [DefNew: 448K->64K(448K), 0.0030564 secs] 832935K->832931K(1048512K), 0.0031453 secs] [Times: user=0.00 sys=0.00, real=0.01 secs] 
24.275: [GC (Allocation Failure) 24.275: [DefNew: 447K->64K(448K), 0.0026773 secs] 833315K->833307K(1048512K), 0.0027556 secs] [Times: user=0.01 sys=0.00, real=0.01 secs] 
24.286: [GC (Allocation Failure) 24.286: [DefNew: 448K->63K(448K), 0.0027283 secs] 833691K->833685K(1048512K), 0.0028080 secs] [Times: user=0.00 sys=0.00, real=0.00 secs] 
24.298: [GC (Allocation Failure) 24.299: [DefNew: 447K->63K(448K), 0.0028393 secs] 834069K->834065K(1048512K), 0.0029558 secs] [Times: user=0.00 sys=0.00, real=0.00 secs] 
24.311: [GC (Allocation Failure) 24.311: [DefNew: 447K->63K(448K), 0.0029742 secs] 834449K->834445K(1048512K), 0.0030602 secs] [Times: user=0.01 sys=0.00, real=0.00 secs] 
24.323: [GC (Allocation Failure) 24.323: [DefNew: 447K->63K(448K), 0.0027209 secs] 834829K->834823K(1048512K), 0.0028157 secs] [Times: user=0.00 sys=0.00, real=0.01 secs] 
24.334: [GC (Allocation Failure) 24.334: [DefNew: 447K->63K(448K), 0.0024703 secs] 835207K->835201K(1048512K), 0.0025665 secs] [Times: user=0.00 sys=0.00, real=0.01 secs] 
24.345: [GC (Allocation Failure) 24.345: [DefNew: 447K->63K(448K), 0.0024862 secs] 835585K->835581K(1048512K), 0.0025423 secs] [Times: user=0.00 sys=0.00, real=0.00 secs] 
24.356: [GC (Allocation Failure) 24.356: [DefNew: 447K->63K(448K), 0.0026259 secs] 835965K->835959K(1048512K), 0.0026938 secs] [Times: user=0.00 sys=0.00, real=0.00 secs] 
24.368: [GC (Allocation Failure) 24.368: [DefNew: 447K->64K(448K), 0.0030446 secs] 836343K->836339K(1048512K), 0.0031416 secs] [Times: user=0.00 sys=0.00, real=0.00 secs] 
24.381: [GC (Allocation Failure) 24.381: [DefNew: 448K->64K(448K), 0.0027590 secs] 836723K->836716K(1048512K), 0.0028404 secs] [Times: user=0.00 sys=0.00, real=0.00 secs] 
24.392: [GC (Allocation Failure) 24.392: [DefNew: 448K->64K(448K), 0.0030725 secs] 837100K->837095K(1048512K), 0.0031541 secs] [Times: user=0.01 sys=0.00, real=0.01 secs] 
24.405: [GC (Allocation Failure) 24.405: [DefNew: 448K->63K(448K), 0.0038591 secs] 837479K->837475K(1048512K), 0.0039767 secs] [Times: user=0.00 sys=0.00, real=0.01 secs] 
24.416: [GC (Allocation Failure) 24.416: [DefNew: 447K->64K(448K), 0.0030452 secs] 837859K->837853K(1048512K), 0.0031172 secs] [Times: user=0.01 sys=0.00, real=0.00 secs] 
24.429: [GC (Allocation Failure) 24.429: [DefNew: 448K->64K(448K), 0.0028099 secs] 838237K->838231K(1048512K), 0.0029006 secs] [Times: user=0.00 sys=0.00, real=0.00 secs] 
24.442: [GC (Allocation Failure) 24.442: [DefNew: 448K->63K(448K), 0.0027673 secs] 838615K->838611K(1048512K), 0.0028637 secs] [Times: user=0.00 sys=0.00, real=0.00 secs] 
24.452: [GC (Allocation Failure) 24.452: [DefNew: 447K->63K(448K), 0.0028809 secs] 838995K->838989K(1048512K), 0.0029714 secs] [Times: user=0.00 sys=0.00, real=0.01 secs] 
24.465: [GC (Allocation Failure) 24.465: [DefNew: 447K->63K(448K), 0.0029909 secs] 839373K->839368K(1048512K), 0.0030845 secs] [Times: user=0.00 sys=0.00, real=0.01 secs] 
24.478: [GC (Allocation Failure) 24.478: [DefNew: 445K->63K(448K), 0.0027163 secs] 839749K->839743K(1048512K), 0.0027930 secs] [Times: user=0.00 sys=0.00, real=0.00 secs] 
24.489: [GC (Allocation Failure) 24.489: [DefNew: 447K->63K(448K), 0.0032717 secs] 840127K->840122K(1048512K), 0.0033621 secs] [Times: user=0.00 sys=0.00, real=0.00 secs] 
24.502: [GC (Allocation Failure) 24.502: [DefNew: 447K->64K(448K), 0.0028636 secs] 840506K->840503K(1048512K), 0.0029458 secs] [Times: user=0.00 sys=0.00, real=0.01 secs] 
24.515: [GC (Allocation Failure) 24.515: [DefNew: 448K->64K(448K), 0.0027525 secs] 840887K->840882K(1048512K), 0.0028367 secs] [Times: user=0.00 sys=0.00, real=0.00 secs] 
24.527: [GC (Allocation Failure) 24.527: [DefNew: 448K->63K(448K), 0.0029890 secs] 841266K->841260K(1048512K), 0.0030748 secs] [Times: user=0.00 sys=0.00, real=0.00 secs] 
24.540: [GC (Allocation Failure) 24.540: [DefNew: 447K->64K(448K), 0.0027337 secs] 841644K->841638K(1048512K), 0.0028177 secs] [Times: user=0.00 sys=0.00, real=0.00 secs] 
24.551: [GC (Allocation Failure) 24.551: [DefNew: 448K->63K(448K), 0.0025192 secs] 842022K->842017K(1048512K), 0.0026078 secs] [Times: user=0.00 sys=0.00, real=0.00 secs] 
24.563: [GC (Allocation Failure) 24.563: [DefNew: 447K->64K(448K), 0.0030592 secs] 842401K->842396K(1048512K), 0.0031446 secs] [Times: user=0.00 sys=0.00, real=0.01 secs] 
24.576: [GC (Allocation Failure) 24.576: [DefNew: 448K->63K(448K), 0.0027999 secs] 842780K->842775K(1048512K), 0.0029029 secs] [Times: user=0.01 sys=0.00, real=0.00 secs] 
24.588: [GC (Allocation Failure) 24.588: [DefNew: 447K->63K(448K), 0.0027797 secs] 843159K->843152K(1048512K), 0.0028681 secs] [Times: user=0.00 sys=0.00, real=0.00 secs] 
24.601: [GC (Allocation Failure) 24.601: [DefNew: 447K->63K(448K), 0.0027470 secs] 843536K->843531K(1048512K), 0.0028290 secs] [Times: user=0.00 sys=0.00, real=0.00 secs] 
24.612: [GC (Allocation Failure) 24.612: [DefNew: 447K->63K(448K), 0.0023936 secs] 843915K->843910K(1048512K), 0.0024725 secs] [Times: user=0.01 sys=0.00, real=0.00 secs] 
24.622: [GC (Allocation Failure) 24.622: [DefNew: 447K->64K(448K), 0.0023262 secs] 844294K->844289K(1048512K), 0.0024122 secs] [Times: user=0.00 sys=0.00, real=0.00 secs] 
24.632: [GC (Allocation Failure) 24.632: [DefNew: 448K->63K(448K), 0.0022804 secs] 844673K->844668K(1048512K), 0.0023545 secs] [Times: user=0.00 sys=0.00, real=0.00 secs] 
24.643: [GC (Allocation Failure) 24.643: [DefNew: 447K->63K(448K), 0.0034360 secs] 845052K->845047K(1048512K), 0.0037830 secs] [Times: user=0.00 sys=0.00, real=0.01 secs] 
24.655: [GC (Allocation Failure) 24.655: [DefNew: 447K->63K(448K), 0.0026116 secs] 845431K->845425K(1048512K), 0.0026984 secs] [Times: user=0.00 sys=0.00, real=0.01 secs] 
24.667: [GC (Allocation Failure) 24.667: [DefNew: 447K->63K(448K), 0.0029914 secs] 845809K->845804K(1048512K), 0.0030710 secs] [Times: user=0.00 sys=0.00, real=0.00 secs] 
24.680: [GC (Allocation Failure) 24.680: [DefNew: 447K->63K(448K), 0.0030511 secs] 846188K->846183K(1048512K), 0.0031372 secs] [Times: user=0.00 sys=0.00, real=0.00 secs] 
24.692: [GC (Allocation Failure) 24.692: [DefNew: 447K->63K(448K), 0.0029473 secs] 846567K->846560K(1048512K), 0.0030411 secs] [Times: user=0.01 sys=0.00, real=0.01 secs] 
24.704: [GC (Allocation Failure) 24.704: [DefNew: 447K->63K(448K), 0.0027922 secs] 846944K->846938K(1048512K), 0.0028782 secs] [Times: user=0.00 sys=0.00, real=0.01 secs] 
24.715: [GC (Allocation Failure) 24.715: [DefNew: 447K->64K(448K), 0.0031481 secs] 847322K->847318K(1048512K), 0.0032422 secs] [Times: user=0.00 sys=0.00, real=0.00 secs] 
24.728: [GC (Allocation Failure) 24.728: [DefNew: 448K->64K(448K), 0.0031347 secs] 847702K->847696K(1048512K), 0.0032254 secs] [Times: user=0.00 sys=0.00, real=0.00 secs] 
24.741: [GC (Allocation Failure) 24.741: [DefNew: 448K->63K(448K), 0.0028758 secs] 848080K->848075K(1048512K), 0.0029585 secs] [Times: user=0.00 sys=0.00, real=0.00 secs] 
24.752: [GC (Allocation Failure) 24.753: [DefNew: 447K->63K(448K), 0.0027590 secs] 848459K->848455K(1048512K), 0.0028442 secs] [Times: user=0.00 sys=0.00, real=0.01 secs] 
24.764: [GC (Allocation Failure) 24.765: [DefNew: 447K->64K(448K), 0.0027122 secs] 848839K->848833K(1048512K), 0.0027970 secs] [Times: user=0.01 sys=0.00, real=0.01 secs] 
24.777: [GC (Allocation Failure) 24.777: [DefNew: 448K->63K(448K), 0.0031379 secs] 849217K->849212K(1048512K), 0.0032172 secs] [Times: user=0.00 sys=0.00, real=0.00 secs] 
24.789: [GC (Allocation Failure) 24.789: [DefNew: 447K->63K(448K), 0.0027125 secs] 849596K->849591K(1048512K), 0.0027923 secs] [Times: user=0.00 sys=0.00, real=0.00 secs] 
24.799: [GC (Allocation Failure) 24.799: [DefNew: 447K->64K(448K), 0.0024966 secs] 849975K->849914K(1048512K), 0.0025914 secs] [Times: user=0.00 sys=0.00, real=0.00 secs] 
24.809: [GC (Allocation Failure) 24.809: [DefNew: 448K->64K(448K), 0.0020516 secs] 850298K->850265K(1048512K), 0.0021109 secs] [Times: user=0.00 sys=0.00, real=0.00 secs] 
24.818: [GC (Allocation Failure) 24.819: [DefNew: 448K->63K(448K), 0.0021874 secs] 850649K->850644K(1048512K), 0.0022590 secs] [Times: user=0.01 sys=0.00, real=0.00 secs] 
24.830: [GC (Allocation Failure) 24.830: [DefNew: 447K->64K(448K), 0.0025411 secs] 851028K->851022K(1048512K), 0.0026123 secs] [Times: user=0.00 sys=0.00, real=0.00 secs] 
24.842: [GC (Allocation Failure) 24.842: [DefNew: 448K->63K(448K), 0.0031066 secs] 851406K->851397K(1048512K), 0.0032131 secs] [Times: user=0.00 sys=0.00, real=0.01 secs] 
24.854: [GC (Allocation Failure) 24.854: [DefNew: 447K->63K(448K), 0.0029963 secs] 851781K->851772K(1048512K), 0.0030749 secs] [Times: user=0.01 sys=0.00, real=0.01 secs] 
24.865: [GC (Allocation Failure) 24.865: [DefNew: 447K->64K(448K), 0.0027372 secs] 852156K->852126K(1048512K), 0.0028659 secs] [Times: user=0.00 sys=0.00, real=0.01 secs] 
24.877: [GC (Allocation Failure) 24.877: [DefNew: 447K->63K(448K), 0.0020994 secs] 852510K->852503K(1048512K), 0.0021534 secs] [Times: user=0.00 sys=0.00, real=0.00 secs] 
24.887: [GC (Allocation Failure) 24.887: [DefNew: 447K->63K(448K), 0.0025946 secs] 852887K->852878K(1048512K), 0.0026766 secs] [Times: user=0.01 sys=0.00, real=0.00 secs] 
24.900: [GC (Allocation Failure) 24.900: [DefNew: 447K->63K(448K), 0.0029263 secs] 853262K->853258K(1048512K), 0.0030212 secs] [Times: user=0.00 sys=0.00, real=0.00 secs] 
24.912: [GC (Allocation Failure) 24.912: [DefNew: 447K->63K(448K), 0.0032454 secs] 853642K->853641K(1048512K), 0.0033436 secs] [Times: user=0.00 sys=0.00, real=0.01 secs] 
24.923: [GC (Allocation Failure) 24.923: [DefNew: 447K->64K(448K), 0.0022303 secs] 854025K->854020K(1048512K), 0.0023028 secs] [Times: user=0.01 sys=0.00, real=0.01 secs] 
24.934: [GC (Allocation Failure) 24.934: [DefNew: 448K->63K(448K), 0.0029634 secs] 854404K->854400K(1048512K), 0.0030470 secs] [Times: user=0.00 sys=0.00, real=0.01 secs] 
24.946: [GC (Allocation Failure) 24.946: [DefNew: 447K->63K(448K), 0.0028666 secs] 854784K->854780K(1048512K), 0.0029684 secs] [Times: user=0.00 sys=0.00, real=0.00 secs] 
24.957: [GC (Allocation Failure) 24.957: [DefNew: 447K->64K(448K), 0.0027437 secs] 855164K->855158K(1048512K), 0.0028276 secs] [Times: user=0.01 sys=0.00, real=0.00 secs] 
24.969: [GC (Allocation Failure) 24.969: [DefNew: 448K->63K(448K), 0.0030093 secs] 855542K->855536K(1048512K), 0.0031014 secs] [Times: user=0.00 sys=0.00, real=0.00 secs] 
24.982: [GC (Allocation Failure) 24.982: [DefNew: 447K->64K(448K), 0.0047935 secs] 855920K->855916K(1048512K), 0.0048909 secs] [Times: user=0.00 sys=0.01, real=0.01 secs] 
24.994: [GC (Allocation Failure) 24.994: [DefNew: 448K->63K(448K), 0.0023172 secs] 856300K->856294K(1048512K), 0.0023902 secs] [Times: user=0.01 sys=0.00, real=0.01 secs] 
25.006: [GC (Allocation Failure) 25.006: [DefNew: 447K->64K(448K), 0.0028293 secs] 856678K->856671K(1048512K), 0.0029197 secs] [Times: user=0.00 sys=0.00, real=0.00 secs] 
25.018: [GC (Allocation Failure) 25.018: [DefNew: 448K->63K(448K), 0.0030562 secs] 857055K->857050K(1048512K), 0.0031578 secs] [Times: user=0.00 sys=0.00, real=0.00 secs] 
25.029: [GC (Allocation Failure) 25.029: [DefNew: 447K->63K(448K), 0.0027899 secs] 857434K->857429K(1048512K), 0.0028643 secs] [Times: user=0.01 sys=0.00, real=0.00 secs] 
25.042: [GC (Allocation Failure) 25.042: [DefNew: 447K->63K(448K), 0.0026795 secs] 857813K->857809K(1048512K), 0.0027632 secs] [Times: user=0.00 sys=0.00, real=0.00 secs] 
25.054: [GC (Allocation Failure) 25.054: [DefNew: 447K->63K(448K), 0.0029342 secs] 858193K->858189K(1048512K), 0.0030306 secs] [Times: user=0.00 sys=0.00, real=0.01 secs] 
25.065: [GC (Allocation Failure) 25.065: [DefNew: 447K->64K(448K), 0.0025279 secs] 858573K->858566K(1048512K), 0.0026023 secs] [Times: user=0.00 sys=0.00, real=0.01 secs] 
25.077: [GC (Allocation Failure) 25.077: [DefNew: 448K->63K(448K), 0.0030287 secs] 858950K->858945K(1048512K), 0.0031091 secs] [Times: user=0.00 sys=0.00, real=0.00 secs] 
25.090: [GC (Allocation Failure) 25.090: [DefNew: 447K->63K(448K), 0.0029103 secs] 859329K->859325K(1048512K), 0.0030214 secs] [Times: user=0.00 sys=0.00, real=0.00 secs] 
25.100: [GC (Allocation Failure) 25.100: [DefNew: 447K->63K(448K), 0.0021039 secs] 859709K->859703K(1048512K), 0.0021586 secs] [Times: user=0.00 sys=0.00, real=0.00 secs] 
25.111: [GC (Allocation Failure) 25.111: [DefNew: 447K->63K(448K), 0.0026121 secs] 860087K->860079K(1048512K), 0.0026918 secs] [Times: user=0.01 sys=0.00, real=0.00 secs] 
25.122: [GC (Allocation Failure) 25.122: [DefNew: 447K->63K(448K), 0.0029322 secs] 860463K->860459K(1048512K), 0.0030237 secs] [Times: user=0.00 sys=0.00, real=0.01 secs] 
25.135: [GC (Allocation Failure) 25.135: [DefNew: 447K->63K(448K), 0.0038493 secs] 860843K->860838K(1048512K), 0.0039722 secs] [Times: user=0.00 sys=0.00, real=0.00 secs] 
25.148: [GC (Allocation Failure) 25.148: [DefNew: 447K->63K(448K), 0.0025701 secs] 861222K->861218K(1048512K), 0.0026597 secs] [Times: user=0.01 sys=0.00, real=0.00 secs] 
25.158: [GC (Allocation Failure) 25.158: [DefNew: 447K->63K(448K), 0.0023559 secs] 861602K->861598K(1048512K), 0.0024184 secs] [Times: user=0.00 sys=0.00, real=0.00 secs] 
25.170: [GC (Allocation Failure) 25.170: [DefNew: 447K->64K(448K), 0.0033486 secs] 861982K->861975K(1048512K), 0.0034336 secs] [Times: user=0.00 sys=0.00, real=0.00 secs] 
25.183: [GC (Allocation Failure) 25.183: [DefNew: 448K->63K(448K), 0.0028099 secs] 862359K->862354K(1048512K), 0.0028952 secs] [Times: user=0.01 sys=0.00, real=0.01 secs] 
25.195: [GC (Allocation Failure) 25.195: [DefNew: 447K->63K(448K), 0.0032113 secs] 862738K->862734K(1048512K), 0.0035997 secs] [Times: user=0.00 sys=0.00, real=0.01 secs] 
25.207: [GC (Allocation Failure) 25.207: [DefNew: 447K->63K(448K), 0.0021972 secs] 863117K->863109K(1048512K), 0.0022593 secs] [Times: user=0.00 sys=0.00, real=0.00 secs] 
25.217: [GC (Allocation Failure) 25.218: [DefNew: 447K->63K(448K), 0.0029825 secs] 863493K->863486K(1048512K), 0.0030507 secs] [Times: user=0.01 sys=0.00, real=0.00 secs] 
25.231: [GC (Allocation Failure) 25.231: [DefNew: 447K->63K(448K), 0.0030855 secs] 863870K->863866K(1048512K), 0.0031609 secs] [Times: user=0.00 sys=0.00, real=0.00 secs] 
25.244: [GC (Allocation Failure) 25.244: [DefNew: 447K->63K(448K), 0.0028203 secs] 864250K->864247K(1048512K), 0.0029076 secs] [Times: user=0.00 sys=0.00, real=0.01 secs] 
25.255: [GC (Allocation Failure) 25.255: [DefNew: 447K->63K(448K), 0.0029600 secs] 864631K->864626K(1048512K), 0.0030597 secs] [Times: user=0.01 sys=0.00, real=0.01 secs] 
25.267: [GC (Allocation Failure) 25.267: [DefNew: 447K->63K(448K), 0.0027437 secs] 865010K->865005K(1048512K), 0.0028145 secs] [Times: user=0.00 sys=0.00, real=0.00 secs] 
25.280: [GC (Allocation Failure) 25.280: [DefNew: 447K->63K(448K), 0.0028334 secs] 865389K->865383K(1048512K), 0.0029282 secs] [Times: user=0.00 sys=0.00, real=0.00 secs] 
25.291: [GC (Allocation Failure) 25.291: [DefNew: 447K->63K(448K), 0.0026826 secs] 865767K->865762K(1048512K), 0.0027689 secs] [Times: user=0.01 sys=0.00, real=0.00 secs] 
25.302: [GC (Allocation Failure) 25.302: [DefNew: 447K->64K(448K), 0.0028028 secs] 866146K->866141K(1048512K), 0.0029221 secs] [Times: user=0.00 sys=0.00, real=0.01 secs] 
25.313: [GC (Allocation Failure) 25.313: [DefNew: 448K->63K(448K), 0.0024788 secs] 866525K->866519K(1048512K), 0.0025960 secs] [Times: user=0.00 sys=0.00, real=0.01 secs] 
25.324: [GC (Allocation Failure) 25.324: [DefNew: 447K->63K(448K), 0.0027386 secs] 866903K->866896K(1048512K), 0.0027911 secs] [Times: user=0.00 sys=0.00, real=0.01 secs] 
25.336: [GC (Allocation Failure) 25.336: [DefNew: 447K->63K(448K), 0.0027026 secs] 867280K->867275K(1048512K), 0.0027872 secs] [Times: user=0.01 sys=0.00, real=0.00 secs] 
25.347: [GC (Allocation Failure) 25.348: [DefNew: 447K->64K(448K), 0.0027025 secs] 867659K->867655K(1048512K), 0.0027896 secs] [Times: user=0.00 sys=0.00, real=0.00 secs] 
25.357: [GC (Allocation Failure) 25.357: [DefNew: 448K->63K(448K), 0.0023516 secs] 868039K->868033K(1048512K), 0.0024513 secs] [Times: user=0.00 sys=0.00, real=0.00 secs] 
25.369: [GC (Allocation Failure) 25.369: [DefNew: 447K->63K(448K), 0.0029892 secs] 868417K->868412K(1048512K), 0.0030775 secs] [Times: user=0.01 sys=0.00, real=0.00 secs] 
25.381: [GC (Allocation Failure) 25.381: [DefNew: 447K->63K(448K), 0.0029104 secs] 868796K->868791K(1048512K), 0.0029928 secs] [Times: user=0.00 sys=0.00, real=0.00 secs] 
25.392: [GC (Allocation Failure) 25.393: [DefNew: 447K->63K(448K), 0.0027843 secs] 869175K->869170K(1048512K), 0.0028683 secs] [Times: user=0.00 sys=0.00, real=0.01 secs] 
25.405: [GC (Allocation Failure) 25.405: [DefNew: 447K->63K(448K), 0.0026438 secs] 869554K->869548K(1048512K), 0.0027345 secs] [Times: user=0.01 sys=0.00, real=0.01 secs] 
25.416: [GC (Allocation Failure) 25.416: [DefNew: 447K->63K(448K), 0.0036120 secs] 869932K->869928K(1048512K), 0.0037671 secs] [Times: user=0.00 sys=0.00, real=0.00 secs] 
25.430: [GC (Allocation Failure) 25.430: [DefNew: 447K->64K(448K), 0.0026408 secs] 870312K->870304K(1048512K), 0.0027256 secs] [Times: user=0.00 sys=0.00, real=0.00 secs] 
25.442: [GC (Allocation Failure) 25.442: [DefNew: 448K->64K(448K), 0.0028486 secs] 870688K->870683K(1048512K), 0.0029356 secs] [Times: user=0.01 sys=0.00, real=0.00 secs] 
25.453: [GC (Allocation Failure) 25.453: [DefNew: 448K->63K(448K), 0.0027583 secs] 871067K->871064K(1048512K), 0.0028426 secs] [Times: user=0.00 sys=0.01, real=0.01 secs] 
25.465: [GC (Allocation Failure) 25.465: [DefNew: 447K->63K(448K), 0.0029336 secs] 871448K->871443K(1048512K), 0.0030273 secs] [Times: user=0.00 sys=0.00, real=0.01 secs] 
25.478: [GC (Allocation Failure) 25.478: [DefNew: 447K->64K(448K), 0.0031202 secs] 871827K->871821K(1048512K), 0.0032036 secs] [Times: user=0.01 sys=0.00, real=0.00 secs] 
25.489: [GC (Allocation Failure) 25.489: [DefNew: 448K->63K(448K), 0.0035237 secs] 872205K->872200K(1048512K), 0.0036220 secs] [Times: user=0.00 sys=0.00, real=0.00 secs] 
25.502: [GC (Allocation Failure) 25.502: [DefNew: 447K->63K(448K), 0.0028791 secs] 872584K->872579K(1048512K), 0.0029620 secs] [Times: user=0.00 sys=0.00, real=0.01 secs] 
25.515: [GC (Allocation Failure) 25.515: [DefNew: 447K->63K(448K), 0.0037805 secs] 872963K->872958K(1048512K), 0.0038805 secs] [Times: user=0.01 sys=0.00, real=0.01 secs] 
25.527: [GC (Allocation Failure) 25.527: [DefNew: 447K->63K(448K), 0.0031501 secs] 873342K->873334K(1048512K), 0.0032422 secs] [Times: user=0.00 sys=0.00, real=0.00 secs] 
25.540: [GC (Allocation Failure) 25.540: [DefNew: 447K->64K(448K), 0.0026483 secs] 873718K->873714K(1048512K), 0.0027274 secs] [Times: user=0.00 sys=0.00, real=0.00 secs] 
25.551: [GC (Allocation Failure) 25.551: [DefNew: 448K->63K(448K), 0.0028450 secs] 874098K->874093K(1048512K), 0.0029319 secs] [Times: user=0.01 sys=0.00, real=0.00 secs] 
25.563: [GC (Allocation Failure) 25.563: [DefNew: 447K->63K(448K), 0.0027778 secs] 874477K->874472K(1048512K), 0.0028622 secs] [Times: user=0.00 sys=0.00, real=0.01 secs] 
25.576: [GC (Allocation Failure) 25.576: [DefNew: 447K->63K(448K), 0.0030789 secs] 874856K->874852K(1048512K), 0.0031452 secs] [Times: user=0.00 sys=0.00, real=0.00 secs] 
25.588: [GC (Allocation Failure) 25.588: [DefNew: 447K->64K(448K), 0.0029154 secs] 875236K->875230K(1048512K), 0.0029842 secs] [Times: user=0.01 sys=0.00, real=0.00 secs] 
25.601: [GC (Allocation Failure) 25.601: [DefNew: 448K->63K(448K), 0.0035806 secs] 875614K->875608K(1048512K), 0.0036662 secs] [Times: user=0.00 sys=0.00, real=0.00 secs] 
25.614: [GC (Allocation Failure) 25.614: [DefNew: 447K->63K(448K), 0.0029457 secs] 875992K->875988K(1048512K), 0.0030153 secs] [Times: user=0.00 sys=0.00, real=0.01 secs] 
25.624: [GC (Allocation Failure) 25.624: [DefNew: 447K->63K(448K), 0.0028612 secs] 876372K->876366K(1048512K), 0.0029448 secs] [Times: user=0.01 sys=0.00, real=0.01 secs] 
25.637: [GC (Allocation Failure) 25.637: [DefNew: 447K->63K(448K), 0.0029238 secs] 876750K->876743K(1048512K), 0.0029990 secs] [Times: user=0.00 sys=0.00, real=0.00 secs] 
25.650: [GC (Allocation Failure) 25.650: [DefNew: 447K->63K(448K), 0.0027568 secs] 877127K->877123K(1048512K), 0.0028262 secs] [Times: user=0.00 sys=0.00, real=0.00 secs] 
25.661: [GC (Allocation Failure) 25.661: [DefNew: 447K->63K(448K), 0.0046817 secs] 877507K->877501K(1048512K), 0.0049926 secs] [Times: user=0.01 sys=0.01, real=0.01 secs] 
25.675: [GC (Allocation Failure) 25.675: [DefNew: 447K->63K(448K), 0.0027126 secs] 877885K->877881K(1048512K), 0.0027790 secs] [Times: user=0.00 sys=0.00, real=0.00 secs] 
25.688: [GC (Allocation Failure) 25.688: [DefNew: 447K->63K(448K), 0.0030976 secs] 878265K->878261K(1048512K), 0.0031710 secs] [Times: user=0.01 sys=0.00, real=0.00 secs] 
25.700: [GC (Allocation Failure) 25.700: [DefNew: 447K->64K(448K), 0.0027489 secs] 878645K->878638K(1048512K), 0.0028146 secs] [Times: user=0.00 sys=0.00, real=0.00 secs] 
25.712: [GC (Allocation Failure) 25.712: [DefNew: 448K->63K(448K), 0.0029584 secs] 879022K->879017K(1048512K), 0.0030261 secs] [Times: user=0.00 sys=0.00, real=0.00 secs] 
25.723: [GC (Allocation Failure) 25.723: [DefNew: 447K->63K(448K), 0.0031046 secs] 879401K->879397K(1048512K), 0.0031713 secs] [Times: user=0.00 sys=0.00, real=0.01 secs] 
25.736: [GC (Allocation Failure) 25.736: [DefNew: 447K->64K(448K), 0.0030815 secs] 879781K->879773K(1048512K), 0.0031599 secs] [Times: user=0.00 sys=0.00, real=0.00 secs] 
25.748: [GC (Allocation Failure) 25.749: [DefNew: 448K->63K(448K), 0.0028253 secs] 880157K->880152K(1048512K), 0.0029141 secs] [Times: user=0.00 sys=0.00, real=0.00 secs] 
25.759: [GC (Allocation Failure) 25.759: [DefNew: 447K->63K(448K), 0.0028134 secs] 880536K->880531K(1048512K), 0.0028777 secs] [Times: user=0.00 sys=0.00, real=0.00 secs] 
25.772: [GC (Allocation Failure) 25.772: [DefNew: 447K->63K(448K), 0.0029309 secs] 880915K->880911K(1048512K), 0.0030063 secs] [Times: user=0.00 sys=0.00, real=0.00 secs] 
25.784: [GC (Allocation Failure) 25.784: [DefNew: 447K->63K(448K), 0.0031774 secs] 881295K->881289K(1048512K), 0.0033027 secs] [Times: user=0.00 sys=0.00, real=0.01 secs] 
25.796: [GC (Allocation Failure) 25.796: [DefNew: 447K->63K(448K), 0.0029822 secs] 881673K->881667K(1048512K), 0.0030533 secs] [Times: user=0.00 sys=0.00, real=0.00 secs] 
25.805: [GC (Allocation Failure) 25.805: [DefNew: 447K->64K(448K), 0.0023304 secs] 882051K->881950K(1048512K), 0.0023924 secs] [Times: user=0.00 sys=0.00, real=0.00 secs] 
25.816: [GC (Allocation Failure) 25.816: [DefNew: 448K->63K(448K), 0.0021075 secs] 882334K->882332K(1048512K), 0.0021738 secs] [Times: user=0.01 sys=0.00, real=0.00 secs] 
25.828: [GC (Allocation Failure) 25.828: [DefNew: 447K->63K(448K), 0.0050577 secs] 882716K->882710K(1048512K), 0.0051611 secs] [Times: user=0.00 sys=0.00, real=0.00 secs] 
25.841: [GC (Allocation Failure) 25.841: [DefNew: 447K->63K(448K), 0.0025559 secs] 883094K->883085K(1048512K), 0.0026125 secs] [Times: user=0.00 sys=0.00, real=0.00 secs] 
25.852: [GC (Allocation Failure) 25.852: [DefNew: 447K->63K(448K), 0.0021946 secs] 883469K->883460K(1048512K), 0.0022713 secs] [Times: user=0.00 sys=0.00, real=0.00 secs] 
25.863: [GC (Allocation Failure) 25.863: [DefNew: 447K->64K(448K), 0.0026828 secs] 883844K->883836K(1048512K), 0.0027347 secs] [Times: user=0.00 sys=0.00, real=0.01 secs] 
25.874: [GC (Allocation Failure) 25.874: [DefNew: 448K->63K(448K), 0.0026970 secs] 884220K->884191K(1048512K), 0.0027645 secs] [Times: user=0.00 sys=0.00, real=0.01 secs] 
25.886: [GC (Allocation Failure) 25.886: [DefNew: 447K->63K(448K), 0.0028823 secs] 884575K->884566K(1048512K), 0.0029582 secs] [Times: user=0.01 sys=0.00, real=0.00 secs] 
25.898: [GC (Allocation Failure) 25.898: [DefNew: 447K->64K(448K), 0.0029883 secs] 884950K->884948K(1048512K), 0.0030697 secs] [Times: user=0.00 sys=0.00, real=0.00 secs] 
25.909: [GC (Allocation Failure) 25.909: [DefNew: 448K->63K(448K), 0.0027486 secs] 885332K->885331K(1048512K), 0.0028183 secs] [Times: user=0.00 sys=0.00, real=0.00 secs] 
25.921: [GC (Allocation Failure) 25.921: [DefNew: 447K->64K(448K), 0.0027795 secs] 885715K->885711K(1048512K), 0.0028462 secs] [Times: user=0.00 sys=0.00, real=0.00 secs] 
25.932: [GC (Allocation Failure) 25.932: [DefNew: 448K->63K(448K), 0.0021484 secs] 886095K->886091K(1048512K), 0.0021999 secs] [Times: user=0.01 sys=0.00, real=0.00 secs] 
25.942: [GC (Allocation Failure) 25.942: [DefNew: 447K->63K(448K), 0.0026714 secs] 886475K->886468K(1048512K), 0.0027287 secs] [Times: user=0.00 sys=0.00, real=0.00 secs] 
25.954: [GC (Allocation Failure) 25.954: [DefNew: 447K->63K(448K), 0.0027453 secs] 886852K->886847K(1048512K), 0.0028212 secs] [Times: user=0.00 sys=0.00, real=0.01 secs] 
25.966: [GC (Allocation Failure) 25.966: [DefNew: 447K->63K(448K), 0.0028214 secs] 887231K->887226K(1048512K), 0.0029059 secs] [Times: user=0.01 sys=0.00, real=0.00 secs] 
25.977: [GC (Allocation Failure) 25.978: [DefNew: 447K->64K(448K), 0.0029376 secs] 887610K->887605K(1048512K), 0.0030100 secs] [Times: user=0.00 sys=0.00, real=0.00 secs] 
25.990: [GC (Allocation Failure) 25.990: [DefNew: 448K->63K(448K), 0.0030085 secs] 887989K->887984K(1048512K), 0.0030710 secs] [Times: user=0.00 sys=0.00, real=0.00 secs] 
26.002: [GC (Allocation Failure) 26.002: [DefNew: 447K->63K(448K), 0.0034770 secs] 888368K->888363K(1048512K), 0.0038843 secs] [Times: user=0.01 sys=0.00, real=0.01 secs] 
26.014: [GC (Allocation Failure) 26.014: [DefNew: 447K->63K(448K), 0.0027055 secs] 888747K->888742K(1048512K), 0.0027628 secs] [Times: user=0.00 sys=0.00, real=0.01 secs] 
26.026: [GC (Allocation Failure) 26.026: [DefNew: 447K->63K(448K), 0.0031029 secs] 889126K->889120K(1048512K), 0.0031761 secs] [Times: user=0.00 sys=0.00, real=0.00 secs] 
26.038: [GC (Allocation Failure) 26.038: [DefNew: 447K->63K(448K), 0.0024674 secs] 889504K->889499K(1048512K), 0.0025381 secs] [Times: user=0.01 sys=0.00, real=0.00 secs] 
26.049: [GC (Allocation Failure) 26.049: [DefNew: 447K->63K(448K), 0.0029005 secs] 889883K->889876K(1048512K), 0.0029867 secs] [Times: user=0.00 sys=0.00, real=0.00 secs] 
26.061: [GC (Allocation Failure) 26.061: [DefNew: 447K->63K(448K), 0.0029480 secs] 890260K->890255K(1048512K), 0.0030162 secs] [Times: user=0.00 sys=0.00, real=0.00 secs] 
26.071: [GC (Allocation Failure) 26.071: [DefNew: 447K->63K(448K), 0.0024926 secs] 890639K->890634K(1048512K), 0.0025507 secs] [Times: user=0.00 sys=0.00, real=0.00 secs] 
26.083: [GC (Allocation Failure) 26.083: [DefNew: 447K->63K(448K), 0.0029296 secs] 891018K->891013K(1048512K), 0.0030149 secs] [Times: user=0.01 sys=0.00, real=0.01 secs] 
26.095: [GC (Allocation Failure) 26.095: [DefNew: 447K->63K(448K), 0.0028254 secs] 891397K->891391K(1048512K), 0.0028989 secs] [Times: user=0.00 sys=0.00, real=0.00 secs] 
26.106: [GC (Allocation Failure) 26.106: [DefNew: 447K->63K(448K), 0.0022112 secs] 891775K->891771K(1048512K), 0.0022578 secs] [Times: user=0.00 sys=0.00, real=0.00 secs] 
26.117: [GC (Allocation Failure) 26.117: [DefNew: 447K->63K(448K), 0.0027640 secs] 892155K->892149K(1048512K), 0.0028520 secs] [Times: user=0.01 sys=0.00, real=0.00 secs] 
26.129: [GC (Allocation Failure) 26.129: [DefNew: 447K->63K(448K), 0.0028660 secs] 892533K->892528K(1048512K), 0.0029372 secs] [Times: user=0.00 sys=0.00, real=0.00 secs] 
26.139: [GC (Allocation Failure) 26.139: [DefNew: 447K->63K(448K), 0.0023409 secs] 892912K->892908K(1048512K), 0.0024081 secs] [Times: user=0.00 sys=0.00, real=0.00 secs] 
26.150: [GC (Allocation Failure) 26.150: [DefNew: 447K->64K(448K), 0.0023472 secs] 893291K->893284K(1048512K), 0.0024156 secs] [Times: user=0.00 sys=0.00, real=0.00 secs] 
26.161: [GC (Allocation Failure) 26.161: [DefNew: 448K->63K(448K), 0.0027003 secs] 893668K->893663K(1048512K), 0.0027572 secs] [Times: user=0.00 sys=0.00, real=0.00 secs] 
26.171: [GC (Allocation Failure) 26.172: [DefNew: 447K->64K(448K), 0.0022440 secs] 894047K->894043K(1048512K), 0.0023045 secs] [Times: user=0.00 sys=0.00, real=0.00 secs] 
26.183: [GC (Allocation Failure) 26.183: [DefNew: 448K->63K(448K), 0.0030501 secs] 894427K->894423K(1048512K), 0.0031522 secs] [Times: user=0.00 sys=0.00, real=0.01 secs] 
26.196: [GC (Allocation Failure) 26.196: [DefNew: 447K->64K(448K), 0.0032606 secs] 894807K->894801K(1048512K), 0.0033994 secs] [Times: user=0.01 sys=0.00, real=0.00 secs] 
26.207: [GC (Allocation Failure) 26.207: [DefNew: 448K->63K(448K), 0.0023842 secs] 895185K->895179K(1048512K), 0.0024363 secs] [Times: user=0.00 sys=0.00, real=0.00 secs] 
26.218: [GC (Allocation Failure) 26.218: [DefNew: 447K->64K(448K), 0.0027640 secs] 895563K->895559K(1048512K), 0.0028338 secs] [Times: user=0.00 sys=0.00, real=0.00 secs] 
26.230: [GC (Allocation Failure) 26.230: [DefNew: 448K->63K(448K), 0.0031288 secs] 895943K->895937K(1048512K), 0.0032073 secs] [Times: user=0.01 sys=0.00, real=0.00 secs] 
26.242: [GC (Allocation Failure) 26.242: [DefNew: 447K->63K(448K), 0.0026775 secs] 896321K->896316K(1048512K), 0.0027455 secs] [Times: user=0.00 sys=0.00, real=0.00 secs] 
26.254: [GC (Allocation Failure) 26.254: [DefNew: 447K->64K(448K), 0.0026427 secs] 896700K->896693K(1048512K), 0.0027112 secs] [Times: user=0.00 sys=0.00, real=0.01 secs] 
26.264: [GC (Allocation Failure) 26.264: [DefNew: 448K->64K(448K), 0.0028443 secs] 897077K->897073K(1048512K), 0.0029052 secs] [Times: user=0.01 sys=0.00, real=0.01 secs] 
26.277: [GC (Allocation Failure) 26.277: [DefNew: 448K->63K(448K), 0.0027754 secs] 897457K->897453K(1048512K), 0.0028413 secs] [Times: user=0.00 sys=0.00, real=0.00 secs] 
26.290: [GC (Allocation Failure) 26.290: [DefNew: 447K->63K(448K), 0.0027399 secs] 897837K->897831K(1048512K), 0.0028119 secs] [Times: user=0.00 sys=0.00, real=0.00 secs] 
26.301: [GC (Allocation Failure) 26.301: [DefNew: 447K->63K(448K), 0.0036744 secs] 898215K->898209K(1048512K), 0.0038601 secs] [Times: user=0.01 sys=0.00, real=0.00 secs] 
26.314: [GC (Allocation Failure) 26.314: [DefNew: 447K->63K(448K), 0.0023331 secs] 898593K->898589K(1048512K), 0.0024008 secs] [Times: user=0.00 sys=0.00, real=0.01 secs] 
26.325: [GC (Allocation Failure) 26.325: [DefNew: 447K->63K(448K), 0.0029147 secs] 898973K->898967K(1048512K), 0.0029765 secs] [Times: user=0.00 sys=0.00, real=0.01 secs] 
26.336: [GC (Allocation Failure) 26.336: [DefNew: 447K->64K(448K), 0.0026403 secs] 899351K->899346K(1048512K), 0.0027084 secs] [Times: user=0.01 sys=0.00, real=0.00 secs] 
26.348: [GC (Allocation Failure) 26.348: [DefNew: 448K->63K(448K), 0.0030361 secs] 899730K->899726K(1048512K), 0.0031080 secs] [Times: user=0.00 sys=0.00, real=0.00 secs] 
26.358: [GC (Allocation Failure) 26.359: [DefNew: 447K->64K(448K), 0.0027972 secs] 900109K->900102K(1048512K), 0.0028590 secs] [Times: user=0.00 sys=0.00, real=0.00 secs] 
26.370: [GC (Allocation Failure) 26.370: [DefNew: 448K->64K(448K), 0.0030097 secs] 900486K->900480K(1048512K), 0.0030846 secs] [Times: user=0.00 sys=0.00, real=0.00 secs] 
26.383: [GC (Allocation Failure) 26.383: [DefNew: 448K->63K(448K), 0.0031081 secs] 900864K->900860K(1048512K), 0.0031812 secs] [Times: user=0.00 sys=0.01, real=0.01 secs] 
26.393: [GC (Allocation Failure) 26.393: [DefNew: 447K->63K(448K), 0.0030845 secs] 901244K->901240K(1048512K), 0.0031620 secs] [Times: user=0.00 sys=0.00, real=0.01 secs] 
26.406: [GC (Allocation Failure) 26.406: [DefNew: 447K->63K(448K), 0.0023042 secs] 901624K->901618K(1048512K), 0.0023594 secs] [Times: user=0.00 sys=0.00, real=0.00 secs] 
26.418: [GC (Allocation Failure) 26.418: [DefNew: 447K->63K(448K), 0.0024992 secs] 902002K->901996K(1048512K), 0.0025964 secs] [Times: user=0.01 sys=0.00, real=0.00 secs] 
26.427: [GC (Allocation Failure) 26.427: [DefNew: 447K->64K(448K), 0.0030302 secs] 902380K->902375K(1048512K), 0.0030993 secs] [Times: user=0.00 sys=0.00, real=0.00 secs] 
26.439: [GC (Allocation Failure) 26.439: [DefNew: 448K->63K(448K), 0.0027717 secs] 902759K->902755K(1048512K), 0.0028302 secs] [Times: user=0.00 sys=0.00, real=0.00 secs] 
26.450: [GC (Allocation Failure) 26.450: [DefNew: 447K->63K(448K), 0.0019261 secs] 903139K->903133K(1048512K), 0.0019758 secs] [Times: user=0.00 sys=0.00, real=0.00 secs] 
26.459: [GC (Allocation Failure) 26.459: [DefNew: 447K->63K(448K), 0.0026997 secs] 903517K->903510K(1048512K), 0.0027741 secs] [Times: user=0.01 sys=0.00, real=0.00 secs] 
26.471: [GC (Allocation Failure) 26.471: [DefNew: 447K->64K(448K), 0.0026888 secs] 903894K->903889K(1048512K), 0.0027609 secs] [Times: user=0.00 sys=0.00, real=0.00 secs] 
26.485: [GC (Allocation Failure) 26.485: [DefNew: 448K->63K(448K), 0.0023776 secs] 904273K->904269K(1048512K), 0.0024282 secs] [Times: user=0.00 sys=0.00, real=0.01 secs] 
26.494: [GC (Allocation Failure) 26.494: [DefNew: 447K->63K(448K), 0.0023437 secs] 904653K->904649K(1048512K), 0.0024137 secs] [Times: user=0.01 sys=0.00, real=0.01 secs] 
26.505: [GC (Allocation Failure) 26.506: [DefNew: 447K->63K(448K), 0.0023718 secs] 905033K->905027K(1048512K), 0.0024449 secs] [Times: user=0.00 sys=0.00, real=0.00 secs] 
26.515: [GC (Allocation Failure) 26.515: [DefNew: 447K->63K(448K), 0.0026314 secs] 905411K->905406K(1048512K), 0.0027170 secs] [Times: user=0.00 sys=0.00, real=0.01 secs] 
26.526: [GC (Allocation Failure) 26.526: [DefNew: 447K->64K(448K), 0.0021939 secs] 905790K->905785K(1048512K), 0.0022485 secs] [Times: user=0.00 sys=0.00, real=0.00 secs] 
26.537: [GC (Allocation Failure) 26.537: [DefNew: 448K->63K(448K), 0.0023437 secs] 906169K->906165K(1048512K), 0.0024086 secs] [Times: user=0.01 sys=0.00, real=0.00 secs] 
26.547: [GC (Allocation Failure) 26.547: [DefNew: 447K->64K(448K), 0.0027886 secs] 906549K->906543K(1048512K), 0.0028479 secs] [Times: user=0.00 sys=0.00, real=0.00 secs] 
26.560: [GC (Allocation Failure) 26.560: [DefNew: 448K->63K(448K), 0.0032935 secs] 906927K->906921K(1048512K), 0.0033635 secs] [Times: user=0.00 sys=0.00, real=0.00 secs] 
26.573: [GC (Allocation Failure) 26.573: [DefNew: 447K->63K(448K), 0.0030679 secs] 907305K->907298K(1048512K), 0.0031482 secs] [Times: user=0.01 sys=0.00, real=0.01 secs] 
26.584: [GC (Allocation Failure) 26.584: [DefNew: 447K->63K(448K), 0.0027512 secs] 907682K->907678K(1048512K), 0.0028276 secs] [Times: user=0.00 sys=0.00, real=0.01 secs] 
26.597: [GC (Allocation Failure) 26.597: [DefNew: 447K->63K(448K), 0.0032984 secs] 908062K->908056K(1048512K), 0.0033863 secs] [Times: user=0.00 sys=0.00, real=0.00 secs] 
26.610: [GC (Allocation Failure) 26.610: [DefNew: 447K->64K(448K), 0.0027334 secs] 908440K->908436K(1048512K), 0.0028024 secs] [Times: user=0.01 sys=0.00, real=0.00 secs] 
26.621: [GC (Allocation Failure) 26.621: [DefNew: 448K->63K(448K), 0.0030582 secs] 908820K->908815K(1048512K), 0.0031339 secs] [Times: user=0.00 sys=0.00, real=0.00 secs] 
26.633: [GC (Allocation Failure) 26.633: [DefNew: 447K->63K(448K), 0.0026344 secs] 909199K->909194K(1048512K), 0.0027056 secs] [Times: user=0.00 sys=0.00, real=0.01 secs] 
26.644: [GC (Allocation Failure) 26.644: [DefNew: 447K->63K(448K), 0.0023300 secs] 909578K->909572K(1048512K), 0.0023898 secs] [Times: user=0.01 sys=0.00, real=0.01 secs] 
26.655: [GC (Allocation Failure) 26.655: [DefNew: 447K->63K(448K), 0.0027169 secs] 909956K->909951K(1048512K), 0.0027801 secs] [Times: user=0.00 sys=0.01, real=0.00 secs] 
26.667: [GC (Allocation Failure) 26.667: [DefNew: 447K->63K(448K), 0.0028260 secs] 910335K->910330K(1048512K), 0.0029045 secs] [Times: user=0.00 sys=0.00, real=0.00 secs] 
26.679: [GC (Allocation Failure) 26.679: [DefNew: 447K->63K(448K), 0.0028871 secs] 910714K->910707K(1048512K), 0.0029667 secs] [Times: user=0.00 sys=0.00, real=0.00 secs] 
26.691: [GC (Allocation Failure) 26.691: [DefNew: 447K->64K(448K), 0.0030743 secs] 911091K->911086K(1048512K), 0.0031455 secs] [Times: user=0.00 sys=0.00, real=0.00 secs] 
26.704: [GC (Allocation Failure) 26.704: [DefNew: 448K->63K(448K), 0.0028905 secs] 911470K->911466K(1048512K), 0.0029581 secs] [Times: user=0.00 sys=0.00, real=0.01 secs] 
26.714: [GC (Allocation Failure) 26.714: [DefNew: 447K->63K(448K), 0.0026696 secs] 911850K->911845K(1048512K), 0.0027582 secs] [Times: user=0.00 sys=0.00, real=0.01 secs] 
26.726: [GC (Allocation Failure) 26.726: [DefNew: 447K->63K(448K), 0.0022548 secs] 912229K->912224K(1048512K), 0.0023082 secs] [Times: user=0.01 sys=0.00, real=0.00 secs] 
26.737: [GC (Allocation Failure) 26.737: [DefNew: 447K->64K(448K), 0.0023507 secs] 912608K->912602K(1048512K), 0.0024216 secs] [Times: user=0.00 sys=0.00, real=0.00 secs] 
26.747: [GC (Allocation Failure) 26.747: [DefNew: 448K->63K(448K), 0.0022602 secs] 912986K->912981K(1048512K), 0.0023276 secs] [Times: user=0.00 sys=0.00, real=0.00 secs] 
26.758: [GC (Allocation Failure) 26.758: [DefNew: 447K->63K(448K), 0.0022190 secs] 913365K->913361K(1048512K), 0.0022947 secs] [Times: user=0.00 sys=0.00, real=0.00 secs] 
26.769: [GC (Allocation Failure) 26.769: [DefNew: 447K->63K(448K), 0.0023092 secs] 913745K->913739K(1048512K), 0.0023858 secs] [Times: user=0.01 sys=0.00, real=0.00 secs] 
26.780: [GC (Allocation Failure) 26.780: [DefNew: 447K->63K(448K), 0.0022449 secs] 914123K->914115K(1048512K), 0.0022939 secs] [Times: user=0.00 sys=0.00, real=0.00 secs] 
26.791: [GC (Allocation Failure) 26.791: [DefNew: 447K->64K(448K), 0.0023636 secs] 914499K->914495K(1048512K), 0.0024357 secs] [Times: user=0.00 sys=0.00, real=0.00 secs] 
26.800: [GC (Allocation Failure) 26.800: [DefNew: 448K->64K(448K), 0.0022538 secs] 914879K->914832K(1048512K), 0.0023259 secs] [Times: user=0.01 sys=0.00, real=0.00 secs] 
26.809: [GC (Allocation Failure) 26.809: [DefNew: 448K->64K(448K), 0.0019127 secs] 915216K->915158K(1048512K), 0.0019722 secs] [Times: user=0.00 sys=0.00, real=0.00 secs] 
26.820: [GC (Allocation Failure) 26.820: [DefNew: 448K->64K(448K), 0.0022856 secs] 915542K->915539K(1048512K), 0.0023656 secs] [Times: user=0.00 sys=0.00, real=0.00 secs] 
26.909: [GC (Allocation Failure) 26.909: [DefNew: 448K->64K(448K), 0.0483562 secs] 932307K->932269K(1048512K), 0.0484403 secs] [Times: user=0.04 sys=0.00, real=0.05 secs] 
26.967: [GC (Allocation Failure) 26.967: [DefNew: 448K->63K(448K), 0.0029044 secs] 932653K->932644K(1048512K), 0.0029954 secs] [Times: user=0.01 sys=0.00, real=0.00 secs] 
26.978: [GC (Allocation Failure) 26.978: [DefNew: 447K->64K(448K), 0.0025818 secs] 933028K->933020K(1048512K), 0.0026533 secs] [Times: user=0.00 sys=0.00, real=0.00 secs] 
26.990: [GC (Allocation Failure) 26.990: [DefNew: 448K->64K(448K), 0.0029423 secs] 933404K->933401K(1048512K), 0.0030293 secs] [Times: user=0.00 sys=0.00, real=0.00 secs] 
27.001: [GC (Allocation Failure) 27.001: [DefNew: 448K->63K(448K), 0.0024730 secs] 933785K->933782K(1048512K), 0.0025581 secs] [Times: user=0.01 sys=0.00, real=0.00 secs] 
27.018: [GC (Allocation Failure) 27.018: [DefNew: 447K->63K(448K), 0.0039656 secs] 934166K->934164K(1048512K), 0.0040928 secs] [Times: user=0.00 sys=0.00, real=0.00 secs] 
27.035: [GC (Allocation Failure) 27.035: [DefNew: 447K->63K(448K), 0.0032968 secs] 934548K->934544K(1048512K), 0.0034267 secs] [Times: user=0.00 sys=0.00, real=0.00 secs] 
27.048: [GC (Allocation Failure) 27.048: [DefNew: 447K->63K(448K), 0.0020150 secs] 934928K->934922K(1048512K), 0.0020744 secs] [Times: user=0.00 sys=0.00, real=0.00 secs] 
27.058: [GC (Allocation Failure) 27.058: [DefNew: 447K->64K(448K), 0.0026680 secs] 935306K->935300K(1048512K), 0.0027458 secs] [Times: user=0.01 sys=0.00, real=0.00 secs] 
27.069: [GC (Allocation Failure) 27.070: [DefNew: 448K->63K(448K), 0.0022642 secs] 935684K->935680K(1048512K), 0.0023800 secs] [Times: user=0.00 sys=0.00, real=0.00 secs] 
27.080: [GC (Allocation Failure) 27.080: [DefNew: 447K->63K(448K), 0.0027380 secs] 936064K->936058K(1048512K), 0.0028174 secs] [Times: user=0.00 sys=0.00, real=0.00 secs] 
27.092: [GC (Allocation Failure) 27.092: [DefNew: 447K->63K(448K), 0.0022008 secs] 936442K->936435K(1048512K), 0.0022896 secs] [Times: user=0.00 sys=0.00, real=0.00 secs] 
27.102: [GC (Allocation Failure) 27.102: [DefNew: 447K->64K(448K), 0.0021851 secs] 936819K->936814K(1048512K), 0.0022790 secs] [Times: user=0.01 sys=0.00, real=0.00 secs] 
27.112: [GC (Allocation Failure) 27.112: [DefNew: 448K->63K(448K), 0.0025880 secs] 937198K->937194K(1048512K), 0.0026551 secs] [Times: user=0.00 sys=0.00, real=0.01 secs] 
27.124: [GC (Allocation Failure) 27.124: [DefNew: 447K->63K(448K), 0.0028827 secs] 937578K->937574K(1048512K), 0.0029684 secs] [Times: user=0.00 sys=0.00, real=0.01 secs] 
27.137: [GC (Allocation Failure) 27.137: [DefNew: 447K->63K(448K), 0.0025837 secs] 937958K->937952K(1048512K), 0.0026749 secs] [Times: user=0.01 sys=0.00, real=0.00 secs] 
27.147: [GC (Allocation Failure) 27.147: [DefNew: 447K->63K(448K), 0.0028169 secs] 938336K->938330K(1048512K), 0.0028982 secs] [Times: user=0.00 sys=0.00, real=0.00 secs] 
27.159: [GC (Allocation Failure) 27.159: [DefNew: 447K->64K(448K), 0.0022687 secs] 938714K->938709K(1048512K), 0.0023454 secs] [Times: user=0.00 sys=0.00, real=0.00 secs] 
27.171: [GC (Allocation Failure) 27.171: [DefNew: 448K->63K(448K), 0.0028547 secs] 939093K->939089K(1048512K), 0.0029434 secs] [Times: user=0.00 sys=0.00, real=0.00 secs] 
27.182: [GC (Allocation Failure) 27.182: [DefNew: 447K->63K(448K), 0.0026687 secs] 939473K->939467K(1048512K), 0.0027770 secs] [Times: user=0.01 sys=0.00, real=0.00 secs] 
27.194: [GC (Allocation Failure) 27.195: [DefNew: 447K->63K(448K), 0.0028267 secs] 939851K->939844K(1048512K), 0.0029298 secs] [Times: user=0.00 sys=0.00, real=0.01 secs] 
27.205: [GC (Allocation Failure) 27.205: [DefNew: 447K->64K(448K), 0.0023143 secs] 940228K->940223K(1048512K), 0.0024006 secs] [Times: user=0.00 sys=0.00, real=0.00 secs] 
27.217: [GC (Allocation Failure) 27.217: [DefNew: 448K->63K(448K), 0.0030707 secs] 940607K->940603K(1048512K), 0.0031936 secs] [Times: user=0.01 sys=0.00, real=0.00 secs] 
27.230: [GC (Allocation Failure) 27.230: [DefNew: 447K->64K(448K), 0.0026986 secs] 940987K->940983K(1048512K), 0.0027946 secs] [Times: user=0.00 sys=0.00, real=0.00 secs] 
27.240: [GC (Allocation Failure) 27.240: [DefNew: 448K->63K(448K), 0.0026823 secs] 941367K->941361K(1048512K), 0.0027677 secs] [Times: user=0.00 sys=0.00, real=0.00 secs] 
27.252: [GC (Allocation Failure) 27.252: [DefNew: 447K->63K(448K), 0.0024962 secs] 941745K->941739K(1048512K), 0.0025918 secs] [Times: user=0.01 sys=0.00, real=0.00 secs] 
27.265: [GC (Allocation Failure) 27.265: [DefNew: 447K->64K(448K), 0.0029065 secs] 942123K->942119K(1048512K), 0.0030007 secs] [Times: user=0.00 sys=0.00, real=0.00 secs] 
27.276: [GC (Allocation Failure) 27.277: [DefNew: 448K->63K(448K), 0.0028329 secs] 942503K->942498K(1048512K), 0.0029142 secs] [Times: user=0.00 sys=0.00, real=0.00 secs] 
27.289: [GC (Allocation Failure) 27.289: [DefNew: 447K->64K(448K), 0.0026798 secs] 942882K->942876K(1048512K), 0.0027672 secs] [Times: user=0.00 sys=0.00, real=0.00 secs] 
27.301: [GC (Allocation Failure) 27.301: [DefNew: 448K->63K(448K), 0.0027468 secs] 943260K->943253K(1048512K), 0.0028495 secs] [Times: user=0.01 sys=0.00, real=0.00 secs] 
27.311: [GC (Allocation Failure) 27.311: [DefNew: 447K->64K(448K), 0.0025134 secs] 943637K->943632K(1048512K), 0.0025678 secs] [Times: user=0.00 sys=0.00, real=0.00 secs] 
27.321: [GC (Allocation Failure) 27.321: [DefNew: 448K->63K(448K), 0.0021766 secs] 944016K->944013K(1048512K), 0.0022401 secs] [Times: user=0.00 sys=0.00, real=0.00 secs] 
27.332: [GC (Allocation Failure) 27.332: [DefNew: 447K->63K(448K), 0.0027812 secs] 944397K->944392K(1048512K), 0.0028593 secs] [Times: user=0.01 sys=0.00, real=0.00 secs] 
27.342: [GC (Allocation Failure) 27.342: [DefNew: 447K->63K(448K), 0.0017131 secs] 944776K->944770K(1048512K), 0.0017626 secs] [Times: user=0.00 sys=0.00, real=0.00 secs] 
27.352: [GC (Allocation Failure) 27.353: [DefNew: 447K->63K(448K), 0.0022991 secs] 945154K->945149K(1048512K), 0.0023722 secs] [Times: user=0.00 sys=0.00, real=0.00 secs] 
27.363: [GC (Allocation Failure) 27.363: [DefNew: 447K->64K(448K), 0.0025832 secs] 945533K->945528K(1048512K), 0.0026704 secs] [Times: user=0.00 sys=0.00, real=0.01 secs] 
27.375: [GC (Allocation Failure) 27.375: [DefNew: 448K->63K(448K), 0.0027066 secs] 945912K->945908K(1048512K), 0.0027938 secs] [Times: user=0.01 sys=0.00, real=0.00 secs] 
27.388: [GC (Allocation Failure) 27.388: [DefNew: 447K->63K(448K), 0.0027064 secs] 946292K->946286K(1048512K), 0.0028065 secs] [Times: user=0.00 sys=0.00, real=0.00 secs] 
27.398: [GC (Allocation Failure) 27.398: [DefNew: 447K->63K(448K), 0.0020926 secs] 946670K->946664K(1048512K), 0.0021473 secs] [Times: user=0.00 sys=0.00, real=0.00 secs] 
27.409: [GC (Allocation Failure) 27.409: [DefNew: 447K->64K(448K), 0.0028255 secs] 947048K->947041K(1048512K), 0.0029041 secs] [Times: user=0.00 sys=0.00, real=0.00 secs] 
27.421: [GC (Allocation Failure) 27.421: [DefNew: 448K->63K(448K), 0.0023890 secs] 947425K->947421K(1048512K), 0.0024728 secs] [Times: user=0.01 sys=0.00, real=0.00 secs] 
27.430: [GC (Allocation Failure) 27.430: [DefNew: 447K->63K(448K), 0.0027820 secs] 947805K->947799K(1048512K), 0.0028967 secs] [Times: user=0.00 sys=0.00, real=0.00 secs] 
27.442: [GC (Allocation Failure) 27.442: [DefNew: 447K->64K(448K), 0.0019692 secs] 948183K->948179K(1048512K), 0.0020237 secs] [Times: user=0.00 sys=0.00, real=0.00 secs] 
27.452: [GC (Allocation Failure) 27.452: [DefNew: 448K->63K(448K), 0.0024272 secs] 948563K->948558K(1048512K), 0.0025267 secs] [Times: user=0.00 sys=0.00, real=0.00 secs] 
27.463: [GC (Allocation Failure) 27.463: [DefNew: 447K->63K(448K), 0.0023687 secs] 948942K->948937K(1048512K), 0.0024467 secs] [Times: user=0.01 sys=0.00, real=0.01 secs] 
27.474: [GC (Allocation Failure) 27.474: [DefNew: 447K->63K(448K), 0.0027900 secs] 949321K->949315K(1048512K), 0.0028611 secs] [Times: user=0.00 sys=0.00, real=0.01 secs] 
27.487: [GC (Allocation Failure) 27.487: [DefNew: 447K->63K(448K), 0.0020207 secs] 949699K->949695K(1048512K), 0.0020904 secs] [Times: user=0.00 sys=0.00, real=0.00 secs] 
27.497: [GC (Allocation Failure) 27.497: [DefNew: 447K->63K(448K), 0.0030992 secs] 950079K->950073K(1048512K), 0.0031958 secs] [Times: user=0.00 sys=0.00, real=0.00 secs] 
27.509: [GC (Allocation Failure) 27.509: [DefNew: 447K->63K(448K), 0.0021651 secs] 950457K->950450K(1048512K), 0.0022319 secs] [Times: user=0.00 sys=0.00, real=0.00 secs] 
27.519: [GC (Allocation Failure) 27.519: [DefNew: 447K->64K(448K), 0.0021122 secs] 950834K->950829K(1048512K), 0.0021702 secs] [Times: user=0.00 sys=0.00, real=0.00 secs] 
27.530: [GC (Allocation Failure) 27.530: [DefNew: 448K->63K(448K), 0.0025373 secs] 951213K->951209K(1048512K), 0.0026372 secs] [Times: user=0.00 sys=0.00, real=0.00 secs] 
27.541: [GC (Allocation Failure) 27.541: [DefNew: 447K->63K(448K), 0.0023214 secs] 951593K->951589K(1048512K), 0.0023833 secs] [Times: user=0.00 sys=0.00, real=0.00 secs] 
27.551: [GC (Allocation Failure) 27.551: [DefNew: 447K->63K(448K), 0.0023185 secs] 951973K->951967K(1048512K), 0.0023904 secs] [Times: user=0.01 sys=0.00, real=0.00 secs] 
27.563: [GC (Allocation Failure) 27.563: [DefNew: 447K->63K(448K), 0.0019075 secs] 952351K->952345K(1048512K), 0.0019814 secs] [Times: user=0.00 sys=0.00, real=0.00 secs] 
27.573: [GC (Allocation Failure) 27.573: [DefNew: 447K->64K(448K), 0.0019771 secs] 952729K->952724K(1048512K), 0.0020379 secs] [Times: user=0.00 sys=0.00, real=0.01 secs] 
27.583: [GC (Allocation Failure) 27.583: [DefNew: 448K->63K(448K), 0.0018284 secs] 953108K->953104K(1048512K), 0.0018831 secs] [Times: user=0.00 sys=0.00, real=0.00 secs] 
27.593: [GC (Allocation Failure) 27.593: [DefNew: 447K->63K(448K), 0.0020582 secs] 953488K->953482K(1048512K), 0.0021363 secs] [Times: user=0.01 sys=0.00, real=0.01 secs] 
27.604: [GC (Allocation Failure) 27.604: [DefNew: 447K->63K(448K), 0.0018610 secs] 953866K->953860K(1048512K), 0.0019192 secs] [Times: user=0.00 sys=0.00, real=0.01 secs] 
27.614: [GC (Allocation Failure) 27.614: [DefNew: 447K->64K(448K), 0.0022192 secs] 954244K->954238K(1048512K), 0.0023106 secs] [Times: user=0.00 sys=0.00, real=0.01 secs] 
27.625: [GC (Allocation Failure) 27.625: [DefNew: 448K->63K(448K), 0.0022990 secs] 954622K->954617K(1048512K), 0.0023610 secs] [Times: user=0.00 sys=0.00, real=0.01 secs] 
27.636: [GC (Allocation Failure) 27.636: [DefNew: 447K->63K(448K), 0.0022142 secs] 955001K->954996K(1048512K), 0.0022905 secs] [Times: user=0.00 sys=0.00, real=0.00 secs] 
27.645: [GC (Allocation Failure) 27.646: [DefNew: 447K->64K(448K), 0.0023724 secs] 955380K->955375K(1048512K), 0.0024236 secs] [Times: user=0.01 sys=0.01, real=0.00 secs] 
27.656: [GC (Allocation Failure) 27.656: [DefNew: 448K->64K(448K), 0.0020517 secs] 955759K->955755K(1048512K), 0.0021038 secs] [Times: user=0.00 sys=0.00, real=0.00 secs] 
27.667: [GC (Allocation Failure) 27.667: [DefNew: 448K->63K(448K), 0.0033309 secs] 956139K->956133K(1048512K), 0.0034241 secs] [Times: user=0.00 sys=0.00, real=0.00 secs] 
27.680: [GC (Allocation Failure) 27.680: [DefNew: 447K->63K(448K), 0.0026912 secs] 956517K->956511K(1048512K), 0.0027781 secs] [Times: user=0.01 sys=0.00, real=0.00 secs] 
27.693: [GC (Allocation Failure) 27.693: [DefNew: 447K->63K(448K), 0.0026594 secs] 956895K->956891K(1048512K), 0.0027431 secs] [Times: user=0.00 sys=0.00, real=0.01 secs] 
27.704: [GC (Allocation Failure) 27.704: [DefNew: 447K->63K(448K), 0.0022272 secs] 957275K->957269K(1048512K), 0.0023038 secs] [Times: user=0.00 sys=0.00, real=0.01 secs] 
27.715: [GC (Allocation Failure) 27.715: [DefNew: 447K->63K(448K), 0.0026277 secs] 957653K->957646K(1048512K), 0.0027049 secs] [Times: user=0.00 sys=0.00, real=0.00 secs] 
27.728: [GC (Allocation Failure) 27.728: [DefNew: 447K->64K(448K), 0.0029689 secs] 958030K->958025K(1048512K), 0.0030490 secs] [Times: user=0.00 sys=0.00, real=0.00 secs] 
27.739: [GC (Allocation Failure) 27.739: [DefNew: 448K->63K(448K), 0.0026468 secs] 958409K->958405K(1048512K), 0.0027287 secs] [Times: user=0.00 sys=0.00, real=0.00 secs] 
27.751: [GC (Allocation Failure) 27.751: [DefNew: 447K->63K(448K), 0.0027215 secs] 958789K->958785K(1048512K), 0.0027995 secs] [Times: user=0.00 sys=0.00, real=0.00 secs] 
27.763: [GC (Allocation Failure) 27.763: [DefNew: 447K->63K(448K), 0.0028854 secs] 959169K->959163K(1048512K), 0.0029647 secs] [Times: user=0.01 sys=0.00, real=0.01 secs] 
27.775: [GC (Allocation Failure) 27.775: [DefNew: 447K->63K(448K), 0.0028496 secs] 959547K->959541K(1048512K), 0.0029308 secs] [Times: user=0.00 sys=0.00, real=0.01 secs] 
27.788: [GC (Allocation Failure) 27.788: [DefNew: 447K->64K(448K), 0.0029112 secs] 959925K->959920K(1048512K), 0.0030012 secs] [Times: user=0.00 sys=0.00, real=0.00 secs] 
27.799: [GC (Allocation Failure) 27.799: [DefNew: 448K->63K(448K), 0.0025133 secs] 960304K->960281K(1048512K), 0.0025968 secs] [Times: user=0.01 sys=0.00, real=0.00 secs] 
27.808: [GC (Allocation Failure) 27.808: [DefNew: 447K->63K(448K), 0.0020057 secs] 960665K->960581K(1048512K), 0.0020818 secs] [Times: user=0.01 sys=0.00, real=0.00 secs] 
27.819: [GC (Allocation Failure) 27.819: [DefNew: 447K->64K(448K), 0.0026114 secs] 960965K->960961K(1048512K), 0.0026934 secs] [Times: user=0.00 sys=0.00, real=0.00 secs] 
27.831: [GC (Allocation Failure) 27.831: [DefNew: 447K->64K(448K), 0.0025139 secs] 961344K->961337K(1048512K), 0.0025790 secs] [Times: user=0.00 sys=0.00, real=0.00 secs] 
27.841: [GC (Allocation Failure) 27.841: [DefNew: 447K->64K(448K), 0.0024020 secs] 961721K->961713K(1048512K), 0.0024801 secs] [Times: user=0.01 sys=0.00, real=0.00 secs] 
27.852: [GC (Allocation Failure) 27.853: [DefNew: 448K->64K(448K), 0.0025521 secs] 962097K->962089K(1048512K), 0.0026288 secs] [Times: user=0.00 sys=0.00, real=0.01 secs] 
27.865: [GC (Allocation Failure) 27.865: [DefNew: 448K->63K(448K), 0.0028617 secs] 962473K->962471K(1048512K), 0.0029616 secs] [Times: user=0.00 sys=0.00, real=0.01 secs] 
27.876: [GC (Allocation Failure) 27.876: [DefNew: 447K->63K(448K), 0.0029354 secs] 962855K->962825K(1048512K), 0.0030261 secs] [Times: user=0.01 sys=0.01, real=0.00 secs] 
27.887: [GC (Allocation Failure) 27.887: [DefNew: 447K->63K(448K), 0.0028154 secs] 963209K->963201K(1048512K), 0.0028950 secs] [Times: user=0.00 sys=0.00, real=0.00 secs] 
27.899: [GC (Allocation Failure) 27.899: [DefNew: 447K->63K(448K), 0.0022313 secs] 963585K->963583K(1048512K), 0.0023166 secs] [Times: user=0.00 sys=0.00, real=0.00 secs] 
27.911: [GC (Allocation Failure) 27.911: [DefNew: 447K->63K(448K), 0.0025497 secs] 963967K->963964K(1048512K), 0.0026063 secs] [Times: user=0.00 sys=0.00, real=0.00 secs] 
27.921: [GC (Allocation Failure) 27.921: [DefNew: 447K->64K(448K), 0.0023521 secs] 964348K->964344K(1048512K), 0.0024369 secs] [Times: user=0.01 sys=0.00, real=0.00 secs] 
27.933: [GC (Allocation Failure) 27.933: [DefNew: 448K->63K(448K), 0.0022780 secs] 964728K->964722K(1048512K), 0.0023596 secs] [Times: user=0.00 sys=0.00, real=0.01 secs] 
27.943: [GC (Allocation Failure) 27.943: [DefNew: 447K->63K(448K), 0.0028756 secs] 965106K->965102K(1048512K), 0.0030083 secs] [Times: user=0.00 sys=0.00, real=0.01 secs] 
27.953: [GC (Allocation Failure) 27.953: [DefNew: 447K->63K(448K), 0.0020225 secs] 965486K->965482K(1048512K), 0.0020695 secs] [Times: user=0.00 sys=0.00, real=0.01 secs] 
27.965: [GC (Allocation Failure) 27.965: [DefNew: 447K->63K(448K), 0.0022397 secs] 965866K->965860K(1048512K), 0.0023027 secs] [Times: user=0.01 sys=0.00, real=0.01 secs] 
27.977: [GC (Allocation Failure) 27.977: [DefNew: 447K->63K(448K), 0.0026303 secs] 966244K->966238K(1048512K), 0.0027231 secs] [Times: user=0.00 sys=0.00, real=0.00 secs] 
27.989: [GC (Allocation Failure) 27.989: [DefNew: 447K->64K(448K), 0.0029411 secs] 966622K->966617K(1048512K), 0.0030321 secs] [Times: user=0.00 sys=0.00, real=0.00 secs] 
28.001: [GC (Allocation Failure) 28.001: [DefNew: 448K->63K(448K), 0.0026675 secs] 967001K->966997K(1048512K), 0.0027447 secs] [Times: user=0.01 sys=0.00, real=0.00 secs] 
28.013: [GC (Allocation Failure) 28.013: [DefNew: 447K->63K(448K), 0.0025889 secs] 967381K->967375K(1048512K), 0.0026655 secs] [Times: user=0.00 sys=0.00, real=0.01 secs] 
28.023: [GC (Allocation Failure) 28.023: [DefNew: 447K->63K(448K), 0.0023988 secs] 967759K->967752K(1048512K), 0.0024785 secs] [Times: user=0.00 sys=0.00, real=0.01 secs] 
28.035: [GC (Allocation Failure) 28.035: [DefNew: 447K->64K(448K), 0.0027403 secs] 968136K->968131K(1048512K), 0.0028354 secs] [Times: user=0.00 sys=0.00, real=0.01 secs] 
28.046: [GC (Allocation Failure) 28.046: [DefNew: 448K->63K(448K), 0.0028261 secs] 968515K->968511K(1048512K), 0.0029183 secs] [Times: user=0.01 sys=0.00, real=0.00 secs] 
28.058: [GC (Allocation Failure) 28.058: [DefNew: 447K->63K(448K), 0.0025942 secs] 968895K->968891K(1048512K), 0.0026738 secs] [Times: user=0.00 sys=0.00, real=0.00 secs] 
28.071: [GC (Allocation Failure) 28.071: [DefNew: 447K->63K(448K), 0.0026684 secs] 969275K->969269K(1048512K), 0.0027478 secs] [Times: user=0.00 sys=0.00, real=0.00 secs] 
28.082: [GC (Allocation Failure) 28.082: [DefNew: 447K->63K(448K), 0.0026022 secs] 969653K->969648K(1048512K), 0.0026856 secs] [Times: user=0.01 sys=0.00, real=0.00 secs] 
28.093: [GC (Allocation Failure) 28.093: [DefNew: 447K->64K(448K), 0.0025496 secs] 970032K->970027K(1048512K), 0.0026475 secs] [Times: user=0.00 sys=0.00, real=0.01 secs] 
28.104: [GC (Allocation Failure) 28.104: [DefNew: 448K->63K(448K), 0.0020492 secs] 970411K->970407K(1048512K), 0.0021206 secs] [Times: user=0.00 sys=0.00, real=0.01 secs] 
28.114: [GC (Allocation Failure) 28.114: [DefNew: 447K->63K(448K), 0.0027072 secs] 970791K->970785K(1048512K), 0.0027983 secs] [Times: user=0.00 sys=0.00, real=0.01 secs] 
28.127: [GC (Allocation Failure) 28.127: [DefNew: 447K->63K(448K), 0.0029226 secs] 971169K->971161K(1048512K), 0.0030023 secs] [Times: user=0.00 sys=0.01, real=0.00 secs] 
28.140: [GC (Allocation Failure) 28.140: [DefNew: 447K->64K(448K), 0.0027184 secs] 971545K->971540K(1048512K), 0.0028007 secs] [Times: user=0.00 sys=0.00, real=0.00 secs] 
28.151: [GC (Allocation Failure) 28.151: [DefNew: 448K->63K(448K), 0.0027902 secs] 971924K->971921K(1048512K), 0.0028747 secs] [Times: user=0.00 sys=0.00, real=0.00 secs] 
28.163: [GC (Allocation Failure) 28.163: [DefNew: 447K->63K(448K), 0.0028294 secs] 972305K->972301K(1048512K), 0.0029070 secs] [Times: user=0.01 sys=0.00, real=0.01 secs] 
28.176: [GC (Allocation Failure) 28.176: [DefNew: 447K->63K(448K), 0.0028222 secs] 972685K->972679K(1048512K), 0.0029078 secs] [Times: user=0.00 sys=0.00, real=0.00 secs] 
28.187: [GC (Allocation Failure) 28.187: [DefNew: 447K->64K(448K), 0.0026362 secs] 973063K->973057K(1048512K), 0.0027243 secs] [Times: user=0.00 sys=0.00, real=0.00 secs] 
28.200: [GC (Allocation Failure) 28.200: [DefNew: 448K->64K(448K), 0.0028282 secs] 973441K->973436K(1048512K), 0.0029202 secs] [Times: user=0.01 sys=0.00, real=0.00 secs] 
28.210: [GC (Allocation Failure) 28.211: [DefNew: 448K->63K(448K), 0.0026856 secs] 973820K->973816K(1048512K), 0.0027824 secs] [Times: user=0.00 sys=0.00, real=0.00 secs] 
28.223: [GC (Allocation Failure) 28.223: [DefNew: 447K->63K(448K), 0.0028338 secs] 974200K->974194K(1048512K), 0.0029533 secs] [Times: user=0.00 sys=0.00, real=0.01 secs] 
28.234: [GC (Allocation Failure) 28.235: [DefNew: 447K->63K(448K), 0.0027915 secs] 974578K->974570K(1048512K), 0.0028767 secs] [Times: user=0.01 sys=0.00, real=0.01 secs] 
28.245: [GC (Allocation Failure) 28.246: [DefNew: 447K->63K(448K), 0.0028289 secs] 974954K->974950K(1048512K), 0.0029185 secs] [Times: user=0.00 sys=0.00, real=0.00 secs] 
28.259: [GC (Allocation Failure) 28.259: [DefNew: 447K->63K(448K), 0.0031331 secs] 975334K->975330K(1048512K), 0.0032495 secs] [Times: user=0.00 sys=0.00, real=0.00 secs] 
28.272: [GC (Allocation Failure) 28.272: [DefNew: 447K->63K(448K), 0.0028597 secs] 975714K->975710K(1048512K), 0.0029441 secs] [Times: user=0.01 sys=0.00, real=0.00 secs] 
28.284: [GC (Allocation Failure) 28.284: [DefNew: 447K->63K(448K), 0.0027576 secs] 976094K->976088K(1048512K), 0.0028411 secs] [Times: user=0.00 sys=0.00, real=0.01 secs] 
28.296: [GC (Allocation Failure) 28.296: [DefNew: 447K->63K(448K), 0.0027258 secs] 976472K->976466K(1048512K), 0.0028160 secs] [Times: user=0.00 sys=0.00, real=0.00 secs] 
28.309: [GC (Allocation Failure) 28.309: [DefNew: 447K->64K(448K), 0.0026839 secs] 976850K->976845K(1048512K), 0.0027648 secs] [Times: user=0.00 sys=0.00, real=0.00 secs] 
28.320: [GC (Allocation Failure) 28.320: [DefNew: 448K->63K(448K), 0.0026515 secs] 977229K->977225K(1048512K), 0.0027327 secs] [Times: user=0.00 sys=0.00, real=0.00 secs] 
28.332: [GC (Allocation Failure) 28.332: [DefNew: 447K->63K(448K), 0.0026499 secs] 977609K->977603K(1048512K), 0.0027469 secs] [Times: user=0.00 sys=0.00, real=0.00 secs] 
28.343: [GC (Allocation Failure) 28.343: [DefNew: 447K->63K(448K), 0.0028415 secs] 977987K->977980K(1048512K), 0.0029195 secs] [Times: user=0.00 sys=0.00, real=0.01 secs] 
28.355: [GC (Allocation Failure) 28.355: [DefNew: 447K->64K(448K), 0.0025428 secs] 978364K->978359K(1048512K), 0.0026372 secs] [Times: user=0.01 sys=0.01, real=0.01 secs] 
28.367: [GC (Allocation Failure) 28.367: [DefNew: 448K->63K(448K), 0.0026738 secs] 978743K->978739K(1048512K), 0.0027797 secs] [Times: user=0.00 sys=0.00, real=0.00 secs] 
28.378: [GC (Allocation Failure) 28.378: [DefNew: 447K->63K(448K), 0.0028954 secs] 979123K->979119K(1048512K), 0.0029823 secs] [Times: user=0.00 sys=0.00, real=0.00 secs] 
28.391: [GC (Allocation Failure) 28.391: [DefNew: 447K->63K(448K), 0.0028395 secs] 979503K->979497K(1048512K), 0.0029237 secs] [Times: user=0.01 sys=0.00, real=0.00 secs] 
28.403: [GC (Allocation Failure) 28.403: [DefNew: 447K->64K(448K), 0.0026237 secs] 979881K->979875K(1048512K), 0.0027042 secs] [Times: user=0.00 sys=0.00, real=0.01 secs] 
28.414: [GC (Allocation Failure) 28.414: [DefNew: 448K->64K(448K), 0.0026590 secs] 980259K->980255K(1048512K), 0.0027319 secs] [Times: user=0.00 sys=0.00, real=0.01 secs] 
28.426: [GC (Allocation Failure) 28.427: [DefNew: 448K->63K(448K), 0.0026989 secs] 980639K->980635K(1048512K), 0.0027923 secs] [Times: user=0.01 sys=0.00, real=0.00 secs] 
28.438: [GC (Allocation Failure) 28.438: [DefNew: 447K->63K(448K), 0.0023461 secs] 981019K->981013K(1048512K), 0.0024226 secs] [Times: user=0.00 sys=0.00, real=0.00 secs] 
28.448: [GC (Allocation Failure) 28.448: [DefNew: 447K->63K(448K), 0.0026689 secs] 981397K->981389K(1048512K), 0.0027387 secs] [Times: user=0.00 sys=0.00, real=0.00 secs] 
28.459: [GC (Allocation Failure) 28.460: [DefNew: 447K->64K(448K), 0.0027278 secs] 981773K->981768K(1048512K), 0.0028199 secs] [Times: user=0.00 sys=0.00, real=0.00 secs] 
28.471: [GC (Allocation Failure) 28.471: [DefNew: 448K->63K(448K), 0.0025342 secs] 982152K->982149K(1048512K), 0.0026043 secs] [Times: user=0.01 sys=0.00, real=0.00 secs] 
28.481: [GC (Allocation Failure) 28.481: [DefNew: 447K->63K(448K), 0.0025976 secs] 982533K->982529K(1048512K), 0.0026765 secs] [Times: user=0.00 sys=0.00, real=0.00 secs] 
28.493: [GC (Allocation Failure) 28.493: [DefNew: 447K->63K(448K), 0.0027353 secs] 982913K->982907K(1048512K), 0.0028299 secs] [Times: user=0.00 sys=0.00, real=0.01 secs] 
28.505: [GC (Allocation Failure) 28.505: [DefNew: 447K->63K(448K), 0.0029053 secs] 983291K->983285K(1048512K), 0.0029912 secs] [Times: user=0.01 sys=0.00, real=0.01 secs] 
28.516: [GC (Allocation Failure) 28.516: [DefNew: 447K->64K(448K), 0.0025420 secs] 983669K->983664K(1048512K), 0.0026402 secs] [Times: user=0.00 sys=0.00, real=0.00 secs] 
28.527: [GC (Allocation Failure) 28.527: [DefNew: 448K->63K(448K), 0.0024745 secs] 984048K->984044K(1048512K), 0.0025440 secs] [Times: user=0.00 sys=0.00, real=0.00 secs] 
28.538: [GC (Allocation Failure) 28.538: [DefNew: 447K->63K(448K), 0.0029211 secs] 984428K->984422K(1048512K), 0.0030210 secs] [Times: user=0.00 sys=0.00, real=0.00 secs] 
28.551: [GC (Allocation Failure) 28.551: [DefNew: 447K->64K(448K), 0.0027062 secs] 984806K->984798K(1048512K), 0.0027980 secs] [Times: user=0.00 sys=0.00, real=0.00 secs] 
28.562: [GC (Allocation Failure) 28.562: [DefNew: 448K->64K(448K), 0.0020984 secs] 985182K->985178K(1048512K), 0.0021520 secs] [Times: user=0.00 sys=0.00, real=0.00 secs] 
28.572: [GC (Allocation Failure) 28.572: [DefNew: 448K->63K(448K), 0.0027700 secs] 985562K->985558K(1048512K), 0.0028545 secs] [Times: user=0.00 sys=0.00, real=0.00 secs] 
28.585: [GC (Allocation Failure) 28.585: [DefNew: 447K->64K(448K), 0.0028561 secs] 985942K->985938K(1048512K), 0.0029383 secs] [Times: user=0.01 sys=0.00, real=0.01 secs] 
28.597: [GC (Allocation Failure) 28.597: [DefNew: 448K->63K(448K), 0.0027217 secs] 986322K->986316K(1048512K), 0.0028219 secs] [Times: user=0.00 sys=0.00, real=0.00 secs] 
28.607: [GC (Allocation Failure) 28.607: [DefNew: 447K->63K(448K), 0.0021439 secs] 986700K->986694K(1048512K), 0.0022187 secs] [Times: user=0.00 sys=0.00, real=0.00 secs] 
28.619: [GC (Allocation Failure) 28.619: [DefNew: 447K->64K(448K), 0.0020796 secs] 987078K->987073K(1048512K), 0.0021633 secs] [Times: user=0.00 sys=0.00, real=0.00 secs] 
28.629: [GC (Allocation Failure) 28.629: [DefNew: 448K->63K(448K), 0.0021469 secs] 987457K->987453K(1048512K), 0.0022231 secs] [Times: user=0.01 sys=0.00, real=0.00 secs] 
28.639: [GC (Allocation Failure) 28.639: [DefNew: 447K->63K(448K), 0.0023434 secs] 987837K->987831K(1048512K), 0.0024261 secs] [Times: user=0.00 sys=0.00, real=0.00 secs] 
28.650: [GC (Allocation Failure) 28.650: [DefNew: 447K->63K(448K), 0.0019600 secs] 988215K->988208K(1048512K), 0.0020186 secs] [Times: user=0.00 sys=0.00, real=0.00 secs] 
28.659: [GC (Allocation Failure) 28.659: [DefNew: 447K->63K(448K), 0.0020855 secs] 988592K->988585K(1048512K), 0.0021588 secs] [Times: user=0.00 sys=0.00, real=0.00 secs] 
28.670: [GC (Allocation Failure) 28.670: [DefNew: 447K->63K(448K), 0.0022429 secs] 988969K->988965K(1048512K), 0.0023190 secs] [Times: user=0.01 sys=0.00, real=0.00 secs] 
28.681: [GC (Allocation Failure) 28.681: [DefNew: 447K->63K(448K), 0.0020667 secs] 989349K->989344K(1048512K), 0.0021449 secs] [Times: user=0.00 sys=0.00, real=0.00 secs] 
28.691: [GC (Allocation Failure) 28.691: [DefNew: 447K->63K(448K), 0.0019948 secs] 989728K->989724K(1048512K), 0.0020660 secs] [Times: user=0.00 sys=0.00, real=0.00 secs] 
28.701: [GC (Allocation Failure) 28.701: [DefNew: 447K->63K(448K), 0.0021603 secs] 990108K->990103K(1048512K), 0.0022515 secs] [Times: user=0.00 sys=0.00, real=0.00 secs] 
28.712: [GC (Allocation Failure) 28.712: [DefNew: 447K->63K(448K), 0.0020975 secs] 990487K->990482K(1048512K), 0.0021641 secs] [Times: user=0.00 sys=0.00, real=0.00 secs] 
28.723: [GC (Allocation Failure) 28.723: [DefNew: 447K->63K(448K), 0.0029510 secs] 990866K->990860K(1048512K), 0.0030418 secs] [Times: user=0.00 sys=0.00, real=0.01 secs] 
28.735: [GC (Allocation Failure) 28.735: [DefNew: 447K->63K(448K), 0.0026608 secs] 991244K->991239K(1048512K), 0.0027501 secs] [Times: user=0.00 sys=0.00, real=0.01 secs] 
28.747: [GC (Allocation Failure) 28.747: [DefNew: 447K->63K(448K), 0.0027216 secs] 991623K->991619K(1048512K), 0.0028165 secs] [Times: user=0.00 sys=0.00, real=0.00 secs] 
28.758: [GC (Allocation Failure) 28.758: [DefNew: 447K->64K(448K), 0.0026079 secs] 992003K->991995K(1048512K), 0.0026910 secs] [Times: user=0.01 sys=0.00, real=0.00 secs] 
28.771: [GC (Allocation Failure) 28.771: [DefNew: 448K->63K(448K), 0.0028839 secs] 992379K->992373K(1048512K), 0.0029638 secs] [Times: user=0.00 sys=0.00, real=0.00 secs] 
28.784: [GC (Allocation Failure) 28.784: [DefNew: 447K->63K(448K), 0.0026934 secs] 992757K->992753K(1048512K), 0.0027740 secs] [Times: user=0.00 sys=0.00, real=0.01 secs] 
28.795: [GC (Allocation Failure) 28.795: [DefNew: 447K->63K(448K), 0.0027321 secs] 993137K->993133K(1048512K), 0.0028158 secs] [Times: user=0.01 sys=0.00, real=0.00 secs] 
28.804: [GC (Allocation Failure) 28.804: [DefNew: 447K->64K(448K), 0.0020711 secs] 993517K->993413K(1048512K), 0.0021536 secs] [Times: user=0.01 sys=0.00, real=0.01 secs] 
28.816: [GC (Allocation Failure) 28.816: [DefNew: 448K->63K(448K), 0.0018249 secs] 993797K->993793K(1048512K), 0.0018764 secs] [Times: user=0.00 sys=0.00, real=0.00 secs] 
28.825: [GC (Allocation Failure) 28.825: [DefNew: 447K->63K(448K), 0.0021257 secs] 994177K->994171K(1048512K), 0.0022150 secs] [Times: user=0.00 sys=0.00, real=0.01 secs] 
28.836: [GC (Allocation Failure) 28.836: [DefNew: 447K->63K(448K), 0.0020167 secs] 994555K->994547K(1048512K), 0.0020941 secs] [Times: user=0.01 sys=0.00, real=0.00 secs] 
28.845: [GC (Allocation Failure) 28.846: [DefNew: 447K->64K(448K), 0.0021659 secs] 994931K->994921K(1048512K), 0.0022445 secs] [Times: user=0.00 sys=0.00, real=0.00 secs] 
28.856: [GC (Allocation Failure) 28.856: [DefNew: 448K->64K(448K), 0.0021805 secs] 995305K->995295K(1048512K), 0.0022494 secs] [Times: user=0.00 sys=0.00, real=0.00 secs] 
28.867: [GC (Allocation Failure) 28.867: [DefNew: 448K->64K(448K), 0.0019401 secs] 995679K->995676K(1048512K), 0.0020051 secs] [Times: user=0.00 sys=0.01, real=0.00 secs] 
28.877: [GC (Allocation Failure) 28.877: [DefNew: 448K->63K(448K), 0.0025921 secs] 996060K->996039K(1048512K), 0.0026599 secs] [Times: user=0.01 sys=0.00, real=0.00 secs] 
28.890: [GC (Allocation Failure) 28.890: [DefNew: 447K->63K(448K), 0.0028242 secs] 996423K->996410K(1048512K), 0.0029210 secs] [Times: user=0.00 sys=0.00, real=0.00 secs] 
28.901: [GC (Allocation Failure) 28.901: [DefNew: 447K->64K(448K), 0.0026560 secs] 996794K->996793K(1048512K), 0.0027373 secs] [Times: user=0.00 sys=0.00, real=0.00 secs] 
28.914: [GC (Allocation Failure) 28.914: [DefNew: 448K->63K(448K), 0.0029705 secs] 997177K->997175K(1048512K), 0.0030658 secs] [Times: user=0.01 sys=0.00, real=0.01 secs] 
28.926: [GC (Allocation Failure) 28.926: [DefNew: 447K->63K(448K), 0.0026355 secs] 997559K->997557K(1048512K), 0.0027174 secs] [Times: user=0.00 sys=0.00, real=0.00 secs] 
28.937: [GC (Allocation Failure) 28.937: [DefNew: 447K->63K(448K), 0.0025891 secs] 997941K->997937K(1048512K), 0.0026720 secs] [Times: user=0.00 sys=0.00, real=0.00 secs] 
28.949: [GC (Allocation Failure) 28.949: [DefNew: 447K->63K(448K), 0.0027692 secs] 998321K->998315K(1048512K), 0.0028684 secs] [Times: user=0.00 sys=0.00, real=0.00 secs] 
28.960: [GC (Allocation Failure) 28.960: [DefNew: 447K->63K(448K), 0.0021024 secs] 998699K->998693K(1048512K), 0.0021501 secs] [Times: user=0.00 sys=0.00, real=0.00 secs] 
28.969: [GC (Allocation Failure) 28.969: [DefNew: 447K->64K(448K), 0.0021786 secs] 999077K->999070K(1048512K), 0.0022546 secs] [Times: user=0.00 sys=0.00, real=0.00 secs] 
28.981: [GC (Allocation Failure) 28.981: [DefNew: 448K->63K(448K), 0.0022954 secs] 999454K->999448K(1048512K), 0.0023683 secs] [Times: user=0.00 sys=0.00, real=0.00 secs] 
28.993: [GC (Allocation Failure) 28.993: [DefNew: 447K->63K(448K), 0.0026963 secs] 999832K->999828K(1048512K), 0.0027899 secs] [Times: user=0.00 sys=0.00, real=0.01 secs] 
29.004: [GC (Allocation Failure) 29.004: [DefNew: 447K->63K(448K), 0.0026841 secs] 1000212K->1000206K(1048512K), 0.0027789 secs] [Times: user=0.00 sys=0.00, real=0.01 secs] 
29.016: [GC (Allocation Failure) 29.016: [DefNew: 447K->63K(448K), 0.0027893 secs] 1000590K->1000585K(1048512K), 0.0028727 secs] [Times: user=0.00 sys=0.00, real=0.00 secs] 
29.027: [GC (Allocation Failure) 29.027: [DefNew: 447K->64K(448K), 0.0026309 secs] 1000969K->1000965K(1048512K), 0.0027065 secs] [Times: user=0.00 sys=0.00, real=0.00 secs] 
29.038: [GC (Allocation Failure) 29.038: [DefNew: 448K->63K(448K), 0.0028625 secs] 1001349K->1001343K(1048512K), 0.0029519 secs] [Times: user=0.01 sys=0.00, real=0.00 secs] 
29.050: [GC (Allocation Failure) 29.050: [DefNew: 447K->63K(448K), 0.0029371 secs] 1001727K->1001722K(1048512K), 0.0031018 secs] [Times: user=0.00 sys=0.00, real=0.00 secs] 
29.061: [GC (Allocation Failure) 29.061: [DefNew: 447K->63K(448K), 0.0027334 secs] 1002106K->1002102K(1048512K), 0.0028288 secs] [Times: user=0.00 sys=0.00, real=0.00 secs] 
29.074: [GC (Allocation Failure) 29.074: [DefNew: 447K->64K(448K), 0.0029749 secs] 1002485K->1002477K(1048512K), 0.0030704 secs] [Times: user=0.01 sys=0.00, real=0.01 secs] 
29.086: [GC (Allocation Failure) 29.086: [DefNew: 448K->64K(448K), 0.0026150 secs] 1002861K->1002857K(1048512K), 0.0026958 secs] [Times: user=0.00 sys=0.00, real=0.00 secs] 
29.096: [GC (Allocation Failure) 29.096: [DefNew: 448K->63K(448K), 0.0028207 secs] 1003241K->1003237K(1048512K), 0.0029082 secs] [Times: user=0.00 sys=0.00, real=0.00 secs] 
29.108: [GC (Allocation Failure) 29.108: [DefNew: 447K->63K(448K), 0.0027843 secs] 1003621K->1003617K(1048512K), 0.0028585 secs] [Times: user=0.01 sys=0.01, real=0.00 secs] 
29.120: [GC (Allocation Failure) 29.120: [DefNew: 447K->64K(448K), 0.0025623 secs] 1004001K->1003994K(1048512K), 0.0026424 secs] [Times: user=0.00 sys=0.00, real=0.00 secs] 
29.131: [GC (Allocation Failure) 29.131: [DefNew: 448K->63K(448K), 0.0028938 secs] 1004378K->1004373K(1048512K), 0.0030006 secs] [Times: user=0.00 sys=0.00, real=0.00 secs] 
29.143: [GC (Allocation Failure) 29.143: [DefNew: 447K->64K(448K), 0.0026966 secs] 1004757K->1004753K(1048512K), 0.0027751 secs] [Times: user=0.00 sys=0.00, real=0.01 secs] 
29.155: [GC (Allocation Failure) 29.155: [DefNew: 448K->63K(448K), 0.0023819 secs] 1005137K->1005131K(1048512K), 0.0024663 secs] [Times: user=0.00 sys=0.00, real=0.01 secs] 
29.165: [GC (Allocation Failure) 29.165: [DefNew: 447K->63K(448K), 0.0028789 secs] 1005515K->1005510K(1048512K), 0.0029960 secs] [Times: user=0.00 sys=0.00, real=0.00 secs] 
29.179: [GC (Allocation Failure) 29.179: [DefNew: 447K->64K(448K), 0.0027589 secs] 1005894K->1005887K(1048512K), 0.0028471 secs] [Times: user=0.00 sys=0.00, real=0.00 secs] 
29.190: [GC (Allocation Failure) 29.190: [DefNew: 448K->64K(448K), 0.0029094 secs] 1006271K->1006267K(1048512K), 0.0030038 secs] [Times: user=0.01 sys=0.00, real=0.00 secs] 
29.202: [GC (Allocation Failure) 29.202: [DefNew: 448K->63K(448K), 0.0028740 secs] 1006651K->1006646K(1048512K), 0.0029484 secs] [Times: user=0.00 sys=0.00, real=0.01 secs] 
29.215: [GC (Allocation Failure) 29.215: [DefNew: 447K->63K(448K), 0.0028987 secs] 1007030K->1007024K(1048512K), 0.0029776 secs] [Times: user=0.00 sys=0.00, real=0.01 secs] 
29.226: [GC (Allocation Failure) 29.226: [DefNew: 447K->63K(448K), 0.0026633 secs] 1007408K->1007403K(1048512K), 0.0027468 secs] [Times: user=0.01 sys=0.00, real=0.00 secs] 
29.239: [GC (Allocation Failure) 29.239: [DefNew: 447K->64K(448K), 0.0025823 secs] 1007787K->1007782K(1048512K), 0.0026623 secs] [Times: user=0.00 sys=0.00, real=0.00 secs] 
29.251: [GC (Allocation Failure) 29.251: [DefNew: 448K->64K(448K), 0.0027358 secs] 1008166K->1008161K(1048512K), 0.0028233 secs] [Times: user=0.00 sys=0.00, real=0.00 secs] 
29.262: [GC (Allocation Failure) 29.262: [DefNew: 448K->63K(448K), 0.0029065 secs] 1008545K->1008540K(1048512K), 0.0029862 secs] [Times: user=0.01 sys=0.00, real=0.00 secs] 
29.275: [GC (Allocation Failure) 29.275: [DefNew: 447K->63K(448K), 0.0026982 secs] 1008924K->1008920K(1048512K), 0.0027869 secs] [Times: user=0.00 sys=0.00, real=0.01 secs] 
29.287: [GC (Allocation Failure) 29.287: [DefNew: 447K->64K(448K), 0.0028002 secs] 1009303K->1009295K(1048512K), 0.0028894 secs] [Times: user=0.00 sys=0.00, real=0.00 secs] 
29.299: [GC (Allocation Failure) 29.299: [DefNew: 448K->63K(448K), 0.0029624 secs] 1009679K->1009674K(1048512K), 0.0030458 secs] [Times: user=0.01 sys=0.00, real=0.00 secs] 
29.310: [GC (Allocation Failure) 29.310: [DefNew: 447K->63K(448K), 0.0021967 secs] 1010058K->1010054K(1048512K), 0.0022827 secs] [Times: user=0.00 sys=0.00, real=0.00 secs] 
29.321: [GC (Allocation Failure) 29.321: [DefNew: 447K->63K(448K), 0.0025554 secs] 1010438K->1010434K(1048512K), 0.0026398 secs] [Times: user=0.00 sys=0.00, real=0.00 secs] 
29.330: [GC (Allocation Failure) 29.330: [DefNew: 447K->63K(448K), 0.0024656 secs] 1010818K->1010812K(1048512K), 0.0025507 secs] [Times: user=0.00 sys=0.00, real=0.00 secs] 
29.341: [GC (Allocation Failure) 29.341: [DefNew: 447K->63K(448K), 0.0025343 secs] 1011196K->1011190K(1048512K), 0.0025964 secs] [Times: user=0.01 sys=0.00, real=0.00 secs] 
29.352: [GC (Allocation Failure) 29.352: [DefNew: 447K->64K(448K), 0.0025740 secs] 1011574K->1011569K(1048512K), 0.0026649 secs] [Times: user=0.00 sys=0.01, real=0.00 secs] 
29.364: [GC (Allocation Failure) 29.364: [DefNew: 448K->63K(448K), 0.0031563 secs] 1011953K->1011949K(1048512K), 0.0032534 secs] [Times: user=0.00 sys=0.00, real=0.01 secs] 
29.377: [GC (Allocation Failure) 29.377: [DefNew: 447K->63K(448K), 0.0022823 secs] 1012333K->1012327K(1048512K), 0.0023618 secs] [Times: user=0.00 sys=0.00, real=0.00 secs] 
29.387: [GC (Allocation Failure) 29.387: [DefNew: 447K->64K(448K), 0.0017523 secs] 1012711K->1012704K(1048512K), 0.0018262 secs] [Times: user=0.00 sys=0.00, real=0.00 secs] 
29.398: [GC (Allocation Failure) 29.398: [DefNew: 448K->64K(448K), 0.0025630 secs] 1013088K->1013083K(1048512K), 0.0026332 secs] [Times: user=0.00 sys=0.00, real=0.00 secs] 
29.409: [GC (Allocation Failure) 29.409: [DefNew: 448K->63K(448K), 0.0024253 secs] 1013467K->1013463K(1048512K), 0.0025277 secs] [Times: user=0.00 sys=0.00, real=0.00 secs] 
29.420: [GC (Allocation Failure) 29.420: [DefNew: 447K->63K(448K), 0.0025966 secs] 1013847K->1013843K(1048512K), 0.0026794 secs] [Times: user=0.01 sys=0.00, real=0.00 secs] 
29.431: [GC (Allocation Failure) 29.431: [DefNew: 447K->63K(448K), 0.0024748 secs] 1014227K->1014221K(1048512K), 0.0025590 secs] [Times: user=0.00 sys=0.00, real=0.00 secs] 
29.442: [GC (Allocation Failure) 29.442: [DefNew: 447K->63K(448K), 0.0023142 secs] 1014605K->1014599K(1048512K), 0.0024123 secs] [Times: user=0.00 sys=0.00, real=0.00 secs] 
29.452: [GC (Allocation Failure) 29.452: [DefNew: 447K->64K(448K), 0.0019700 secs] 1014983K->1014979K(1048512K), 0.0020254 secs] [Times: user=0.00 sys=0.00, real=0.00 secs] 
29.463: [GC (Allocation Failure) 29.463: [DefNew: 448K->63K(448K), 0.0022279 secs] 1015363K->1015358K(1048512K), 0.0023033 secs] [Times: user=0.01 sys=0.00, real=0.01 secs] 
29.473: [GC (Allocation Failure) 29.473: [DefNew: 447K->63K(448K), 0.0022841 secs] 1015742K->1015737K(1048512K), 0.0023693 secs] [Times: user=0.00 sys=0.00, real=0.01 secs] 
29.485: [GC (Allocation Failure) 29.485: [DefNew: 447K->63K(448K), 0.0025654 secs] 1016121K->1016113K(1048512K), 0.0026619 secs] [Times: user=0.00 sys=0.00, real=0.01 secs] 
29.496: [GC (Allocation Failure) 29.496: [DefNew: 447K->64K(448K), 0.0018986 secs] 1016497K->1016492K(1048512K), 0.0019486 secs] [Times: user=0.00 sys=0.00, real=0.00 secs] 
29.505: [GC (Allocation Failure) 29.505: [DefNew: 448K->63K(448K), 0.0025255 secs] 1016876K->1016873K(1048512K), 0.0026112 secs] [Times: user=0.01 sys=0.00, real=0.00 secs] 
29.517: [GC (Allocation Failure) 29.517: [DefNew: 447K->63K(448K), 0.0023134 secs] 1017257K->1017252K(1048512K), 0.0023911 secs] [Times: user=0.00 sys=0.00, real=0.00 secs] 
29.528: [GC (Allocation Failure) 29.528: [DefNew: 447K->63K(448K), 0.0021187 secs] 1017636K->1017631K(1048512K), 0.0021857 secs] [Times: user=0.00 sys=0.00, real=0.00 secs] 
29.538: [GC (Allocation Failure) 29.538: [DefNew: 447K->63K(448K), 0.0022515 secs] 1018015K->1018009K(1048512K), 0.0023325 secs] [Times: user=0.00 sys=0.00, real=0.00 secs] 
29.548: [GC (Allocation Failure) 29.548: [DefNew: 447K->64K(448K), 0.0024044 secs] 1018393K->1018388K(1048512K), 0.0025018 secs] [Times: user=0.00 sys=0.00, real=0.00 secs] 
29.560: [GC (Allocation Failure) 29.560: [DefNew: 448K->63K(448K), 0.0021612 secs] 1018772K->1018768K(1048512K), 0.0022372 secs] [Times: user=0.00 sys=0.00, real=0.00 secs] 
29.569: [GC (Allocation Failure) 29.570: [DefNew: 447K->63K(448K), 0.0021098 secs] 1019152K->1019146K(1048512K), 0.0021776 secs] [Times: user=0.00 sys=0.00, real=0.00 secs] 
29.580: [GC (Allocation Failure) 29.580: [DefNew: 447K->63K(448K), 0.0022395 secs] 1019530K->1019524K(1048512K), 0.0023230 secs] [Times: user=0.00 sys=0.00, real=0.00 secs] 
29.591: [GC (Allocation Failure) 29.591: [DefNew: 447K->63K(448K), 0.0021667 secs] 1019908K->1019902K(1048512K), 0.0022429 secs] [Times: user=0.00 sys=0.00, real=0.00 secs] 
29.600: [GC (Allocation Failure) 29.600: [DefNew: 447K->64K(448K), 0.0021500 secs] 1020286K->1020281K(1048512K), 0.0022227 secs] [Times: user=0.01 sys=0.00, real=0.00 secs] 
29.612: [GC (Allocation Failure) 29.612: [DefNew: 448K->63K(448K), 0.0023426 secs] 1020665K->1020659K(1048512K), 0.0024239 secs] [Times: user=0.00 sys=0.00, real=0.00 secs] 
29.622: [GC (Allocation Failure) 29.622: [DefNew: 447K->63K(448K), 0.0023376 secs] 1021043K->1021039K(1048512K), 0.0024304 secs] [Times: user=0.00 sys=0.00, real=0.00 secs] 
29.633: [GC (Allocation Failure) 29.633: [DefNew: 447K->63K(448K), 0.0021786 secs] 1021423K->1021419K(1048512K), 0.0022386 secs] [Times: user=0.00 sys=0.00, real=0.01 secs] 
29.644: [GC (Allocation Failure) 29.644: [DefNew: 447K->63K(448K), 0.0025176 secs] 1021803K->1021797K(1048512K), 0.0026421 secs] [Times: user=0.01 sys=0.01, real=0.01 secs] 
29.654: [GC (Allocation Failure) 29.654: [DefNew: 447K->63K(448K), 0.0022090 secs] 1022181K->1022175K(1048512K), 0.0022889 secs] [Times: user=0.00 sys=0.00, real=0.01 secs] 
29.665: [GC (Allocation Failure) 29.665: [DefNew: 447K->63K(448K), 0.0020784 secs] 1022559K->1022555K(1048512K), 0.0021484 secs] [Times: user=0.00 sys=0.00, real=0.00 secs] 
29.677: [GC (Allocation Failure) 29.677: [DefNew: 447K->63K(448K), 0.0023877 secs] 1022939K->1022933K(1048512K), 0.0024692 secs] [Times: user=0.00 sys=0.00, real=0.00 secs] 
29.687: [GC (Allocation Failure) 29.687: [DefNew: 447K->63K(448K), 0.0020774 secs] 1023317K->1023312K(1048512K), 0.0021763 secs] [Times: user=0.01 sys=0.00, real=0.00 secs] 
29.698: [GC (Allocation Failure) 29.698: [DefNew: 447K->64K(448K), 0.0018665 secs] 1023696K->1023690K(1048512K), 0.0019182 secs] [Times: user=0.00 sys=0.00, real=0.00 secs] 
29.709: [GC (Allocation Failure) 29.709: [DefNew: 448K->64K(448K), 0.0028301 secs] 1024074K->1024069K(1048512K), 0.0029276 secs] [Times: user=0.00 sys=0.00, real=0.00 secs] 
29.719: [GC (Allocation Failure) 29.719: [DefNew: 448K->63K(448K), 0.0022978 secs] 1024453K->1024449K(1048512K), 0.0023854 secs] [Times: user=0.00 sys=0.00, real=0.00 secs] 
29.730: [GC (Allocation Failure) 29.731: [DefNew: 447K->64K(448K), 0.0022682 secs] 1024833K->1024826K(1048512K), 0.0023471 secs] [Times: user=0.01 sys=0.00, real=0.00 secs] 
29.742: [GC (Allocation Failure) 29.742: [DefNew: 448K->63K(448K), 0.0022677 secs] 1025210K->1025205K(1048512K), 0.0023509 secs] [Times: user=0.00 sys=0.00, real=0.00 secs] 
29.752: [GC (Allocation Failure) 29.752: [DefNew: 447K->63K(448K), 0.0021735 secs] 1025589K->1025585K(1048512K), 0.0022451 secs] [Times: user=0.00 sys=0.00, real=0.00 secs] 
29.762: [GC (Allocation Failure) 29.762: [DefNew: 447K->63K(448K), 0.0020811 secs] 1025969K->1025963K(1048512K), 0.0021526 secs] [Times: user=0.00 sys=0.00, real=0.00 secs] 
29.772: [GC (Allocation Failure) 29.772: [DefNew: 447K->63K(448K), 0.0023210 secs] 1026347K->1026342K(1048512K), 0.0024106 secs] [Times: user=0.01 sys=0.00, real=0.00 secs] 
29.784: [GC (Allocation Failure) 29.784: [DefNew: 447K->63K(448K), 0.0022708 secs] 1026726K->1026721K(1048512K), 0.0023444 secs] [Times: user=0.00 sys=0.00, real=0.01 secs] 
29.795: [GC (Allocation Failure) 29.795: [DefNew: 447K->64K(448K), 0.0024485 secs] 1027105K->1027099K(1048512K), 0.0025305 secs] [Times: user=0.00 sys=0.00, real=0.01 secs] 
29.804: [GC (Allocation Failure) 29.804: [DefNew: 448K->63K(448K), 0.0021092 secs] 1027483K->1027379K(1048512K), 0.0021750 secs] [Times: user=0.00 sys=0.00, real=0.01 secs] 
29.814: [GC (Allocation Failure) 29.814: [DefNew: 447K->63K(448K), 0.0018524 secs] 1027763K->1027754K(1048512K), 0.0019067 secs] [Times: user=0.00 sys=0.00, real=0.01 secs] 
29.825: [GC (Allocation Failure) 29.825: [DefNew: 447K->63K(448K), 0.0027032 secs] 1028138K->1028131K(1048512K), 0.0027881 secs] [Times: user=0.00 sys=0.00, real=0.01 secs] 
29.835: [GC (Allocation Failure) 29.835: [DefNew: 447K->64K(448K), 0.0021453 secs] 1028515K->1028506K(1048512K), 0.0022329 secs] [Times: user=0.01 sys=0.00, real=0.01 secs] 
29.845: [GC (Allocation Failure) 29.846: [DefNew: 448K->63K(448K), 0.0025262 secs] 1028890K->1028882K(1048512K), 0.0026008 secs] [Times: user=0.00 sys=0.00, real=0.00 secs] 
29.857: [GC (Allocation Failure) 29.857: [DefNew: 447K->63K(448K), 0.0022627 secs] 1029266K->1029256K(1048512K), 0.0023173 secs] [Times: user=0.00 sys=0.00, real=0.00 secs] 
29.866: [GC (Allocation Failure) 29.866: [DefNew: 447K->64K(448K), 0.0021179 secs] 1029640K->1029639K(1048512K), 0.0021946 secs] [Times: user=0.00 sys=0.00, real=0.00 secs] 
29.877: [GC (Allocation Failure) 29.877: [DefNew: 448K->63K(448K), 0.0025491 secs] 1030023K->1030021K(1048512K), 0.0026340 secs] [Times: user=0.01 sys=0.00, real=0.00 secs] 
29.887: [GC (Allocation Failure) 29.887: [DefNew: 447K->63K(448K), 0.0022940 secs] 1030405K->1030375K(1048512K), 0.0023552 secs] [Times: user=0.00 sys=0.00, real=0.00 secs] 
29.898: [GC (Allocation Failure) 29.898: [DefNew: 447K->63K(448K), 0.0023857 secs] 1030759K->1030752K(1048512K), 0.0024824 secs] [Times: user=0.00 sys=0.00, real=0.00 secs] 
29.908: [GC (Allocation Failure) 29.908: [DefNew: 447K->64K(448K), 0.0021038 secs] 1031136K->1031132K(1048512K), 0.0021795 secs] [Times: user=0.00 sys=0.00, real=0.00 secs] 
29.918: [GC (Allocation Failure) 29.918: [DefNew: 448K->64K(448K), 0.0022441 secs] 1031516K->1031515K(1048512K), 0.0023246 secs] [Times: user=0.00 sys=0.01, real=0.00 secs] 
29.929: [GC (Allocation Failure) 29.929: [DefNew: 448K->63K(448K), 0.0025443 secs] 1031899K->1031895K(1048512K), 0.0026137 secs] [Times: user=0.00 sys=0.00, real=0.00 secs] 
29.940: [GC (Allocation Failure) 29.940: [DefNew: 447K->64K(448K), 0.0020400 secs] 1032279K->1032276K(1048512K), 0.0021085 secs] [Times: user=0.00 sys=0.00, real=0.00 secs] 
29.951: [GC (Allocation Failure) 29.951: [DefNew: 448K->64K(448K), 0.0026535 secs] 1032660K->1032654K(1048512K), 0.0027435 secs] [Times: user=0.01 sys=0.00, real=0.00 secs] 
29.962: [GC (Allocation Failure) 29.962: [DefNew: 448K->63K(448K), 0.0029606 secs] 1033038K->1033034K(1048512K), 0.0030598 secs] [Times: user=0.00 sys=0.00, real=0.01 secs] 
29.972: [GC (Allocation Failure) 29.972: [DefNew: 447K->63K(448K), 0.0017860 secs] 1033418K->1033412K(1048512K), 0.0018352 secs] [Times: user=0.00 sys=0.00, real=0.00 secs] 
29.983: [GC (Allocation Failure) 29.983: [DefNew: 447K->64K(448K), 0.0028075 secs] 1033796K->1033791K(1048512K), 0.0029030 secs] [Times: user=0.01 sys=0.00, real=0.01 secs] 
29.996: [GC (Allocation Failure) 29.996: [DefNew: 448K->63K(448K), 0.0027115 secs] 1034175K->1034171K(1048512K), 0.0027785 secs] [Times: user=0.00 sys=0.00, real=0.00 secs] 
30.007: [GC (Allocation Failure) 30.007: [DefNew: 447K->64K(448K), 0.0027767 secs] 1034555K->1034547K(1048512K), 0.0028551 secs] [Times: user=0.00 sys=0.00, real=0.00 secs] 
30.019: [GC (Allocation Failure) 30.020: [DefNew: 448K->63K(448K), 0.0025120 secs] 1034931K->1034926K(1048512K), 0.0025884 secs] [Times: user=0.00 sys=0.00, real=0.00 secs] 
30.031: [GC (Allocation Failure) 30.031: [DefNew: 447K->63K(448K), 0.0027796 secs] 1035310K->1035306K(1048512K), 0.0028470 secs] [Times: user=0.00 sys=0.00, real=0.00 secs] 
30.042: [GC (Allocation Failure) 30.043: [DefNew: 447K->64K(448K), 0.0028260 secs] 1035690K->1035686K(1048512K), 0.0029104 secs] [Times: user=0.00 sys=0.00, real=0.01 secs] 
30.054: [GC (Allocation Failure) 30.054: [DefNew: 448K->63K(448K), 0.0025845 secs] 1036070K->1036064K(1048512K), 0.0026531 secs] [Times: user=0.00 sys=0.00, real=0.01 secs] 
30.066: [GC (Allocation Failure) 30.066: [DefNew: 447K->63K(448K), 0.0028532 secs] 1036448K->1036442K(1048512K), 0.0029400 secs] [Times: user=0.01 sys=0.00, real=0.00 secs] 
30.077: [GC (Allocation Failure) 30.077: [DefNew: 447K->64K(448K), 0.0024703 secs] 1036826K->1036821K(1048512K), 0.0025238 secs] [Times: user=0.00 sys=0.00, real=0.00 secs] 
30.089: [GC (Allocation Failure) 30.089: [DefNew: 448K->63K(448K), 0.0027407 secs] 1037205K->1037201K(1048512K), 0.0028183 secs] [Times: user=0.00 sys=0.00, real=0.00 secs] 
30.099: [GC (Allocation Failure) 30.099: [DefNew: 447K->63K(448K), 0.0021095 secs] 1037585K->1037579K(1048512K), 0.0021506 secs] [Times: user=0.00 sys=0.00, real=0.00 secs] 
30.110: [GC (Allocation Failure) 30.110: [DefNew: 447K->63K(448K), 0.0021501 secs] 1037963K->1037955K(1048512K), 0.0022086 secs] [Times: user=0.00 sys=0.00, real=0.00 secs] 
30.121: [GC (Allocation Failure) 30.121: [DefNew: 447K->63K(448K), 0.0026705 secs] 1038339K->1038333K(1048512K), 0.0027331 secs] [Times: user=0.00 sys=0.00, real=0.00 secs] 
30.132: [GC (Allocation Failure) 30.132: [DefNew: 447K->63K(448K), 0.0031694 secs] 1038717K->1038713K(1048512K), 0.0032606 secs] [Times: user=0.00 sys=0.00, real=0.01 secs] 
30.145: [GC (Allocation Failure) 30.145: [DefNew: 447K->63K(448K), 0.0028827 secs] 1039097K->1039091K(1048512K), 0.0029511 secs] [Times: user=0.01 sys=0.00, real=0.01 secs] 
30.158: [GC (Allocation Failure) 30.158: [DefNew: 447K->63K(448K), 0.0029168 secs] 1039475K->1039471K(1048512K), 0.0029844 secs] [Times: user=0.00 sys=0.00, real=0.00 secs] 
30.168: [GC (Allocation Failure) 30.168: [DefNew: 447K->63K(448K), 0.0026830 secs] 1039855K->1039851K(1048512K), 0.0027467 secs] [Times: user=0.00 sys=0.00, real=0.00 secs] 
30.180: [GC (Allocation Failure) 30.180: [DefNew: 447K->63K(448K), 0.0028330 secs] 1040235K->1040229K(1048512K), 0.0029116 secs] [Times: user=0.01 sys=0.01, real=0.00 secs] 
30.192: [GC (Allocation Failure) 30.192: [DefNew: 447K->63K(448K), 0.0028726 secs] 1040613K->1040607K(1048512K), 0.0029392 secs] [Times: user=0.00 sys=0.00, real=0.01 secs] 
30.203: [GC (Allocation Failure) 30.203: [DefNew: 447K->64K(448K), 0.0025492 secs] 1040991K->1040987K(1048512K), 0.0026269 secs] [Times: user=0.00 sys=0.00, real=0.01 secs] 
30.215: [GC (Allocation Failure) 30.215: [DefNew: 448K->63K(448K), 0.0030050 secs] 1041371K->1041366K(1048512K), 0.0030853 secs] [Times: user=0.01 sys=0.00, real=0.01 secs] 
30.226: [GC (Allocation Failure) 30.226: [DefNew: 447K->64K(448K), 0.0029540 secs] 1041750K->1041742K(1048512K), 0.0030236 secs] [Times: user=0.00 sys=0.00, real=0.00 secs] 
30.237: [GC (Allocation Failure) 30.237: [DefNew: 448K->63K(448K), 0.0025902 secs] 1042126K->1042121K(1048512K), 0.0026616 secs] [Times: user=0.00 sys=0.00, real=0.00 secs] 
30.250: [GC (Allocation Failure) 30.250: [DefNew: 447K->63K(448K), 0.0026537 secs] 1042505K->1042501K(1048512K), 0.0027224 secs] [Times: user=0.00 sys=0.00, real=0.00 secs] 
30.261: [GC (Allocation Failure) 30.261: [DefNew: 447K->63K(448K), 0.0026813 secs] 1042885K->1042881K(1048512K), 0.0027508 secs] [Times: user=0.00 sys=0.00, real=0.00 secs] 
30.274: [GC (Allocation Failure) 30.274: [DefNew: 447K->64K(448K), 0.0027207 secs] 1043265K->1043259K(1048512K), 0.0027885 secs] [Times: user=0.00 sys=0.00, real=0.01 secs] 
30.287: [GC (Allocation Failure) 30.287: [DefNew: 448K->63K(448K), 0.0030191 secs] 1043643K->1043637K(1048512K), 0.0030870 secs] [Times: user=0.00 sys=0.00, real=0.00 secs] 
30.297: [GC (Allocation Failure) 30.298: [DefNew: 447K->64K(448K), 0.0028086 secs] 1044021K->1044016K(1048512K), 0.0028984 secs] [Times: user=0.01 sys=0.00, real=0.00 secs] 
30.310: [GC (Allocation Failure) 30.310: [DefNew: 448K->63K(448K), 0.0028707 secs] 1044400K->1044396K(1048512K), 0.0029402 secs] [Times: user=0.00 sys=0.00, real=0.00 secs] 
30.323: [GC (Allocation Failure) 30.323: [DefNew: 447K->63K(448K), 0.0026211 secs] 1044780K->1044772K(1048512K), 0.0026883 secs] [Times: user=0.00 sys=0.00, real=0.01 secs] 
30.333: [GC (Allocation Failure) 30.333: [DefNew: 447K->63K(448K), 0.0026944 secs] 1045156K->1045150K(1048512K), 0.0027688 secs] [Times: user=0.01 sys=0.00, real=0.01 secs] 
30.345: [GC (Allocation Failure) 30.345: [DefNew: 447K->63K(448K), 0.0026887 secs] 1045534K->1045530K(1048512K), 0.0027591 secs] [Times: user=0.00 sys=0.00, real=0.00 secs] 
30.358: [GC (Allocation Failure) 30.358: [DefNew: 447K->63K(448K), 0.0028768 secs] 1045914K->1045910K(1048512K), 0.0029418 secs] [Times: user=0.00 sys=0.00, real=0.00 secs] 
30.370: [GC (Allocation Failure) 30.370: [DefNew: 447K->63K(448K), 0.0031139 secs] 1046294K->1046288K(1048512K), 0.0031892 secs] [Times: user=0.01 sys=0.00, real=0.00 secs] 
30.383: [GC (Allocation Failure) 30.383: [DefNew: 447K->63K(448K), 0.0027835 secs] 1046672K->1046666K(1048512K), 0.0028542 secs] [Times: user=0.00 sys=0.00, real=0.01 secs] 
30.393: [GC (Allocation Failure) 30.394: [DefNew: 447K->63K(448K), 0.0026345 secs] 1047050K->1047046K(1048512K), 0.0027020 secs] [Times: user=0.00 sys=0.00, real=0.01 secs] 
30.405: [GC (Allocation Failure) 30.405: [DefNew: 447K->63K(448K), 0.0028390 secs] 1047430K->1047424K(1048512K), 0.0029149 secs] [Times: user=0.01 sys=0.00, real=0.01 secs] 
30.417: [GC (Allocation Failure) 30.417: [DefNew: 447K->64K(448K), 0.0029223 secs] 1047808K->1047804K(1048512K), 0.0029871 secs] [Times: user=0.00 sys=0.00, real=0.00 secs] 
30.429: [GC (Allocation Failure) 30.429: [DefNew: 448K->448K(448K), 0.0000213 secs]30.429: [Tenured: 1047740K->1048063K(1048064K), 0.9811259 secs] 1048188K->1048181K(1048512K), [Metaspace: 8957K->8957K(1056768K)], 0.9812581 secs] [Times: user=0.82 sys=0.14, real=0.98 secs] 
31.414: [Full GC (Allocation Failure) 31.414: [Tenured: 1048063K->1048063K(1048064K), 0.7141254 secs] 1048511K->1048379K(1048512K), [Metaspace: 8958K->8958K(1056768K)], 0.7142690 secs] [Times: user=0.71 sys=0.01, real=0.72 secs] 
32.130: [Full GC (Allocation Failure) 32.130: [Tenured: 1048063K->1048063K(1048064K), 0.7120909 secs] 1048511K->1048467K(1048512K), [Metaspace: 8889K->8889K(1056768K)], 0.7122059 secs] [Times: user=0.70 sys=0.00, real=0.71 secs] 
32.843: [Full GC (Allocation Failure) 32.843: [Tenured: 1048063K->1031296K(1048064K), 0.8622626 secs] 1048511K->1031296K(1048512K), [Metaspace: 8852K->8852K(1056768K)], 0.8623890 secs] [Times: user=0.85 sys=0.01, real=0.87 secs] 
33.709: [GC (Allocation Failure) 33.709: [DefNew: 384K->63K(448K), 0.0018883 secs] 1031680K->1031515K(1048512K), 0.0019695 secs] [Times: user=0.00 sys=0.00, real=0.00 secs] 
33.716: [GC (Allocation Failure) 33.716: [DefNew: 447K->64K(448K), 0.0017256 secs] 1031899K->1031735K(1048512K), 0.0017876 secs] [Times: user=0.00 sys=0.00, real=0.00 secs] 
33.726: [GC (Allocation Failure) 33.727: [DefNew: 448K->63K(448K), 0.0014814 secs] 1032119K->1032033K(1048512K), 0.0015328 secs] [Times: user=0.00 sys=0.00, real=0.00 secs] 
33.739: [GC (Allocation Failure) 33.739: [DefNew: 447K->63K(448K), 0.0015298 secs] 1032417K->1032410K(1048512K), 0.0015787 secs] [Times: user=0.00 sys=0.00, real=0.00 secs] 
33.748: [GC (Allocation Failure) 33.748: [DefNew: 447K->63K(448K), 0.0022300 secs] 1032793K->1032787K(1048512K), 0.0022903 secs] [Times: user=0.00 sys=0.00, real=0.00 secs] 
33.758: [GC (Allocation Failure) 33.758: [DefNew: 447K->64K(448K), 0.0020285 secs] 1033171K->1033161K(1048512K), 0.0020927 secs] [Times: user=0.00 sys=0.00, real=0.00 secs] 
33.769: [GC (Allocation Failure) 33.769: [DefNew: 447K->64K(448K), 0.0015770 secs] 1033545K->1033537K(1048512K), 0.0016257 secs] [Times: user=0.00 sys=0.00, real=0.00 secs] 
33.778: [GC (Allocation Failure) 33.778: [DefNew: 448K->63K(448K), 0.0014747 secs] 1033921K->1033918K(1048512K), 0.0015234 secs] [Times: user=0.00 sys=0.00, real=0.00 secs] 
33.788: [GC (Allocation Failure) 33.788: [DefNew: 447K->63K(448K), 0.0021205 secs] 1034301K->1034293K(1048512K), 0.0022195 secs] [Times: user=0.00 sys=0.00, real=0.00 secs] 
33.799: [GC (Allocation Failure) 33.800: [DefNew: 447K->64K(448K), 0.0022151 secs] 1034677K->1034669K(1048512K), 0.0023041 secs] [Times: user=0.00 sys=0.00, real=0.00 secs] 
33.807: [GC (Allocation Failure) 33.807: [DefNew: 448K->64K(448K), 0.0017486 secs] 1035053K->1034940K(1048512K), 0.0018012 secs] [Times: user=0.00 sys=0.00, real=0.00 secs] 
33.819: [GC (Allocation Failure) 33.819: [DefNew: 448K->63K(448K), 0.0020540 secs] 1035324K->1035313K(1048512K), 0.0021325 secs] [Times: user=0.00 sys=0.00, real=0.00 secs] 
33.830: [GC (Allocation Failure) 33.830: [DefNew: 447K->63K(448K), 0.0024691 secs] 1035697K->1035695K(1048512K), 0.0025512 secs] [Times: user=0.00 sys=0.00, real=0.00 secs] 
33.841: [GC (Allocation Failure) 33.841: [DefNew: 447K->64K(448K), 0.0018422 secs] 1036079K->1036071K(1048512K), 0.0019010 secs] [Times: user=0.00 sys=0.00, real=0.00 secs] 
33.852: [GC (Allocation Failure) 33.852: [DefNew: 447K->63K(448K), 0.0020214 secs] 1036455K->1036446K(1048512K), 0.0021065 secs] [Times: user=0.00 sys=0.00, real=0.00 secs] 
33.862: [GC (Allocation Failure) 33.862: [DefNew: 447K->64K(448K), 0.0019762 secs] 1036830K->1036828K(1048512K), 0.0020284 secs] [Times: user=0.00 sys=0.00, real=0.00 secs] 
33.873: [GC (Allocation Failure) 33.873: [DefNew: 448K->63K(448K), 0.0022063 secs] 1037212K->1037211K(1048512K), 0.0022744 secs] [Times: user=0.00 sys=0.00, real=0.01 secs] 
33.885: [GC (Allocation Failure) 33.885: [DefNew: 447K->64K(448K), 0.0024442 secs] 1037595K->1037592K(1048512K), 0.0025193 secs] [Times: user=0.00 sys=0.00, real=0.00 secs] 
33.897: [GC (Allocation Failure) 33.897: [DefNew: 448K->63K(448K), 0.0020870 secs] 1037976K->1037971K(1048512K), 0.0021397 secs] [Times: user=0.00 sys=0.00, real=0.00 secs] 
33.907: [GC (Allocation Failure) 33.907: [DefNew: 447K->63K(448K), 0.0022981 secs] 1038355K->1038323K(1048512K), 0.0023799 secs] [Times: user=0.00 sys=0.00, real=0.00 secs] 
33.917: [GC (Allocation Failure) 33.917: [DefNew: 447K->63K(448K), 0.0021046 secs] 1038707K->1038703K(1048512K), 0.0021689 secs] [Times: user=0.01 sys=0.00, real=0.00 secs] 
33.929: [GC (Allocation Failure) 33.929: [DefNew: 447K->63K(448K), 0.0024811 secs] 1039087K->1039085K(1048512K), 0.0025735 secs] [Times: user=0.00 sys=0.00, real=0.00 secs] 
33.940: [GC (Allocation Failure) 33.940: [DefNew: 447K->63K(448K), 0.0018630 secs] 1039469K->1039467K(1048512K), 0.0019120 secs] [Times: user=0.00 sys=0.00, real=0.00 secs] 
33.950: [GC (Allocation Failure) 33.950: [DefNew: 447K->64K(448K), 0.0023794 secs] 1039851K->1039846K(1048512K), 0.0024638 secs] [Times: user=0.00 sys=0.00, real=0.00 secs] 
33.962: [GC (Allocation Failure) 33.962: [DefNew: 448K->63K(448K), 0.0021249 secs] 1040230K->1040226K(1048512K), 0.0021913 secs] [Times: user=0.01 sys=0.00, real=0.00 secs] 
33.974: [GC (Allocation Failure) 33.974: [DefNew: 447K->64K(448K), 0.0023170 secs] 1040610K->1040606K(1048512K), 0.0024002 secs] [Times: user=0.00 sys=0.00, real=0.01 secs] 
33.985: [GC (Allocation Failure) 33.985: [DefNew: 448K->64K(448K), 0.0024863 secs] 1040990K->1040983K(1048512K), 0.0025811 secs] [Times: user=0.00 sys=0.00, real=0.01 secs] 
33.996: [GC (Allocation Failure) 33.996: [DefNew: 448K->63K(448K), 0.0017564 secs] 1041367K->1041362K(1048512K), 0.0018126 secs] [Times: user=0.00 sys=0.00, real=0.00 secs] 
34.007: [GC (Allocation Failure) 34.007: [DefNew: 447K->63K(448K), 0.0021647 secs] 1041746K->1041742K(1048512K), 0.0022412 secs] [Times: user=0.00 sys=0.00, real=0.00 secs] 
34.017: [GC (Allocation Failure) 34.017: [DefNew: 447K->63K(448K), 0.0021450 secs] 1042126K->1042120K(1048512K), 0.0022130 secs] [Times: user=0.00 sys=0.00, real=0.00 secs] 
34.029: [GC (Allocation Failure) 34.029: [DefNew: 447K->63K(448K), 0.0020161 secs] 1042504K->1042496K(1048512K), 0.0020910 secs] [Times: user=0.00 sys=0.00, real=0.00 secs] 
34.040: [GC (Allocation Failure) 34.040: [DefNew: 447K->63K(448K), 0.0020790 secs] 1042880K->1042876K(1048512K), 0.0021522 secs] [Times: user=0.01 sys=0.00, real=0.00 secs] 
34.050: [GC (Allocation Failure) 34.050: [DefNew: 447K->63K(448K), 0.0023955 secs] 1043260K->1043255K(1048512K), 0.0024652 secs] [Times: user=0.00 sys=0.00, real=0.00 secs] 
34.062: [GC (Allocation Failure) 34.062: [DefNew: 447K->63K(448K), 0.0025293 secs] 1043639K->1043635K(1048512K), 0.0025945 secs] [Times: user=0.00 sys=0.00, real=0.00 secs] 
34.073: [GC (Allocation Failure) 34.073: [DefNew: 447K->64K(448K), 0.0021568 secs] 1044019K->1044014K(1048512K), 0.0022272 secs] [Times: user=0.00 sys=0.00, real=0.00 secs] 
34.085: [GC (Allocation Failure) 34.085: [DefNew: 448K->64K(448K), 0.0022297 secs] 1044398K->1044392K(1048512K), 0.0023007 secs] [Times: user=0.01 sys=0.00, real=0.01 secs] 
34.096: [GC (Allocation Failure) 34.096: [DefNew: 448K->63K(448K), 0.0017874 secs] 1044776K->1044771K(1048512K), 0.0018541 secs] [Times: user=0.00 sys=0.00, real=0.00 secs] 
34.106: [GC (Allocation Failure) 34.106: [DefNew: 447K->63K(448K), 0.0022877 secs] 1045155K->1045150K(1048512K), 0.0023658 secs] [Times: user=0.00 sys=0.00, real=0.00 secs] 
34.118: [GC (Allocation Failure) 34.119: [DefNew: 447K->63K(448K), 0.0020719 secs] 1045534K->1045529K(1048512K), 0.0021509 secs] [Times: user=0.00 sys=0.00, real=0.00 secs] 
34.130: [GC (Allocation Failure) 34.130: [DefNew: 447K->63K(448K), 0.0021521 secs] 1045913K->1045905K(1048512K), 0.0022196 secs] [Times: user=0.01 sys=0.00, real=0.00 secs] 
34.140: [GC (Allocation Failure) 34.140: [DefNew: 447K->63K(448K), 0.0021216 secs] 1046289K->1046285K(1048512K), 0.0021878 secs] [Times: user=0.00 sys=0.00, real=0.00 secs] 
34.151: [GC (Allocation Failure) 34.151: [DefNew: 447K->63K(448K), 0.0017655 secs] 1046669K->1046664K(1048512K), 0.0018130 secs] [Times: user=0.00 sys=0.00, real=0.00 secs] 
34.162: [GC (Allocation Failure) 34.162: [DefNew: 447K->64K(448K), 0.0019862 secs] 1047048K->1047043K(1048512K), 0.0020341 secs] [Times: user=0.00 sys=0.00, real=0.00 secs] 
34.171: [GC (Allocation Failure) 34.171: [DefNew: 448K->63K(448K), 0.0016744 secs] 1047427K->1047423K(1048512K), 0.0017261 secs] [Times: user=0.01 sys=0.00, real=0.00 secs] 
34.182: [GC (Allocation Failure) 34.182: [DefNew: 447K->64K(448K), 0.0020955 secs] 1047807K->1047801K(1048512K), 0.0021425 secs] [Times: user=0.00 sys=0.00, real=0.00 secs] 
34.192: [GC (Allocation Failure) 34.192: [DefNew: 448K->448K(448K), 0.0000211 secs]34.192: [Tenured: 1047737K->1048064K(1048064K), 0.6842813 secs] 1048185K->1048179K(1048512K), [Metaspace: 8883K->8883K(1056768K)], 0.6844198 secs] [Times: user=0.68 sys=0.00, real=0.69 secs] 
34.881: [Full GC (Allocation Failure) 34.881: [Tenured: 1048064K->1048064K(1048064K), 0.6808140 secs] 1048511K->1048385K(1048512K), [Metaspace: 8887K->8887K(1056768K)], 0.6808857 secs] [Times: user=0.68 sys=0.01, real=0.68 secs] 
35.565: [Full GC (Allocation Failure) 35.565: [Tenured: 1048064K->1048064K(1048064K), 0.6908716 secs] 1048511K->1048481K(1048512K), [Metaspace: 8887K->8887K(1056768K)], 0.6909762 secs] [Times: user=0.68 sys=0.00, real=0.70 secs] 
36.256: [Full GC (Allocation Failure) 36.256: [Tenured: 1048064K->1048063K(1048064K), 0.8023568 secs] 1048511K->1048342K(1048512K), [Metaspace: 8835K->8835K(1056768K)], 0.8024310 secs] [Times: user=0.79 sys=0.00, real=0.80 secs] 
37.060: [Full GC (Allocation Failure) 37.060: [Tenured: 1048064K->1048064K(1048064K), 0.6992224 secs] 1048512K->1048449K(1048512K), [Metaspace: 8835K->8835K(1056768K)], 0.6992903 secs] [Times: user=0.69 sys=0.01, real=0.70 secs] 
37.759: [Full GC (Allocation Failure) 37.759: [Tenured: 1048064K->1048064K(1048064K), 0.7325878 secs] 1048511K->1048482K(1048512K), [Metaspace: 8835K->8835K(1056768K)], 0.7326746 secs] [Times: user=0.72 sys=0.00, real=0.73 secs] 
38.492: [Full GC (Allocation Failure) 38.492: [Tenured: 1048064K->1048064K(1048064K), 0.6844513 secs] 1048511K->1048505K(1048512K), [Metaspace: 8831K->8831K(1056768K)], 0.6845120 secs] [Times: user=0.68 sys=0.00, real=0.69 secs] 
39.177: [Full GC (Allocation Failure) 39.177: [Tenured: 1048064K->1048063K(1048064K), 0.7754467 secs] 1048511K->1048510K(1048512K), [Metaspace: 8831K->8831K(1056768K)], 0.7754962 secs] [Times: user=0.77 sys=0.01, real=0.77 secs] 
39.953: [Full GC (Allocation Failure) 39.953: [Tenured: 1048063K->1048063K(1048064K), 0.7106470 secs] 1048511K->1048511K(1048512K), [Metaspace: 8831K->8831K(1056768K)], 0.7178684 secs] [Times: user=0.71 sys=0.00, real=0.72 secs] 
40.671: [Full GC (Allocation Failure) 40.671: [Tenured: 1048063K->1048063K(1048064K), 0.7121966 secs] 1048511K->1048511K(1048512K), [Metaspace: 8831K->8831K(1056768K)], 0.7122645 secs] [Times: user=0.70 sys=0.00, real=0.71 secs] 
41.383: [Full GC (Allocation Failure) 41.383: [Tenured: 1048063K->1048063K(1048064K), 0.6860395 secs] 1048511K->1048511K(1048512K), [Metaspace: 8831K->8831K(1056768K)], 0.6861074 secs] [Times: user=0.69 sys=0.00, real=0.69 secs] 
42.069: [Full GC (Allocation Failure) 42.069: [Tenured: 1048063K->1048063K(1048064K), 0.7010561 secs] 1048511K->1048511K(1048512K), [Metaspace: 8831K->8831K(1056768K)], 0.7011136 secs] [Times: user=0.69 sys=0.01, real=0.70 secs] 
42.771: [Full GC (Allocation Failure) 42.771: [Tenured: 1048063K->1048063K(1048064K), 0.7244383 secs] 1048511K->1048505K(1048512K), [Metaspace: 8831K->8831K(1056768K)], 0.7245145 secs] [Times: user=0.72 sys=0.00, real=0.72 secs] 
43.496: [Full GC (Allocation Failure) 43.496: [Tenured: 1048063K->1048063K(1048064K), 0.6827647 secs] 1048511K->1048505K(1048512K), [Metaspace: 8831K->8831K(1056768K)], 0.6828310 secs] [Times: user=0.68 sys=0.01, real=0.68 secs] 
44.179: [Full GC (Allocation Failure) 44.179: [Tenured: 1048063K->1048063K(1048064K), 0.6746640 secs] 1048511K->1048508K(1048512K), [Metaspace: 8835K->8835K(1056768K)], 0.6747362 secs] [Times: user=0.67 sys=0.00, real=0.67 secs] 
44.854: [Full GC (Allocation Failure) 44.854: [Tenured: 1048063K->1048063K(1048064K), 0.7710417 secs] 1048511K->1048507K(1048512K), [Metaspace: 8841K->8841K(1056768K)], 0.7711114 secs] [Times: user=0.77 sys=0.00, real=0.77 secs] 
45.626: [Full GC (Allocation Failure) 45.626: [Tenured: 1048063K->1048063K(1048064K), 0.6838846 secs] 1048510K->1048507K(1048512K), [Metaspace: 8842K->8842K(1056768K)], 0.6839578 secs] [Times: user=0.68 sys=0.00, real=0.69 secs] 
46.310: [Full GC (Allocation Failure) 46.310: [Tenured: 1048063K->1048063K(1048064K), 0.7134620 secs] 1048511K->1048509K(1048512K), [Metaspace: 8842K->8842K(1056768K)], 0.7135410 secs] [Times: user=0.71 sys=0.00, real=0.71 secs] 
47.024: [Full GC (Allocation Failure) 47.024: [Tenured: 1048063K->1048063K(1048064K), 0.7105265 secs] 1048511K->1048509K(1048512K), [Metaspace: 8842K->8842K(1056768K)], 0.7106046 secs] [Times: user=0.70 sys=0.01, real=0.71 secs] 
47.735: [Full GC (Allocation Failure) 47.735: [Tenured: 1048063K->1048063K(1048064K), 0.6896351 secs] 1048511K->1048509K(1048512K), [Metaspace: 8845K->8845K(1056768K)], 0.6897067 secs] [Times: user=0.69 sys=0.00, real=0.69 secs] 
48.425: [Full GC (Allocation Failure) 48.425: [Tenured: 1048063K->44494K(1048064K), 0.0954628 secs] 1048511K->44494K(1048512K), [Metaspace: 8847K->8847K(1056768K)], 0.0955328 secs] [Times: user=0.10 sys=0.00, real=0.10 secs] 
48.525: [GC (Allocation Failure) 48.525: [DefNew: 384K->64K(448K), 0.0005664 secs] 44878K->44612K(1048512K), 0.0006142 secs] [Times: user=0.01 sys=0.00, real=0.01 secs] 
49.535: [GC (Allocation Failure) 49.535: [DefNew: 447K->64K(448K), 0.0008435 secs] 44995K->44673K(1048512K), 0.0009098 secs] [Times: user=0.00 sys=0.00, real=0.01 secs] 
52.541: [GC (Allocation Failure) 52.541: [DefNew: 448K->11K(448K), 0.0008258 secs] 45057K->44681K(1048512K), 0.0008970 secs] [Times: user=0.00 sys=0.00, real=0.00 secs] 
55.548: [GC (Allocation Failure) 55.548: [DefNew: 394K->14K(448K), 0.0005460 secs] 45064K->44684K(1048512K), 0.0006029 secs] [Times: user=0.00 sys=0.00, real=0.00 secs] 
57.820: [GC (Allocation Failure) 57.820: [DefNew: 398K->46K(448K), 0.0006293 secs] 45068K->44716K(1048512K), 0.0006965 secs] [Times: user=0.00 sys=0.00, real=0.00 secs] 
60.825: [GC (Allocation Failure) 60.825: [DefNew: 430K->37K(448K), 0.0008054 secs] 45100K->44721K(1048512K), 0.0011286 secs] [Times: user=0.01 sys=0.00, real=0.01 secs] 
63.833: [GC (Allocation Failure) 63.833: [DefNew: 421K->36K(448K), 0.0007538 secs] 45105K->44726K(1048512K), 0.0008315 secs] [Times: user=0.00 sys=0.00, real=0.00 secs] 
66.833: [GC (Allocation Failure) 66.833: [DefNew: 420K->37K(448K), 0.0007186 secs] 45110K->44732K(1048512K), 0.0007960 secs] [Times: user=0.00 sys=0.00, real=0.00 secs] 
69.834: [GC (Allocation Failure) 69.834: [DefNew: 421K->33K(448K), 0.0006780 secs] 45116K->44736K(1048512K), 0.0009727 secs] [Times: user=0.00 sys=0.00, real=0.00 secs] 
72.836: [GC (Allocation Failure) 72.836: [DefNew: 417K->34K(448K), 0.0008270 secs] 45120K->44742K(1048512K), 0.0009217 secs] [Times: user=0.00 sys=0.00, real=0.01 secs] 
75.836: [GC (Allocation Failure) 75.836: [DefNew: 418K->36K(448K), 0.0007380 secs] 45126K->44749K(1048512K), 0.0008136 secs] [Times: user=0.00 sys=0.00, real=0.00 secs] 
78.839: [GC (Allocation Failure) 78.839: [DefNew: 420K->34K(448K), 0.0009027 secs] 45133K->44753K(1048512K), 0.0009871 secs] [Times: user=0.00 sys=0.00, real=0.00 secs] 
81.840: [GC (Allocation Failure) 81.840: [DefNew: 418K->25K(448K), 0.0007312 secs] 45137K->44750K(1048512K), 0.0008076 secs] [Times: user=0.00 sys=0.00, real=0.00 secs] 
84.841: [GC (Allocation Failure) 84.841: [DefNew: 409K->22K(448K), 0.0007002 secs] 45134K->44747K(1048512K), 0.0007773 secs] [Times: user=0.00 sys=0.00, real=0.00 secs] 
87.843: [GC (Allocation Failure) 87.843: [DefNew: 406K->24K(448K), 0.0009938 secs] 45131K->44749K(1048512K), 0.0010971 secs] [Times: user=0.00 sys=0.00, real=0.00 secs] 
90.850: [GC (Allocation Failure) 90.850: [DefNew: 408K->28K(448K), 0.0009887 secs] 45133K->44753K(1048512K), 0.0010881 secs] [Times: user=0.00 sys=0.00, real=0.00 secs] 
93.687: [GC (Allocation Failure) 93.688: [DefNew: 412K->30K(448K), 0.0008271 secs] 45137K->44755K(1048512K), 0.0019701 secs] [Times: user=0.01 sys=0.00, real=0.01 secs] 
96.698: [GC (Allocation Failure) 96.698: [DefNew: 414K->39K(448K), 0.0007829 secs] 45139K->44764K(1048512K), 0.0008498 secs] [Times: user=0.00 sys=0.00, real=0.00 secs] 
98.860: [GC (Allocation Failure) 98.860: [DefNew: 423K->56K(448K), 0.0008044 secs] 45148K->44791K(1048512K), 0.0008779 secs] [Times: user=0.00 sys=0.00, real=0.00 secs] 
101.863: [GC (Allocation Failure) 101.864: [DefNew: 440K->34K(448K), 0.0009503 secs] 45175K->44795K(1048512K), 0.0019558 secs] [Times: user=0.00 sys=0.00, real=0.00 secs] 
104.863: [GC (Allocation Failure) 104.863: [DefNew: 418K->31K(448K), 0.0007730 secs] 45179K->44797K(1048512K), 0.0008509 secs] [Times: user=0.00 sys=0.00, real=0.00 secs] 
107.863: [GC (Allocation Failure) 107.863: [DefNew: 415K->23K(448K), 0.0005969 secs] 45181K->44789K(1048512K), 0.0006563 secs] [Times: user=0.00 sys=0.00, real=0.00 secs] 
110.863: [GC (Allocation Failure) 110.864: [DefNew: 407K->28K(448K), 0.0007423 secs] 45173K->44794K(1048512K), 0.0016619 secs] [Times: user=0.00 sys=0.00, real=0.00 secs] 
113.869: [GC (Allocation Failure) 113.869: [DefNew: 412K->27K(448K), 0.0007077 secs] 45178K->44793K(1048512K), 0.0007746 secs] [Times: user=0.00 sys=0.00, real=0.00 secs] 
116.871: [GC (Allocation Failure) 116.871: [DefNew: 411K->33K(448K), 0.0011567 secs] 45177K->44799K(1048512K), 0.0015374 secs] [Times: user=0.00 sys=0.00, real=0.00 secs] 
119.785: [GC (Allocation Failure) 119.785: [DefNew: 417K->30K(448K), 0.0005982 secs] 45183K->44801K(1048512K), 0.0006531 secs] [Times: user=0.01 sys=0.00, real=0.00 secs] 
122.731: [GC (Allocation Failure) 122.732: [DefNew: 414K->36K(448K), 0.0008667 secs] 45185K->44807K(1048512K), 0.0009468 secs] [Times: user=0.00 sys=0.00, real=0.00 secs] 
124.882: [GC (Allocation Failure) 124.882: [DefNew: 420K->58K(448K), 0.0011132 secs] 45191K->44834K(1048512K), 0.0012290 secs] [Times: user=0.00 sys=0.00, real=0.00 secs] 
127.888: [GC (Allocation Failure) 127.888: [DefNew: 442K->27K(448K), 0.0008910 secs] 45218K->44834K(1048512K), 0.0011165 secs] [Times: user=0.00 sys=0.00, real=0.01 secs] 
130.888: [GC (Allocation Failure) 130.890: [DefNew: 411K->30K(448K), 0.0009035 secs] 45218K->44837K(1048512K), 0.0032877 secs] [Times: user=0.00 sys=0.00, real=0.01 secs] 
133.890: [GC (Allocation Failure) 133.890: [DefNew: 414K->29K(448K), 0.0010625 secs] 45221K->44836K(1048512K), 0.0011655 secs] [Times: user=0.00 sys=0.00, real=0.00 secs] 
136.891: [GC (Allocation Failure) 136.892: [DefNew: 413K->30K(448K), 0.0007396 secs] 45220K->44836K(1048512K), 0.0017001 secs] [Times: user=0.00 sys=0.00, real=0.00 secs] 
139.892: [GC (Allocation Failure) 139.892: [DefNew: 414K->39K(448K), 0.0008028 secs] 45220K->44845K(1048512K), 0.0008806 secs] [Times: user=0.00 sys=0.00, real=0.00 secs] 
142.897: [GC (Allocation Failure) 142.897: [DefNew: 423K->46K(448K), 0.0007366 secs] 45229K->44863K(1048512K), 0.0008195 secs] [Times: user=0.00 sys=0.00, real=0.00 secs] 
146.876: [GC (Allocation Failure) 146.876: [DefNew: 430K->15K(448K), 0.0007951 secs] 45247K->44849K(1048512K), 0.0009892 secs] [Times: user=0.00 sys=0.00, real=0.00 secs] 
149.908: [GC (Allocation Failure) 149.908: [DefNew: 399K->24K(448K), 0.0009447 secs] 45233K->44857K(1048512K), 0.0010281 secs] [Times: user=0.00 sys=0.00, real=0.01 secs] 
152.910: [GC (Allocation Failure) 152.911: [DefNew: 408K->40K(448K), 0.0009470 secs] 45241K->44873K(1048512K), 0.0011366 secs] [Times: user=0.00 sys=0.00, real=0.00 secs] 
156.685: [GC (Allocation Failure) 156.685: [DefNew: 424K->22K(448K), 0.0010183 secs] 45257K->44866K(1048512K), 0.0011210 secs] [Times: user=0.00 sys=0.00, real=0.00 secs] 
158.918: [GC (Allocation Failure) 158.918: [DefNew: 406K->49K(448K), 0.0007439 secs] 45250K->44893K(1048512K), 0.0008042 secs] [Times: user=0.00 sys=0.00, real=0.00 secs] 
162.916: [GC (Allocation Failure) 162.917: [DefNew: 433K->29K(448K), 0.0009343 secs] 45277K->44896K(1048512K), 0.0018611 secs] [Times: user=0.00 sys=0.00, real=0.00 secs] 
165.920: [GC (Allocation Failure) 165.920: [DefNew: 413K->40K(448K), 0.0010994 secs] 45280K->44906K(1048512K), 0.0012093 secs] [Times: user=0.00 sys=0.00, real=0.00 secs] 
168.926: [GC (Allocation Failure) 168.926: [DefNew: 424K->25K(448K), 0.0008793 secs] 45290K->44916K(1048512K), 0.0009575 secs] [Times: user=0.00 sys=0.00, real=0.00 secs] 
171.930: [GC (Allocation Failure) 171.931: [DefNew: 409K->41K(448K), 0.0008519 secs] 45300K->44932K(1048512K), 0.0017814 secs] [Times: user=0.01 sys=0.00, real=0.00 secs] 
174.970: [GC (Allocation Failure) 174.970: [DefNew: 425K->21K(448K), 0.0007856 secs] 45316K->44924K(1048512K), 0.0008511 secs] [Times: user=0.00 sys=0.00, real=0.00 secs] 
177.977: [GC (Allocation Failure) 177.977: [DefNew: 405K->25K(448K), 0.0006590 secs] 45308K->44928K(1048512K), 0.0007231 secs] [Times: user=0.00 sys=0.00, real=0.00 secs] 
181.935: [GC (Allocation Failure) 181.936: [DefNew: 409K->32K(448K), 0.0009179 secs] 45312K->44935K(1048512K), 0.0019334 secs] [Times: user=0.00 sys=0.00, real=0.00 secs] 
Heap
 def new generation   total 448K, used 278K [0x0000000780000000, 0x0000000780080000, 0x0000000780080000)
  eden space 384K,  64% used [0x0000000780000000, 0x000000078003da88, 0x0000000780060000)
  from space 64K,  50% used [0x0000000780060000, 0x00000007800680a0, 0x0000000780070000)
  to   space 64K,   0% used [0x0000000780070000, 0x0000000780070000, 0x0000000780080000)
 tenured generation   total 1048064K, used 44902K [0x0000000780080000, 0x00000007c0000000, 0x00000007c0000000)
   the space 1048064K,   4% used [0x0000000780080000, 0x0000000782c59b90, 0x0000000782c59c00, 0x00000007c0000000)
 Metaspace       used 9091K, capacity 9366K, committed 9728K, reserved 1058816K
  class space    used 1047K, capacity 1140K, committed 1280K, reserved 1048576K
